Norm of the product space operator: 94.55928540835362
iter = 0
CPU usage (% each core): [10.3, 92.2, 13.8, 6.8, 7.3, 9.1, 3.1, 4.6]
RAM usage: svmem(total=33615839232, available=19300581376, percent=42.6, used=13827579904, free=10982170624, active=17685028864, inactive=3601620992, buffers=944828416, cached=7861260288, shared=74297344)
SWAP usage: sswap(total=34263265280, used=0, free=34263265280, percent=0.0, sin=0, sout=0)
                                    types |   # objects |   total size
========================================= | =========== | ============
                    <class 'numpy.ndarray |          12 |     24.89 MB
                             <class 'list |        8454 |    793.90 KB
                              <class 'str |        8495 |    605.33 KB
             <class 'sip.methoddescriptor |        2218 |    121.30 KB
                              <class 'int |        1728 |     47.31 KB
                             <class 'dict |         105 |     41.06 KB
              <class 'PyQt5.QtCore.Qt.Key |         439 |     22.29 KB
    <class 'PyQt5.QtCore.QLocale.Language |         355 |     18.02 KB
     <class 'PyQt5.QtCore.QLocale.Country |         265 |     13.45 KB
                             <class 'type |           4 |      7.91 KB
         <class 'PyQt5.QtCore.QEvent.Type |         147 |      7.46 KB
      <class 'PyQt5.QtCore.QLocale.Script |         130 |      6.60 KB
  <class 'PyQt5.QtCore.Qt.WidgetAttribute |         101 |      5.12 KB
      <class 'PyQt5.QtCore.QMetaType.Type |          78 |      3.96 KB
                            <class 'tuple |          52 |      3.28 KB
iter = 1
CPU usage (% each core): [15.8, 100.0, 20.0, 16.0, 14.9, 20.8, 14.9, 14.9]
RAM usage: svmem(total=33615839232, available=19290263552, percent=42.6, used=13837897728, free=10971852800, active=17694543872, inactive=3601620992, buffers=944828416, cached=7861260288, shared=74297344)
SWAP usage: sswap(total=34263265280, used=0, free=34263265280, percent=0.0, sin=0, sout=0)
                                                 types |   # objects |   total size
====================================================== | =========== | ============
                                 <class 'numpy.ndarray |           1 |      6.87 MB
                                          <class 'list |         211 |     18.43 KB
                                           <class 'str |         207 |     18.17 KB
                                          <class 'dict |          15 |      3.28 KB
                                          <class 'type |           2 |      2.83 KB
                                         <class 'bytes |          21 |      2.21 KB
                                           <class 'int |          76 |      2.08 KB
                                         <class 'tuple |          12 |    784     B
                                          <class 'cell |           9 |    432     B
                      <class 'functools._lru_list_elem |           4 |    320     B
                                   function (__init__) |           2 |    272     B
                                      function (_call) |           2 |    272     B
                           <class 'inspect.FullArgSpec |           2 |    208     B
                                         <class 'float |           8 |    192     B
  <class 'odl.operator.operator.OperatorLeftScalarMult |           3 |    168     B
iter = 2
CPU usage (% each core): [13.0, 12.8, 20.4, 18.5, 13.8, 100.0, 12.9, 18.1]
RAM usage: svmem(total=33615839232, available=19283550208, percent=42.6, used=13844611072, free=10965139456, active=17701801984, inactive=3601620992, buffers=944828416, cached=7861260288, shared=74297344)
SWAP usage: sswap(total=34263265280, used=0, free=34263265280, percent=0.0, sin=0, sout=0)
                                                 types |   # objects |   total size
====================================================== | =========== | ============
                                 <class 'numpy.ndarray |           1 |      6.87 MB
                                          <class 'dict |          15 |      3.19 KB
                                          <class 'type |           2 |      2.55 KB
                                         <class 'bytes |          21 |      2.42 KB
                                         <class 'tuple |          12 |    784     B
                                          <class 'list |           4 |    704     B
                                          <class 'cell |           9 |    432     B
                      <class 'functools._lru_list_elem |           4 |    320     B
                                   function (__init__) |           2 |    272     B
                                      function (_call) |           2 |    272     B
                           <class 'inspect.FullArgSpec |           2 |    208     B
                                         <class 'float |           8 |    192     B
  <class 'odl.operator.operator.OperatorLeftScalarMult |           3 |    168     B
                                       <class 'weakref |           2 |    160     B
                                           <class 'int |           3 |     84     B
iter = 3
CPU usage (% each core): [17.6, 11.1, 16.7, 14.1, 14.3, 100.0, 13.2, 15.2]
RAM usage: svmem(total=33615839232, available=19275366400, percent=42.7, used=13852794880, free=10956955648, active=17709494272, inactive=3601620992, buffers=944828416, cached=7861260288, shared=74297344)
SWAP usage: sswap(total=34263265280, used=0, free=34263265280, percent=0.0, sin=0, sout=0)
                                                 types |   # objects |   total size
====================================================== | =========== | ============
                                 <class 'numpy.ndarray |           1 |      6.87 MB
                                          <class 'dict |          15 |      3.19 KB
                                          <class 'type |           2 |      2.55 KB
                                         <class 'bytes |          21 |      2.42 KB
                                         <class 'tuple |          12 |    784     B
                                          <class 'list |           4 |    656     B
                                          <class 'cell |           9 |    432     B
                      <class 'functools._lru_list_elem |           4 |    320     B
                                   function (__init__) |           2 |    272     B
                                      function (_call) |           2 |    272     B
                           <class 'inspect.FullArgSpec |           2 |    208     B
                                         <class 'float |           8 |    192     B
  <class 'odl.operator.operator.OperatorLeftScalarMult |           3 |    168     B
                                       <class 'weakref |           2 |    160     B
      <class 'odl.operator.default_ops.ScalingOperator |           1 |     56     B
iter = 4
CPU usage (% each core): [15.4, 13.0, 19.8, 15.7, 14.3, 100.0, 15.4, 13.3]
RAM usage: svmem(total=33615839232, available=19268132864, percent=42.7, used=13860028416, free=10949722112, active=17716547584, inactive=3601620992, buffers=944828416, cached=7861260288, shared=74297344)
SWAP usage: sswap(total=34263265280, used=0, free=34263265280, percent=0.0, sin=0, sout=0)
                                                 types |   # objects |   total size
====================================================== | =========== | ============
                                 <class 'numpy.ndarray |           1 |      6.87 MB
                                          <class 'dict |          15 |      3.19 KB
                                          <class 'type |           2 |      2.55 KB
                                         <class 'bytes |          21 |      2.42 KB
                                         <class 'tuple |          12 |    784     B
                                          <class 'list |           4 |    744     B
                                          <class 'cell |           9 |    432     B
                      <class 'functools._lru_list_elem |           4 |    320     B
                                   function (__init__) |           2 |    272     B
                                      function (_call) |           2 |    272     B
                           <class 'inspect.FullArgSpec |           2 |    208     B
                                         <class 'float |           8 |    192     B
  <class 'odl.operator.operator.OperatorLeftScalarMult |           3 |    168     B
                                       <class 'weakref |           2 |    160     B
      <class 'odl.operator.default_ops.ScalingOperator |           1 |     56     B
iter = 5
CPU usage (% each core): [16.5, 12.2, 18.9, 15.1, 14.1, 100.0, 13.2, 15.2]
RAM usage: svmem(total=33615839232, available=19260534784, percent=42.7, used=13867626496, free=10942124032, active=17724301312, inactive=3601620992, buffers=944828416, cached=7861260288, shared=74297344)
SWAP usage: sswap(total=34263265280, used=0, free=34263265280, percent=0.0, sin=0, sout=0)
                                                                                        types |   # objects |   total size
============================================================================================= | =========== | ============
                                                                        <class 'numpy.ndarray |           1 |      6.87 MB
                                                                                 <class 'dict |          15 |      3.56 KB
                                                                                 <class 'type |           2 |      2.55 KB
                                                                                <class 'tuple |          12 |    784     B
                                                                                 <class 'cell |           9 |    432     B
                                                             <class 'functools._lru_list_elem |           4 |    320     B
                                                                                  <class 'int |          11 |    308     B
                                                                          function (__init__) |           2 |    272     B
                                                                             function (_call) |           2 |    272     B
                                                                  <class 'inspect.FullArgSpec |           2 |    208     B
                                                                                <class 'float |           8 |    192     B
                                         <class 'odl.operator.operator.OperatorLeftScalarMult |           3 |    168     B
                                                                              <class 'weakref |           2 |    160     B
                                             <class 'odl.operator.default_ops.ScalingOperator |           1 |     56     B
  <class 'odl.solvers.nonsmooth.proximal_operators.proximal_cconj_l1.<locals>.ProximalCConjL1 |           1 |     56     B
iter = 6
CPU usage (% each core): [21.3, 13.2, 17.6, 16.7, 15.6, 100.0, 16.3, 14.3]
RAM usage: svmem(total=33615839232, available=19253829632, percent=42.7, used=13874331648, free=10935406592, active=17731489792, inactive=3601633280, buffers=944828416, cached=7861272576, shared=74297344)
SWAP usage: sswap(total=34263265280, used=0, free=34263265280, percent=0.0, sin=0, sout=0)
                                                 types |   # objects |   total size
====================================================== | =========== | ============
                                 <class 'numpy.ndarray |           1 |      6.87 MB
                                          <class 'dict |          15 |      3.19 KB
                                         <class 'bytes |          21 |      3.07 KB
                                          <class 'type |           2 |      2.55 KB
                                         <class 'tuple |          12 |    784     B
                                          <class 'list |           4 |    696     B
                                          <class 'cell |           9 |    432     B
                      <class 'functools._lru_list_elem |           4 |    320     B
                                   function (__init__) |           2 |    272     B
                                      function (_call) |           2 |    272     B
                           <class 'inspect.FullArgSpec |           2 |    208     B
                                         <class 'float |           8 |    192     B
  <class 'odl.operator.operator.OperatorLeftScalarMult |           3 |    168     B
                                       <class 'weakref |           2 |    160     B
      <class 'odl.operator.default_ops.ScalingOperator |           1 |     56     B
iter = 7
CPU usage (% each core): [20.0, 9.0, 26.7, 15.6, 14.6, 100.0, 14.6, 16.7]
RAM usage: svmem(total=33615839232, available=19245846528, percent=42.7, used=13882314752, free=10927423488, active=17739087872, inactive=3601633280, buffers=944828416, cached=7861272576, shared=74297344)
SWAP usage: sswap(total=34263265280, used=0, free=34263265280, percent=0.0, sin=0, sout=0)
                                                 types |   # objects |   total size
====================================================== | =========== | ============
                                 <class 'numpy.ndarray |           1 |      6.87 MB
                                          <class 'dict |          15 |      3.19 KB
                                          <class 'type |           2 |      2.55 KB
                                         <class 'bytes |          21 |      2.42 KB
                                         <class 'tuple |          12 |    784     B
                                          <class 'list |           4 |    752     B
                                          <class 'cell |           9 |    432     B
                      <class 'functools._lru_list_elem |           4 |    320     B
                                   function (__init__) |           2 |    272     B
                                      function (_call) |           2 |    272     B
                           <class 'inspect.FullArgSpec |           2 |    208     B
                                         <class 'float |           8 |    192     B
  <class 'odl.operator.operator.OperatorLeftScalarMult |           3 |    168     B
                                       <class 'weakref |           2 |    160     B
      <class 'odl.operator.default_ops.ScalingOperator |           1 |     56     B
iter = 8
CPU usage (% each core): [26.4, 100.0, 19.8, 18.7, 17.4, 13.2, 17.6, 19.8]
RAM usage: svmem(total=33615839232, available=19239010304, percent=42.8, used=13889150976, free=10920587264, active=17748135936, inactive=3601633280, buffers=944828416, cached=7861272576, shared=74297344)
SWAP usage: sswap(total=34263265280, used=0, free=34263265280, percent=0.0, sin=0, sout=0)
                                                 types |   # objects |   total size
====================================================== | =========== | ============
                                 <class 'numpy.ndarray |           1 |      6.87 MB
                                          <class 'dict |          15 |      4.69 KB
                                          <class 'type |           2 |      2.55 KB
                                         <class 'bytes |          21 |      2.42 KB
                                         <class 'tuple |          12 |    784     B
                                          <class 'list |           4 |    696     B
                                          <class 'cell |           9 |    432     B
                      <class 'functools._lru_list_elem |           4 |    320     B
                                   function (__init__) |           2 |    272     B
                                      function (_call) |           2 |    272     B
                           <class 'inspect.FullArgSpec |           2 |    208     B
                                         <class 'float |           8 |    192     B
  <class 'odl.operator.operator.OperatorLeftScalarMult |           3 |    168     B
                                       <class 'weakref |           2 |    160     B
      <class 'odl.operator.default_ops.ScalingOperator |           1 |     56     B
iter = 9
CPU usage (% each core): [18.1, 100.0, 14.0, 16.8, 13.7, 11.7, 13.8, 13.8]
RAM usage: svmem(total=33615839232, available=19231866880, percent=42.8, used=13896294400, free=10913443840, active=17755631616, inactive=3601633280, buffers=944828416, cached=7861272576, shared=74297344)
SWAP usage: sswap(total=34263265280, used=0, free=34263265280, percent=0.0, sin=0, sout=0)
                                                                                        types |   # objects |   total size
============================================================================================= | =========== | ============
                                                                        <class 'numpy.ndarray |           1 |      6.87 MB
                                                                                 <class 'dict |          15 |      3.19 KB
                                                                                 <class 'type |           2 |      2.55 KB
                                                                                <class 'tuple |          12 |    784     B
                                                                                 <class 'cell |           9 |    432     B
                                                             <class 'functools._lru_list_elem |           4 |    320     B
                                                                          function (__init__) |           2 |    272     B
                                                                             function (_call) |           2 |    272     B
                                                                  <class 'inspect.FullArgSpec |           2 |    208     B
                                                                                <class 'float |           8 |    192     B
                                         <class 'odl.operator.operator.OperatorLeftScalarMult |           3 |    168     B
                                                                              <class 'weakref |           2 |    160     B
                                                                                  <class 'int |           3 |     84     B
                                             <class 'odl.operator.default_ops.ScalingOperator |           1 |     56     B
  <class 'odl.solvers.nonsmooth.proximal_operators.proximal_cconj_l1.<locals>.ProximalCConjL1 |           1 |     56     B
iter = 10
CPU usage (% each core): [18.8, 100.0, 16.8, 16.0, 13.8, 13.7, 13.7, 14.7]
RAM usage: svmem(total=33615839232, available=19223879680, percent=42.8, used=13904281600, free=10905448448, active=17763557376, inactive=3601637376, buffers=944828416, cached=7861280768, shared=74297344)
SWAP usage: sswap(total=34263265280, used=0, free=34263265280, percent=0.0, sin=0, sout=0)
                                                 types |   # objects |   total size
====================================================== | =========== | ============
                                 <class 'numpy.ndarray |           1 |      6.87 MB
                                          <class 'dict |          15 |      3.19 KB
                                         <class 'bytes |          21 |      3.07 KB
                                          <class 'type |           2 |      2.55 KB
                                         <class 'tuple |          12 |    784     B
                                          <class 'list |           4 |    696     B
                                          <class 'cell |           9 |    432     B
                      <class 'functools._lru_list_elem |           4 |    320     B
                                   function (__init__) |           2 |    272     B
                                      function (_call) |           2 |    272     B
                           <class 'inspect.FullArgSpec |           2 |    208     B
                                         <class 'float |           8 |    192     B
  <class 'odl.operator.operator.OperatorLeftScalarMult |           3 |    168     B
                                       <class 'weakref |           2 |    160     B
      <class 'odl.operator.default_ops.ScalingOperator |           1 |     56     B
iter = 11
CPU usage (% each core): [16.5, 100.0, 14.1, 20.7, 13.2, 13.2, 14.1, 12.1]
RAM usage: svmem(total=33615839232, available=19216613376, percent=42.8, used=13911547904, free=10898182144, active=17770848256, inactive=3601637376, buffers=944828416, cached=7861280768, shared=74297344)
SWAP usage: sswap(total=34263265280, used=0, free=34263265280, percent=0.0, sin=0, sout=0)
                                                 types |   # objects |   total size
====================================================== | =========== | ============
                                 <class 'numpy.ndarray |           1 |      6.87 MB
                                          <class 'dict |          15 |      3.94 KB
                                          <class 'type |           2 |      2.55 KB
                                         <class 'bytes |          21 |      2.42 KB
                                         <class 'tuple |          12 |    784     B
                                          <class 'list |           4 |    592     B
                                          <class 'cell |           9 |    432     B
                      <class 'functools._lru_list_elem |           4 |    320     B
                                   function (__init__) |           2 |    272     B
                                      function (_call) |           2 |    272     B
                           <class 'inspect.FullArgSpec |           2 |    208     B
                                         <class 'float |           8 |    192     B
  <class 'odl.operator.operator.OperatorLeftScalarMult |           3 |    168     B
                                       <class 'weakref |           2 |    160     B
                                           <class 'int |           3 |     84     B
iter = 12
CPU usage (% each core): [16.0, 100.0, 18.1, 22.8, 16.0, 13.7, 16.8, 17.9]
RAM usage: svmem(total=33615839232, available=19209572352, percent=42.9, used=13918588928, free=10891141120, active=17778266112, inactive=3601637376, buffers=944828416, cached=7861280768, shared=74297344)
SWAP usage: sswap(total=34263265280, used=0, free=34263265280, percent=0.0, sin=0, sout=0)
                                                 types |   # objects |   total size
====================================================== | =========== | ============
                                 <class 'numpy.ndarray |           1 |      6.87 MB
                                          <class 'dict |          15 |      3.19 KB
                                          <class 'type |           2 |      2.55 KB
                                         <class 'bytes |          21 |      2.42 KB
                                         <class 'tuple |          12 |    784     B
                                          <class 'list |           4 |    656     B
                                          <class 'cell |           9 |    432     B
                      <class 'functools._lru_list_elem |           4 |    320     B
                                   function (__init__) |           2 |    272     B
                                      function (_call) |           2 |    272     B
                           <class 'inspect.FullArgSpec |           2 |    208     B
                                         <class 'float |           8 |    192     B
  <class 'odl.operator.operator.OperatorLeftScalarMult |           3 |    168     B
                                       <class 'weakref |           2 |    160     B
      <class 'odl.operator.default_ops.ScalingOperator |           1 |     56     B
iter = 13
CPU usage (% each core): [16.3, 100.0, 17.4, 22.6, 14.3, 12.0, 14.3, 16.5]
RAM usage: svmem(total=33615839232, available=19202482176, percent=42.9, used=13925679104, free=10884050944, active=17785442304, inactive=3601637376, buffers=944828416, cached=7861280768, shared=74297344)
SWAP usage: sswap(total=34263265280, used=0, free=34263265280, percent=0.0, sin=0, sout=0)
                                                                                        types |   # objects |   total size
============================================================================================= | =========== | ============
                                                                        <class 'numpy.ndarray |           1 |      6.87 MB
                                                                                 <class 'dict |          15 |      3.19 KB
                                                                                 <class 'type |           2 |      2.55 KB
                                                                                <class 'tuple |          12 |    784     B
                                                                                 <class 'cell |           9 |    432     B
                                                             <class 'functools._lru_list_elem |           4 |    320     B
                                                                          function (__init__) |           2 |    272     B
                                                                             function (_call) |           2 |    272     B
                                                                  <class 'inspect.FullArgSpec |           2 |    208     B
                                                                                <class 'float |           8 |    192     B
                                         <class 'odl.operator.operator.OperatorLeftScalarMult |           3 |    168     B
                                                                              <class 'weakref |           2 |    160     B
                                                                                  <class 'int |           3 |     84     B
                                             <class 'odl.operator.default_ops.ScalingOperator |           1 |     56     B
  <class 'odl.solvers.nonsmooth.proximal_operators.proximal_cconj_l1.<locals>.ProximalCConjL1 |           1 |     56     B
iter = 14
CPU usage (% each core): [15.2, 100.0, 19.4, 17.0, 16.0, 12.0, 15.1, 18.7]
RAM usage: svmem(total=33615839232, available=19195453440, percent=42.9, used=13932707840, free=10877014016, active=17792647168, inactive=3601641472, buffers=944828416, cached=7861288960, shared=74297344)
SWAP usage: sswap(total=34263265280, used=0, free=34263265280, percent=0.0, sin=0, sout=0)
                                                 types |   # objects |   total size
====================================================== | =========== | ============
                                 <class 'numpy.ndarray |           1 |      6.87 MB
                                          <class 'dict |          15 |      3.19 KB
                                         <class 'bytes |          21 |      3.07 KB
                                          <class 'type |           2 |      2.55 KB
                                         <class 'tuple |          12 |    784     B
                                          <class 'list |           4 |    656     B
                                          <class 'cell |           9 |    432     B
                      <class 'functools._lru_list_elem |           4 |    320     B
                                   function (__init__) |           2 |    272     B
                                      function (_call) |           2 |    272     B
                           <class 'inspect.FullArgSpec |           2 |    208     B
                                         <class 'float |           8 |    192     B
  <class 'odl.operator.operator.OperatorLeftScalarMult |           3 |    168     B
                                       <class 'weakref |           2 |    160     B
      <class 'odl.operator.default_ops.ScalingOperator |           1 |     56     B
iter = 15
CPU usage (% each core): [19.6, 100.0, 15.4, 16.1, 14.1, 12.9, 15.1, 22.6]
RAM usage: svmem(total=33615839232, available=19187732480, percent=42.9, used=13940428800, free=10869293056, active=17799761920, inactive=3601641472, buffers=944828416, cached=7861288960, shared=74297344)
SWAP usage: sswap(total=34263265280, used=0, free=34263265280, percent=0.0, sin=0, sout=0)
                                                 types |   # objects |   total size
====================================================== | =========== | ============
                                 <class 'numpy.ndarray |           1 |      6.87 MB
                                          <class 'dict |          15 |      3.19 KB
                                          <class 'type |           2 |      2.55 KB
                                         <class 'bytes |          21 |      2.42 KB
                                         <class 'tuple |          12 |    784     B
                                          <class 'list |           4 |    704     B
                                          <class 'cell |           9 |    432     B
                      <class 'functools._lru_list_elem |           4 |    320     B
                                   function (__init__) |           2 |    272     B
                                      function (_call) |           2 |    272     B
                           <class 'inspect.FullArgSpec |           2 |    208     B
                                         <class 'float |           8 |    192     B
  <class 'odl.operator.operator.OperatorLeftScalarMult |           3 |    168     B
                                       <class 'weakref |           2 |    160     B
      <class 'odl.operator.default_ops.ScalingOperator |           1 |     56     B
iter = 16
CPU usage (% each core): [18.3, 100.0, 14.9, 14.0, 16.1, 14.0, 16.1, 14.9]
RAM usage: svmem(total=33615839232, available=19180859392, percent=42.9, used=13947293696, free=10862395392, active=17807523840, inactive=3601666048, buffers=944828416, cached=7861321728, shared=74297344)
SWAP usage: sswap(total=34263265280, used=0, free=34263265280, percent=0.0, sin=0, sout=0)
                                                 types |   # objects |   total size
====================================================== | =========== | ============
                                 <class 'numpy.ndarray |           1 |      6.87 MB
                                          <class 'dict |          15 |      3.19 KB
                                          <class 'type |           2 |      2.55 KB
                                         <class 'bytes |          21 |      2.42 KB
                                         <class 'tuple |          12 |    784     B
                                          <class 'list |           4 |    656     B
                                          <class 'cell |           9 |    432     B
                      <class 'functools._lru_list_elem |           4 |    320     B
                                   function (__init__) |           2 |    272     B
                                      function (_call) |           2 |    272     B
                           <class 'inspect.FullArgSpec |           2 |    208     B
                                         <class 'float |           8 |    192     B
  <class 'odl.operator.operator.OperatorLeftScalarMult |           3 |    168     B
                                       <class 'weakref |           2 |    160     B
                                           <class 'int |           3 |     84     B
iter = 17
CPU usage (% each core): [20.0, 100.0, 17.2, 14.0, 12.9, 12.6, 13.8, 14.0]
RAM usage: svmem(total=33615839232, available=19172835328, percent=43.0, used=13955317760, free=10854371328, active=17815166976, inactive=3601666048, buffers=944828416, cached=7861321728, shared=74297344)
SWAP usage: sswap(total=34263265280, used=0, free=34263265280, percent=0.0, sin=0, sout=0)
                                                                                        types |   # objects |   total size
============================================================================================= | =========== | ============
                                                                        <class 'numpy.ndarray |           1 |      6.87 MB
                                                                                 <class 'dict |          15 |      3.19 KB
                                                                                 <class 'type |           2 |      2.55 KB
                                                                                <class 'tuple |          12 |    784     B
                                                                                 <class 'cell |           9 |    432     B
                                                             <class 'functools._lru_list_elem |           4 |    320     B
                                                                          function (__init__) |           2 |    272     B
                                                                             function (_call) |           2 |    272     B
                                                                  <class 'inspect.FullArgSpec |           2 |    208     B
                                                                                <class 'float |           8 |    192     B
                                         <class 'odl.operator.operator.OperatorLeftScalarMult |           3 |    168     B
                                                                              <class 'weakref |           2 |    160     B
                                             <class 'odl.operator.default_ops.ScalingOperator |           1 |     56     B
  <class 'odl.solvers.nonsmooth.proximal_operators.proximal_cconj_l1.<locals>.ProximalCConjL1 |           1 |     56     B
                                                  <class 'odl.space.npy_ntuples.NumpyFnVector |           1 |     56     B
iter = 18
CPU usage (% each core): [17.4, 100.0, 18.3, 16.1, 15.8, 11.0, 14.0, 17.0]
RAM usage: svmem(total=33615839232, available=19165069312, percent=43.0, used=13963075584, free=10846605312, active=17822265344, inactive=3601666048, buffers=944832512, cached=7861325824, shared=74297344)
SWAP usage: sswap(total=34263265280, used=0, free=34263265280, percent=0.0, sin=0, sout=0)
                                                 types |   # objects |   total size
====================================================== | =========== | ============
                                 <class 'numpy.ndarray |           1 |      6.87 MB
                                          <class 'dict |          15 |      3.19 KB
                                         <class 'bytes |          21 |      3.07 KB
                                          <class 'type |           2 |      2.55 KB
                                         <class 'tuple |          12 |    784     B
                                          <class 'list |           4 |    656     B
                                          <class 'cell |           9 |    432     B
                      <class 'functools._lru_list_elem |           4 |    320     B
                                   function (__init__) |           2 |    272     B
                                      function (_call) |           2 |    272     B
                           <class 'inspect.FullArgSpec |           2 |    208     B
                                         <class 'float |           8 |    192     B
  <class 'odl.operator.operator.OperatorLeftScalarMult |           3 |    168     B
                                       <class 'weakref |           2 |    160     B
      <class 'odl.operator.default_ops.ScalingOperator |           1 |     56     B
iter = 19
CPU usage (% each core): [17.9, 100.0, 20.7, 21.1, 16.1, 16.0, 16.1, 25.0]
RAM usage: svmem(total=33615839232, available=19157905408, percent=43.0, used=13970251776, free=10839420928, active=17829457920, inactive=3601678336, buffers=944832512, cached=7861334016, shared=74301440)
SWAP usage: sswap(total=34263265280, used=0, free=34263265280, percent=0.0, sin=0, sout=0)
                                                 types |   # objects |   total size
====================================================== | =========== | ============
                                 <class 'numpy.ndarray |           1 |      6.87 MB
                                          <class 'dict |          15 |      3.19 KB
                                          <class 'type |           2 |      2.55 KB
                                         <class 'bytes |          21 |      2.42 KB
                                         <class 'tuple |          12 |    784     B
                                          <class 'list |           4 |    656     B
                                          <class 'cell |           9 |    432     B
                      <class 'functools._lru_list_elem |           4 |    320     B
                                   function (__init__) |           2 |    272     B
                                      function (_call) |           2 |    272     B
                           <class 'inspect.FullArgSpec |           2 |    208     B
                                         <class 'float |           8 |    192     B
  <class 'odl.operator.operator.OperatorLeftScalarMult |           3 |    168     B
                                       <class 'weakref |           2 |    160     B
      <class 'odl.operator.default_ops.ScalingOperator |           1 |     56     B
iter = 20
CPU usage (% each core): [16.7, 100.0, 16.0, 15.1, 15.8, 15.6, 14.7, 19.4]
RAM usage: svmem(total=33615839232, available=19151073280, percent=43.0, used=13977088000, free=10832588800, active=17836781568, inactive=3601678336, buffers=944832512, cached=7861329920, shared=74297344)
SWAP usage: sswap(total=34263265280, used=0, free=34263265280, percent=0.0, sin=0, sout=0)
                                                 types |   # objects |   total size
====================================================== | =========== | ============
                                 <class 'numpy.ndarray |           1 |      6.87 MB
                                          <class 'dict |          15 |      3.19 KB
                                          <class 'type |           2 |      2.55 KB
                                         <class 'bytes |          21 |      2.42 KB
                                          <class 'list |           4 |    800     B
                                         <class 'tuple |          12 |    784     B
                                          <class 'cell |           9 |    432     B
                      <class 'functools._lru_list_elem |           4 |    320     B
                                   function (__init__) |           2 |    272     B
                                      function (_call) |           2 |    272     B
                           <class 'inspect.FullArgSpec |           2 |    208     B
                                         <class 'float |           8 |    192     B
  <class 'odl.operator.operator.OperatorLeftScalarMult |           3 |    168     B
                                       <class 'weakref |           2 |    160     B
      <class 'odl.operator.default_ops.ScalingOperator |           1 |     56     B
iter = 21
CPU usage (% each core): [17.4, 100.0, 19.1, 27.4, 18.3, 13.0, 16.1, 19.1]
RAM usage: svmem(total=33615839232, available=19144605696, percent=43.0, used=13983555584, free=10826121216, active=17843970048, inactive=3601678336, buffers=944832512, cached=7861329920, shared=74297344)
SWAP usage: sswap(total=34263265280, used=0, free=34263265280, percent=0.0, sin=0, sout=0)
                                                 types |   # objects |   total size
====================================================== | =========== | ============
                                 <class 'numpy.ndarray |           1 |      6.87 MB
                                          <class 'dict |          15 |      4.69 KB
                                          <class 'type |           2 |      2.55 KB
                                         <class 'bytes |          21 |      2.42 KB
                                         <class 'tuple |          12 |    784     B
                                          <class 'list |           4 |    520     B
                                          <class 'cell |           9 |    432     B
                      <class 'functools._lru_list_elem |           4 |    320     B
                                   function (__init__) |           2 |    272     B
                                      function (_call) |           2 |    272     B
                           <class 'inspect.FullArgSpec |           2 |    208     B
                                         <class 'float |           8 |    192     B
  <class 'odl.operator.operator.OperatorLeftScalarMult |           3 |    168     B
                                       <class 'weakref |           2 |    160     B
                                           <class 'int |           4 |    112     B
iter = 22
CPU usage (% each core): [18.5, 100.0, 21.5, 23.4, 19.4, 14.0, 16.3, 16.3]
RAM usage: svmem(total=33615839232, available=19137617920, percent=43.1, used=13990543360, free=10819133440, active=17851162624, inactive=3601678336, buffers=944832512, cached=7861329920, shared=74297344)
SWAP usage: sswap(total=34263265280, used=0, free=34263265280, percent=0.0, sin=0, sout=0)
                                                                                        types |   # objects |   total size
============================================================================================= | =========== | ============
                                                                        <class 'numpy.ndarray |           1 |      6.87 MB
                                                                                 <class 'dict |          15 |      3.19 KB
                                                                                 <class 'type |           2 |      2.55 KB
                                                                                <class 'tuple |          12 |    784     B
                                                                                 <class 'cell |           9 |    432     B
                                                             <class 'functools._lru_list_elem |           4 |    320     B
                                                                          function (__init__) |           2 |    272     B
                                                                             function (_call) |           2 |    272     B
                                                                  <class 'inspect.FullArgSpec |           2 |    208     B
                                                                                <class 'float |           8 |    192     B
                                         <class 'odl.operator.operator.OperatorLeftScalarMult |           3 |    168     B
                                                                              <class 'weakref |           2 |    160     B
                                             <class 'odl.operator.default_ops.ScalingOperator |           1 |     56     B
  <class 'odl.solvers.nonsmooth.proximal_operators.proximal_cconj_l1.<locals>.ProximalCConjL1 |           1 |     56     B
                                                  <class 'odl.space.npy_ntuples.NumpyFnVector |           1 |     56     B
iter = 23
CPU usage (% each core): [16.0, 100.0, 20.2, 16.8, 14.7, 13.5, 14.6, 15.5]
RAM usage: svmem(total=33615839232, available=19131138048, percent=43.1, used=13997023232, free=10812645376, active=17857757184, inactive=3601682432, buffers=944832512, cached=7861338112, shared=74297344)
SWAP usage: sswap(total=34263265280, used=0, free=34263265280, percent=0.0, sin=0, sout=0)
                                                 types |   # objects |   total size
====================================================== | =========== | ============
                                 <class 'numpy.ndarray |           1 |      6.87 MB
                                          <class 'dict |          15 |      3.19 KB
                                         <class 'bytes |          21 |      3.07 KB
                                          <class 'type |           2 |      2.55 KB
                                         <class 'tuple |          12 |    784     B
                                          <class 'list |           4 |    744     B
                                          <class 'cell |           9 |    432     B
                      <class 'functools._lru_list_elem |           4 |    320     B
                                   function (__init__) |           2 |    272     B
                                      function (_call) |           2 |    272     B
                           <class 'inspect.FullArgSpec |           2 |    208     B
                                         <class 'float |           8 |    192     B
  <class 'odl.operator.operator.OperatorLeftScalarMult |           3 |    168     B
                                       <class 'weakref |           2 |    160     B
                                           <class 'int |           3 |     84     B
iter = 24
CPU usage (% each core): [17.7, 100.0, 18.6, 17.0, 14.9, 13.8, 16.8, 11.7]
RAM usage: svmem(total=33615839232, available=19122483200, percent=43.1, used=14005673984, free=10803990528, active=17865584640, inactive=3601678336, buffers=944836608, cached=7861338112, shared=74297344)
SWAP usage: sswap(total=34263265280, used=0, free=34263265280, percent=0.0, sin=0, sout=0)
                                                 types |   # objects |   total size
====================================================== | =========== | ============
                                 <class 'numpy.ndarray |           1 |      6.87 MB
                                          <class 'dict |          15 |      3.19 KB
                                          <class 'type |           2 |      2.55 KB
                                         <class 'bytes |          21 |      2.42 KB
                                         <class 'tuple |          12 |    784     B
                                          <class 'list |           4 |    624     B
                                          <class 'cell |           9 |    432     B
                      <class 'functools._lru_list_elem |           4 |    320     B
                                   function (__init__) |           2 |    272     B
                                      function (_call) |           2 |    272     B
                           <class 'inspect.FullArgSpec |           2 |    208     B
                                         <class 'float |           8 |    192     B
  <class 'odl.operator.operator.OperatorLeftScalarMult |           3 |    168     B
                                       <class 'weakref |           2 |    160     B
      <class 'odl.operator.default_ops.ScalingOperator |           1 |     56     B
iter = 25
CPU usage (% each core): [17.6, 12.0, 16.3, 20.7, 14.0, 100.0, 16.1, 15.2]
RAM usage: svmem(total=33615839232, available=19116654592, percent=43.1, used=14011502592, free=10798161920, active=17872023552, inactive=3601678336, buffers=944836608, cached=7861338112, shared=74297344)
SWAP usage: sswap(total=34263265280, used=0, free=34263265280, percent=0.0, sin=0, sout=0)
                                                 types |   # objects |   total size
====================================================== | =========== | ============
                                 <class 'numpy.ndarray |           1 |      6.87 MB
                                          <class 'dict |          15 |      3.19 KB
                                          <class 'type |           2 |      2.55 KB
                                         <class 'bytes |          21 |      2.42 KB
                                         <class 'tuple |          12 |    784     B
                                          <class 'list |           4 |    696     B
                                          <class 'cell |           9 |    432     B
                      <class 'functools._lru_list_elem |           4 |    320     B
                                   function (__init__) |           2 |    272     B
                                      function (_call) |           2 |    272     B
                           <class 'inspect.FullArgSpec |           2 |    208     B
                                         <class 'float |           8 |    192     B
  <class 'odl.operator.operator.OperatorLeftScalarMult |           3 |    168     B
                                       <class 'weakref |           2 |    160     B
                                           <class 'int |           3 |     84     B
iter = 26
CPU usage (% each core): [17.2, 12.9, 13.2, 21.5, 13.2, 100.0, 13.2, 13.0]
RAM usage: svmem(total=33615839232, available=19109146624, percent=43.2, used=14019010560, free=10790653952, active=17879171072, inactive=3601678336, buffers=944836608, cached=7861338112, shared=74297344)
SWAP usage: sswap(total=34263265280, used=0, free=34263265280, percent=0.0, sin=0, sout=0)
                                                                                        types |   # objects |   total size
============================================================================================= | =========== | ============
                                                                        <class 'numpy.ndarray |           1 |      6.87 MB
                                                                                 <class 'dict |          15 |      9.19 KB
                                                                                 <class 'type |           2 |      2.55 KB
                                                                                <class 'tuple |          12 |    784     B
                                                                                 <class 'cell |           9 |    432     B
                                                             <class 'functools._lru_list_elem |           4 |    320     B
                                                                          function (__init__) |           2 |    272     B
                                                                             function (_call) |           2 |    272     B
                                                                  <class 'inspect.FullArgSpec |           2 |    208     B
                                                                                <class 'float |           8 |    192     B
                                         <class 'odl.operator.operator.OperatorLeftScalarMult |           3 |    168     B
                                                                              <class 'weakref |           2 |    160     B
                                             <class 'odl.operator.default_ops.ScalingOperator |           1 |     56     B
  <class 'odl.solvers.nonsmooth.proximal_operators.proximal_cconj_l1.<locals>.ProximalCConjL1 |           1 |     56     B
                                                  <class 'odl.space.npy_ntuples.NumpyFnVector |           1 |     56     B
iter = 27
CPU usage (% each core): [19.8, 12.1, 12.2, 16.5, 22.2, 100.0, 15.2, 15.4]
RAM usage: svmem(total=33615839232, available=19102224384, percent=43.2, used=14025936896, free=10783719424, active=17886257152, inactive=3601682432, buffers=944836608, cached=7861346304, shared=74297344)
SWAP usage: sswap(total=34263265280, used=0, free=34263265280, percent=0.0, sin=0, sout=0)
                                                 types |   # objects |   total size
====================================================== | =========== | ============
                                 <class 'numpy.ndarray |           1 |      6.87 MB
                                          <class 'dict |          15 |      3.19 KB
                                         <class 'bytes |          21 |      3.07 KB
                                          <class 'type |           2 |      2.55 KB
                                         <class 'tuple |          12 |    784     B
                                          <class 'list |           4 |    616     B
                                          <class 'cell |           9 |    432     B
                      <class 'functools._lru_list_elem |           4 |    320     B
                                   function (__init__) |           2 |    272     B
                                      function (_call) |           2 |    272     B
                           <class 'inspect.FullArgSpec |           2 |    208     B
                                         <class 'float |           8 |    192     B
  <class 'odl.operator.operator.OperatorLeftScalarMult |           3 |    168     B
                                       <class 'weakref |           2 |    160     B
      <class 'odl.operator.default_ops.ScalingOperator |           1 |     56     B
iter = 28
CPU usage (% each core): [18.5, 12.1, 21.5, 19.6, 16.5, 100.0, 14.3, 15.2]
RAM usage: svmem(total=33615839232, available=19094368256, percent=43.2, used=14033793024, free=10775863296, active=17893449728, inactive=3601682432, buffers=944836608, cached=7861346304, shared=74297344)
SWAP usage: sswap(total=34263265280, used=0, free=34263265280, percent=0.0, sin=0, sout=0)
                                                 types |   # objects |   total size
====================================================== | =========== | ============
                                 <class 'numpy.ndarray |           1 |      6.87 MB
                                          <class 'dict |          15 |      3.19 KB
                                          <class 'type |           2 |      2.55 KB
                                         <class 'bytes |          21 |      2.42 KB
                                         <class 'tuple |          12 |    784     B
                                          <class 'list |           4 |    752     B
                                          <class 'cell |           9 |    432     B
                      <class 'functools._lru_list_elem |           4 |    320     B
                                   function (__init__) |           2 |    272     B
                                      function (_call) |           2 |    272     B
                           <class 'inspect.FullArgSpec |           2 |    208     B
                                         <class 'float |           8 |    192     B
  <class 'odl.operator.operator.OperatorLeftScalarMult |           3 |    168     B
                                       <class 'weakref |           2 |    160     B
      <class 'odl.operator.default_ops.ScalingOperator |           1 |     56     B
iter = 29
CPU usage (% each core): [18.3, 10.9, 18.3, 18.5, 23.2, 100.0, 17.9, 15.1]
RAM usage: svmem(total=33615839232, available=19081052160, percent=43.2, used=14047109120, free=10762547200, active=17907838976, inactive=3601682432, buffers=944836608, cached=7861346304, shared=74297344)
SWAP usage: sswap(total=34263265280, used=0, free=34263265280, percent=0.0, sin=0, sout=0)
                                                 types |   # objects |   total size
====================================================== | =========== | ============
                                 <class 'numpy.ndarray |           1 |      6.87 MB
                                          <class 'dict |          15 |      6.19 KB
                                          <class 'type |           2 |      2.55 KB
                                         <class 'bytes |          21 |      2.42 KB
                                         <class 'tuple |          12 |    784     B
                                          <class 'list |           4 |    696     B
                                          <class 'cell |           9 |    432     B
                      <class 'functools._lru_list_elem |           4 |    320     B
                                   function (__init__) |           2 |    272     B
                                      function (_call) |           2 |    272     B
                           <class 'inspect.FullArgSpec |           2 |    208     B
                                         <class 'float |           8 |    192     B
  <class 'odl.operator.operator.OperatorLeftScalarMult |           3 |    168     B
                                       <class 'weakref |           2 |    160     B
      <class 'odl.operator.default_ops.ScalingOperator |           1 |     56     B
iter = 30
CPU usage (% each core): [16.0, 14.7, 18.1, 17.2, 23.2, 100.0, 15.1, 16.0]
RAM usage: svmem(total=33615839232, available=19071959040, percent=43.3, used=14056202240, free=10753454080, active=17915703296, inactive=3601682432, buffers=944840704, cached=7861342208, shared=74297344)
SWAP usage: sswap(total=34263265280, used=0, free=34263265280, percent=0.0, sin=0, sout=0)
                                                                                        types |   # objects |   total size
============================================================================================= | =========== | ============
                                                                        <class 'numpy.ndarray |           1 |      6.87 MB
                                                                                 <class 'dict |          15 |      3.19 KB
                                                                                 <class 'type |           2 |      2.55 KB
                                                                                <class 'tuple |          12 |    784     B
                                                                                 <class 'cell |           9 |    432     B
                                                             <class 'functools._lru_list_elem |           4 |    320     B
                                                                          function (__init__) |           2 |    272     B
                                                                             function (_call) |           2 |    272     B
                                                                  <class 'inspect.FullArgSpec |           2 |    208     B
                                                                                <class 'float |           8 |    192     B
                                         <class 'odl.operator.operator.OperatorLeftScalarMult |           3 |    168     B
                                                                              <class 'weakref |           2 |    160     B
                                             <class 'odl.operator.default_ops.ScalingOperator |           1 |     56     B
  <class 'odl.solvers.nonsmooth.proximal_operators.proximal_cconj_l1.<locals>.ProximalCConjL1 |           1 |     56     B
                                                  <class 'odl.space.npy_ntuples.NumpyFnVector |           1 |     56     B
iter = 31
CPU usage (% each core): [14.0, 100.0, 16.3, 17.0, 17.6, 11.8, 15.1, 14.0]
RAM usage: svmem(total=33615839232, available=19066015744, percent=43.3, used=14062145536, free=10747498496, active=17922039808, inactive=3601686528, buffers=944840704, cached=7861354496, shared=74297344)
SWAP usage: sswap(total=34263265280, used=0, free=34263265280, percent=0.0, sin=0, sout=0)
                                                 types |   # objects |   total size
====================================================== | =========== | ============
                                 <class 'numpy.ndarray |           1 |      6.87 MB
                                          <class 'dict |          15 |      3.19 KB
                                         <class 'bytes |          21 |      3.07 KB
                                          <class 'type |           2 |      2.55 KB
                                         <class 'tuple |          12 |    784     B
                                          <class 'list |           4 |    696     B
                                          <class 'cell |           9 |    432     B
                      <class 'functools._lru_list_elem |           4 |    320     B
                                   function (__init__) |           2 |    272     B
                                      function (_call) |           2 |    272     B
                           <class 'inspect.FullArgSpec |           2 |    208     B
                                         <class 'float |           8 |    192     B
  <class 'odl.operator.operator.OperatorLeftScalarMult |           3 |    168     B
                                       <class 'weakref |           2 |    160     B
      <class 'odl.operator.default_ops.ScalingOperator |           1 |     56     B
iter = 32
CPU usage (% each core): [12.1, 100.0, 16.5, 16.3, 19.4, 12.9, 13.2, 14.1]
RAM usage: svmem(total=33615839232, available=19058434048, percent=43.3, used=14069727232, free=10739916800, active=17929596928, inactive=3601686528, buffers=944840704, cached=7861354496, shared=74297344)
SWAP usage: sswap(total=34263265280, used=0, free=34263265280, percent=0.0, sin=0, sout=0)
                                                 types |   # objects |   total size
====================================================== | =========== | ============
                                 <class 'numpy.ndarray |           1 |      6.87 MB
                                          <class 'dict |          15 |      3.19 KB
                                          <class 'type |           2 |      2.55 KB
                                         <class 'bytes |          21 |      2.42 KB
                                         <class 'tuple |          12 |    784     B
                                          <class 'list |           4 |    592     B
                                          <class 'cell |           9 |    432     B
                      <class 'functools._lru_list_elem |           4 |    320     B
                                   function (__init__) |           2 |    272     B
                                      function (_call) |           2 |    272     B
                           <class 'inspect.FullArgSpec |           2 |    208     B
                                         <class 'float |           8 |    192     B
  <class 'odl.operator.operator.OperatorLeftScalarMult |           3 |    168     B
                                       <class 'weakref |           2 |    160     B
                                           <class 'int |           4 |    112     B
iter = 33
CPU usage (% each core): [19.1, 100.0, 17.9, 15.2, 16.1, 10.8, 15.8, 14.0]
RAM usage: svmem(total=33615839232, available=19051216896, percent=43.3, used=14076944384, free=10732699648, active=17937219584, inactive=3601686528, buffers=944840704, cached=7861354496, shared=74297344)
SWAP usage: sswap(total=34263265280, used=0, free=34263265280, percent=0.0, sin=0, sout=0)
                                                 types |   # objects |   total size
====================================================== | =========== | ============
                                 <class 'numpy.ndarray |           1 |      6.87 MB
                                          <class 'dict |          15 |      3.19 KB
                                          <class 'type |           2 |      2.55 KB
                                         <class 'bytes |          21 |      2.42 KB
                                         <class 'tuple |          12 |    784     B
                                          <class 'list |           4 |    656     B
                                          <class 'cell |           9 |    432     B
                      <class 'functools._lru_list_elem |           4 |    320     B
                                   function (__init__) |           2 |    272     B
                                      function (_call) |           2 |    272     B
                           <class 'inspect.FullArgSpec |           2 |    208     B
                                         <class 'float |           8 |    192     B
  <class 'odl.operator.operator.OperatorLeftScalarMult |           3 |    168     B
                                       <class 'weakref |           2 |    160     B
      <class 'odl.operator.default_ops.ScalingOperator |           1 |     56     B
iter = 34
CPU usage (% each core): [16.7, 100.0, 21.1, 15.8, 21.3, 14.7, 17.9, 15.8]
RAM usage: svmem(total=33615839232, available=19043430400, percent=43.3, used=14084730880, free=10724913152, active=17944424448, inactive=3601686528, buffers=944840704, cached=7861354496, shared=74297344)
SWAP usage: sswap(total=34263265280, used=0, free=34263265280, percent=0.0, sin=0, sout=0)
                                                                                        types |   # objects |   total size
============================================================================================= | =========== | ============
                                                                        <class 'numpy.ndarray |           1 |      6.87 MB
                                                                                 <class 'dict |          15 |      3.19 KB
                                                                                 <class 'type |           2 |      2.55 KB
                                                                                <class 'tuple |          12 |    784     B
                                                                                 <class 'cell |           9 |    432     B
                                                             <class 'functools._lru_list_elem |           4 |    320     B
                                                                          function (__init__) |           2 |    272     B
                                                                             function (_call) |           2 |    272     B
                                                                  <class 'inspect.FullArgSpec |           2 |    208     B
                                                                                <class 'float |           8 |    192     B
                                         <class 'odl.operator.operator.OperatorLeftScalarMult |           3 |    168     B
                                                                              <class 'weakref |           2 |    160     B
                                                                                  <class 'int |           3 |     84     B
                                             <class 'odl.operator.default_ops.ScalingOperator |           1 |     56     B
  <class 'odl.solvers.nonsmooth.proximal_operators.proximal_cconj_l1.<locals>.ProximalCConjL1 |           1 |     56     B
iter = 35
CPU usage (% each core): [14.1, 100.0, 17.2, 16.1, 18.3, 12.0, 14.0, 13.0]
RAM usage: svmem(total=33615839232, available=19036540928, percent=43.4, used=14091620352, free=10718015488, active=17951731712, inactive=3601690624, buffers=944840704, cached=7861362688, shared=74297344)
SWAP usage: sswap(total=34263265280, used=0, free=34263265280, percent=0.0, sin=0, sout=0)
                                                 types |   # objects |   total size
====================================================== | =========== | ============
                                 <class 'numpy.ndarray |           1 |      6.87 MB
                                          <class 'dict |          15 |      3.19 KB
                                         <class 'bytes |          21 |      3.07 KB
                                          <class 'type |           2 |      2.55 KB
                                         <class 'tuple |          12 |    784     B
                                          <class 'list |           4 |    656     B
                                          <class 'cell |           9 |    432     B
                      <class 'functools._lru_list_elem |           4 |    320     B
                                   function (__init__) |           2 |    272     B
                                      function (_call) |           2 |    272     B
                           <class 'inspect.FullArgSpec |           2 |    208     B
                                         <class 'float |           8 |    192     B
  <class 'odl.operator.operator.OperatorLeftScalarMult |           3 |    168     B
                                       <class 'weakref |           2 |    160     B
      <class 'odl.operator.default_ops.ScalingOperator |           1 |     56     B
iter = 36
CPU usage (% each core): [14.3, 11.8, 17.6, 16.5, 13.3, 100.0, 13.2, 20.9]
RAM usage: svmem(total=33615839232, available=19028156416, percent=43.4, used=14100004864, free=10709630976, active=17959264256, inactive=3601690624, buffers=944840704, cached=7861362688, shared=74297344)
SWAP usage: sswap(total=34263265280, used=0, free=34263265280, percent=0.0, sin=0, sout=0)
                                                 types |   # objects |   total size
====================================================== | =========== | ============
                                 <class 'numpy.ndarray |           1 |      6.87 MB
                                          <class 'dict |          15 |      3.19 KB
                                          <class 'type |           2 |      2.55 KB
                                         <class 'bytes |          21 |      2.42 KB
                                         <class 'tuple |          12 |    784     B
                                          <class 'list |           4 |    704     B
                                          <class 'cell |           9 |    432     B
                      <class 'functools._lru_list_elem |           4 |    320     B
                                   function (__init__) |           2 |    272     B
                                      function (_call) |           2 |    272     B
                           <class 'inspect.FullArgSpec |           2 |    208     B
                                         <class 'float |           8 |    192     B
  <class 'odl.operator.operator.OperatorLeftScalarMult |           3 |    168     B
                                       <class 'weakref |           2 |    160     B
      <class 'odl.operator.default_ops.ScalingOperator |           1 |     56     B
iter = 37
CPU usage (% each core): [20.0, 13.8, 15.1, 24.2, 14.9, 100.0, 15.8, 16.8]
RAM usage: svmem(total=33615839232, available=19021320192, percent=43.4, used=14106841088, free=10702794752, active=17966460928, inactive=3601690624, buffers=944840704, cached=7861362688, shared=74297344)
SWAP usage: sswap(total=34263265280, used=0, free=34263265280, percent=0.0, sin=0, sout=0)
                                                 types |   # objects |   total size
====================================================== | =========== | ============
                                 <class 'numpy.ndarray |           1 |      6.87 MB
                                          <class 'dict |          15 |      3.19 KB
                                          <class 'type |           2 |      2.55 KB
                                         <class 'bytes |          21 |      2.42 KB
                                         <class 'tuple |          12 |    784     B
                                          <class 'list |           4 |    656     B
                                          <class 'cell |           9 |    432     B
                      <class 'functools._lru_list_elem |           4 |    320     B
                                   function (__init__) |           2 |    272     B
                                      function (_call) |           2 |    272     B
                           <class 'inspect.FullArgSpec |           2 |    208     B
                                         <class 'float |           8 |    192     B
  <class 'odl.operator.operator.OperatorLeftScalarMult |           3 |    168     B
                                       <class 'weakref |           2 |    160     B
                                           <class 'int |           4 |    112     B
iter = 38
CPU usage (% each core): [13.7, 16.0, 18.6, 16.7, 14.6, 100.0, 15.5, 15.5]
RAM usage: svmem(total=33615839232, available=19013623808, percent=43.4, used=14114537472, free=10695098368, active=17973645312, inactive=3601690624, buffers=944840704, cached=7861362688, shared=74297344)
SWAP usage: sswap(total=34263265280, used=0, free=34263265280, percent=0.0, sin=0, sout=0)
                                                                                        types |   # objects |   total size
============================================================================================= | =========== | ============
                                                                        <class 'numpy.ndarray |           1 |      6.87 MB
                                                                                 <class 'dict |          15 |      3.19 KB
                                                                                 <class 'type |           2 |      2.55 KB
                                                                                <class 'tuple |          12 |    784     B
                                                                                 <class 'cell |           9 |    432     B
                                                             <class 'functools._lru_list_elem |           4 |    320     B
                                                                          function (__init__) |           2 |    272     B
                                                                             function (_call) |           2 |    272     B
                                                                  <class 'inspect.FullArgSpec |           2 |    208     B
                                                                                <class 'float |           8 |    192     B
                                         <class 'odl.operator.operator.OperatorLeftScalarMult |           3 |    168     B
                                                                              <class 'weakref |           2 |    160     B
                                             <class 'odl.operator.default_ops.ScalingOperator |           1 |     56     B
  <class 'odl.solvers.nonsmooth.proximal_operators.proximal_cconj_l1.<locals>.ProximalCConjL1 |           1 |     56     B
                                                  <class 'odl.space.npy_ntuples.NumpyFnVector |           1 |     56     B
iter = 39
CPU usage (% each core): [13.8, 14.9, 16.1, 15.1, 14.0, 100.0, 13.8, 11.7]
RAM usage: svmem(total=33615839232, available=19006914560, percent=43.5, used=14121246720, free=10688380928, active=17980841984, inactive=3601694720, buffers=944840704, cached=7861370880, shared=74297344)
SWAP usage: sswap(total=34263265280, used=0, free=34263265280, percent=0.0, sin=0, sout=0)
                                                 types |   # objects |   total size
====================================================== | =========== | ============
                                 <class 'numpy.ndarray |           1 |      6.87 MB
                                          <class 'dict |          15 |      3.19 KB
                                         <class 'bytes |          21 |      3.07 KB
                                          <class 'type |           2 |      2.55 KB
                                         <class 'tuple |          12 |    784     B
                                          <class 'list |           4 |    656     B
                                          <class 'cell |           9 |    432     B
                      <class 'functools._lru_list_elem |           4 |    320     B
                                   function (__init__) |           2 |    272     B
                                      function (_call) |           2 |    272     B
                           <class 'inspect.FullArgSpec |           2 |    208     B
                                         <class 'float |           8 |    192     B
  <class 'odl.operator.operator.OperatorLeftScalarMult |           3 |    168     B
                                       <class 'weakref |           2 |    160     B
      <class 'odl.operator.default_ops.ScalingOperator |           1 |     56     B
iter = 40
CPU usage (% each core): [16.1, 5.4, 16.3, 18.3, 13.8, 100.0, 13.0, 15.2]
RAM usage: svmem(total=33615839232, available=19000422400, percent=43.5, used=14127738880, free=10681888768, active=17988030464, inactive=3601694720, buffers=944840704, cached=7861370880, shared=74297344)
SWAP usage: sswap(total=34263265280, used=0, free=34263265280, percent=0.0, sin=0, sout=0)
                                                 types |   # objects |   total size
====================================================== | =========== | ============
                                 <class 'numpy.ndarray |           1 |      6.87 MB
                                          <class 'dict |          15 |      3.19 KB
                                          <class 'type |           2 |      2.55 KB
                                         <class 'bytes |          21 |      2.42 KB
                                         <class 'tuple |          12 |    784     B
                                          <class 'list |           4 |    656     B
                                          <class 'cell |           9 |    432     B
                      <class 'functools._lru_list_elem |           4 |    320     B
                                   function (__init__) |           2 |    272     B
                                      function (_call) |           2 |    272     B
                           <class 'inspect.FullArgSpec |           2 |    208     B
                                         <class 'float |           8 |    192     B
  <class 'odl.operator.operator.OperatorLeftScalarMult |           3 |    168     B
                                       <class 'weakref |           2 |    160     B
      <class 'odl.operator.default_ops.ScalingOperator |           1 |     56     B
iter = 41
CPU usage (% each core): [14.0, 12.9, 16.0, 15.1, 12.0, 100.0, 14.1, 17.2]
RAM usage: svmem(total=33615839232, available=18992873472, percent=43.5, used=14135287808, free=10674339840, active=17995280384, inactive=3601694720, buffers=944840704, cached=7861370880, shared=74297344)
SWAP usage: sswap(total=34263265280, used=0, free=34263265280, percent=0.0, sin=0, sout=0)
                                                 types |   # objects |   total size
====================================================== | =========== | ============
                                 <class 'numpy.ndarray |           1 |      6.87 MB
                                          <class 'dict |          15 |      3.19 KB
                                          <class 'type |           2 |      2.55 KB
                                         <class 'bytes |          21 |      2.42 KB
                                          <class 'list |           4 |    800     B
                                         <class 'tuple |          12 |    784     B
                                          <class 'cell |           9 |    432     B
                      <class 'functools._lru_list_elem |           4 |    320     B
                                   function (__init__) |           2 |    272     B
                                      function (_call) |           2 |    272     B
                           <class 'inspect.FullArgSpec |           2 |    208     B
                                         <class 'float |           8 |    192     B
  <class 'odl.operator.operator.OperatorLeftScalarMult |           3 |    168     B
                                       <class 'weakref |           2 |    160     B
      <class 'odl.operator.default_ops.ScalingOperator |           1 |     56     B
iter = 42
CPU usage (% each core): [19.6, 12.0, 18.5, 17.4, 14.0, 100.0, 14.0, 14.0]
RAM usage: svmem(total=33615839232, available=18985631744, percent=43.5, used=14142529536, free=10667098112, active=18002472960, inactive=3601694720, buffers=944840704, cached=7861370880, shared=74297344)
SWAP usage: sswap(total=34263265280, used=0, free=34263265280, percent=0.0, sin=0, sout=0)
                                                 types |   # objects |   total size
====================================================== | =========== | ============
                                 <class 'numpy.ndarray |           1 |      6.87 MB
                                          <class 'dict |          15 |      3.19 KB
                                          <class 'type |           2 |      2.55 KB
                                         <class 'bytes |          21 |      2.42 KB
                                         <class 'tuple |          12 |    784     B
                                          <class 'list |           4 |    520     B
                                          <class 'cell |           9 |    432     B
                      <class 'functools._lru_list_elem |           4 |    320     B
                                   function (__init__) |           2 |    272     B
                                      function (_call) |           2 |    272     B
                           <class 'inspect.FullArgSpec |           2 |    208     B
                                         <class 'float |           8 |    192     B
  <class 'odl.operator.operator.OperatorLeftScalarMult |           3 |    168     B
                                       <class 'weakref |           2 |    160     B
                                           <class 'int |           4 |    112     B
iter = 43
CPU usage (% each core): [23.7, 12.9, 18.1, 21.3, 16.1, 100.0, 16.0, 18.1]
RAM usage: svmem(total=33615839232, available=18977579008, percent=43.5, used=14150582272, free=10659037184, active=18009968640, inactive=3601698816, buffers=944840704, cached=7861379072, shared=74297344)
SWAP usage: sswap(total=34263265280, used=0, free=34263265280, percent=0.0, sin=0, sout=0)
                                                                                        types |   # objects |   total size
============================================================================================= | =========== | ============
                                                                        <class 'numpy.ndarray |           1 |      6.87 MB
                                                                                 <class 'dict |          15 |      6.19 KB
                                                                                 <class 'type |           2 |      2.55 KB
                                                                                <class 'tuple |          12 |    784     B
                                                                                 <class 'cell |           9 |    432     B
                                                             <class 'functools._lru_list_elem |           4 |    320     B
                                                                          function (__init__) |           2 |    272     B
                                                                             function (_call) |           2 |    272     B
                                                                  <class 'inspect.FullArgSpec |           2 |    208     B
                                                                                <class 'float |           8 |    192     B
                                         <class 'odl.operator.operator.OperatorLeftScalarMult |           3 |    168     B
                                                                              <class 'weakref |           2 |    160     B
                                             <class 'odl.operator.default_ops.ScalingOperator |           1 |     56     B
  <class 'odl.solvers.nonsmooth.proximal_operators.proximal_cconj_l1.<locals>.ProximalCConjL1 |           1 |     56     B
                                                  <class 'odl.space.npy_ntuples.NumpyFnVector |           1 |     56     B
iter = 44
CPU usage (% each core): [23.7, 11.7, 31.6, 17.4, 22.1, 100.0, 18.1, 18.3]
RAM usage: svmem(total=33615839232, available=18971373568, percent=43.6, used=14156787712, free=10652831744, active=18017148928, inactive=3601698816, buffers=944840704, cached=7861379072, shared=74297344)
SWAP usage: sswap(total=34263265280, used=0, free=34263265280, percent=0.0, sin=0, sout=0)
                                                 types |   # objects |   total size
====================================================== | =========== | ============
                                 <class 'numpy.ndarray |           1 |      6.87 MB
                                          <class 'dict |          15 |      3.19 KB
                                         <class 'bytes |          21 |      3.07 KB
                                          <class 'type |           2 |      2.55 KB
                                         <class 'tuple |          12 |    784     B
                                          <class 'list |           4 |    656     B
                                          <class 'cell |           9 |    432     B
                      <class 'functools._lru_list_elem |           4 |    320     B
                                   function (__init__) |           2 |    272     B
                                      function (_call) |           2 |    272     B
                           <class 'inspect.FullArgSpec |           2 |    208     B
                                         <class 'float |           8 |    192     B
  <class 'odl.operator.operator.OperatorLeftScalarMult |           3 |    168     B
                                       <class 'weakref |           2 |    160     B
      <class 'odl.operator.default_ops.ScalingOperator |           1 |     56     B
iter = 45
CPU usage (% each core): [23.7, 18.6, 28.1, 22.4, 28.6, 100.0, 25.5, 22.2]
RAM usage: svmem(total=33615839232, available=18963718144, percent=43.6, used=14164443136, free=10645176320, active=18023792640, inactive=3601702912, buffers=944840704, cached=7861379072, shared=74297344)
SWAP usage: sswap(total=34263265280, used=0, free=34263265280, percent=0.0, sin=0, sout=0)
                                                 types |   # objects |   total size
====================================================== | =========== | ============
                                 <class 'numpy.ndarray |           1 |      6.87 MB
                                          <class 'dict |          15 |      3.19 KB
                                          <class 'type |           2 |      2.55 KB
                                         <class 'bytes |          21 |      2.42 KB
                                         <class 'tuple |          12 |    784     B
                                          <class 'list |           4 |    624     B
                                          <class 'cell |           9 |    432     B
                      <class 'functools._lru_list_elem |           4 |    320     B
                                   function (__init__) |           2 |    272     B
                                      function (_call) |           2 |    272     B
                           <class 'inspect.FullArgSpec |           2 |    208     B
                                         <class 'float |           8 |    192     B
  <class 'odl.operator.operator.OperatorLeftScalarMult |           3 |    168     B
                                       <class 'weakref |           2 |    160     B
                                           <class 'int |           3 |     84     B
iter = 46
CPU usage (% each core): [41.6, 24.5, 33.7, 35.0, 31.4, 100.0, 25.5, 33.3]
RAM usage: svmem(total=33615839232, available=18958942208, percent=43.6, used=14169219072, free=10640400384, active=18028060672, inactive=3601702912, buffers=944840704, cached=7861379072, shared=74297344)
SWAP usage: sswap(total=34263265280, used=0, free=34263265280, percent=0.0, sin=0, sout=0)
                                                 types |   # objects |   total size
====================================================== | =========== | ============
                                 <class 'numpy.ndarray |           1 |      6.87 MB
                                          <class 'dict |          15 |      3.19 KB
                                          <class 'type |           2 |      2.55 KB
                                         <class 'bytes |          21 |      2.42 KB
                                         <class 'tuple |          12 |    784     B
                                          <class 'list |           4 |    696     B
                                          <class 'cell |           9 |    432     B
                      <class 'functools._lru_list_elem |           4 |    320     B
                                   function (__init__) |           2 |    272     B
                                      function (_call) |           2 |    272     B
                           <class 'inspect.FullArgSpec |           2 |    208     B
                                         <class 'float |           8 |    192     B
  <class 'odl.operator.operator.OperatorLeftScalarMult |           3 |    168     B
                                       <class 'weakref |           2 |    160     B
      <class 'odl.operator.default_ops.ScalingOperator |           1 |     56     B
iter = 47
CPU usage (% each core): [18.1, 12.9, 19.4, 21.1, 14.0, 100.0, 18.1, 14.7]
RAM usage: svmem(total=33615839232, available=18952400896, percent=43.6, used=14175760384, free=10633859072, active=18034593792, inactive=3601702912, buffers=944840704, cached=7861379072, shared=74297344)
SWAP usage: sswap(total=34263265280, used=0, free=34263265280, percent=0.0, sin=0, sout=0)
                                                                                        types |   # objects |   total size
============================================================================================= | =========== | ============
                                                                        <class 'numpy.ndarray |           1 |      6.87 MB
                                                                                 <class 'dict |          15 |      3.19 KB
                                                                                 <class 'type |           2 |      2.55 KB
                                                                                <class 'tuple |          12 |    784     B
                                                                                 <class 'cell |           9 |    432     B
                                                             <class 'functools._lru_list_elem |           4 |    320     B
                                                                          function (__init__) |           2 |    272     B
                                                                             function (_call) |           2 |    272     B
                                                                  <class 'inspect.FullArgSpec |           2 |    208     B
                                                                                <class 'float |           8 |    192     B
                                         <class 'odl.operator.operator.OperatorLeftScalarMult |           3 |    168     B
                                                                              <class 'weakref |           2 |    160     B
                                                                                  <class 'int |           3 |     84     B
                                             <class 'odl.operator.default_ops.ScalingOperator |           1 |     56     B
  <class 'odl.solvers.nonsmooth.proximal_operators.proximal_cconj_l1.<locals>.ProximalCConjL1 |           1 |     56     B
iter = 48
CPU usage (% each core): [18.7, 15.3, 17.7, 26.5, 16.3, 100.0, 17.7, 16.7]
RAM usage: svmem(total=33615839232, available=18943193088, percent=43.6, used=14184968192, free=10624643072, active=18043277312, inactive=3601707008, buffers=944840704, cached=7861387264, shared=74297344)
SWAP usage: sswap(total=34263265280, used=0, free=34263265280, percent=0.0, sin=0, sout=0)
                                                 types |   # objects |   total size
====================================================== | =========== | ============
                                 <class 'numpy.ndarray |           1 |      6.87 MB
                                          <class 'dict |          15 |      3.19 KB
                                         <class 'bytes |          21 |      3.07 KB
                                          <class 'type |           2 |      2.55 KB
                                         <class 'tuple |          12 |    784     B
                                          <class 'list |           4 |    616     B
                                          <class 'cell |           9 |    432     B
                      <class 'functools._lru_list_elem |           4 |    320     B
                                   function (__init__) |           2 |    272     B
                                      function (_call) |           2 |    272     B
                           <class 'inspect.FullArgSpec |           2 |    208     B
                                         <class 'float |           8 |    192     B
  <class 'odl.operator.operator.OperatorLeftScalarMult |           3 |    168     B
                                       <class 'weakref |           2 |    160     B
      <class 'odl.operator.default_ops.ScalingOperator |           1 |     56     B
iter = 49
CPU usage (% each core): [23.5, 12.6, 27.5, 19.8, 20.6, 100.0, 32.6, 17.7]
RAM usage: svmem(total=33615839232, available=18936422400, percent=43.7, used=14191738880, free=10617872384, active=18051006464, inactive=3601707008, buffers=944840704, cached=7861387264, shared=74297344)
SWAP usage: sswap(total=34263265280, used=0, free=34263265280, percent=0.0, sin=0, sout=0)
                                                 types |   # objects |   total size
====================================================== | =========== | ============
                                 <class 'numpy.ndarray |           1 |      6.87 MB
                                          <class 'dict |          15 |      3.19 KB
                                          <class 'type |           2 |      2.55 KB
                                         <class 'bytes |          21 |      2.42 KB
                                         <class 'tuple |          12 |    784     B
                                          <class 'list |           4 |    752     B
                                          <class 'cell |           9 |    432     B
                      <class 'functools._lru_list_elem |           4 |    320     B
                                   function (__init__) |           2 |    272     B
                                      function (_call) |           2 |    272     B
                           <class 'inspect.FullArgSpec |           2 |    208     B
                                         <class 'float |           8 |    192     B
  <class 'odl.operator.operator.OperatorLeftScalarMult |           3 |    168     B
                                       <class 'weakref |           2 |    160     B
                                           <class 'int |           3 |     84     B
iter = 50
CPU usage (% each core): [21.1, 14.4, 20.0, 22.9, 17.7, 100.0, 26.3, 16.7]
RAM usage: svmem(total=33615839232, available=18927476736, percent=43.7, used=14200684544, free=10608926720, active=18058964992, inactive=3601707008, buffers=944840704, cached=7861387264, shared=74297344)
SWAP usage: sswap(total=34263265280, used=0, free=34263265280, percent=0.0, sin=0, sout=0)
                                                 types |   # objects |   total size
====================================================== | =========== | ============
                                 <class 'numpy.ndarray |           1 |      6.87 MB
                                          <class 'dict |          15 |      3.19 KB
                                          <class 'type |           2 |      2.55 KB
                                         <class 'bytes |          21 |      2.42 KB
                                         <class 'tuple |          10 |    656     B
                                          <class 'list |           2 |    536     B
                                          <class 'cell |           9 |    432     B
                                   function (__init__) |           2 |    272     B
                                      function (_call) |           2 |    272     B
                      <class 'functools._lru_list_elem |           3 |    240     B
                                         <class 'float |           8 |    192     B
  <class 'odl.operator.operator.OperatorLeftScalarMult |           3 |    168     B
                                       <class 'weakref |           2 |    160     B
                           <class 'inspect.FullArgSpec |           1 |    104     B
      <class 'odl.operator.default_ops.ScalingOperator |           1 |     56     B
iter = 51
CPU usage (% each core): [30.1, 55.3, 32.3, 27.4, 23.4, 100.0, 33.9, 29.8]
RAM usage: svmem(total=33615839232, available=18919243776, percent=43.7, used=14208917504, free=10600685568, active=18068066304, inactive=3601711104, buffers=944840704, cached=7861395456, shared=74297344)
SWAP usage: sswap(total=34263265280, used=0, free=34263265280, percent=0.0, sin=0, sout=0)
                                                                                        types |   # objects |   total size
============================================================================================= | =========== | ============
                                                                        <class 'numpy.ndarray |           1 |      6.87 MB
                                                                                 <class 'dict |          15 |      3.19 KB
                                                                                 <class 'type |           2 |      2.55 KB
                                                                                <class 'tuple |           8 |    528     B
                                                                                 <class 'cell |           9 |    432     B
                                                                          function (__init__) |           2 |    272     B
                                                                             function (_call) |           2 |    272     B
                                                                                <class 'float |           8 |    192     B
                                         <class 'odl.operator.operator.OperatorLeftScalarMult |           3 |    168     B
                                                             <class 'functools._lru_list_elem |           2 |    160     B
                                                                              <class 'weakref |           2 |    160     B
                                                                                  <class 'int |           3 |     84     B
                                             <class 'odl.operator.default_ops.ScalingOperator |           1 |     56     B
  <class 'odl.solvers.nonsmooth.proximal_operators.proximal_cconj_l1.<locals>.ProximalCConjL1 |           1 |     56     B
                                                  <class 'odl.space.npy_ntuples.NumpyFnVector |           1 |     56     B
iter = 52
CPU usage (% each core): [67.0, 100.0, 45.0, 39.4, 37.8, 34.3, 30.6, 33.0]
RAM usage: svmem(total=33615839232, available=18906431488, percent=43.8, used=14221729792, free=10587447296, active=18081349632, inactive=3601735680, buffers=944844800, cached=7861817344, shared=74297344)
SWAP usage: sswap(total=34263265280, used=0, free=34263265280, percent=0.0, sin=0, sout=0)
                                                                                        types |   # objects |   total size
============================================================================================= | =========== | ============
                                                                        <class 'numpy.ndarray |           1 |      6.87 MB
                                                                                 <class 'dict |          15 |      3.19 KB
                                                                                <class 'bytes |          21 |      3.07 KB
                                                                                 <class 'type |           2 |      2.55 KB
                                                                                <class 'tuple |           8 |    528     B
                                                                                 <class 'cell |           9 |    432     B
                                                                                 <class 'list |           0 |    376     B
                                                                          function (__init__) |           2 |    272     B
                                                                             function (_call) |           2 |    272     B
                                                                                <class 'float |           8 |    192     B
                                         <class 'odl.operator.operator.OperatorLeftScalarMult |           3 |    168     B
                                                             <class 'functools._lru_list_elem |           2 |    160     B
                                                                              <class 'weakref |           2 |    160     B
                                             <class 'odl.operator.default_ops.ScalingOperator |           1 |     56     B
  <class 'odl.solvers.nonsmooth.proximal_operators.proximal_cconj_l1.<locals>.ProximalCConjL1 |           1 |     56     B
iter = 53
CPU usage (% each core): [22.7, 100.0, 16.5, 17.7, 17.7, 12.2, 14.4, 15.5]
RAM usage: svmem(total=33615839232, available=18888908800, percent=43.8, used=14239244288, free=10569924608, active=18098147328, inactive=3601735680, buffers=944844800, cached=7861825536, shared=74297344)
SWAP usage: sswap(total=34263265280, used=0, free=34263265280, percent=0.0, sin=0, sout=0)
                                                 types |   # objects |   total size
====================================================== | =========== | ============
                                 <class 'numpy.ndarray |           1 |      6.87 MB
                                          <class 'dict |          15 |      3.19 KB
                                         <class 'bytes |          21 |      3.07 KB
                                          <class 'type |           2 |      2.55 KB
                                         <class 'tuple |           8 |    528     B
                                          <class 'cell |           9 |    432     B
                                   function (__init__) |           2 |    272     B
                                          <class 'list |           0 |    272     B
                                      function (_call) |           2 |    272     B
                                         <class 'float |           8 |    192     B
  <class 'odl.operator.operator.OperatorLeftScalarMult |           3 |    168     B
                      <class 'functools._lru_list_elem |           2 |    160     B
                                       <class 'weakref |           2 |    160     B
                                           <class 'int |           3 |     84     B
      <class 'odl.operator.default_ops.ScalingOperator |           1 |     56     B
iter = 54
CPU usage (% each core): [36.6, 100.0, 45.1, 38.5, 35.1, 2.1, 44.1, 22.6]
RAM usage: svmem(total=33615839232, available=18880622592, percent=43.8, used=14247538688, free=10561630208, active=18107408384, inactive=3601735680, buffers=944844800, cached=7861825536, shared=74297344)
SWAP usage: sswap(total=34263265280, used=0, free=34263265280, percent=0.0, sin=0, sout=0)
                                                                                        types |   # objects |   total size
============================================================================================= | =========== | ============
                                                                        <class 'numpy.ndarray |           1 |      6.87 MB
                                                                                 <class 'dict |          15 |      3.19 KB
                                                                                 <class 'type |           2 |      2.55 KB
                                                                                <class 'bytes |          21 |      2.42 KB
                                                                                <class 'tuple |           8 |    528     B
                                                                                 <class 'cell |           9 |    432     B
                                                                                 <class 'list |           0 |    336     B
                                                                          function (__init__) |           2 |    272     B
                                                                             function (_call) |           2 |    272     B
                                                                                <class 'float |           8 |    192     B
                                         <class 'odl.operator.operator.OperatorLeftScalarMult |           3 |    168     B
                                                             <class 'functools._lru_list_elem |           2 |    160     B
                                                                              <class 'weakref |           2 |    160     B
                                             <class 'odl.operator.default_ops.ScalingOperator |           1 |     56     B
  <class 'odl.solvers.nonsmooth.proximal_operators.proximal_cconj_l1.<locals>.ProximalCConjL1 |           1 |     56     B
iter = 55
CPU usage (% each core): [34.3, 56.6, 33.7, 35.4, 23.7, 61.0, 30.3, 35.4]
RAM usage: svmem(total=33615839232, available=18874396672, percent=43.9, used=14253764608, free=10555404288, active=18113081344, inactive=3601723392, buffers=944844800, cached=7861825536, shared=74297344)
SWAP usage: sswap(total=34263265280, used=0, free=34263265280, percent=0.0, sin=0, sout=0)
                                                                                        types |   # objects |   total size
============================================================================================= | =========== | ============
                                                                        <class 'numpy.ndarray |           1 |      6.87 MB
                                                                                 <class 'dict |          15 |      3.19 KB
                                                                                 <class 'type |           2 |      2.55 KB
                                                                                <class 'tuple |           8 |    528     B
                                                                                 <class 'cell |           9 |    432     B
                                                                          function (__init__) |           2 |    272     B
                                                                             function (_call) |           2 |    272     B
                                                                                <class 'float |           8 |    192     B
                                         <class 'odl.operator.operator.OperatorLeftScalarMult |           3 |    168     B
                                                             <class 'functools._lru_list_elem |           2 |    160     B
                                                                              <class 'weakref |           2 |    160     B
                                                                                  <class 'int |           4 |    112     B
                                             <class 'odl.operator.default_ops.ScalingOperator |           1 |     56     B
  <class 'odl.solvers.nonsmooth.proximal_operators.proximal_cconj_l1.<locals>.ProximalCConjL1 |           1 |     56     B
                                                  <class 'odl.space.npy_ntuples.NumpyFnVector |           1 |     56     B
iter = 56
CPU usage (% each core): [27.6, 18.4, 34.0, 22.0, 24.8, 100.0, 20.4, 29.0]
RAM usage: svmem(total=33615839232, available=18882592768, percent=43.8, used=14245568512, free=10563600384, active=18103754752, inactive=3601723392, buffers=944844800, cached=7861825536, shared=74297344)
SWAP usage: sswap(total=34263265280, used=0, free=34263265280, percent=0.0, sin=0, sout=0)
                                                                                        types |   # objects |   total size
============================================================================================= | =========== | ============
                                                                        <class 'numpy.ndarray |           1 |      6.87 MB
                                                                                 <class 'dict |          15 |      3.19 KB
                                                                                <class 'bytes |          21 |      3.07 KB
                                                                                 <class 'type |           2 |      2.55 KB
                                                                                <class 'tuple |           8 |    528     B
                                                                                 <class 'cell |           9 |    432     B
                                                                                 <class 'list |           0 |    424     B
                                                                          function (__init__) |           2 |    272     B
                                                                             function (_call) |           2 |    272     B
                                                                                <class 'float |           8 |    192     B
                                         <class 'odl.operator.operator.OperatorLeftScalarMult |           3 |    168     B
                                                             <class 'functools._lru_list_elem |           2 |    160     B
                                                                              <class 'weakref |           2 |    160     B
                                             <class 'odl.operator.default_ops.ScalingOperator |           1 |     56     B
  <class 'odl.solvers.nonsmooth.proximal_operators.proximal_cconj_l1.<locals>.ProximalCConjL1 |           1 |     56     B
iter = 57
CPU usage (% each core): [41.9, 12.6, 14.1, 16.0, 13.7, 100.0, 14.6, 15.8]
RAM usage: svmem(total=33615839232, available=18884554752, percent=43.8, used=14243606528, free=10565562368, active=18101821440, inactive=3601719296, buffers=944844800, cached=7861825536, shared=74297344)
SWAP usage: sswap(total=34263265280, used=0, free=34263265280, percent=0.0, sin=0, sout=0)
                                                 types |   # objects |   total size
====================================================== | =========== | ============
                                 <class 'numpy.ndarray |           1 |      6.87 MB
                                          <class 'dict |          15 |      3.19 KB
                                         <class 'bytes |          21 |      3.07 KB
                                          <class 'type |           2 |      2.55 KB
                                         <class 'tuple |           8 |    528     B
                                          <class 'cell |           9 |    432     B
                                          <class 'list |           0 |    304     B
                                   function (__init__) |           2 |    272     B
                                      function (_call) |           2 |    272     B
                                         <class 'float |           8 |    192     B
  <class 'odl.operator.operator.OperatorLeftScalarMult |           3 |    168     B
                      <class 'functools._lru_list_elem |           2 |    160     B
                                       <class 'weakref |           2 |    160     B
                                           <class 'int |           5 |    140     B
      <class 'odl.operator.default_ops.ScalingOperator |           1 |     56     B
iter = 58
CPU usage (% each core): [59.6, 20.8, 38.4, 39.4, 28.6, 100.0, 34.3, 42.6]
RAM usage: svmem(total=33615839232, available=18881585152, percent=43.8, used=14246576128, free=10562584576, active=18104283136, inactive=3601690624, buffers=944844800, cached=7861833728, shared=74297344)
SWAP usage: sswap(total=34263265280, used=0, free=34263265280, percent=0.0, sin=0, sout=0)
                                                                                        types |   # objects |   total size
============================================================================================= | =========== | ============
                                                                        <class 'numpy.ndarray |           1 |      6.87 MB
                                                                                 <class 'dict |          15 |      3.19 KB
                                                                                 <class 'type |           2 |      2.55 KB
                                                                                <class 'tuple |           8 |    528     B
                                                                                 <class 'cell |           9 |    432     B
                                                                          function (__init__) |           2 |    272     B
                                                                             function (_call) |           2 |    272     B
                                                                                <class 'float |           8 |    192     B
                                         <class 'odl.operator.operator.OperatorLeftScalarMult |           3 |    168     B
                                                             <class 'functools._lru_list_elem |           2 |    160     B
                                                                              <class 'weakref |           2 |    160     B
                                             <class 'odl.operator.default_ops.ScalingOperator |           1 |     56     B
  <class 'odl.solvers.nonsmooth.proximal_operators.proximal_cconj_l1.<locals>.ProximalCConjL1 |           1 |     56     B
                                                  <class 'odl.space.npy_ntuples.NumpyFnVector |           1 |     56     B
                                        <class 'odl.operator.operator.OperatorRightScalarMult |           1 |     56     B
iter = 59
CPU usage (% each core): [42.6, 100.0, 56.7, 45.5, 39.6, 12.4, 52.6, 43.4]
RAM usage: svmem(total=33615839232, available=18875289600, percent=43.9, used=14252871680, free=10556448768, active=18112638976, inactive=3601661952, buffers=944844800, cached=7861673984, shared=74297344)
SWAP usage: sswap(total=34263265280, used=0, free=34263265280, percent=0.0, sin=0, sout=0)
                                                                                        types |   # objects |   total size
============================================================================================= | =========== | ============
                                                                        <class 'numpy.ndarray |           1 |      6.87 MB
                                                                                 <class 'dict |          15 |      3.19 KB
                                                                                <class 'bytes |          21 |      3.07 KB
                                                                                 <class 'type |           2 |      2.55 KB
                                                                                <class 'tuple |           8 |    528     B
                                                                                 <class 'cell |           9 |    432     B
                                                                                 <class 'list |           0 |    336     B
                                                                          function (__init__) |           2 |    272     B
                                                                             function (_call) |           2 |    272     B
                                                                                <class 'float |           8 |    192     B
                                         <class 'odl.operator.operator.OperatorLeftScalarMult |           3 |    168     B
                                                             <class 'functools._lru_list_elem |           2 |    160     B
                                                                              <class 'weakref |           2 |    160     B
                                             <class 'odl.operator.default_ops.ScalingOperator |           1 |     56     B
  <class 'odl.solvers.nonsmooth.proximal_operators.proximal_cconj_l1.<locals>.ProximalCConjL1 |           1 |     56     B
iter = 60
CPU usage (% each core): [23.7, 100.0, 25.3, 28.4, 26.3, 13.5, 32.6, 34.4]
RAM usage: svmem(total=33615839232, available=18866450432, percent=43.9, used=14261710848, free=10547560448, active=18119630848, inactive=3601666048, buffers=944844800, cached=7861723136, shared=74297344)
SWAP usage: sswap(total=34263265280, used=0, free=34263265280, percent=0.0, sin=0, sout=0)
                                                                                        types |   # objects |   total size
============================================================================================= | =========== | ============
                                                                        <class 'numpy.ndarray |           1 |      6.87 MB
                                                                                 <class 'dict |          15 |      3.19 KB
                                                                                <class 'bytes |          21 |      3.07 KB
                                                                                 <class 'type |           2 |      2.55 KB
                                                                                <class 'tuple |           8 |    528     B
                                                                                 <class 'cell |           9 |    432     B
                                                                                 <class 'list |           0 |    384     B
                                                                          function (__init__) |           2 |    272     B
                                                                             function (_call) |           2 |    272     B
                                                                                <class 'float |           8 |    192     B
                                         <class 'odl.operator.operator.OperatorLeftScalarMult |           3 |    168     B
                                                             <class 'functools._lru_list_elem |           2 |    160     B
                                                                              <class 'weakref |           2 |    160     B
                                             <class 'odl.operator.default_ops.ScalingOperator |           1 |     56     B
  <class 'odl.solvers.nonsmooth.proximal_operators.proximal_cconj_l1.<locals>.ProximalCConjL1 |           1 |     56     B
iter = 61
CPU usage (% each core): [17.6, 100.0, 16.7, 17.5, 15.7, 16.5, 13.6, 17.3]
RAM usage: svmem(total=33615839232, available=18860294144, percent=43.9, used=14267867136, free=10541404160, active=18126381056, inactive=3601666048, buffers=944844800, cached=7861723136, shared=74297344)
SWAP usage: sswap(total=34263265280, used=0, free=34263265280, percent=0.0, sin=0, sout=0)
                                                 types |   # objects |   total size
====================================================== | =========== | ============
                                 <class 'numpy.ndarray |           1 |      6.87 MB
                                          <class 'dict |          15 |      3.19 KB
                                         <class 'bytes |          21 |      3.07 KB
                                          <class 'type |           2 |      2.55 KB
                                         <class 'tuple |           8 |    528     B
                                          <class 'cell |           9 |    432     B
                                          <class 'list |           0 |    336     B
                                   function (__init__) |           2 |    272     B
                                      function (_call) |           2 |    272     B
                                         <class 'float |           8 |    192     B
  <class 'odl.operator.operator.OperatorLeftScalarMult |           3 |    168     B
                      <class 'functools._lru_list_elem |           2 |    160     B
                                       <class 'weakref |           2 |    160     B
                                           <class 'int |           3 |     84     B
      <class 'odl.operator.default_ops.ScalingOperator |           1 |     56     B
iter = 62
CPU usage (% each core): [14.7, 12.0, 13.0, 100.0, 12.9, 11.0, 12.0, 8.9]
RAM usage: svmem(total=33615839232, available=18853163008, percent=43.9, used=14274998272, free=10534273024, active=18133688320, inactive=3601666048, buffers=944844800, cached=7861723136, shared=74297344)
SWAP usage: sswap(total=34263265280, used=0, free=34263265280, percent=0.0, sin=0, sout=0)
                                                                                        types |   # objects |   total size
============================================================================================= | =========== | ============
                                                                        <class 'numpy.ndarray |           1 |      6.87 MB
                                                                                 <class 'dict |          15 |      3.19 KB
                                                                                 <class 'type |           2 |      2.55 KB
                                                                                <class 'tuple |           8 |    528     B
                                                                                 <class 'cell |           9 |    432     B
                                                                          function (__init__) |           2 |    272     B
                                                                             function (_call) |           2 |    272     B
                                                                                <class 'float |           8 |    192     B
                                         <class 'odl.operator.operator.OperatorLeftScalarMult |           3 |    168     B
                                                             <class 'functools._lru_list_elem |           2 |    160     B
                                                                              <class 'weakref |           2 |    160     B
                                             <class 'odl.operator.default_ops.ScalingOperator |           1 |     56     B
  <class 'odl.solvers.nonsmooth.proximal_operators.proximal_cconj_l1.<locals>.ProximalCConjL1 |           1 |     56     B
                                                  <class 'odl.space.npy_ntuples.NumpyFnVector |           1 |     56     B
                                        <class 'odl.operator.operator.OperatorRightScalarMult |           1 |     56     B
iter = 63
CPU usage (% each core): [25.3, 13.5, 16.3, 100.0, 14.4, 16.2, 15.5, 13.4]
RAM usage: svmem(total=33615839232, available=18850877440, percent=43.9, used=14277283840, free=10531979264, active=18134851584, inactive=3601670144, buffers=944844800, cached=7861731328, shared=74297344)
SWAP usage: sswap(total=34263265280, used=0, free=34263265280, percent=0.0, sin=0, sout=0)
                                                                                        types |   # objects |   total size
============================================================================================= | =========== | ============
                                                                        <class 'numpy.ndarray |           1 |      6.87 MB
                                                                                 <class 'dict |          15 |      3.19 KB
                                                                                <class 'bytes |          21 |      3.07 KB
                                                                                 <class 'type |           2 |      2.55 KB
                                                                                <class 'tuple |           8 |    528     B
                                                                                 <class 'cell |           9 |    432     B
                                                                                 <class 'list |           0 |    424     B
                                                                          function (__init__) |           2 |    272     B
                                                                             function (_call) |           2 |    272     B
                                                                                <class 'float |           8 |    192     B
                                         <class 'odl.operator.operator.OperatorLeftScalarMult |           3 |    168     B
                                                             <class 'functools._lru_list_elem |           2 |    160     B
                                                                              <class 'weakref |           2 |    160     B
                                             <class 'odl.operator.default_ops.ScalingOperator |           1 |     56     B
  <class 'odl.solvers.nonsmooth.proximal_operators.proximal_cconj_l1.<locals>.ProximalCConjL1 |           1 |     56     B
iter = 64
CPU usage (% each core): [21.6, 19.0, 18.0, 100.0, 37.6, 18.0, 18.0, 19.0]
RAM usage: svmem(total=33615839232, available=18853117952, percent=43.9, used=14275043328, free=10534293504, active=18132049920, inactive=3601661952, buffers=944844800, cached=7861657600, shared=74297344)
SWAP usage: sswap(total=34263265280, used=0, free=34263265280, percent=0.0, sin=0, sout=0)
                                                                                        types |   # objects |   total size
============================================================================================= | =========== | ============
                                                                        <class 'numpy.ndarray |           1 |      6.87 MB
                                                                                 <class 'dict |          15 |      3.19 KB
                                                                                <class 'bytes |          21 |      3.07 KB
                                                                                 <class 'type |           2 |      2.55 KB
                                                                                <class 'tuple |           8 |    528     B
                                                                                 <class 'cell |           9 |    432     B
                                                                                 <class 'list |           0 |    304     B
                                                                          function (__init__) |           2 |    272     B
                                                                             function (_call) |           2 |    272     B
                                                                                <class 'float |           8 |    192     B
                                         <class 'odl.operator.operator.OperatorLeftScalarMult |           3 |    168     B
                                                             <class 'functools._lru_list_elem |           2 |    160     B
                                                                              <class 'weakref |           2 |    160     B
                                             <class 'odl.operator.default_ops.ScalingOperator |           1 |     56     B
  <class 'odl.solvers.nonsmooth.proximal_operators.proximal_cconj_l1.<locals>.ProximalCConjL1 |           1 |     56     B
iter = 65
CPU usage (% each core): [18.4, 16.0, 14.1, 100.0, 16.8, 16.0, 13.0, 13.0]
RAM usage: svmem(total=33615839232, available=18848509952, percent=43.9, used=14279651328, free=10529685504, active=18136379392, inactive=3601661952, buffers=944844800, cached=7861657600, shared=74297344)
SWAP usage: sswap(total=34263265280, used=0, free=34263265280, percent=0.0, sin=0, sout=0)
                                                                                        types |   # objects |   total size
============================================================================================= | =========== | ============
                                                                        <class 'numpy.ndarray |           1 |      6.87 MB
                                                                                 <class 'dict |          15 |      3.19 KB
                                                                                 <class 'type |           2 |      2.55 KB
                                                                                <class 'tuple |           8 |    528     B
                                                                                 <class 'cell |           9 |    432     B
                                                                          function (__init__) |           2 |    272     B
                                                                             function (_call) |           2 |    272     B
                                                                                <class 'float |           8 |    192     B
                                         <class 'odl.operator.operator.OperatorLeftScalarMult |           3 |    168     B
                                                             <class 'functools._lru_list_elem |           2 |    160     B
                                                                              <class 'weakref |           2 |    160     B
                                             <class 'odl.operator.default_ops.ScalingOperator |           1 |     56     B
  <class 'odl.solvers.nonsmooth.proximal_operators.proximal_cconj_l1.<locals>.ProximalCConjL1 |           1 |     56     B
                                                  <class 'odl.space.npy_ntuples.NumpyFnVector |           1 |     56     B
                                                                                  <class 'int |           2 |     56     B
iter = 66
CPU usage (% each core): [18.4, 16.7, 17.3, 100.0, 16.5, 16.5, 17.5, 15.3]
RAM usage: svmem(total=33615839232, available=18841669632, percent=44.0, used=14286491648, free=10522836992, active=18142740480, inactive=3601666048, buffers=944844800, cached=7861665792, shared=74297344)
SWAP usage: sswap(total=34263265280, used=0, free=34263265280, percent=0.0, sin=0, sout=0)
                                                                                        types |   # objects |   total size
============================================================================================= | =========== | ============
                                                                        <class 'numpy.ndarray |           1 |      6.87 MB
                                                                                 <class 'dict |          15 |      3.19 KB
                                                                                <class 'bytes |          21 |      3.07 KB
                                                                                 <class 'type |           2 |      2.55 KB
                                                                                <class 'tuple |           8 |    528     B
                                                                                 <class 'cell |           9 |    432     B
                                                                                 <class 'list |           0 |    336     B
                                                                          function (__init__) |           2 |    272     B
                                                                             function (_call) |           2 |    272     B
                                                                                <class 'float |           8 |    192     B
                                         <class 'odl.operator.operator.OperatorLeftScalarMult |           3 |    168     B
                                                             <class 'functools._lru_list_elem |           2 |    160     B
                                                                              <class 'weakref |           2 |    160     B
                                             <class 'odl.operator.default_ops.ScalingOperator |           1 |     56     B
  <class 'odl.solvers.nonsmooth.proximal_operators.proximal_cconj_l1.<locals>.ProximalCConjL1 |           1 |     56     B
iter = 67
CPU usage (% each core): [18.0, 18.0, 19.8, 100.0, 17.8, 18.8, 17.8, 18.0]
RAM usage: svmem(total=33615839232, available=18834792448, percent=44.0, used=14293368832, free=10515959808, active=18150121472, inactive=3601666048, buffers=944844800, cached=7861665792, shared=74297344)
SWAP usage: sswap(total=34263265280, used=0, free=34263265280, percent=0.0, sin=0, sout=0)
                                                                                        types |   # objects |   total size
============================================================================================= | =========== | ============
                                                                        <class 'numpy.ndarray |           1 |      6.87 MB
                                                                                 <class 'dict |          15 |      3.19 KB
                                                                                <class 'bytes |          21 |      3.07 KB
                                                                                 <class 'type |           2 |      2.55 KB
                                                                                <class 'tuple |           8 |    528     B
                                                                                 <class 'cell |           9 |    432     B
                                                                                 <class 'list |           0 |    384     B
                                                                          function (__init__) |           2 |    272     B
                                                                             function (_call) |           2 |    272     B
                                                                                <class 'float |           8 |    192     B
                                         <class 'odl.operator.operator.OperatorLeftScalarMult |           3 |    168     B
                                                             <class 'functools._lru_list_elem |           2 |    160     B
                                                                              <class 'weakref |           2 |    160     B
                                             <class 'odl.operator.default_ops.ScalingOperator |           1 |     56     B
  <class 'odl.solvers.nonsmooth.proximal_operators.proximal_cconj_l1.<locals>.ProximalCConjL1 |           1 |     56     B
iter = 68
CPU usage (% each core): [16.3, 100.0, 17.1, 17.5, 16.3, 14.7, 14.6, 17.3]
RAM usage: svmem(total=33615839232, available=18819665920, percent=44.0, used=14308495360, free=10500833280, active=18165489664, inactive=3601666048, buffers=944844800, cached=7861665792, shared=74297344)
SWAP usage: sswap(total=34263265280, used=0, free=34263265280, percent=0.0, sin=0, sout=0)
                                                 types |   # objects |   total size
====================================================== | =========== | ============
                                 <class 'numpy.ndarray |           1 |      6.87 MB
                                          <class 'dict |          15 |      3.19 KB
                                         <class 'bytes |          21 |      3.07 KB
                                          <class 'type |           2 |      2.55 KB
                                         <class 'tuple |           8 |    528     B
                                          <class 'cell |           9 |    432     B
                                          <class 'list |           0 |    336     B
                                   function (__init__) |           2 |    272     B
                                      function (_call) |           2 |    272     B
                                         <class 'float |           8 |    192     B
  <class 'odl.operator.operator.OperatorLeftScalarMult |           3 |    168     B
                      <class 'functools._lru_list_elem |           2 |    160     B
                                       <class 'weakref |           2 |    160     B
                                           <class 'int |           3 |     84     B
      <class 'odl.operator.default_ops.ScalingOperator |           1 |     56     B
iter = 69
CPU usage (% each core): [17.8, 100.0, 17.6, 19.6, 16.8, 18.4, 18.4, 16.8]
RAM usage: svmem(total=33615839232, available=18811469824, percent=44.0, used=14316691456, free=10492637184, active=18172588032, inactive=3601666048, buffers=944844800, cached=7861665792, shared=74297344)
SWAP usage: sswap(total=34263265280, used=0, free=34263265280, percent=0.0, sin=0, sout=0)
                                                                                        types |   # objects |   total size
============================================================================================= | =========== | ============
                                                                        <class 'numpy.ndarray |           1 |      6.87 MB
                                                                                 <class 'dict |          15 |      3.19 KB
                                                                                 <class 'type |           2 |      2.55 KB
                                                                                <class 'tuple |           8 |    528     B
                                                                                 <class 'cell |           9 |    432     B
                                                                          function (__init__) |           2 |    272     B
                                                                             function (_call) |           2 |    272     B
                                                                                <class 'float |           8 |    192     B
                                         <class 'odl.operator.operator.OperatorLeftScalarMult |           3 |    168     B
                                                             <class 'functools._lru_list_elem |           2 |    160     B
                                                                              <class 'weakref |           2 |    160     B
                                             <class 'odl.operator.default_ops.ScalingOperator |           1 |     56     B
  <class 'odl.solvers.nonsmooth.proximal_operators.proximal_cconj_l1.<locals>.ProximalCConjL1 |           1 |     56     B
                                                  <class 'odl.space.npy_ntuples.NumpyFnVector |           1 |     56     B
                                                                                  <class 'int |           2 |     56     B
iter = 70
CPU usage (% each core): [14.0, 100.0, 14.1, 15.0, 15.0, 14.0, 13.1, 14.9]
RAM usage: svmem(total=33615839232, available=18805972992, percent=44.1, used=14322188288, free=10487132160, active=18179674112, inactive=3601670144, buffers=944844800, cached=7861673984, shared=74297344)
SWAP usage: sswap(total=34263265280, used=0, free=34263265280, percent=0.0, sin=0, sout=0)
                                                 types |   # objects |   total size
====================================================== | =========== | ============
                                 <class 'numpy.ndarray |           1 |      6.87 MB
                                          <class 'dict |          15 |      3.19 KB
                                         <class 'bytes |          21 |      3.07 KB
                                          <class 'type |           2 |      2.55 KB
                                         <class 'tuple |           8 |    528     B
                                          <class 'cell |           9 |    432     B
                                          <class 'list |           0 |    424     B
                                   function (__init__) |           2 |    272     B
                                      function (_call) |           2 |    272     B
                                         <class 'float |           8 |    192     B
  <class 'odl.operator.operator.OperatorLeftScalarMult |           3 |    168     B
                      <class 'functools._lru_list_elem |           2 |    160     B
                                       <class 'weakref |           2 |    160     B
                                           <class 'int |           3 |     84     B
      <class 'odl.operator.default_ops.ScalingOperator |           1 |     56     B
iter = 71
CPU usage (% each core): [16.0, 100.0, 15.2, 14.1, 14.1, 14.3, 15.0, 14.3]
RAM usage: svmem(total=33615839232, available=18799357952, percent=44.1, used=14328803328, free=10480517120, active=18186899456, inactive=3601670144, buffers=944844800, cached=7861673984, shared=74297344)
SWAP usage: sswap(total=34263265280, used=0, free=34263265280, percent=0.0, sin=0, sout=0)
                                                                                        types |   # objects |   total size
============================================================================================= | =========== | ============
                                                                        <class 'numpy.ndarray |           1 |      6.87 MB
                                                                                 <class 'dict |          15 |      3.19 KB
                                                                                 <class 'type |           2 |      2.55 KB
                                                                                <class 'bytes |          21 |      2.42 KB
                                                                                <class 'tuple |           8 |    528     B
                                                                                 <class 'cell |           9 |    432     B
                                                                                 <class 'list |           0 |    304     B
                                                                          function (__init__) |           2 |    272     B
                                                                             function (_call) |           2 |    272     B
                                                                                <class 'float |           8 |    192     B
                                         <class 'odl.operator.operator.OperatorLeftScalarMult |           3 |    168     B
                                                             <class 'functools._lru_list_elem |           2 |    160     B
                                                                              <class 'weakref |           2 |    160     B
                                             <class 'odl.operator.default_ops.ScalingOperator |           1 |     56     B
  <class 'odl.solvers.nonsmooth.proximal_operators.proximal_cconj_l1.<locals>.ProximalCConjL1 |           1 |     56     B
iter = 72
CPU usage (% each core): [12.2, 100.0, 12.2, 8.3, 11.2, 11.2, 10.4, 10.3]
RAM usage: svmem(total=33615839232, available=18791616512, percent=44.1, used=14336544768, free=10472775680, active=18193842176, inactive=3601670144, buffers=944844800, cached=7861673984, shared=74297344)
SWAP usage: sswap(total=34263265280, used=0, free=34263265280, percent=0.0, sin=0, sout=0)
                                                                                        types |   # objects |   total size
============================================================================================= | =========== | ============
                                                                        <class 'numpy.ndarray |           1 |      6.87 MB
                                                                                 <class 'dict |          15 |      3.19 KB
                                                                                 <class 'type |           2 |      2.55 KB
                                                                                <class 'tuple |           8 |    528     B
                                                                                 <class 'cell |           9 |    432     B
                                                                          function (__init__) |           2 |    272     B
                                                                             function (_call) |           2 |    272     B
                                                                                <class 'float |           8 |    192     B
                                         <class 'odl.operator.operator.OperatorLeftScalarMult |           3 |    168     B
                                                             <class 'functools._lru_list_elem |           2 |    160     B
                                                                              <class 'weakref |           2 |    160     B
                                             <class 'odl.operator.default_ops.ScalingOperator |           1 |     56     B
  <class 'odl.solvers.nonsmooth.proximal_operators.proximal_cconj_l1.<locals>.ProximalCConjL1 |           1 |     56     B
                                                  <class 'odl.space.npy_ntuples.NumpyFnVector |           1 |     56     B
                                        <class 'odl.operator.operator.OperatorRightScalarMult |           1 |     56     B
iter = 73
CPU usage (% each core): [14.3, 100.0, 13.1, 17.0, 12.1, 12.2, 14.0, 13.3]
RAM usage: svmem(total=33615839232, available=18789339136, percent=44.1, used=14338813952, free=10470498304, active=18195939328, inactive=3601670144, buffers=944844800, cached=7861682176, shared=74297344)
SWAP usage: sswap(total=34263265280, used=0, free=34263265280, percent=0.0, sin=0, sout=0)
                                                                                        types |   # objects |   total size
============================================================================================= | =========== | ============
                                                                        <class 'numpy.ndarray |           1 |      6.87 MB
                                                                                 <class 'dict |          15 |      3.19 KB
                                                                                <class 'bytes |          21 |      3.07 KB
                                                                                 <class 'type |           2 |      2.55 KB
                                                                                <class 'tuple |           8 |    528     B
                                                                                 <class 'cell |           9 |    432     B
                                                                                 <class 'list |           0 |    336     B
                                                                          function (__init__) |           2 |    272     B
                                                                             function (_call) |           2 |    272     B
                                                                                <class 'float |           8 |    192     B
                                         <class 'odl.operator.operator.OperatorLeftScalarMult |           3 |    168     B
                                                             <class 'functools._lru_list_elem |           2 |    160     B
                                                                              <class 'weakref |           2 |    160     B
                                             <class 'odl.operator.default_ops.ScalingOperator |           1 |     56     B
  <class 'odl.solvers.nonsmooth.proximal_operators.proximal_cconj_l1.<locals>.ProximalCConjL1 |           1 |     56     B
iter = 74
CPU usage (% each core): [13.7, 100.0, 15.0, 16.7, 14.9, 14.9, 15.0, 15.7]
RAM usage: svmem(total=33615839232, available=18782359552, percent=44.1, used=14345801728, free=10463510528, active=18203090944, inactive=3601674240, buffers=944844800, cached=7861682176, shared=74297344)
SWAP usage: sswap(total=34263265280, used=0, free=34263265280, percent=0.0, sin=0, sout=0)
                                                 types |   # objects |   total size
====================================================== | =========== | ============
                                 <class 'numpy.ndarray |           1 |      6.87 MB
                                          <class 'dict |          15 |      3.19 KB
                                         <class 'bytes |          21 |      3.07 KB
                                          <class 'type |           2 |      2.55 KB
                                         <class 'tuple |           8 |    528     B
                                          <class 'cell |           9 |    432     B
                                          <class 'list |           0 |    336     B
                                   function (__init__) |           2 |    272     B
                                      function (_call) |           2 |    272     B
                                         <class 'float |           8 |    192     B
  <class 'odl.operator.operator.OperatorLeftScalarMult |           3 |    168     B
                      <class 'functools._lru_list_elem |           2 |    160     B
                                       <class 'weakref |           2 |    160     B
                                           <class 'int |           3 |     84     B
      <class 'odl.operator.default_ops.ScalingOperator |           1 |     56     B
iter = 75
CPU usage (% each core): [13.7, 100.0, 14.4, 9.4, 13.7, 14.3, 14.3, 13.4]
RAM usage: svmem(total=33615839232, available=18775285760, percent=44.1, used=14352875520, free=10456436736, active=18210140160, inactive=3601674240, buffers=944844800, cached=7861682176, shared=74297344)
SWAP usage: sswap(total=34263265280, used=0, free=34263265280, percent=0.0, sin=0, sout=0)
                                                                                        types |   # objects |   total size
============================================================================================= | =========== | ============
                                                                        <class 'numpy.ndarray |           1 |      6.87 MB
                                                                                 <class 'dict |          15 |      3.19 KB
                                                                                 <class 'type |           2 |      2.55 KB
                                                                                <class 'bytes |          21 |      2.42 KB
                                                                                <class 'tuple |           8 |    528     B
                                                                                 <class 'list |           0 |    480     B
                                                                                 <class 'cell |           9 |    432     B
                                                                          function (__init__) |           2 |    272     B
                                                                             function (_call) |           2 |    272     B
                                                                                <class 'float |           8 |    192     B
                                         <class 'odl.operator.operator.OperatorLeftScalarMult |           3 |    168     B
                                                             <class 'functools._lru_list_elem |           2 |    160     B
                                                                              <class 'weakref |           2 |    160     B
                                             <class 'odl.operator.default_ops.ScalingOperator |           1 |     56     B
  <class 'odl.solvers.nonsmooth.proximal_operators.proximal_cconj_l1.<locals>.ProximalCConjL1 |           1 |     56     B
iter = 76
CPU usage (% each core): [17.2, 13.3, 14.3, 17.0, 18.0, 100.0, 16.2, 16.3]
RAM usage: svmem(total=33615839232, available=18767450112, percent=44.2, used=14360711168, free=10448601088, active=18217893888, inactive=3601674240, buffers=944844800, cached=7861682176, shared=74297344)
SWAP usage: sswap(total=34263265280, used=0, free=34263265280, percent=0.0, sin=0, sout=0)
                                                                                        types |   # objects |   total size
============================================================================================= | =========== | ============
                                                                        <class 'numpy.ndarray |           1 |      6.87 MB
                                                                                 <class 'dict |          15 |      3.19 KB
                                                                                 <class 'type |           2 |      2.55 KB
                                                                                <class 'tuple |           8 |    528     B
                                                                                 <class 'cell |           9 |    432     B
                                                                          function (__init__) |           2 |    272     B
                                                                             function (_call) |           2 |    272     B
                                                                                <class 'float |           8 |    192     B
                                         <class 'odl.operator.operator.OperatorLeftScalarMult |           3 |    168     B
                                                             <class 'functools._lru_list_elem |           2 |    160     B
                                                                              <class 'weakref |           2 |    160     B
                                                                                  <class 'int |           3 |     84     B
                                             <class 'odl.operator.default_ops.ScalingOperator |           1 |     56     B
  <class 'odl.solvers.nonsmooth.proximal_operators.proximal_cconj_l1.<locals>.ProximalCConjL1 |           1 |     56     B
                                                  <class 'odl.space.npy_ntuples.NumpyFnVector |           1 |     56     B
iter = 77
CPU usage (% each core): [18.0, 17.0, 18.0, 18.8, 16.2, 100.0, 17.0, 16.8]
RAM usage: svmem(total=33615839232, available=18761760768, percent=44.2, used=14366396416, free=10442903552, active=18224517120, inactive=3601678336, buffers=944844800, cached=7861694464, shared=74301440)
SWAP usage: sswap(total=34263265280, used=0, free=34263265280, percent=0.0, sin=0, sout=0)
                                                                                        types |   # objects |   total size
============================================================================================= | =========== | ============
                                                                        <class 'numpy.ndarray |           1 |      6.87 MB
                                                                                 <class 'dict |          15 |      3.19 KB
                                                                                <class 'bytes |          21 |      3.07 KB
                                                                                 <class 'type |           2 |      2.55 KB
                                                                                <class 'tuple |           8 |    528     B
                                                                                 <class 'cell |           9 |    432     B
                                                                                 <class 'list |           0 |    376     B
                                                                          function (__init__) |           2 |    272     B
                                                                             function (_call) |           2 |    272     B
                                                                                <class 'float |           8 |    192     B
                                         <class 'odl.operator.operator.OperatorLeftScalarMult |           3 |    168     B
                                                             <class 'functools._lru_list_elem |           2 |    160     B
                                                                              <class 'weakref |           2 |    160     B
                                             <class 'odl.operator.default_ops.ScalingOperator |           1 |     56     B
  <class 'odl.solvers.nonsmooth.proximal_operators.proximal_cconj_l1.<locals>.ProximalCConjL1 |           1 |     56     B
iter = 78
CPU usage (% each core): [17.2, 17.0, 15.3, 17.2, 16.8, 100.0, 16.2, 17.0]
RAM usage: svmem(total=33615839232, available=18756313088, percent=44.2, used=14371848192, free=10437455872, active=18230661120, inactive=3601674240, buffers=944844800, cached=7861690368, shared=74297344)
SWAP usage: sswap(total=34263265280, used=0, free=34263265280, percent=0.0, sin=0, sout=0)
                                                                                        types |   # objects |   total size
============================================================================================= | =========== | ============
                                                                        <class 'numpy.ndarray |           1 |      6.87 MB
                                                                                 <class 'dict |          15 |      3.19 KB
                                                                                <class 'bytes |          21 |      3.07 KB
                                                                                 <class 'type |           2 |      2.55 KB
                                                                                <class 'tuple |           8 |    528     B
                                                                                 <class 'cell |           9 |    432     B
                                                                          function (__init__) |           2 |    272     B
                                                                                 <class 'list |           0 |    272     B
                                                                             function (_call) |           2 |    272     B
                                                                                <class 'float |           8 |    192     B
                                         <class 'odl.operator.operator.OperatorLeftScalarMult |           3 |    168     B
                                                             <class 'functools._lru_list_elem |           2 |    160     B
                                                                              <class 'weakref |           2 |    160     B
                                             <class 'odl.operator.default_ops.ScalingOperator |           1 |     56     B
  <class 'odl.solvers.nonsmooth.proximal_operators.proximal_cconj_l1.<locals>.ProximalCConjL1 |           1 |     56     B
iter = 79
CPU usage (% each core): [15.2, 14.3, 16.2, 15.2, 13.4, 100.0, 15.3, 13.4]
RAM usage: svmem(total=33615839232, available=18749190144, percent=44.2, used=14378971136, free=10430332928, active=18237546496, inactive=3601674240, buffers=944844800, cached=7861690368, shared=74297344)
SWAP usage: sswap(total=34263265280, used=0, free=34263265280, percent=0.0, sin=0, sout=0)
                                                                                        types |   # objects |   total size
============================================================================================= | =========== | ============
                                                                        <class 'numpy.ndarray |           1 |      6.87 MB
                                                                                 <class 'dict |          15 |      3.19 KB
                                                                                 <class 'type |           2 |      2.55 KB
                                                                                <class 'tuple |           8 |    528     B
                                                                                 <class 'cell |           9 |    432     B
                                                                          function (__init__) |           2 |    272     B
                                                                             function (_call) |           2 |    272     B
                                                                                <class 'float |           8 |    192     B
                                         <class 'odl.operator.operator.OperatorLeftScalarMult |           3 |    168     B
                                                             <class 'functools._lru_list_elem |           2 |    160     B
                                                                              <class 'weakref |           2 |    160     B
                                                                                  <class 'int |           3 |     84     B
                                             <class 'odl.operator.default_ops.ScalingOperator |           1 |     56     B
  <class 'odl.solvers.nonsmooth.proximal_operators.proximal_cconj_l1.<locals>.ProximalCConjL1 |           1 |     56     B
                                                  <class 'odl.space.npy_ntuples.NumpyFnVector |           1 |     56     B
iter = 80
CPU usage (% each core): [13.7, 100.0, 14.7, 13.7, 12.8, 11.5, 11.6, 12.6]
RAM usage: svmem(total=33615839232, available=18742243328, percent=44.2, used=14385909760, free=10423386112, active=18244636672, inactive=3601674240, buffers=944844800, cached=7861698560, shared=74297344)
SWAP usage: sswap(total=34263265280, used=0, free=34263265280, percent=0.0, sin=0, sout=0)
                                                                                        types |   # objects |   total size
============================================================================================= | =========== | ============
                                                                        <class 'numpy.ndarray |           1 |      6.87 MB
                                                                                 <class 'dict |          15 |      9.19 KB
                                                                                <class 'bytes |          21 |      3.07 KB
                                                                                 <class 'type |           2 |      2.55 KB
                                                                                <class 'tuple |           8 |    528     B
                                                                                 <class 'cell |           9 |    432     B
                                                                                 <class 'list |           0 |    336     B
                                                                          function (__init__) |           2 |    272     B
                                                                             function (_call) |           2 |    272     B
                                                                                <class 'float |           8 |    192     B
                                         <class 'odl.operator.operator.OperatorLeftScalarMult |           3 |    168     B
                                                             <class 'functools._lru_list_elem |           2 |    160     B
                                                                              <class 'weakref |           2 |    160     B
                                             <class 'odl.operator.default_ops.ScalingOperator |           1 |     56     B
  <class 'odl.solvers.nonsmooth.proximal_operators.proximal_cconj_l1.<locals>.ProximalCConjL1 |           1 |     56     B
iter = 81
CPU usage (% each core): [15.8, 100.0, 18.8, 17.0, 17.8, 16.2, 16.2, 17.0]
RAM usage: svmem(total=33615839232, available=18734747648, percent=44.3, used=14393405440, free=10415890432, active=18251653120, inactive=3601674240, buffers=944848896, cached=7861694464, shared=74297344)
SWAP usage: sswap(total=34263265280, used=0, free=34263265280, percent=0.0, sin=0, sout=0)
                                                 types |   # objects |   total size
====================================================== | =========== | ============
                                 <class 'numpy.ndarray |           1 |      6.87 MB
                                          <class 'dict |          15 |      3.19 KB
                                         <class 'bytes |          21 |      3.07 KB
                                          <class 'type |           2 |      2.55 KB
                                         <class 'tuple |           8 |    528     B
                                          <class 'cell |           9 |    432     B
                                          <class 'list |           0 |    336     B
                                   function (__init__) |           2 |    272     B
                                      function (_call) |           2 |    272     B
                                         <class 'float |           8 |    192     B
  <class 'odl.operator.operator.OperatorLeftScalarMult |           3 |    168     B
                      <class 'functools._lru_list_elem |           2 |    160     B
                                       <class 'weakref |           2 |    160     B
                                           <class 'int |           4 |    112     B
      <class 'odl.operator.default_ops.ScalingOperator |           1 |     56     B
iter = 82
CPU usage (% each core): [10.5, 14.0, 100.0, 15.0, 8.6, 11.4, 12.1, 14.2]
RAM usage: svmem(total=33615839232, available=18728157184, percent=44.3, used=14399991808, free=10409299968, active=18258681856, inactive=3601674240, buffers=944848896, cached=7861698560, shared=74297344)
SWAP usage: sswap(total=34263265280, used=0, free=34263265280, percent=0.0, sin=0, sout=0)
                                                                                        types |   # objects |   total size
============================================================================================= | =========== | ============
                                                                        <class 'numpy.ndarray |           1 |      6.87 MB
                                                                                 <class 'dict |          15 |      3.19 KB
                                                                                 <class 'type |           2 |      2.55 KB
                                                                                <class 'bytes |          21 |      2.42 KB
                                                                                <class 'tuple |           8 |    528     B
                                                                                 <class 'list |           0 |    480     B
                                                                                 <class 'cell |           9 |    432     B
                                                                          function (__init__) |           2 |    272     B
                                                                             function (_call) |           2 |    272     B
                                                                                <class 'float |           8 |    192     B
                                         <class 'odl.operator.operator.OperatorLeftScalarMult |           3 |    168     B
                                                             <class 'functools._lru_list_elem |           2 |    160     B
                                                                              <class 'weakref |           2 |    160     B
                                             <class 'odl.operator.default_ops.ScalingOperator |           1 |     56     B
  <class 'odl.solvers.nonsmooth.proximal_operators.proximal_cconj_l1.<locals>.ProximalCConjL1 |           1 |     56     B
iter = 83
CPU usage (% each core): [12.8, 12.8, 100.0, 12.8, 11.7, 12.6, 10.5, 8.6]
RAM usage: svmem(total=33615839232, available=18720432128, percent=44.3, used=14407716864, free=10401574912, active=18266095616, inactive=3601674240, buffers=944848896, cached=7861698560, shared=74297344)
SWAP usage: sswap(total=34263265280, used=0, free=34263265280, percent=0.0, sin=0, sout=0)
                                                                                        types |   # objects |   total size
============================================================================================= | =========== | ============
                                                                        <class 'numpy.ndarray |           1 |      6.87 MB
                                                                                 <class 'dict |          15 |      3.19 KB
                                                                                 <class 'type |           2 |      2.55 KB
                                                                                <class 'tuple |           8 |    528     B
                                                                                 <class 'cell |           9 |    432     B
                                                                          function (__init__) |           2 |    272     B
                                                                             function (_call) |           2 |    272     B
                                                                                <class 'float |           8 |    192     B
                                         <class 'odl.operator.operator.OperatorLeftScalarMult |           3 |    168     B
                                                             <class 'functools._lru_list_elem |           2 |    160     B
                                                                              <class 'weakref |           2 |    160     B
                                                                                  <class 'int |           3 |     84     B
                                             <class 'odl.operator.default_ops.ScalingOperator |           1 |     56     B
  <class 'odl.solvers.nonsmooth.proximal_operators.proximal_cconj_l1.<locals>.ProximalCConjL1 |           1 |     56     B
                                                  <class 'odl.space.npy_ntuples.NumpyFnVector |           1 |     56     B
iter = 84
CPU usage (% each core): [12.5, 14.6, 17.7, 13.7, 18.8, 13.7, 96.8, 13.5]
RAM usage: svmem(total=33615839232, available=18713710592, percent=44.3, used=14414442496, free=10394841088, active=18273361920, inactive=3601682432, buffers=944848896, cached=7861706752, shared=74297344)
SWAP usage: sswap(total=34263265280, used=0, free=34263265280, percent=0.0, sin=0, sout=0)
                                                                                        types |   # objects |   total size
============================================================================================= | =========== | ============
                                                                        <class 'numpy.ndarray |           1 |      6.87 MB
                                                                                 <class 'dict |          15 |      3.19 KB
                                                                                <class 'bytes |          21 |      3.07 KB
                                                                                 <class 'type |           2 |      2.55 KB
                                                                                <class 'tuple |           8 |    528     B
                                                                                 <class 'cell |           9 |    432     B
                                                                                 <class 'list |           0 |    376     B
                                                                          function (__init__) |           2 |    272     B
                                                                             function (_call) |           2 |    272     B
                                                                                <class 'float |           8 |    192     B
                                         <class 'odl.operator.operator.OperatorLeftScalarMult |           3 |    168     B
                                                             <class 'functools._lru_list_elem |           2 |    160     B
                                                                              <class 'weakref |           2 |    160     B
                                             <class 'odl.operator.default_ops.ScalingOperator |           1 |     56     B
  <class 'odl.solvers.nonsmooth.proximal_operators.proximal_cconj_l1.<locals>.ProximalCConjL1 |           1 |     56     B
iter = 85
CPU usage (% each core): [20.2, 17.5, 17.3, 18.3, 17.6, 17.5, 100.0, 18.3]
RAM usage: svmem(total=33615839232, available=18705809408, percent=44.4, used=14422343680, free=10386939904, active=18280906752, inactive=3601682432, buffers=944848896, cached=7861706752, shared=74297344)
SWAP usage: sswap(total=34263265280, used=0, free=34263265280, percent=0.0, sin=0, sout=0)
                                                 types |   # objects |   total size
====================================================== | =========== | ============
                                 <class 'numpy.ndarray |           1 |      6.87 MB
                                          <class 'dict |          15 |      9.19 KB
                                         <class 'bytes |          21 |      3.07 KB
                                          <class 'type |           2 |      2.55 KB
                                         <class 'tuple |           8 |    528     B
                                          <class 'cell |           9 |    432     B
                                   function (__init__) |           2 |    272     B
                                          <class 'list |           0 |    272     B
                                      function (_call) |           2 |    272     B
                                         <class 'float |           8 |    192     B
  <class 'odl.operator.operator.OperatorLeftScalarMult |           3 |    168     B
                      <class 'functools._lru_list_elem |           2 |    160     B
                                       <class 'weakref |           2 |    160     B
                                           <class 'int |           3 |     84     B
      <class 'odl.operator.default_ops.ScalingOperator |           1 |     56     B
iter = 86
CPU usage (% each core): [13.4, 11.5, 12.5, 11.5, 8.3, 13.4, 100.0, 11.5]
RAM usage: svmem(total=33615839232, available=18694279168, percent=44.4, used=14433873920, free=10375409664, active=18289815552, inactive=3601682432, buffers=944848896, cached=7861706752, shared=74297344)
SWAP usage: sswap(total=34263265280, used=0, free=34263265280, percent=0.0, sin=0, sout=0)
                                                                                        types |   # objects |   total size
============================================================================================= | =========== | ============
                                                                        <class 'numpy.ndarray |           1 |      6.87 MB
                                                                                 <class 'dict |          15 |      3.19 KB
                                                                                 <class 'type |           2 |      2.55 KB
                                                                                <class 'bytes |          21 |      2.42 KB
                                                                                <class 'tuple |           8 |    528     B
                                                                                 <class 'cell |           9 |    432     B
                                                                                 <class 'list |           0 |    336     B
                                                                          function (__init__) |           2 |    272     B
                                                                             function (_call) |           2 |    272     B
                                                                                <class 'float |           8 |    192     B
                                         <class 'odl.operator.operator.OperatorLeftScalarMult |           3 |    168     B
                                                             <class 'functools._lru_list_elem |           2 |    160     B
                                                                              <class 'weakref |           2 |    160     B
                                             <class 'odl.operator.default_ops.ScalingOperator |           1 |     56     B
  <class 'odl.solvers.nonsmooth.proximal_operators.proximal_cconj_l1.<locals>.ProximalCConjL1 |           1 |     56     B
iter = 87
CPU usage (% each core): [13.1, 16.8, 100.0, 15.0, 15.2, 14.1, 15.8, 14.9]
RAM usage: svmem(total=33615839232, available=18689388544, percent=44.4, used=14438768640, free=10370510848, active=18295947264, inactive=3601694720, buffers=944848896, cached=7861710848, shared=74301440)
SWAP usage: sswap(total=34263265280, used=0, free=34263265280, percent=0.0, sin=0, sout=0)
                                                                                        types |   # objects |   total size
============================================================================================= | =========== | ============
                                                                        <class 'numpy.ndarray |           1 |      6.87 MB
                                                                                 <class 'dict |          15 |      3.19 KB
                                                                                 <class 'type |           2 |      2.55 KB
                                                                                <class 'tuple |           8 |    528     B
                                                                                 <class 'cell |           9 |    432     B
                                                                          function (__init__) |           2 |    272     B
                                                                             function (_call) |           2 |    272     B
                                                                                <class 'float |           8 |    192     B
                                         <class 'odl.operator.operator.OperatorLeftScalarMult |           3 |    168     B
                                                             <class 'functools._lru_list_elem |           2 |    160     B
                                                                              <class 'weakref |           2 |    160     B
                                                                                  <class 'int |           3 |     84     B
                                             <class 'odl.operator.default_ops.ScalingOperator |           1 |     56     B
  <class 'odl.solvers.nonsmooth.proximal_operators.proximal_cconj_l1.<locals>.ProximalCConjL1 |           1 |     56     B
                                                  <class 'odl.space.npy_ntuples.NumpyFnVector |           1 |     56     B
iter = 88
CPU usage (% each core): [13.7, 14.6, 14.3, 15.5, 12.2, 13.3, 100.0, 14.6]
RAM usage: svmem(total=33615839232, available=18681823232, percent=44.4, used=14446338048, free=10362937344, active=18303266816, inactive=3601694720, buffers=944848896, cached=7861714944, shared=74297344)
SWAP usage: sswap(total=34263265280, used=0, free=34263265280, percent=0.0, sin=0, sout=0)
                                                                                        types |   # objects |   total size
============================================================================================= | =========== | ============
                                                                        <class 'numpy.ndarray |           1 |      6.87 MB
                                                                                 <class 'dict |          15 |      3.19 KB
                                                                                <class 'bytes |          21 |      3.07 KB
                                                                                 <class 'type |           2 |      2.55 KB
                                                                                <class 'tuple |           8 |    528     B
                                                                                 <class 'cell |           9 |    432     B
                                                                                 <class 'list |           0 |    336     B
                                                                          function (__init__) |           2 |    272     B
                                                                             function (_call) |           2 |    272     B
                                                                                <class 'float |           8 |    192     B
                                         <class 'odl.operator.operator.OperatorLeftScalarMult |           3 |    168     B
                                                             <class 'functools._lru_list_elem |           2 |    160     B
                                                                              <class 'weakref |           2 |    160     B
                                             <class 'odl.operator.default_ops.ScalingOperator |           1 |     56     B
  <class 'odl.solvers.nonsmooth.proximal_operators.proximal_cconj_l1.<locals>.ProximalCConjL1 |           1 |     56     B
iter = 89
CPU usage (% each core): [17.0, 15.2, 100.0, 16.0, 12.5, 11.7, 14.4, 14.4]
RAM usage: svmem(total=33615839232, available=18674491392, percent=44.4, used=14453669888, free=10355605504, active=18310135808, inactive=3601694720, buffers=944848896, cached=7861714944, shared=74297344)
SWAP usage: sswap(total=34263265280, used=0, free=34263265280, percent=0.0, sin=0, sout=0)
                                                 types |   # objects |   total size
====================================================== | =========== | ============
                                 <class 'numpy.ndarray |           1 |      6.87 MB
                                          <class 'dict |          15 |      3.19 KB
                                         <class 'bytes |          21 |      3.07 KB
                                          <class 'type |           2 |      2.55 KB
                                         <class 'tuple |           8 |    528     B
                                          <class 'cell |           9 |    432     B
                                          <class 'list |           0 |    304     B
                                   function (__init__) |           2 |    272     B
                                      function (_call) |           2 |    272     B
                                         <class 'float |           8 |    192     B
  <class 'odl.operator.operator.OperatorLeftScalarMult |           3 |    168     B
                      <class 'functools._lru_list_elem |           2 |    160     B
                                       <class 'weakref |           2 |    160     B
                                           <class 'int |           3 |     84     B
      <class 'odl.operator.default_ops.ScalingOperator |           1 |     56     B
iter = 90
CPU usage (% each core): [16.2, 16.0, 16.0, 16.2, 15.8, 16.0, 100.0, 15.0]
RAM usage: svmem(total=33615839232, available=18667425792, percent=44.5, used=14460735488, free=10348539904, active=18317414400, inactive=3601694720, buffers=944848896, cached=7861714944, shared=74297344)
SWAP usage: sswap(total=34263265280, used=0, free=34263265280, percent=0.0, sin=0, sout=0)
                                                                                        types |   # objects |   total size
============================================================================================= | =========== | ============
                                                                        <class 'numpy.ndarray |           1 |      6.87 MB
                                                                                 <class 'dict |          15 |      3.19 KB
                                                                                 <class 'type |           2 |      2.55 KB
                                                                                <class 'tuple |           8 |    528     B
                                                                                 <class 'cell |           9 |    432     B
                                                                          function (__init__) |           2 |    272     B
                                                                             function (_call) |           2 |    272     B
                                                                                <class 'float |           8 |    192     B
                                         <class 'odl.operator.operator.OperatorLeftScalarMult |           3 |    168     B
                                                             <class 'functools._lru_list_elem |           2 |    160     B
                                                                              <class 'weakref |           2 |    160     B
                                             <class 'odl.operator.default_ops.ScalingOperator |           1 |     56     B
  <class 'odl.solvers.nonsmooth.proximal_operators.proximal_cconj_l1.<locals>.ProximalCConjL1 |           1 |     56     B
                                                  <class 'odl.space.npy_ntuples.NumpyFnVector |           1 |     56     B
                                                                                  <class 'int |           2 |     56     B
iter = 91
CPU usage (% each core): [16.0, 12.2, 100.0, 15.0, 15.2, 15.0, 15.2, 14.9]
RAM usage: svmem(total=33615839232, available=18661277696, percent=44.5, used=14466883584, free=10342383616, active=18324316160, inactive=3601698816, buffers=944848896, cached=7861723136, shared=74297344)
SWAP usage: sswap(total=34263265280, used=0, free=34263265280, percent=0.0, sin=0, sout=0)
                                                                                        types |   # objects |   total size
============================================================================================= | =========== | ============
                                                                        <class 'numpy.ndarray |           1 |      6.87 MB
                                                                                 <class 'dict |          15 |      3.19 KB
                                                                                <class 'bytes |          21 |      3.07 KB
                                                                                 <class 'type |           2 |      2.55 KB
                                                                                <class 'tuple |           8 |    528     B
                                                                                 <class 'cell |           9 |    432     B
                                                                                 <class 'list |           0 |    336     B
                                                                          function (__init__) |           2 |    272     B
                                                                             function (_call) |           2 |    272     B
                                                                                <class 'float |           8 |    192     B
                                         <class 'odl.operator.operator.OperatorLeftScalarMult |           3 |    168     B
                                                             <class 'functools._lru_list_elem |           2 |    160     B
                                                                              <class 'weakref |           2 |    160     B
                                             <class 'odl.operator.default_ops.ScalingOperator |           1 |     56     B
  <class 'odl.solvers.nonsmooth.proximal_operators.proximal_cconj_l1.<locals>.ProximalCConjL1 |           1 |     56     B
iter = 92
CPU usage (% each core): [15.2, 12.1, 14.9, 15.2, 14.9, 15.0, 100.0, 14.1]
RAM usage: svmem(total=33615839232, available=18653458432, percent=44.5, used=14474702848, free=10334564352, active=18331770880, inactive=3601698816, buffers=944848896, cached=7861723136, shared=74297344)
SWAP usage: sswap(total=34263265280, used=0, free=34263265280, percent=0.0, sin=0, sout=0)
                                                 types |   # objects |   total size
====================================================== | =========== | ============
                                 <class 'numpy.ndarray |           1 |      6.87 MB
                                          <class 'dict |          15 |      3.19 KB
                                         <class 'bytes |          21 |      3.07 KB
                                          <class 'type |           2 |      2.55 KB
                                         <class 'tuple |           8 |    528     B
                                          <class 'cell |           9 |    432     B
                                          <class 'list |           0 |    384     B
                                   function (__init__) |           2 |    272     B
                                      function (_call) |           2 |    272     B
                                         <class 'float |           8 |    192     B
  <class 'odl.operator.operator.OperatorLeftScalarMult |           3 |    168     B
                      <class 'functools._lru_list_elem |           2 |    160     B
                                       <class 'weakref |           2 |    160     B
                                           <class 'int |           3 |     84     B
      <class 'odl.operator.default_ops.ScalingOperator |           1 |     56     B
iter = 93
CPU usage (% each core): [15.3, 15.3, 9.3, 16.0, 14.3, 14.3, 100.0, 15.2]
RAM usage: svmem(total=33615839232, available=18646257664, percent=44.5, used=14481903616, free=10327363584, active=18339745792, inactive=3601698816, buffers=944848896, cached=7861723136, shared=74297344)
SWAP usage: sswap(total=34263265280, used=0, free=34263265280, percent=0.0, sin=0, sout=0)
                                                                                        types |   # objects |   total size
============================================================================================= | =========== | ============
                                                                        <class 'numpy.ndarray |           1 |      6.87 MB
                                                                                 <class 'dict |          15 |      3.19 KB
                                                                                 <class 'type |           2 |      2.55 KB
                                                                                <class 'bytes |          21 |      2.42 KB
                                                                                <class 'tuple |           8 |    528     B
                                                                                 <class 'cell |           9 |    432     B
                                                                                 <class 'list |           0 |    336     B
                                                                          function (__init__) |           2 |    272     B
                                                                             function (_call) |           2 |    272     B
                                                                                <class 'float |           8 |    192     B
                                         <class 'odl.operator.operator.OperatorLeftScalarMult |           3 |    168     B
                                                             <class 'functools._lru_list_elem |           2 |    160     B
                                                                              <class 'weakref |           2 |    160     B
                                             <class 'odl.operator.default_ops.ScalingOperator |           1 |     56     B
  <class 'odl.solvers.nonsmooth.proximal_operators.proximal_cconj_l1.<locals>.ProximalCConjL1 |           1 |     56     B
iter = 94
CPU usage (% each core): [16.2, 14.3, 14.1, 12.4, 14.3, 14.1, 99.0, 13.3]
RAM usage: svmem(total=33615839232, available=18639257600, percent=44.6, used=14488903680, free=10320363520, active=18346442752, inactive=3601698816, buffers=944848896, cached=7861723136, shared=74297344)
SWAP usage: sswap(total=34263265280, used=0, free=34263265280, percent=0.0, sin=0, sout=0)
                                                                                        types |   # objects |   total size
============================================================================================= | =========== | ============
                                                                        <class 'numpy.ndarray |           1 |      6.87 MB
                                                                                 <class 'dict |          15 |      3.19 KB
                                                                                 <class 'type |           2 |      2.55 KB
                                                                                <class 'tuple |           8 |    528     B
                                                                                 <class 'cell |           9 |    432     B
                                                                          function (__init__) |           2 |    272     B
                                                                             function (_call) |           2 |    272     B
                                                                                <class 'float |           8 |    192     B
                                         <class 'odl.operator.operator.OperatorLeftScalarMult |           3 |    168     B
                                                             <class 'functools._lru_list_elem |           2 |    160     B
                                                                              <class 'weakref |           2 |    160     B
                                             <class 'odl.operator.default_ops.ScalingOperator |           1 |     56     B
  <class 'odl.solvers.nonsmooth.proximal_operators.proximal_cconj_l1.<locals>.ProximalCConjL1 |           1 |     56     B
                                                  <class 'odl.space.npy_ntuples.NumpyFnVector |           1 |     56     B
                                        <class 'odl.operator.operator.OperatorRightScalarMult |           1 |     56     B
iter = 95
CPU usage (% each core): [17.1, 19.2, 100.0, 19.8, 19.0, 18.1, 17.5, 19.0]
RAM usage: svmem(total=33615839232, available=18631716864, percent=44.6, used=14496444416, free=10312814592, active=18353532928, inactive=3601702912, buffers=944848896, cached=7861731328, shared=74297344)
SWAP usage: sswap(total=34263265280, used=0, free=34263265280, percent=0.0, sin=0, sout=0)
                                                 types |   # objects |   total size
====================================================== | =========== | ============
                                 <class 'numpy.ndarray |           1 |      6.87 MB
                                          <class 'dict |          15 |      3.19 KB
                                         <class 'bytes |          21 |      3.07 KB
                                          <class 'type |           2 |      2.55 KB
                                         <class 'tuple |           8 |    528     B
                                          <class 'cell |           9 |    432     B
                                          <class 'list |           0 |    296     B
                                   function (__init__) |           2 |    272     B
                                      function (_call) |           2 |    272     B
                                         <class 'float |           8 |    192     B
  <class 'odl.operator.operator.OperatorLeftScalarMult |           3 |    168     B
                      <class 'functools._lru_list_elem |           2 |    160     B
                                       <class 'weakref |           2 |    160     B
                                           <class 'int |           3 |     84     B
      <class 'odl.operator.default_ops.ScalingOperator |           1 |     56     B
iter = 96
CPU usage (% each core): [13.3, 12.2, 100.0, 12.2, 11.2, 11.3, 12.1, 11.5]
RAM usage: svmem(total=33615839232, available=18623905792, percent=44.6, used=14504255488, free=10305003520, active=18360823808, inactive=3601702912, buffers=944852992, cached=7861727232, shared=74297344)
SWAP usage: sswap(total=34263265280, used=0, free=34263265280, percent=0.0, sin=0, sout=0)
                                                                                        types |   # objects |   total size
============================================================================================= | =========== | ============
                                                                        <class 'numpy.ndarray |           1 |      6.87 MB
                                                                                 <class 'dict |          15 |      3.19 KB
                                                                                 <class 'type |           2 |      2.55 KB
                                                                                <class 'bytes |          21 |      2.42 KB
                                                                                <class 'tuple |           8 |    528     B
                                                                                 <class 'cell |           9 |    432     B
                                                                                 <class 'list |           0 |    432     B
                                                                          function (__init__) |           2 |    272     B
                                                                             function (_call) |           2 |    272     B
                                                                                <class 'float |           8 |    192     B
                                         <class 'odl.operator.operator.OperatorLeftScalarMult |           3 |    168     B
                                                             <class 'functools._lru_list_elem |           2 |    160     B
                                                                              <class 'weakref |           2 |    160     B
                                             <class 'odl.operator.default_ops.ScalingOperator |           1 |     56     B
  <class 'odl.solvers.nonsmooth.proximal_operators.proximal_cconj_l1.<locals>.ProximalCConjL1 |           1 |     56     B
iter = 97
CPU usage (% each core): [11.2, 12.1, 100.0, 11.2, 10.3, 9.2, 11.1, 12.0]
RAM usage: svmem(total=33615839232, available=18616840192, percent=44.6, used=14511316992, free=10297937920, active=18368016384, inactive=3601702912, buffers=944852992, cached=7861731328, shared=74297344)
SWAP usage: sswap(total=34263265280, used=0, free=34263265280, percent=0.0, sin=0, sout=0)
                                                                                        types |   # objects |   total size
============================================================================================= | =========== | ============
                                                                        <class 'numpy.ndarray |           1 |      6.87 MB
                                                                                 <class 'dict |          15 |      3.19 KB
                                                                                 <class 'type |           2 |      2.55 KB
                                                                                <class 'tuple |           8 |    528     B
                                                                                 <class 'cell |           9 |    432     B
                                                                          function (__init__) |           2 |    272     B
                                                                             function (_call) |           2 |    272     B
                                                                                <class 'float |           8 |    192     B
                                         <class 'odl.operator.operator.OperatorLeftScalarMult |           3 |    168     B
                                                             <class 'functools._lru_list_elem |           2 |    160     B
                                                                              <class 'weakref |           2 |    160     B
                                             <class 'odl.operator.default_ops.ScalingOperator |           1 |     56     B
  <class 'odl.solvers.nonsmooth.proximal_operators.proximal_cconj_l1.<locals>.ProximalCConjL1 |           1 |     56     B
                                                  <class 'odl.space.npy_ntuples.NumpyFnVector |           1 |     56     B
                                        <class 'odl.operator.operator.OperatorRightScalarMult |           1 |     56     B
iter = 98
CPU usage (% each core): [10.3, 11.3, 100.0, 10.3, 12.4, 10.3, 11.5, 11.5]
RAM usage: svmem(total=33615839232, available=18609917952, percent=44.6, used=14518231040, free=10291015680, active=18374971392, inactive=3601702912, buffers=944852992, cached=7861739520, shared=74297344)
SWAP usage: sswap(total=34263265280, used=0, free=34263265280, percent=0.0, sin=0, sout=0)
                                                                                        types |   # objects |   total size
============================================================================================= | =========== | ============
                                                                        <class 'numpy.ndarray |           1 |      6.87 MB
                                                                                 <class 'dict |          15 |      3.19 KB
                                                                                <class 'bytes |          21 |      3.07 KB
                                                                                 <class 'type |           2 |      2.55 KB
                                                                                <class 'tuple |           8 |    528     B
                                                                                 <class 'cell |           9 |    432     B
                                                                                 <class 'list |           0 |    336     B
                                                                          function (__init__) |           2 |    272     B
                                                                             function (_call) |           2 |    272     B
                                                                                <class 'float |           8 |    192     B
                                         <class 'odl.operator.operator.OperatorLeftScalarMult |           3 |    168     B
                                                             <class 'functools._lru_list_elem |           2 |    160     B
                                                                              <class 'weakref |           2 |    160     B
                                             <class 'odl.operator.default_ops.ScalingOperator |           1 |     56     B
  <class 'odl.solvers.nonsmooth.proximal_operators.proximal_cconj_l1.<locals>.ProximalCConjL1 |           1 |     56     B
iter = 99
CPU usage (% each core): [100.0, 10.8, 8.7, 12.5, 11.5, 13.5, 13.2, 12.4]
RAM usage: svmem(total=33615839232, available=18603413504, percent=44.7, used=14524747776, free=10284498944, active=18382352384, inactive=3601707008, buffers=944852992, cached=7861739520, shared=74297344)
SWAP usage: sswap(total=34263265280, used=0, free=34263265280, percent=0.0, sin=0, sout=0)
                                                 types |   # objects |   total size
====================================================== | =========== | ============
                                 <class 'numpy.ndarray |           1 |      6.87 MB
                                          <class 'dict |          15 |      3.19 KB
                                         <class 'bytes |          21 |      3.07 KB
                                          <class 'type |           2 |      2.55 KB
                                         <class 'tuple |           8 |    528     B
                                          <class 'cell |           9 |    432     B
                                          <class 'list |           0 |    336     B
                                   function (__init__) |           2 |    272     B
                                      function (_call) |           2 |    272     B
                                         <class 'float |           8 |    192     B
  <class 'odl.operator.operator.OperatorLeftScalarMult |           3 |    168     B
                      <class 'functools._lru_list_elem |           2 |    160     B
                                       <class 'weakref |           2 |    160     B
                                           <class 'int |           4 |    112     B
      <class 'odl.operator.default_ops.ScalingOperator |           1 |     56     B
iter = 100
CPU usage (% each core): [100.0, 17.5, 16.8, 17.6, 17.5, 16.8, 16.8, 16.8]
RAM usage: svmem(total=33615839232, available=18597314560, percent=44.7, used=14530846720, free=10278400000, active=18389245952, inactive=3601707008, buffers=944852992, cached=7861739520, shared=74297344)
SWAP usage: sswap(total=34263265280, used=0, free=34263265280, percent=0.0, sin=0, sout=0)
                                                                                        types |   # objects |   total size
============================================================================================= | =========== | ============
                                                                        <class 'numpy.ndarray |           1 |      6.87 MB
                                                                                 <class 'dict |          15 |      3.19 KB
                                                                                 <class 'type |           2 |      2.55 KB
                                                                                <class 'bytes |          21 |      2.42 KB
                                                                                <class 'tuple |           8 |    528     B
                                                                                 <class 'list |           0 |    480     B
                                                                                 <class 'cell |           9 |    432     B
                                                                          function (__init__) |           2 |    272     B
                                                                             function (_call) |           2 |    272     B
                                                                                <class 'float |           8 |    192     B
                                         <class 'odl.operator.operator.OperatorLeftScalarMult |           3 |    168     B
                                                             <class 'functools._lru_list_elem |           2 |    160     B
                                                                              <class 'weakref |           2 |    160     B
                                             <class 'odl.operator.default_ops.ScalingOperator |           1 |     56     B
  <class 'odl.solvers.nonsmooth.proximal_operators.proximal_cconj_l1.<locals>.ProximalCConjL1 |           1 |     56     B
iter = 101
CPU usage (% each core): [12.4, 14.6, 14.3, 13.5, 100.0, 12.4, 13.4, 11.3]
RAM usage: svmem(total=33615839232, available=18589310976, percent=44.7, used=14538850304, free=10270396416, active=18396733440, inactive=3601707008, buffers=944852992, cached=7861739520, shared=74297344)
SWAP usage: sswap(total=34263265280, used=0, free=34263265280, percent=0.0, sin=0, sout=0)
                                                                                        types |   # objects |   total size
============================================================================================= | =========== | ============
                                                                        <class 'numpy.ndarray |           1 |      6.87 MB
                                                                                 <class 'dict |          15 |      3.19 KB
                                                                                 <class 'type |           2 |      2.55 KB
                                                                                <class 'tuple |           8 |    528     B
                                                                                 <class 'cell |           9 |    432     B
                                                                          function (__init__) |           2 |    272     B
                                                                             function (_call) |           2 |    272     B
                                                                                <class 'float |           8 |    192     B
                                         <class 'odl.operator.operator.OperatorLeftScalarMult |           3 |    168     B
                                                             <class 'functools._lru_list_elem |           2 |    160     B
                                                                              <class 'weakref |           2 |    160     B
                                                                                  <class 'int |           4 |    112     B
                                             <class 'odl.operator.default_ops.ScalingOperator |           1 |     56     B
  <class 'odl.solvers.nonsmooth.proximal_operators.proximal_cconj_l1.<locals>.ProximalCConjL1 |           1 |     56     B
                                                  <class 'odl.space.npy_ntuples.NumpyFnVector |           1 |     56     B
iter = 102
CPU usage (% each core): [16.0, 16.8, 16.8, 16.8, 100.0, 16.8, 17.6, 15.0]
RAM usage: svmem(total=33615839232, available=18582867968, percent=44.7, used=14545293312, free=10263945216, active=18403627008, inactive=3601711104, buffers=944852992, cached=7861747712, shared=74297344)
SWAP usage: sswap(total=34263265280, used=0, free=34263265280, percent=0.0, sin=0, sout=0)
                                                                                        types |   # objects |   total size
============================================================================================= | =========== | ============
                                                                        <class 'numpy.ndarray |           1 |      6.87 MB
                                                                                 <class 'dict |          15 |      3.19 KB
                                                                                <class 'bytes |          21 |      3.07 KB
                                                                                 <class 'type |           2 |      2.55 KB
                                                                                <class 'tuple |           8 |    528     B
                                                                                 <class 'cell |           9 |    432     B
                                                                                 <class 'list |           0 |    376     B
                                                                          function (__init__) |           2 |    272     B
                                                                             function (_call) |           2 |    272     B
                                                                                <class 'float |           8 |    192     B
                                         <class 'odl.operator.operator.OperatorLeftScalarMult |           3 |    168     B
                                                             <class 'functools._lru_list_elem |           2 |    160     B
                                                                              <class 'weakref |           2 |    160     B
                                             <class 'odl.operator.default_ops.ScalingOperator |           1 |     56     B
  <class 'odl.solvers.nonsmooth.proximal_operators.proximal_cconj_l1.<locals>.ProximalCConjL1 |           1 |     56     B
iter = 103
CPU usage (% each core): [13.4, 13.4, 13.4, 13.4, 100.0, 13.4, 12.5, 13.3]
RAM usage: svmem(total=33615839232, available=18574712832, percent=44.7, used=14553448448, free=10255790080, active=18411110400, inactive=3601711104, buffers=944857088, cached=7861743616, shared=74297344)
SWAP usage: sswap(total=34263265280, used=0, free=34263265280, percent=0.0, sin=0, sout=0)
                                                 types |   # objects |   total size
====================================================== | =========== | ============
                                 <class 'numpy.ndarray |           1 |      6.87 MB
                                          <class 'dict |          15 |      3.19 KB
                                         <class 'bytes |          21 |      3.07 KB
                                          <class 'type |           2 |      2.55 KB
                                         <class 'tuple |           8 |    528     B
                                          <class 'cell |           9 |    432     B
                                   function (__init__) |           2 |    272     B
                                          <class 'list |           0 |    272     B
                                      function (_call) |           2 |    272     B
                                         <class 'float |           8 |    192     B
  <class 'odl.operator.operator.OperatorLeftScalarMult |           3 |    168     B
                      <class 'functools._lru_list_elem |           2 |    160     B
                                       <class 'weakref |           2 |    160     B
                                           <class 'int |           3 |     84     B
      <class 'odl.operator.default_ops.ScalingOperator |           1 |     56     B
iter = 104
CPU usage (% each core): [19.8, 18.3, 20.0, 20.8, 100.0, 19.8, 19.8, 19.0]
RAM usage: svmem(total=33615839232, available=18568208384, percent=44.8, used=14559948800, free=10249285632, active=18418327552, inactive=3601711104, buffers=944857088, cached=7861747712, shared=74297344)
SWAP usage: sswap(total=34263265280, used=0, free=34263265280, percent=0.0, sin=0, sout=0)
                                                                                        types |   # objects |   total size
============================================================================================= | =========== | ============
                                                                        <class 'numpy.ndarray |           1 |      6.87 MB
                                                                                 <class 'dict |          15 |      3.19 KB
                                                                                 <class 'type |           2 |      2.55 KB
                                                                                <class 'bytes |          21 |      2.42 KB
                                                                                <class 'tuple |           8 |    528     B
                                                                                 <class 'cell |           9 |    432     B
                                                                                 <class 'list |           0 |    336     B
                                                                          function (__init__) |           2 |    272     B
                                                                             function (_call) |           2 |    272     B
                                                                                <class 'float |           8 |    192     B
                                         <class 'odl.operator.operator.OperatorLeftScalarMult |           3 |    168     B
                                                             <class 'functools._lru_list_elem |           2 |    160     B
                                                                              <class 'weakref |           2 |    160     B
                                             <class 'odl.operator.default_ops.ScalingOperator |           1 |     56     B
  <class 'odl.solvers.nonsmooth.proximal_operators.proximal_cconj_l1.<locals>.ProximalCConjL1 |           1 |     56     B
iter = 105
CPU usage (% each core): [13.5, 13.5, 12.4, 100.0, 14.3, 12.6, 13.3, 13.3]
RAM usage: svmem(total=33615839232, available=18562109440, percent=44.8, used=14566047744, free=10243186688, active=18425532416, inactive=3601711104, buffers=944857088, cached=7861747712, shared=74297344)
SWAP usage: sswap(total=34263265280, used=0, free=34263265280, percent=0.0, sin=0, sout=0)
                                                                                        types |   # objects |   total size
============================================================================================= | =========== | ============
                                                                        <class 'numpy.ndarray |           1 |      6.87 MB
                                                                                 <class 'dict |          15 |      3.19 KB
                                                                                 <class 'type |           2 |      2.55 KB
                                                                                <class 'tuple |           8 |    528     B
                                                                                 <class 'cell |           9 |    432     B
                                                                          function (__init__) |           2 |    272     B
                                                                             function (_call) |           2 |    272     B
                                                                                <class 'float |           8 |    192     B
                                         <class 'odl.operator.operator.OperatorLeftScalarMult |           3 |    168     B
                                                             <class 'functools._lru_list_elem |           2 |    160     B
                                                                              <class 'weakref |           2 |    160     B
                                                                                  <class 'int |           4 |    112     B
                                             <class 'odl.operator.default_ops.ScalingOperator |           1 |     56     B
  <class 'odl.solvers.nonsmooth.proximal_operators.proximal_cconj_l1.<locals>.ProximalCConjL1 |           1 |     56     B
                                                  <class 'odl.space.npy_ntuples.NumpyFnVector |           1 |     56     B
iter = 106
CPU usage (% each core): [13.0, 11.1, 14.3, 11.1, 12.2, 14.0, 13.3, 100.0]
RAM usage: svmem(total=33615839232, available=18554683392, percent=44.8, used=14573473792, free=10235752448, active=18433159168, inactive=3601715200, buffers=944857088, cached=7861755904, shared=74297344)
SWAP usage: sswap(total=34263265280, used=0, free=34263265280, percent=0.0, sin=0, sout=0)
                                                                                        types |   # objects |   total size
============================================================================================= | =========== | ============
                                                                        <class 'numpy.ndarray |           1 |      6.87 MB
                                                                                 <class 'dict |          15 |      3.19 KB
                                                                                <class 'bytes |          21 |      3.07 KB
                                                                                 <class 'type |           2 |      2.55 KB
                                                                                <class 'tuple |           8 |    528     B
                                                                                 <class 'cell |           9 |    432     B
                                                                                 <class 'list |           0 |    336     B
                                                                          function (__init__) |           2 |    272     B
                                                                             function (_call) |           2 |    272     B
                                                                                <class 'float |           8 |    192     B
                                         <class 'odl.operator.operator.OperatorLeftScalarMult |           3 |    168     B
                                                             <class 'functools._lru_list_elem |           2 |    160     B
                                                                              <class 'weakref |           2 |    160     B
                                             <class 'odl.operator.default_ops.ScalingOperator |           1 |     56     B
  <class 'odl.solvers.nonsmooth.proximal_operators.proximal_cconj_l1.<locals>.ProximalCConjL1 |           1 |     56     B
iter = 107
CPU usage (% each core): [10.5, 13.4, 12.5, 11.3, 13.3, 12.2, 12.2, 100.0]
RAM usage: svmem(total=33615839232, available=18547699712, percent=44.8, used=14580461568, free=10228764672, active=18439954432, inactive=3601715200, buffers=944857088, cached=7861755904, shared=74297344)
SWAP usage: sswap(total=34263265280, used=0, free=34263265280, percent=0.0, sin=0, sout=0)
                                                 types |   # objects |   total size
====================================================== | =========== | ============
                                 <class 'numpy.ndarray |           1 |      6.87 MB
                                          <class 'dict |          15 |      3.19 KB
                                         <class 'bytes |          21 |      3.07 KB
                                          <class 'type |           2 |      2.55 KB
                                         <class 'tuple |           8 |    528     B
                                          <class 'cell |           9 |    432     B
                                          <class 'list |           0 |    304     B
                                   function (__init__) |           2 |    272     B
                                      function (_call) |           2 |    272     B
                                         <class 'float |           8 |    192     B
  <class 'odl.operator.operator.OperatorLeftScalarMult |           3 |    168     B
                      <class 'functools._lru_list_elem |           2 |    160     B
                                       <class 'weakref |           2 |    160     B
                                           <class 'int |           4 |    112     B
      <class 'odl.operator.default_ops.ScalingOperator |           1 |     56     B
iter = 108
CPU usage (% each core): [10.6, 11.5, 12.3, 9.5, 10.6, 11.5, 100.0, 13.3]
RAM usage: svmem(total=33615839232, available=18540773376, percent=44.8, used=14587387904, free=10221838336, active=18447446016, inactive=3601715200, buffers=944857088, cached=7861755904, shared=74297344)
SWAP usage: sswap(total=34263265280, used=0, free=34263265280, percent=0.0, sin=0, sout=0)
                                                                                        types |   # objects |   total size
============================================================================================= | =========== | ============
                                                                        <class 'numpy.ndarray |           1 |      6.87 MB
                                                                                 <class 'dict |          15 |      3.19 KB
                                                                                 <class 'type |           2 |      2.55 KB
                                                                                <class 'tuple |           8 |    528     B
                                                                                 <class 'cell |           9 |    432     B
                                                                          function (__init__) |           2 |    272     B
                                                                             function (_call) |           2 |    272     B
                                                                                <class 'float |           8 |    192     B
                                         <class 'odl.operator.operator.OperatorLeftScalarMult |           3 |    168     B
                                                             <class 'functools._lru_list_elem |           2 |    160     B
                                                                              <class 'weakref |           2 |    160     B
                                             <class 'odl.operator.default_ops.ScalingOperator |           1 |     56     B
  <class 'odl.solvers.nonsmooth.proximal_operators.proximal_cconj_l1.<locals>.ProximalCConjL1 |           1 |     56     B
                                                  <class 'odl.space.npy_ntuples.NumpyFnVector |           1 |     56     B
                                                                                  <class 'int |           2 |     56     B
iter = 109
CPU usage (% each core): [12.6, 14.6, 100.0, 13.5, 14.4, 13.5, 13.4, 11.3]
RAM usage: svmem(total=33615839232, available=18534567936, percent=44.9, used=14593593344, free=10215624704, active=18454167552, inactive=3601719296, buffers=944857088, cached=7861764096, shared=74297344)
SWAP usage: sswap(total=34263265280, used=0, free=34263265280, percent=0.0, sin=0, sout=0)
                                                                                        types |   # objects |   total size
============================================================================================= | =========== | ============
                                                                        <class 'numpy.ndarray |           1 |      6.87 MB
                                                                                 <class 'dict |          15 |      3.19 KB
                                                                                <class 'bytes |          21 |      3.07 KB
                                                                                 <class 'type |           2 |      2.55 KB
                                                                                <class 'tuple |           8 |    528     B
                                                                                 <class 'cell |           9 |    432     B
                                                                                 <class 'list |           0 |    336     B
                                                                          function (__init__) |           2 |    272     B
                                                                             function (_call) |           2 |    272     B
                                                                                <class 'float |           8 |    192     B
                                         <class 'odl.operator.operator.OperatorLeftScalarMult |           3 |    168     B
                                                             <class 'functools._lru_list_elem |           2 |    160     B
                                                                              <class 'weakref |           2 |    160     B
                                             <class 'odl.operator.default_ops.ScalingOperator |           1 |     56     B
  <class 'odl.solvers.nonsmooth.proximal_operators.proximal_cconj_l1.<locals>.ProximalCConjL1 |           1 |     56     B
iter = 110
CPU usage (% each core): [16.5, 17.5, 11.8, 14.7, 16.5, 17.3, 100.0, 16.7]
RAM usage: svmem(total=33615839232, available=18526867456, percent=44.9, used=14601293824, free=10207924224, active=18461839360, inactive=3601719296, buffers=944857088, cached=7861764096, shared=74297344)
SWAP usage: sswap(total=34263265280, used=0, free=34263265280, percent=0.0, sin=0, sout=0)
                                                 types |   # objects |   total size
====================================================== | =========== | ============
                                 <class 'numpy.ndarray |           1 |      6.87 MB
                                          <class 'dict |          15 |      3.19 KB
                                         <class 'bytes |          21 |      3.07 KB
                                          <class 'type |           2 |      2.55 KB
                                         <class 'tuple |           8 |    528     B
                                          <class 'cell |           9 |    432     B
                                          <class 'list |           0 |    384     B
                                   function (__init__) |           2 |    272     B
                                      function (_call) |           2 |    272     B
                                         <class 'float |           8 |    192     B
  <class 'odl.operator.operator.OperatorLeftScalarMult |           3 |    168     B
                      <class 'functools._lru_list_elem |           2 |    160     B
                                       <class 'weakref |           2 |    160     B
                                           <class 'int |           3 |     84     B
      <class 'odl.operator.default_ops.ScalingOperator |           1 |     56     B
iter = 111
CPU usage (% each core): [11.5, 12.4, 12.2, 13.1, 11.5, 11.5, 100.0, 12.4]
RAM usage: svmem(total=33615839232, available=18519941120, percent=44.9, used=14608220160, free=10200997888, active=18468732928, inactive=3601719296, buffers=944861184, cached=7861760000, shared=74297344)
SWAP usage: sswap(total=34263265280, used=0, free=34263265280, percent=0.0, sin=0, sout=0)
                                                                                        types |   # objects |   total size
============================================================================================= | =========== | ============
                                                                        <class 'numpy.ndarray |           1 |      6.87 MB
                                                                                 <class 'dict |          15 |     15.19 KB
                                                                                 <class 'type |           2 |      2.55 KB
                                                                                <class 'bytes |          21 |      2.42 KB
                                                                                <class 'tuple |           8 |    528     B
                                                                                 <class 'cell |           9 |    432     B
                                                                                 <class 'list |           0 |    336     B
                                                                          function (__init__) |           2 |    272     B
                                                                             function (_call) |           2 |    272     B
                                                                                <class 'float |           8 |    192     B
                                         <class 'odl.operator.operator.OperatorLeftScalarMult |           3 |    168     B
                                                             <class 'functools._lru_list_elem |           2 |    160     B
                                                                              <class 'weakref |           2 |    160     B
                                             <class 'odl.operator.default_ops.ScalingOperator |           1 |     56     B
  <class 'odl.solvers.nonsmooth.proximal_operators.proximal_cconj_l1.<locals>.ProximalCConjL1 |           1 |     56     B
iter = 112
CPU usage (% each core): [15.7, 15.8, 15.0, 14.1, 15.8, 14.9, 100.0, 12.9]
RAM usage: svmem(total=33615839232, available=18512216064, percent=44.9, used=14615941120, free=10193272832, active=18475917312, inactive=3601719296, buffers=944861184, cached=7861764096, shared=74297344)
SWAP usage: sswap(total=34263265280, used=0, free=34263265280, percent=0.0, sin=0, sout=0)
                                                                                        types |   # objects |   total size
============================================================================================= | =========== | ============
                                                                        <class 'numpy.ndarray |           1 |      6.87 MB
                                                                                 <class 'dict |          15 |      3.19 KB
                                                                                 <class 'type |           2 |      2.55 KB
                                                                                <class 'tuple |           8 |    528     B
                                                                                 <class 'cell |           9 |    432     B
                                                                          function (__init__) |           2 |    272     B
                                                                             function (_call) |           2 |    272     B
                                                                                <class 'float |           8 |    192     B
                                         <class 'odl.operator.operator.OperatorLeftScalarMult |           3 |    168     B
                                                             <class 'functools._lru_list_elem |           2 |    160     B
                                                                              <class 'weakref |           2 |    160     B
                                             <class 'odl.operator.default_ops.ScalingOperator |           1 |     56     B
  <class 'odl.solvers.nonsmooth.proximal_operators.proximal_cconj_l1.<locals>.ProximalCConjL1 |           1 |     56     B
                                                  <class 'odl.space.npy_ntuples.NumpyFnVector |           1 |     56     B
                                        <class 'odl.operator.operator.OperatorRightScalarMult |           1 |     56     B
iter = 113
CPU usage (% each core): [13.0, 13.0, 13.0, 15.8, 13.0, 13.9, 100.0, 10.9]
RAM usage: svmem(total=33615839232, available=18504728576, percent=45.0, used=14623428608, free=10185777152, active=18483331072, inactive=3601723392, buffers=944861184, cached=7861772288, shared=74297344)
SWAP usage: sswap(total=34263265280, used=0, free=34263265280, percent=0.0, sin=0, sout=0)
                                                 types |   # objects |   total size
====================================================== | =========== | ============
                                 <class 'numpy.ndarray |           1 |      6.87 MB
                                          <class 'dict |          15 |      3.19 KB
                                         <class 'bytes |          21 |      3.07 KB
                                          <class 'type |           2 |      2.55 KB
                                         <class 'tuple |           8 |    528     B
                                          <class 'cell |           9 |    432     B
                                          <class 'list |           0 |    296     B
                                   function (__init__) |           2 |    272     B
                                      function (_call) |           2 |    272     B
                                         <class 'float |           8 |    192     B
  <class 'odl.operator.operator.OperatorLeftScalarMult |           3 |    168     B
                      <class 'functools._lru_list_elem |           2 |    160     B
                                       <class 'weakref |           2 |    160     B
                                           <class 'int |           3 |     84     B
      <class 'odl.operator.default_ops.ScalingOperator |           1 |     56     B
iter = 114
CPU usage (% each core): [13.1, 13.2, 13.8, 12.1, 13.1, 13.0, 11.2, 100.0]
RAM usage: svmem(total=33615839232, available=18497683456, percent=45.0, used=14630477824, free=10178727936, active=18490503168, inactive=3601723392, buffers=944861184, cached=7861772288, shared=74297344)
SWAP usage: sswap(total=34263265280, used=0, free=34263265280, percent=0.0, sin=0, sout=0)
                                                                                        types |   # objects |   total size
============================================================================================= | =========== | ============
                                                                        <class 'numpy.ndarray |           1 |      6.87 MB
                                                                                 <class 'dict |          15 |      3.19 KB
                                                                                 <class 'type |           2 |      2.55 KB
                                                                                <class 'bytes |          21 |      2.42 KB
                                                                                <class 'tuple |           8 |    528     B
                                                                                 <class 'cell |           9 |    432     B
                                                                                 <class 'list |           0 |    432     B
                                                                          function (__init__) |           2 |    272     B
                                                                             function (_call) |           2 |    272     B
                                                                                <class 'float |           8 |    192     B
                                         <class 'odl.operator.operator.OperatorLeftScalarMult |           3 |    168     B
                                                             <class 'functools._lru_list_elem |           2 |    160     B
                                                                              <class 'weakref |           2 |    160     B
                                             <class 'odl.operator.default_ops.ScalingOperator |           1 |     56     B
  <class 'odl.solvers.nonsmooth.proximal_operators.proximal_cconj_l1.<locals>.ProximalCConjL1 |           1 |     56     B
iter = 115
CPU usage (% each core): [14.7, 18.8, 15.8, 100.0, 14.9, 14.1, 14.0, 14.9]
RAM usage: svmem(total=33615839232, available=18490564608, percent=45.0, used=14637596672, free=10171609088, active=18497699840, inactive=3601723392, buffers=944861184, cached=7861772288, shared=74297344)
SWAP usage: sswap(total=34263265280, used=0, free=34263265280, percent=0.0, sin=0, sout=0)
                                                                                        types |   # objects |   total size
============================================================================================= | =========== | ============
                                                                        <class 'numpy.ndarray |           1 |      6.87 MB
                                                                                 <class 'dict |          15 |      3.19 KB
                                                                                 <class 'type |           2 |      2.55 KB
                                                                                <class 'tuple |           8 |    528     B
                                                                                 <class 'cell |           9 |    432     B
                                                                          function (__init__) |           2 |    272     B
                                                                             function (_call) |           2 |    272     B
                                                                                <class 'float |           8 |    192     B
                                         <class 'odl.operator.operator.OperatorLeftScalarMult |           3 |    168     B
                                                             <class 'functools._lru_list_elem |           2 |    160     B
                                                                              <class 'weakref |           2 |    160     B
                                             <class 'odl.operator.default_ops.ScalingOperator |           1 |     56     B
  <class 'odl.solvers.nonsmooth.proximal_operators.proximal_cconj_l1.<locals>.ProximalCConjL1 |           1 |     56     B
                                                  <class 'odl.space.npy_ntuples.NumpyFnVector |           1 |     56     B
                                                                                  <class 'int |           2 |     56     B
iter = 116
CPU usage (% each core): [14.1, 13.4, 10.2, 11.1, 14.1, 15.0, 15.2, 100.0]
RAM usage: svmem(total=33615839232, available=18483126272, percent=45.0, used=14645026816, free=10164170752, active=18504888320, inactive=3601723392, buffers=944861184, cached=7861780480, shared=74297344)
SWAP usage: sswap(total=34263265280, used=0, free=34263265280, percent=0.0, sin=0, sout=0)
                                                                                        types |   # objects |   total size
============================================================================================= | =========== | ============
                                                                        <class 'numpy.ndarray |           1 |      6.87 MB
                                                                                 <class 'dict |          15 |      3.19 KB
                                                                                <class 'bytes |          21 |      3.07 KB
                                                                                 <class 'type |           2 |      2.55 KB
                                                                                <class 'tuple |           8 |    528     B
                                                                                 <class 'cell |           9 |    432     B
                                                                                 <class 'list |           0 |    336     B
                                                                          function (__init__) |           2 |    272     B
                                                                             function (_call) |           2 |    272     B
                                                                                <class 'float |           8 |    192     B
                                         <class 'odl.operator.operator.OperatorLeftScalarMult |           3 |    168     B
                                                             <class 'functools._lru_list_elem |           2 |    160     B
                                                                              <class 'weakref |           2 |    160     B
                                             <class 'odl.operator.default_ops.ScalingOperator |           1 |     56     B
  <class 'odl.solvers.nonsmooth.proximal_operators.proximal_cconj_l1.<locals>.ProximalCConjL1 |           1 |     56     B
iter = 117
CPU usage (% each core): [16.0, 16.8, 13.9, 15.2, 15.8, 15.0, 15.8, 100.0]
RAM usage: svmem(total=33615839232, available=18475569152, percent=45.0, used=14652583936, free=10156613632, active=18512359424, inactive=3601723392, buffers=944861184, cached=7861780480, shared=74297344)
SWAP usage: sswap(total=34263265280, used=0, free=34263265280, percent=0.0, sin=0, sout=0)
                                                 types |   # objects |   total size
====================================================== | =========== | ============
                                 <class 'numpy.ndarray |           1 |      6.87 MB
                                          <class 'dict |          15 |      3.19 KB
                                         <class 'bytes |          21 |      3.07 KB
                                          <class 'type |           2 |      2.55 KB
                                         <class 'tuple |           8 |    528     B
                                          <class 'cell |           9 |    432     B
                                          <class 'list |           0 |    336     B
                                   function (__init__) |           2 |    272     B
                                      function (_call) |           2 |    272     B
                                         <class 'float |           8 |    192     B
  <class 'odl.operator.operator.OperatorLeftScalarMult |           3 |    168     B
                      <class 'functools._lru_list_elem |           2 |    160     B
                                       <class 'weakref |           2 |    160     B
                                           <class 'int |           3 |     84     B
      <class 'odl.operator.default_ops.ScalingOperator |           1 |     56     B
iter = 118
CPU usage (% each core): [11.0, 13.1, 12.1, 100.0, 12.1, 12.1, 12.1, 10.9]
RAM usage: svmem(total=33615839232, available=18467840000, percent=45.1, used=14660313088, free=10148884480, active=18519654400, inactive=3601723392, buffers=944861184, cached=7861780480, shared=74297344)
SWAP usage: sswap(total=34263265280, used=0, free=34263265280, percent=0.0, sin=0, sout=0)
                                                                                        types |   # objects |   total size
============================================================================================= | =========== | ============
                                                                        <class 'numpy.ndarray |           1 |      6.87 MB
                                                                                 <class 'dict |          15 |      3.19 KB
                                                                                 <class 'type |           2 |      2.55 KB
                                                                                <class 'bytes |          21 |      2.42 KB
                                                                                <class 'tuple |           8 |    528     B
                                                                                 <class 'list |           0 |    480     B
                                                                                 <class 'cell |           9 |    432     B
                                                                          function (__init__) |           2 |    272     B
                                                                             function (_call) |           2 |    272     B
                                                                                <class 'float |           8 |    192     B
                                         <class 'odl.operator.operator.OperatorLeftScalarMult |           3 |    168     B
                                                             <class 'functools._lru_list_elem |           2 |    160     B
                                                                              <class 'weakref |           2 |    160     B
                                             <class 'odl.operator.default_ops.ScalingOperator |           1 |     56     B
  <class 'odl.solvers.nonsmooth.proximal_operators.proximal_cconj_l1.<locals>.ProximalCConjL1 |           1 |     56     B
iter = 119
CPU usage (% each core): [16.0, 15.2, 15.0, 100.0, 13.0, 13.0, 14.0, 14.0]
RAM usage: svmem(total=33615839232, available=18460184576, percent=45.1, used=14667976704, free=10141220864, active=18526990336, inactive=3601727488, buffers=944861184, cached=7861780480, shared=74297344)
SWAP usage: sswap(total=34263265280, used=0, free=34263265280, percent=0.0, sin=0, sout=0)
                                                                                        types |   # objects |   total size
============================================================================================= | =========== | ============
                                                                        <class 'numpy.ndarray |           1 |      6.87 MB
                                                                                 <class 'dict |          15 |      3.19 KB
                                                                                 <class 'type |           2 |      2.55 KB
                                                                                <class 'tuple |           8 |    528     B
                                                                                 <class 'cell |           9 |    432     B
                                                                          function (__init__) |           2 |    272     B
                                                                             function (_call) |           2 |    272     B
                                                                                <class 'float |           8 |    192     B
                                         <class 'odl.operator.operator.OperatorLeftScalarMult |           3 |    168     B
                                                             <class 'functools._lru_list_elem |           2 |    160     B
                                                                              <class 'weakref |           2 |    160     B
                                                                                  <class 'int |           4 |    112     B
                                             <class 'odl.operator.default_ops.ScalingOperator |           1 |     56     B
  <class 'odl.solvers.nonsmooth.proximal_operators.proximal_cconj_l1.<locals>.ProximalCConjL1 |           1 |     56     B
                                                  <class 'odl.space.npy_ntuples.NumpyFnVector |           1 |     56     B
iter = 120
CPU usage (% each core): [13.1, 13.1, 13.1, 100.0, 13.1, 12.1, 13.1, 12.2]
RAM usage: svmem(total=33615839232, available=18453094400, percent=45.1, used=14675066880, free=10134122496, active=18534244352, inactive=3601731584, buffers=944861184, cached=7861788672, shared=74297344)
SWAP usage: sswap(total=34263265280, used=0, free=34263265280, percent=0.0, sin=0, sout=0)
                                                                                        types |   # objects |   total size
============================================================================================= | =========== | ============
                                                                        <class 'numpy.ndarray |           1 |      6.87 MB
                                                                                 <class 'dict |          15 |      3.19 KB
                                                                                <class 'bytes |          21 |      3.07 KB
                                                                                 <class 'type |           2 |      2.55 KB
                                                                                <class 'tuple |           8 |    528     B
                                                                                 <class 'cell |           9 |    432     B
                                                                                 <class 'list |           0 |    376     B
                                                                          function (__init__) |           2 |    272     B
                                                                             function (_call) |           2 |    272     B
                                                                                <class 'float |           8 |    192     B
                                         <class 'odl.operator.operator.OperatorLeftScalarMult |           3 |    168     B
                                                             <class 'functools._lru_list_elem |           2 |    160     B
                                                                              <class 'weakref |           2 |    160     B
                                             <class 'odl.operator.default_ops.ScalingOperator |           1 |     56     B
  <class 'odl.solvers.nonsmooth.proximal_operators.proximal_cconj_l1.<locals>.ProximalCConjL1 |           1 |     56     B
iter = 121
CPU usage (% each core): [19.3, 20.0, 20.2, 100.0, 19.3, 16.7, 18.5, 19.3]
RAM usage: svmem(total=33615839232, available=18445688832, percent=45.1, used=14682472448, free=10126716928, active=18541170688, inactive=3601731584, buffers=944861184, cached=7861788672, shared=74297344)
SWAP usage: sswap(total=34263265280, used=0, free=34263265280, percent=0.0, sin=0, sout=0)
                                                 types |   # objects |   total size
====================================================== | =========== | ============
                                 <class 'numpy.ndarray |           1 |      6.87 MB
                                          <class 'dict |          15 |      3.19 KB
                                         <class 'bytes |          21 |      3.07 KB
                                          <class 'type |           2 |      2.55 KB
                                         <class 'tuple |           8 |    528     B
                                          <class 'cell |           9 |    432     B
                                   function (__init__) |           2 |    272     B
                                          <class 'list |           0 |    272     B
                                      function (_call) |           2 |    272     B
                                         <class 'float |           8 |    192     B
  <class 'odl.operator.operator.OperatorLeftScalarMult |           3 |    168     B
                      <class 'functools._lru_list_elem |           2 |    160     B
                                       <class 'weakref |           2 |    160     B
                                           <class 'int |           3 |     84     B
      <class 'odl.operator.default_ops.ScalingOperator |           1 |     56     B
iter = 122
CPU usage (% each core): [14.7, 14.6, 13.6, 100.0, 14.4, 13.7, 14.3, 14.6]
RAM usage: svmem(total=33615839232, available=18438381568, percent=45.1, used=14689779712, free=10119409664, active=18548506624, inactive=3601731584, buffers=944861184, cached=7861788672, shared=74297344)
SWAP usage: sswap(total=34263265280, used=0, free=34263265280, percent=0.0, sin=0, sout=0)
                                                                                        types |   # objects |   total size
============================================================================================= | =========== | ============
                                                                        <class 'numpy.ndarray |           1 |      6.87 MB
                                                                                 <class 'dict |          15 |      3.19 KB
                                                                                 <class 'type |           2 |      2.55 KB
                                                                                <class 'bytes |          21 |      2.42 KB
                                                                                <class 'tuple |           8 |    528     B
                                                                                 <class 'cell |           9 |    432     B
                                                                                 <class 'list |           0 |    336     B
                                                                          function (__init__) |           2 |    272     B
                                                                             function (_call) |           2 |    272     B
                                                                                <class 'float |           8 |    192     B
                                         <class 'odl.operator.operator.OperatorLeftScalarMult |           3 |    168     B
                                                             <class 'functools._lru_list_elem |           2 |    160     B
                                                                              <class 'weakref |           2 |    160     B
                                             <class 'odl.operator.default_ops.ScalingOperator |           1 |     56     B
  <class 'odl.solvers.nonsmooth.proximal_operators.proximal_cconj_l1.<locals>.ProximalCConjL1 |           1 |     56     B
iter = 123
CPU usage (% each core): [13.9, 15.2, 14.0, 11.8, 13.0, 13.7, 13.0, 100.0]
RAM usage: svmem(total=33615839232, available=18431717376, percent=45.2, used=14696443904, free=10112745472, active=18555613184, inactive=3601731584, buffers=944861184, cached=7861788672, shared=74297344)
SWAP usage: sswap(total=34263265280, used=0, free=34263265280, percent=0.0, sin=0, sout=0)
                                                                                        types |   # objects |   total size
============================================================================================= | =========== | ============
                                                                        <class 'numpy.ndarray |           1 |      6.87 MB
                                                                                 <class 'dict |          15 |      3.19 KB
                                                                                 <class 'type |           2 |      2.55 KB
                                                                                <class 'tuple |           8 |    528     B
                                                                                 <class 'cell |           9 |    432     B
                                                                          function (__init__) |           2 |    272     B
                                                                             function (_call) |           2 |    272     B
                                                                                <class 'float |           8 |    192     B
                                         <class 'odl.operator.operator.OperatorLeftScalarMult |           3 |    168     B
                                                             <class 'functools._lru_list_elem |           2 |    160     B
                                                                              <class 'weakref |           2 |    160     B
                                                                                  <class 'int |           4 |    112     B
                                             <class 'odl.operator.default_ops.ScalingOperator |           1 |     56     B
  <class 'odl.solvers.nonsmooth.proximal_operators.proximal_cconj_l1.<locals>.ProximalCConjL1 |           1 |     56     B
                                                  <class 'odl.space.npy_ntuples.NumpyFnVector |           1 |     56     B
iter = 124
CPU usage (% each core): [16.0, 14.7, 15.0, 15.8, 12.9, 15.7, 13.9, 100.0]
RAM usage: svmem(total=33615839232, available=18424442880, percent=45.2, used=14703718400, free=10105462784, active=18562551808, inactive=3601735680, buffers=944861184, cached=7861796864, shared=74297344)
SWAP usage: sswap(total=34263265280, used=0, free=34263265280, percent=0.0, sin=0, sout=0)
                                                                                        types |   # objects |   total size
============================================================================================= | =========== | ============
                                                                        <class 'numpy.ndarray |           1 |      6.87 MB
                                                                                 <class 'dict |          15 |      3.19 KB
                                                                                <class 'bytes |          21 |      3.07 KB
                                                                                 <class 'type |           2 |      2.55 KB
                                                                                <class 'tuple |           8 |    528     B
                                                                                 <class 'cell |           9 |    432     B
                                                                                 <class 'list |           0 |    336     B
                                                                          function (__init__) |           2 |    272     B
                                                                             function (_call) |           2 |    272     B
                                                                                <class 'float |           8 |    192     B
                                         <class 'odl.operator.operator.OperatorLeftScalarMult |           3 |    168     B
                                                             <class 'functools._lru_list_elem |           2 |    160     B
                                                                              <class 'weakref |           2 |    160     B
                                             <class 'odl.operator.default_ops.ScalingOperator |           1 |     56     B
  <class 'odl.solvers.nonsmooth.proximal_operators.proximal_cconj_l1.<locals>.ProximalCConjL1 |           1 |     56     B
iter = 125
CPU usage (% each core): [13.1, 35.4, 14.0, 100.0, 11.1, 12.4, 13.1, 13.1]
RAM usage: svmem(total=33615839232, available=18417876992, percent=45.2, used=14710284288, free=10098896896, active=18569428992, inactive=3601735680, buffers=944861184, cached=7861796864, shared=74297344)
SWAP usage: sswap(total=34263265280, used=0, free=34263265280, percent=0.0, sin=0, sout=0)
                                                 types |   # objects |   total size
====================================================== | =========== | ============
                                 <class 'numpy.ndarray |           1 |      6.87 MB
                                          <class 'dict |          15 |      3.19 KB
                                         <class 'bytes |          21 |      3.07 KB
                                          <class 'type |           2 |      2.55 KB
                                         <class 'tuple |           8 |    528     B
                                          <class 'cell |           9 |    432     B
                                          <class 'list |           0 |    304     B
                                   function (__init__) |           2 |    272     B
                                      function (_call) |           2 |    272     B
                                         <class 'float |           8 |    192     B
  <class 'odl.operator.operator.OperatorLeftScalarMult |           3 |    168     B
                      <class 'functools._lru_list_elem |           2 |    160     B
                                       <class 'weakref |           2 |    160     B
                                           <class 'int |           4 |    112     B
      <class 'odl.operator.default_ops.ScalingOperator |           1 |     56     B
iter = 126
CPU usage (% each core): [14.1, 16.3, 13.1, 100.0, 12.1, 12.0, 12.1, 11.1]
RAM usage: svmem(total=33615839232, available=18412199936, percent=45.2, used=14715961344, free=10093211648, active=18574057472, inactive=3601739776, buffers=944861184, cached=7861805056, shared=74297344)
SWAP usage: sswap(total=34263265280, used=0, free=34263265280, percent=0.0, sin=0, sout=0)
                                                                                        types |   # objects |   total size
============================================================================================= | =========== | ============
                                                                        <class 'numpy.ndarray |           1 |      6.87 MB
                                                                                 <class 'dict |          15 |      3.19 KB
                                                                                 <class 'type |           2 |      2.55 KB
                                                                                <class 'tuple |           8 |    528     B
                                                                                 <class 'cell |           9 |    432     B
                                                                          function (__init__) |           2 |    272     B
                                                                             function (_call) |           2 |    272     B
                                                                                <class 'float |           8 |    192     B
                                         <class 'odl.operator.operator.OperatorLeftScalarMult |           3 |    168     B
                                                             <class 'functools._lru_list_elem |           2 |    160     B
                                                                              <class 'weakref |           2 |    160     B
                                             <class 'odl.operator.default_ops.ScalingOperator |           1 |     56     B
  <class 'odl.solvers.nonsmooth.proximal_operators.proximal_cconj_l1.<locals>.ProximalCConjL1 |           1 |     56     B
                                                  <class 'odl.space.npy_ntuples.NumpyFnVector |           1 |     56     B
                                                                                  <class 'int |           2 |     56     B
iter = 127
CPU usage (% each core): [13.9, 13.9, 13.7, 100.0, 13.7, 13.7, 13.7, 14.6]
RAM usage: svmem(total=33615839232, available=18404761600, percent=45.2, used=14723399680, free=10085773312, active=18581286912, inactive=3601739776, buffers=944861184, cached=7861805056, shared=74297344)
SWAP usage: sswap(total=34263265280, used=0, free=34263265280, percent=0.0, sin=0, sout=0)
                                                                                        types |   # objects |   total size
============================================================================================= | =========== | ============
                                                                        <class 'numpy.ndarray |           1 |      6.87 MB
                                                                                 <class 'dict |          15 |      3.19 KB
                                                                                <class 'bytes |          21 |      3.07 KB
                                                                                 <class 'type |           2 |      2.55 KB
                                                                                <class 'tuple |           8 |    528     B
                                                                                 <class 'cell |           9 |    432     B
                                                                                 <class 'list |           0 |    336     B
                                                                          function (__init__) |           2 |    272     B
                                                                             function (_call) |           2 |    272     B
                                                                                <class 'float |           8 |    192     B
                                         <class 'odl.operator.operator.OperatorLeftScalarMult |           3 |    168     B
                                                             <class 'functools._lru_list_elem |           2 |    160     B
                                                                              <class 'weakref |           2 |    160     B
                                             <class 'odl.operator.default_ops.ScalingOperator |           1 |     56     B
  <class 'odl.solvers.nonsmooth.proximal_operators.proximal_cconj_l1.<locals>.ProximalCConjL1 |           1 |     56     B
iter = 128
CPU usage (% each core): [15.0, 14.0, 12.9, 100.0, 13.0, 14.0, 13.0, 13.1]
RAM usage: svmem(total=33615839232, available=18397450240, percent=45.3, used=14730711040, free=10078461952, active=18588364800, inactive=3601739776, buffers=944861184, cached=7861805056, shared=74297344)
SWAP usage: sswap(total=34263265280, used=0, free=34263265280, percent=0.0, sin=0, sout=0)
          types |   # objects |   total size
=============== | =========== | ============
  <class 'bytes |          21 |      3.07 KB
   <class 'list |           0 |    384     B
    <class 'int |           1 |     28     B
iter = 129
CPU usage (% each core): [16.7, 16.7, 16.8, 15.7, 16.7, 15.7, 15.7, 100.0]
RAM usage: svmem(total=33615839232, available=18397036544, percent=45.3, used=14731124736, free=10078048256, active=18588762112, inactive=3601739776, buffers=944861184, cached=7861805056, shared=74297344)
SWAP usage: sswap(total=34263265280, used=0, free=34263265280, percent=0.0, sin=0, sout=0)
          types |   # objects |   total size
=============== | =========== | ============
  <class 'bytes |           9 |    895     B
   <class 'list |           0 |    160     B
iter = 130
CPU usage (% each core): [17.6, 17.8, 19.4, 13.9, 15.8, 16.7, 15.8, 99.0]
RAM usage: svmem(total=33615839232, available=18397216768, percent=45.3, used=14730944512, free=10078228480, active=18588762112, inactive=3601739776, buffers=944861184, cached=7861805056, shared=74297344)
SWAP usage: sswap(total=34263265280, used=0, free=34263265280, percent=0.0, sin=0, sout=0)
          types |   # objects |   total size
=============== | =========== | ============
  <class 'bytes |           8 |    817     B
   <class 'list |           0 |    176     B
    <class 'int |          -1 |    -28     B
iter = 131
CPU usage (% each core): [15.0, 15.0, 13.3, 14.0, 12.2, 13.3, 14.1, 100.0]
RAM usage: svmem(total=33615839232, available=18397216768, percent=45.3, used=14730944512, free=10078228480, active=18588803072, inactive=3601739776, buffers=944861184, cached=7861805056, shared=74297344)
SWAP usage: sswap(total=34263265280, used=0, free=34263265280, percent=0.0, sin=0, sout=0)
          types |   # objects |   total size
=============== | =========== | ============
  <class 'bytes |           9 |    895     B
   <class 'list |           0 |    200     B
iter = 132
CPU usage (% each core): [11.9, 15.6, 15.5, 12.0, 100.0, 14.5, 14.5, 13.9]
RAM usage: svmem(total=33615839232, available=18396962816, percent=45.3, used=14731198464, free=10077974528, active=18588811264, inactive=3601739776, buffers=944861184, cached=7861805056, shared=74297344)
SWAP usage: sswap(total=34263265280, used=0, free=34263265280, percent=0.0, sin=0, sout=0)
          types |   # objects |   total size
=============== | =========== | ============
  <class 'bytes |           8 |    818     B
    <class 'int |           1 |     28     B
iter = 133
CPU usage (% each core): [14.0, 14.9, 16.0, 14.1, 100.0, 15.0, 14.1, 14.0]
RAM usage: svmem(total=33615839232, available=18396930048, percent=45.3, used=14731231232, free=10077941760, active=18588819456, inactive=3601739776, buffers=944861184, cached=7861805056, shared=74297344)
SWAP usage: sswap(total=34263265280, used=0, free=34263265280, percent=0.0, sin=0, sout=0)
          types |   # objects |     total size
=============== | =========== | ==============
    <class 'int |          -1 |      -28     B
   <class 'list |           0 |    -1352     B
  <class 'bytes |         -82 |   -10450     B
iter = 134
CPU usage (% each core): [15.2, 14.3, 15.2, 15.2, 100.0, 16.0, 14.0, 15.0]
RAM usage: svmem(total=33615839232, available=18396807168, percent=45.3, used=14731354112, free=10077810688, active=18588823552, inactive=3601743872, buffers=944861184, cached=7861813248, shared=74297344)
SWAP usage: sswap(total=34263265280, used=0, free=34263265280, percent=0.0, sin=0, sout=0)
          types |   # objects |   total size
=============== | =========== | ============
  <class 'bytes |           9 |    905     B
   <class 'list |           0 |    168     B
iter = 135
CPU usage (% each core): [13.3, 14.4, 14.1, 13.4, 100.0, 12.6, 13.3, 14.4]
RAM usage: svmem(total=33615839232, available=18396938240, percent=45.3, used=14731223040, free=10077941760, active=18588823552, inactive=3601743872, buffers=944861184, cached=7861813248, shared=74297344)
SWAP usage: sswap(total=34263265280, used=0, free=34263265280, percent=0.0, sin=0, sout=0)
          types |   # objects |   total size
=============== | =========== | ============
  <class 'bytes |           8 |    818     B
   <class 'list |           0 |    168     B
iter = 136
CPU usage (% each core): [13.3, 15.3, 9.4, 13.1, 100.0, 15.2, 12.5, 16.0]
RAM usage: svmem(total=33615839232, available=18396164096, percent=45.3, used=14731997184, free=10077167616, active=18588909568, inactive=3601743872, buffers=944861184, cached=7861813248, shared=74297344)
SWAP usage: sswap(total=34263265280, used=0, free=34263265280, percent=0.0, sin=0, sout=0)
          types |   # objects |   total size
=============== | =========== | ============
  <class 'bytes |           8 |    817     B
   <class 'list |           0 |     96     B
iter = 137
CPU usage (% each core): [13.1, 14.1, 13.0, 13.1, 100.0, 15.2, 14.0, 12.2]
RAM usage: svmem(total=33615839232, available=18396487680, percent=45.3, used=14731673600, free=10077491200, active=18588917760, inactive=3601743872, buffers=944861184, cached=7861813248, shared=74297344)
SWAP usage: sswap(total=34263265280, used=0, free=34263265280, percent=0.0, sin=0, sout=0)
          types |   # objects |   total size
=============== | =========== | ============
  <class 'bytes |           8 |    818     B
   <class 'list |           0 |    112     B
iter = 138
CPU usage (% each core): [13.3, 15.3, 13.4, 14.3, 100.0, 14.3, 14.3, 14.3]
RAM usage: svmem(total=33615839232, available=18396385280, percent=45.3, used=14731776000, free=10077388800, active=18588934144, inactive=3601743872, buffers=944861184, cached=7861813248, shared=74297344)
SWAP usage: sswap(total=34263265280, used=0, free=34263265280, percent=0.0, sin=0, sout=0)
          types |   # objects |   total size
=============== | =========== | ============
  <class 'bytes |           8 |    818     B
   <class 'list |           0 |    128     B
iter = 139
CPU usage (% each core): [12.2, 11.3, 13.1, 13.1, 100.0, 11.2, 13.3, 11.2]
RAM usage: svmem(total=33615839232, available=18396131328, percent=45.3, used=14732029952, free=10077134848, active=18588934144, inactive=3601743872, buffers=944861184, cached=7861813248, shared=74297344)
SWAP usage: sswap(total=34263265280, used=0, free=34263265280, percent=0.0, sin=0, sout=0)
          types |   # objects |   total size
=============== | =========== | ============
  <class 'bytes |           8 |    818     B
   <class 'list |           0 |    144     B
iter = 140
CPU usage (% each core): [13.1, 12.4, 13.4, 14.3, 100.0, 13.3, 13.3, 13.3]
RAM usage: svmem(total=33615839232, available=18396004352, percent=45.3, used=14732156928, free=10077007872, active=18588934144, inactive=3601743872, buffers=944861184, cached=7861813248, shared=74297344)
SWAP usage: sswap(total=34263265280, used=0, free=34263265280, percent=0.0, sin=0, sout=0)
          types |   # objects |   total size
=============== | =========== | ============
  <class 'bytes |           8 |    818     B
   <class 'list |           0 |    160     B
iter = 141
CPU usage (% each core): [10.3, 12.2, 11.2, 11.1, 100.0, 12.2, 10.2, 11.2]
RAM usage: svmem(total=33615839232, available=18395877376, percent=45.3, used=14732283904, free=10076880896, active=18588917760, inactive=3601743872, buffers=944861184, cached=7861813248, shared=74297344)
SWAP usage: sswap(total=34263265280, used=0, free=34263265280, percent=0.0, sin=0, sout=0)
          types |   # objects |   total size
=============== | =========== | ============
  <class 'bytes |           8 |    818     B
   <class 'list |           0 |    176     B
iter = 142
CPU usage (% each core): [12.2, 13.5, 12.4, 12.5, 100.0, 11.2, 11.3, 12.2]
RAM usage: svmem(total=33615839232, available=18396135424, percent=45.3, used=14732025856, free=10077138944, active=18588807168, inactive=3601743872, buffers=944861184, cached=7861813248, shared=74297344)
SWAP usage: sswap(total=34263265280, used=0, free=34263265280, percent=0.0, sin=0, sout=0)
          types |   # objects |   total size
=============== | =========== | ============
  <class 'bytes |           8 |    818     B
   <class 'list |           0 |    200     B
iter = 143
CPU usage (% each core): [10.5, 13.4, 12.4, 12.5, 100.0, 13.4, 9.4, 11.5]
RAM usage: svmem(total=33615839232, available=18395779072, percent=45.3, used=14732382208, free=10076782592, active=18588844032, inactive=3601743872, buffers=944861184, cached=7861813248, shared=74297344)
SWAP usage: sswap(total=34263265280, used=0, free=34263265280, percent=0.0, sin=0, sout=0)
          types |   # objects |   total size
=============== | =========== | ============
  <class 'bytes |           8 |    817     B
iter = 144
CPU usage (% each core): [11.0, 13.1, 12.0, 14.1, 98.0, 12.2, 12.1, 13.1]
RAM usage: svmem(total=33615839232, available=18395402240, percent=45.3, used=14732759040, free=10076405760, active=18589003776, inactive=3601743872, buffers=944861184, cached=7861813248, shared=74297344)
SWAP usage: sswap(total=34263265280, used=0, free=34263265280, percent=0.0, sin=0, sout=0)
          types |   # objects |   total size
=============== | =========== | ============
  <class 'bytes |           7 |    740     B
   <class 'list |           0 |    224     B
    <class 'int |           1 |     28     B
iter = 145
CPU usage (% each core): [12.2, 12.5, 10.3, 14.3, 100.0, 13.1, 12.4, 12.4]
RAM usage: svmem(total=33615839232, available=18395365376, percent=45.3, used=14732795904, free=10076368896, active=18589368320, inactive=3601743872, buffers=944861184, cached=7861813248, shared=74297344)
SWAP usage: sswap(total=34263265280, used=0, free=34263265280, percent=0.0, sin=0, sout=0)
          types |   # objects |   total size
=============== | =========== | ============
  <class 'bytes |           9 |    895     B
iter = 146
CPU usage (% each core): [12.5, 14.6, 11.5, 12.4, 100.0, 12.4, 12.4, 10.4]
RAM usage: svmem(total=33615839232, available=18394738688, percent=45.3, used=14733422592, free=10075742208, active=18587729920, inactive=3601743872, buffers=944861184, cached=7861813248, shared=74297344)
SWAP usage: sswap(total=34263265280, used=0, free=34263265280, percent=0.0, sin=0, sout=0)
          types |   # objects |   total size
=============== | =========== | ============
  <class 'bytes |           7 |    741     B
   <class 'list |           0 |    256     B
    <class 'int |          -1 |    -28     B
iter = 147
CPU usage (% each core): [12.5, 13.5, 13.4, 13.4, 100.0, 13.5, 13.4, 12.4]
RAM usage: svmem(total=33615839232, available=18394857472, percent=45.3, used=14733303808, free=10075860992, active=18587709440, inactive=3601743872, buffers=944861184, cached=7861813248, shared=74297344)
SWAP usage: sswap(total=34263265280, used=0, free=34263265280, percent=0.0, sin=0, sout=0)
          types |   # objects |   total size
=============== | =========== | ============
  <class 'bytes |           9 |    895     B
iter = 148
CPU usage (% each core): [13.9, 14.0, 13.0, 13.1, 100.0, 13.1, 12.1, 13.0]
RAM usage: svmem(total=33615839232, available=18394951680, percent=45.3, used=14733209600, free=10075955200, active=18587480064, inactive=3601743872, buffers=944861184, cached=7861813248, shared=74297344)
SWAP usage: sswap(total=34263265280, used=0, free=34263265280, percent=0.0, sin=0, sout=0)
          types |   # objects |     total size
=============== | =========== | ==============
    <class 'int |           1 |       28     B
   <class 'list |           0 |    -1800     B
  <class 'bytes |        -112 |   -11299     B
iter = 149
CPU usage (% each core): [14.1, 13.3, 14.3, 14.1, 100.0, 13.1, 12.1, 14.1]
RAM usage: svmem(total=33615839232, available=18394722304, percent=45.3, used=14733430784, free=10075725824, active=18587459584, inactive=3601743872, buffers=944861184, cached=7861821440, shared=74297344)
SWAP usage: sswap(total=34263265280, used=0, free=34263265280, percent=0.0, sin=0, sout=0)
          types |   # objects |   total size
=============== | =========== | ============
  <class 'bytes |           9 |    905     B
   <class 'list |           0 |    136     B
    <class 'int |          -1 |    -28     B
iter = 150
CPU usage (% each core): [14.0, 15.2, 14.1, 13.1, 100.0, 14.0, 14.0, 14.1]
RAM usage: svmem(total=33615839232, available=18394763264, percent=45.3, used=14733398016, free=10075758592, active=18587463680, inactive=3601747968, buffers=944861184, cached=7861821440, shared=74297344)
SWAP usage: sswap(total=34263265280, used=0, free=34263265280, percent=0.0, sin=0, sout=0)
          types |   # objects |   total size
=============== | =========== | ============
  <class 'bytes |           9 |    895     B
   <class 'list |           0 |    168     B
    <class 'int |           1 |     28     B
iter = 151
CPU usage (% each core): [100.0, 16.8, 15.8, 15.8, 13.1, 14.0, 13.1, 14.0]
RAM usage: svmem(total=33615839232, available=18394497024, percent=45.3, used=14733664256, free=10075492352, active=18587762688, inactive=3601747968, buffers=944861184, cached=7861821440, shared=74297344)
SWAP usage: sswap(total=34263265280, used=0, free=34263265280, percent=0.0, sin=0, sout=0)
          types |   # objects |   total size
=============== | =========== | ============
  <class 'bytes |           9 |    895     B
   <class 'list |           0 |    208     B
iter = 152
CPU usage (% each core): [100.0, 16.5, 16.7, 15.8, 15.7, 14.7, 15.7, 15.7]
RAM usage: svmem(total=33615839232, available=18394726400, percent=45.3, used=14733434880, free=10075721728, active=18587525120, inactive=3601747968, buffers=944861184, cached=7861821440, shared=74297344)
SWAP usage: sswap(total=34263265280, used=0, free=34263265280, percent=0.0, sin=0, sout=0)
          types |   # objects |   total size
=============== | =========== | ============
  <class 'bytes |           8 |    818     B
   <class 'list |           0 |    128     B
iter = 153
CPU usage (% each core): [100.0, 13.4, 14.1, 13.3, 14.0, 13.3, 13.1, 14.0]
RAM usage: svmem(total=33615839232, available=18395074560, percent=45.3, used=14733086720, free=10076069888, active=18586705920, inactive=3601747968, buffers=944861184, cached=7861821440, shared=74297344)
SWAP usage: sswap(total=34263265280, used=0, free=34263265280, percent=0.0, sin=0, sout=0)
          types |   # objects |   total size
=============== | =========== | ============
  <class 'bytes |           8 |    818     B
   <class 'list |           0 |    144     B
iter = 154
CPU usage (% each core): [100.0, 16.5, 15.7, 15.5, 14.9, 14.4, 15.7, 14.9]
RAM usage: svmem(total=33615839232, available=18395201536, percent=45.3, used=14732955648, free=10076196864, active=18586636288, inactive=3601747968, buffers=944865280, cached=7861821440, shared=74297344)
SWAP usage: sswap(total=34263265280, used=0, free=34263265280, percent=0.0, sin=0, sout=0)
          types |   # objects |   total size
=============== | =========== | ============
  <class 'bytes |           8 |    818     B
   <class 'list |           0 |    160     B
iter = 155
CPU usage (% each core): [12.1, 13.1, 13.1, 11.3, 100.0, 12.1, 12.1, 13.0]
RAM usage: svmem(total=33615839232, available=18394886144, percent=45.3, used=14733271040, free=10075881472, active=18586636288, inactive=3601747968, buffers=944865280, cached=7861821440, shared=74297344)
SWAP usage: sswap(total=34263265280, used=0, free=34263265280, percent=0.0, sin=0, sout=0)
          types |   # objects |   total size
=============== | =========== | ============
  <class 'bytes |           8 |    818     B
    <class 'int |          -1 |    -28     B
iter = 156
CPU usage (% each core): [11.1, 11.2, 11.1, 13.0, 100.0, 9.0, 12.0, 12.1]
RAM usage: svmem(total=33615839232, available=18395201536, percent=45.3, used=14732955648, free=10076196864, active=18586636288, inactive=3601747968, buffers=944865280, cached=7861821440, shared=74297344)
SWAP usage: sswap(total=34263265280, used=0, free=34263265280, percent=0.0, sin=0, sout=0)
          types |   # objects |   total size
=============== | =========== | ============
  <class 'bytes |           8 |    817     B
   <class 'list |           0 |    176     B
    <class 'int |           1 |     28     B
iter = 157
CPU usage (% each core): [14.1, 16.2, 16.0, 13.0, 100.0, 14.0, 14.1, 15.0]
RAM usage: svmem(total=33615839232, available=18395074560, percent=45.3, used=14733082624, free=10076069888, active=18586636288, inactive=3601747968, buffers=944865280, cached=7861821440, shared=74297344)
SWAP usage: sswap(total=34263265280, used=0, free=34263265280, percent=0.0, sin=0, sout=0)
          types |   # objects |   total size
=============== | =========== | ============
  <class 'bytes |           9 |    895     B
   <class 'list |           0 |    200     B
iter = 158
CPU usage (% each core): [12.9, 15.5, 12.0, 13.9, 100.0, 13.9, 13.9, 13.7]
RAM usage: svmem(total=33615839232, available=18394644480, percent=45.3, used=14733512704, free=10075639808, active=18586935296, inactive=3601747968, buffers=944865280, cached=7861821440, shared=74297344)
SWAP usage: sswap(total=34263265280, used=0, free=34263265280, percent=0.0, sin=0, sout=0)
          types |   # objects |   total size
=============== | =========== | ============
  <class 'bytes |           8 |    818     B
iter = 159
CPU usage (% each core): [15.0, 14.4, 14.1, 15.0, 100.0, 15.0, 14.1, 13.1]
RAM usage: svmem(total=33615839232, available=18395074560, percent=45.3, used=14733082624, free=10076069888, active=18588766208, inactive=3601747968, buffers=944865280, cached=7861821440, shared=74297344)
SWAP usage: sswap(total=34263265280, used=0, free=34263265280, percent=0.0, sin=0, sout=0)
          types |   # objects |   total size
=============== | =========== | ============
  <class 'bytes |           7 |    741     B
   <class 'list |           0 |    224     B
iter = 160
CPU usage (% each core): [100.0, 17.3, 15.4, 16.5, 15.5, 16.3, 17.1, 16.5]
RAM usage: svmem(total=33615839232, available=18395078656, percent=45.3, used=14733082624, free=10076069888, active=18588770304, inactive=3601747968, buffers=944865280, cached=7861821440, shared=74297344)
SWAP usage: sswap(total=34263265280, used=0, free=34263265280, percent=0.0, sin=0, sout=0)
          types |   # objects |   total size
=============== | =========== | ============
  <class 'bytes |           8 |    818     B
   <class 'list |           0 |    256     B
iter = 161
CPU usage (% each core): [100.0, 14.1, 15.2, 15.2, 14.1, 14.1, 14.1, 14.1]
RAM usage: svmem(total=33615839232, available=18395078656, percent=45.3, used=14733082624, free=10076069888, active=18588770304, inactive=3601747968, buffers=944865280, cached=7861821440, shared=74297344)
SWAP usage: sswap(total=34263265280, used=0, free=34263265280, percent=0.0, sin=0, sout=0)
          types |   # objects |   total size
=============== | =========== | ============
  <class 'bytes |           8 |    818     B
    <class 'int |           1 |     28     B
iter = 162
CPU usage (% each core): [100.0, 13.1, 15.0, 13.0, 14.0, 13.1, 13.1, 13.1]
RAM usage: svmem(total=33615839232, available=18394648576, percent=45.3, used=14733512704, free=10075639808, active=18588753920, inactive=3601747968, buffers=944865280, cached=7861821440, shared=74297344)
SWAP usage: sswap(total=34263265280, used=0, free=34263265280, percent=0.0, sin=0, sout=0)
          types |   # objects |     total size
=============== | =========== | ==============
    <class 'int |          -1 |      -28     B
   <class 'list |           0 |    -1832     B
  <class 'bytes |        -108 |   -11111     B
iter = 163
CPU usage (% each core): [100.0, 9.5, 10.5, 11.5, 10.4, 11.6, 10.4, 11.5]
RAM usage: svmem(total=33615839232, available=18394439680, percent=45.3, used=14733713408, free=10075430912, active=18589052928, inactive=3601747968, buffers=944865280, cached=7861829632, shared=74297344)
SWAP usage: sswap(total=34263265280, used=0, free=34263265280, percent=0.0, sin=0, sout=0)
          types |   # objects |   total size
=============== | =========== | ============
  <class 'bytes |           9 |    904     B
   <class 'list |           0 |    168     B
iter = 164
CPU usage (% each core): [100.0, 14.9, 15.8, 14.1, 14.9, 14.9, 16.0, 15.8]
RAM usage: svmem(total=33615839232, available=18395086848, percent=45.3, used=14733074432, free=10076069888, active=18588790784, inactive=3601752064, buffers=944865280, cached=7861829632, shared=74297344)
SWAP usage: sswap(total=34263265280, used=0, free=34263265280, percent=0.0, sin=0, sout=0)
          types |   # objects |   total size
=============== | =========== | ============
  <class 'bytes |           8 |    818     B
   <class 'list |           0 |    168     B
iter = 165
CPU usage (% each core): [13.3, 14.4, 14.1, 15.2, 100.0, 15.2, 14.3, 15.2]
RAM usage: svmem(total=33615839232, available=18395217920, percent=45.3, used=14732943360, free=10076200960, active=18588790784, inactive=3601752064, buffers=944865280, cached=7861829632, shared=74297344)
SWAP usage: sswap(total=34263265280, used=0, free=34263265280, percent=0.0, sin=0, sout=0)
          types |   # objects |   total size
=============== | =========== | ============
  <class 'bytes |           8 |    818     B
   <class 'list |           0 |     96     B
iter = 166
CPU usage (% each core): [100.0, 13.1, 12.2, 11.2, 12.2, 12.2, 13.1, 14.0]
RAM usage: svmem(total=33615839232, available=18394288128, percent=45.3, used=14733873152, free=10075271168, active=18588819456, inactive=3601752064, buffers=944865280, cached=7861829632, shared=74297344)
SWAP usage: sswap(total=34263265280, used=0, free=34263265280, percent=0.0, sin=0, sout=0)
          types |   # objects |   total size
=============== | =========== | ============
  <class 'bytes |           8 |    818     B
   <class 'list |           0 |    112     B
    <class 'int |          -1 |    -28     B
iter = 167
CPU usage (% each core): [100.0, 13.0, 13.0, 12.9, 12.0, 12.9, 13.0, 11.1]
RAM usage: svmem(total=33615839232, available=18395242496, percent=45.3, used=14732918784, free=10076225536, active=18588205056, inactive=3601752064, buffers=944865280, cached=7861829632, shared=74297344)
SWAP usage: sswap(total=34263265280, used=0, free=34263265280, percent=0.0, sin=0, sout=0)
          types |   # objects |   total size
=============== | =========== | ============
  <class 'bytes |           9 |    895     B
   <class 'list |           0 |    128     B
    <class 'int |           1 |     28     B
iter = 168
CPU usage (% each core): [100.0, 16.7, 16.0, 12.0, 15.8, 15.0, 15.0, 13.9]
RAM usage: svmem(total=33615839232, available=18395652096, percent=45.3, used=14732509184, free=10076635136, active=18587381760, inactive=3601752064, buffers=944869376, cached=7861825536, shared=74297344)
SWAP usage: sswap(total=34263265280, used=0, free=34263265280, percent=0.0, sin=0, sout=0)
          types |   # objects |   total size
=============== | =========== | ============
  <class 'bytes |           9 |    895     B
   <class 'list |           0 |    144     B
    <class 'int |          -1 |    -28     B
iter = 169
CPU usage (% each core): [10.7, 9.8, 12.6, 9.8, 11.7, 12.6, 12.6, 100.0]
RAM usage: svmem(total=33615839232, available=18395930624, percent=45.3, used=14732226560, free=10076913664, active=18587111424, inactive=3601752064, buffers=944869376, cached=7861829632, shared=74297344)
SWAP usage: sswap(total=34263265280, used=0, free=34263265280, percent=0.0, sin=0, sout=0)
          types |   # objects |   total size
=============== | =========== | ============
  <class 'bytes |           9 |    893     B
   <class 'list |           0 |    160     B
    <class 'int |           1 |     28     B
iter = 170
CPU usage (% each core): [12.4, 12.4, 12.4, 11.2, 12.4, 11.3, 12.4, 100.0]
RAM usage: svmem(total=33615839232, available=18396229632, percent=45.3, used=14731927552, free=10077212672, active=18587111424, inactive=3601752064, buffers=944869376, cached=7861829632, shared=74297344)
SWAP usage: sswap(total=34263265280, used=0, free=34263265280, percent=0.0, sin=0, sout=0)
          types |   # objects |   total size
=============== | =========== | ============
  <class 'bytes |           9 |    895     B
   <class 'list |           0 |    176     B
    <class 'int |           1 |     28     B
iter = 171
CPU usage (% each core): [10.3, 14.4, 14.3, 13.3, 13.3, 13.3, 14.1, 100.0]
RAM usage: svmem(total=33615839232, available=18396110848, percent=45.3, used=14732046336, free=10077093888, active=18587410432, inactive=3601752064, buffers=944869376, cached=7861829632, shared=74297344)
SWAP usage: sswap(total=34263265280, used=0, free=34263265280, percent=0.0, sin=0, sout=0)
          types |   # objects |   total size
=============== | =========== | ============
  <class 'bytes |           9 |    895     B
   <class 'list |           0 |    200     B
    <class 'int |          -1 |    -28     B
iter = 172
CPU usage (% each core): [13.4, 12.5, 13.5, 8.4, 11.6, 12.5, 11.6, 100.0]
RAM usage: svmem(total=33615839232, available=18396172288, percent=45.3, used=14731984896, free=10077155328, active=18587144192, inactive=3601752064, buffers=944869376, cached=7861829632, shared=74297344)
SWAP usage: sswap(total=34263265280, used=0, free=34263265280, percent=0.0, sin=0, sout=0)
          types |   # objects |   total size
=============== | =========== | ============
  <class 'bytes |           9 |    894     B
   <class 'list |           0 |    224     B
    <class 'int |           1 |     28     B
iter = 173
CPU usage (% each core): [13.4, 14.4, 12.5, 11.2, 14.3, 11.2, 15.5, 100.0]
RAM usage: svmem(total=33615839232, available=18395795456, percent=45.3, used=14732361728, free=10076778496, active=18587312128, inactive=3601752064, buffers=944869376, cached=7861829632, shared=74297344)
SWAP usage: sswap(total=34263265280, used=0, free=34263265280, percent=0.0, sin=0, sout=0)
          types |   # objects |   total size
=============== | =========== | ============
  <class 'bytes |           9 |    895     B
iter = 174
CPU usage (% each core): [11.5, 12.2, 12.2, 11.2, 10.4, 12.2, 11.3, 100.0]
RAM usage: svmem(total=33615839232, available=18395942912, percent=45.3, used=14732214272, free=10076925952, active=18587308032, inactive=3601752064, buffers=944869376, cached=7861829632, shared=74297344)
SWAP usage: sswap(total=34263265280, used=0, free=34263265280, percent=0.0, sin=0, sout=0)
          types |   # objects |   total size
=============== | =========== | ============
  <class 'bytes |           7 |    741     B
   <class 'list |           0 |    256     B
iter = 175
CPU usage (% each core): [14.3, 13.4, 14.3, 12.4, 14.1, 12.5, 13.3, 100.0]
RAM usage: svmem(total=33615839232, available=18395815936, percent=45.3, used=14732341248, free=10076798976, active=18587308032, inactive=3601752064, buffers=944869376, cached=7861829632, shared=74297344)
SWAP usage: sswap(total=34263265280, used=0, free=34263265280, percent=0.0, sin=0, sout=0)
          types |   # objects |   total size
=============== | =========== | ============
  <class 'bytes |           8 |    818     B
    <class 'int |          -1 |    -28     B
iter = 176
CPU usage (% each core): [17.6, 15.8, 16.0, 14.9, 15.8, 13.7, 15.8, 100.0]
RAM usage: svmem(total=33615839232, available=18393604096, percent=45.3, used=14734557184, free=10074583040, active=18587078656, inactive=3601752064, buffers=944869376, cached=7861829632, shared=74297344)
SWAP usage: sswap(total=34263265280, used=0, free=34263265280, percent=0.0, sin=0, sout=0)
          types |   # objects |     total size
=============== | =========== | ==============
   <class 'list |           0 |    -1832     B
  <class 'bytes |        -112 |   -11302     B
iter = 177
CPU usage (% each core): [13.4, 14.3, 14.1, 13.9, 14.1, 14.3, 14.1, 100.0]
RAM usage: svmem(total=33615839232, available=18393853952, percent=45.3, used=14734299136, free=10074832896, active=18586963968, inactive=3601752064, buffers=944869376, cached=7861837824, shared=74297344)
SWAP usage: sswap(total=34263265280, used=0, free=34263265280, percent=0.0, sin=0, sout=0)
          types |   # objects |   total size
=============== | =========== | ============
  <class 'bytes |           8 |    826     B
   <class 'list |           0 |    168     B
iter = 178
CPU usage (% each core): [16.0, 16.2, 15.3, 11.2, 17.2, 15.3, 14.3, 100.0]
RAM usage: svmem(total=33615839232, available=18388750336, percent=45.3, used=14739410944, free=10069721088, active=18594447360, inactive=3601756160, buffers=944869376, cached=7861837824, shared=74297344)
SWAP usage: sswap(total=34263265280, used=0, free=34263265280, percent=0.0, sin=0, sout=0)
          types |   # objects |   total size
=============== | =========== | ============
  <class 'bytes |           8 |    818     B
   <class 'list |           0 |     80     B
iter = 179
CPU usage (% each core): [20.8, 19.6, 14.9, 16.8, 17.8, 17.6, 24.8, 100.0]
RAM usage: svmem(total=33615839232, available=18389090304, percent=45.3, used=14739058688, free=10070061056, active=18594045952, inactive=3601760256, buffers=944869376, cached=7861850112, shared=74309632)
SWAP usage: sswap(total=34263265280, used=0, free=34263265280, percent=0.0, sin=0, sout=0)
          types |   # objects |   total size
=============== | =========== | ============
  <class 'bytes |           8 |    818     B
   <class 'list |           0 |    184     B
iter = 180
CPU usage (% each core): [14.4, 13.6, 15.4, 100.0, 12.6, 13.6, 14.3, 14.4]
RAM usage: svmem(total=33615839232, available=18389237760, percent=45.3, used=14738911232, free=10070208512, active=18594045952, inactive=3601760256, buffers=944869376, cached=7861850112, shared=74309632)
SWAP usage: sswap(total=34263265280, used=0, free=34263265280, percent=0.0, sin=0, sout=0)
          types |   # objects |   total size
=============== | =========== | ============
  <class 'bytes |           8 |    818     B
   <class 'list |           0 |    112     B
iter = 181
CPU usage (% each core): [14.9, 14.4, 16.5, 100.0, 14.7, 14.6, 14.7, 14.7]
RAM usage: svmem(total=33615839232, available=18389594112, percent=45.3, used=14738554880, free=10070564864, active=18594062336, inactive=3601760256, buffers=944869376, cached=7861850112, shared=74309632)
SWAP usage: sswap(total=34263265280, used=0, free=34263265280, percent=0.0, sin=0, sout=0)
          types |   # objects |   total size
=============== | =========== | ============
  <class 'bytes |           8 |    818     B
   <class 'list |           0 |    128     B
    <class 'int |           1 |     28     B
iter = 182
CPU usage (% each core): [14.9, 14.0, 13.9, 100.0, 14.7, 13.9, 14.7, 13.0]
RAM usage: svmem(total=33615839232, available=18388553728, percent=45.3, used=14739595264, free=10069524480, active=18593841152, inactive=3601760256, buffers=944869376, cached=7861850112, shared=74309632)
SWAP usage: sswap(total=34263265280, used=0, free=34263265280, percent=0.0, sin=0, sout=0)
          types |   # objects |   total size
=============== | =========== | ============
  <class 'bytes |           9 |    895     B
   <class 'list |           0 |    144     B
    <class 'int |          -1 |    -28     B
iter = 183
CPU usage (% each core): [11.9, 14.7, 11.8, 11.9, 12.9, 13.7, 13.9, 100.0]
RAM usage: svmem(total=33615839232, available=18388680704, percent=45.3, used=14739468288, free=10069651456, active=18594480128, inactive=3601760256, buffers=944869376, cached=7861850112, shared=74309632)
SWAP usage: sswap(total=34263265280, used=0, free=34263265280, percent=0.0, sin=0, sout=0)
          types |   # objects |   total size
=============== | =========== | ============
  <class 'bytes |           9 |    895     B
   <class 'list |           0 |    160     B
    <class 'int |           1 |     28     B
iter = 184
CPU usage (% each core): [15.8, 15.8, 16.0, 100.0, 15.7, 15.0, 10.9, 15.7]
RAM usage: svmem(total=33615839232, available=18389012480, percent=45.3, used=14739136512, free=10069983232, active=18594021376, inactive=3601760256, buffers=944869376, cached=7861850112, shared=74309632)
SWAP usage: sswap(total=34263265280, used=0, free=34263265280, percent=0.0, sin=0, sout=0)
          types |   # objects |   total size
=============== | =========== | ============
  <class 'bytes |           9 |    895     B
   <class 'list |           0 |    176     B
    <class 'int |          -2 |    -56     B
iter = 185
CPU usage (% each core): [14.9, 14.9, 14.7, 14.7, 13.9, 13.7, 11.9, 100.0]
RAM usage: svmem(total=33615839232, available=18388697088, percent=45.3, used=14739451904, free=10069667840, active=18594021376, inactive=3601760256, buffers=944869376, cached=7861850112, shared=74309632)
SWAP usage: sswap(total=34263265280, used=0, free=34263265280, percent=0.0, sin=0, sout=0)
          types |   # objects |   total size
=============== | =========== | ============
  <class 'bytes |           9 |    895     B
   <class 'list |           0 |    200     B
    <class 'int |           2 |     56     B
iter = 186
CPU usage (% each core): [11.9, 14.6, 13.7, 13.7, 13.6, 13.7, 13.7, 100.0]
RAM usage: svmem(total=33615839232, available=18388606976, percent=45.3, used=14739542016, free=10069577728, active=18594021376, inactive=3601760256, buffers=944869376, cached=7861850112, shared=74309632)
SWAP usage: sswap(total=34263265280, used=0, free=34263265280, percent=0.0, sin=0, sout=0)
          types |   # objects |   total size
=============== | =========== | ============
  <class 'bytes |           9 |    895     B
    <class 'int |          -2 |    -56     B
iter = 187
CPU usage (% each core): [12.4, 12.6, 13.3, 12.2, 12.2, 12.2, 11.3, 100.0]
RAM usage: svmem(total=33615839232, available=18388951040, percent=45.3, used=14739197952, free=10069921792, active=18594013184, inactive=3601760256, buffers=944869376, cached=7861850112, shared=74309632)
SWAP usage: sswap(total=34263265280, used=0, free=34263265280, percent=0.0, sin=0, sout=0)
          types |   # objects |   total size
=============== | =========== | ============
  <class 'bytes |           8 |    818     B
   <class 'list |           0 |    224     B
    <class 'int |           2 |     56     B
iter = 188
CPU usage (% each core): [17.0, 16.8, 17.0, 17.0, 18.9, 17.9, 17.9, 100.0]
RAM usage: svmem(total=33615839232, available=18388787200, percent=45.3, used=14739361792, free=10069757952, active=18594312192, inactive=3601760256, buffers=944869376, cached=7861850112, shared=74309632)
SWAP usage: sswap(total=34263265280, used=0, free=34263265280, percent=0.0, sin=0, sout=0)
          types |   # objects |   total size
=============== | =========== | ============
  <class 'bytes |           9 |    895     B
   <class 'list |           0 |    256     B
iter = 189
CPU usage (% each core): [13.1, 100.0, 14.0, 15.0, 13.9, 14.7, 13.9, 14.7]
RAM usage: svmem(total=33615839232, available=18388664320, percent=45.3, used=14739484672, free=10069635072, active=18593988608, inactive=3601760256, buffers=944869376, cached=7861850112, shared=74309632)
SWAP usage: sswap(total=34263265280, used=0, free=34263265280, percent=0.0, sin=0, sout=0)
          types |   # objects |   total size
=============== | =========== | ============
  <class 'bytes |           8 |    818     B
    <class 'int |          -1 |    -28     B
iter = 190
CPU usage (% each core): [100.0, 16.3, 15.2, 15.1, 15.2, 14.4, 14.3, 15.4]
RAM usage: svmem(total=33615839232, available=18388250624, percent=45.3, used=14739898368, free=10069221376, active=18593988608, inactive=3601760256, buffers=944869376, cached=7861850112, shared=74309632)
SWAP usage: sswap(total=34263265280, used=0, free=34263265280, percent=0.0, sin=0, sout=0)
          types |   # objects |   total size
=============== | =========== | ============
  <class 'bytes |           8 |    818     B
   <class 'list |           0 |    288     B
iter = 191
CPU usage (% each core): [100.0, 13.0, 13.9, 13.7, 12.9, 13.7, 13.7, 11.9]
RAM usage: svmem(total=33615839232, available=18388455424, percent=45.3, used=14739693568, free=10069417984, active=18594025472, inactive=3601764352, buffers=944869376, cached=7861858304, shared=74309632)
SWAP usage: sswap(total=34263265280, used=0, free=34263265280, percent=0.0, sin=0, sout=0)
          types |   # objects |     total size
=============== | =========== | ==============
    <class 'int |           1 |       28     B
   <class 'list |           0 |    -2024     B
  <class 'bytes |        -112 |   -11258     B
iter = 192
CPU usage (% each core): [100.0, 14.0, 14.1, 14.1, 14.0, 13.1, 13.3, 15.0]
RAM usage: svmem(total=33615839232, available=18388582400, percent=45.3, used=14739566592, free=10069544960, active=18594025472, inactive=3601764352, buffers=944869376, cached=7861858304, shared=74309632)
SWAP usage: sswap(total=34263265280, used=0, free=34263265280, percent=0.0, sin=0, sout=0)
          types |   # objects |   total size
=============== | =========== | ============
  <class 'bytes |           9 |    905     B
   <class 'list |           0 |    152     B
    <class 'int |          -2 |    -56     B
iter = 193
CPU usage (% each core): [100.0, 14.7, 14.7, 15.5, 14.6, 14.7, 15.5, 14.6]
RAM usage: svmem(total=33615839232, available=18388647936, percent=45.3, used=14739501056, free=10069610496, active=18593992704, inactive=3601764352, buffers=944869376, cached=7861858304, shared=74309632)
SWAP usage: sswap(total=34263265280, used=0, free=34263265280, percent=0.0, sin=0, sout=0)
          types |   # objects |   total size
=============== | =========== | ============
  <class 'bytes |           9 |    895     B
   <class 'list |           0 |    184     B
    <class 'int |           1 |     28     B
iter = 194
CPU usage (% each core): [100.0, 17.1, 16.2, 17.0, 16.2, 17.0, 17.0, 16.2]
RAM usage: svmem(total=33615839232, available=18388520960, percent=45.3, used=14739628032, free=10069483520, active=18593992704, inactive=3601764352, buffers=944869376, cached=7861858304, shared=74309632)
SWAP usage: sswap(total=34263265280, used=0, free=34263265280, percent=0.0, sin=0, sout=0)
          types |   # objects |   total size
=============== | =========== | ============
  <class 'bytes |           9 |    895     B
   <class 'list |           0 |    112     B
iter = 195
CPU usage (% each core): [100.0, 14.9, 15.0, 12.9, 13.9, 13.9, 13.9, 13.9]
RAM usage: svmem(total=33615839232, available=18388774912, percent=45.3, used=14739374080, free=10069737472, active=18593992704, inactive=3601764352, buffers=944869376, cached=7861858304, shared=74309632)
SWAP usage: sswap(total=34263265280, used=0, free=34263265280, percent=0.0, sin=0, sout=0)
          types |   # objects |   total size
=============== | =========== | ============
  <class 'bytes |           8 |    818     B
   <class 'list |           0 |    128     B
    <class 'int |           1 |     28     B
iter = 196
CPU usage (% each core): [12.7, 14.9, 13.0, 13.1, 100.0, 12.9, 13.9, 13.7]
RAM usage: svmem(total=33615839232, available=18388647936, percent=45.3, used=14739501056, free=10069610496, active=18593992704, inactive=3601764352, buffers=944873472, cached=7861854208, shared=74309632)
SWAP usage: sswap(total=34263265280, used=0, free=34263265280, percent=0.0, sin=0, sout=0)
          types |   # objects |   total size
=============== | =========== | ============
  <class 'bytes |           9 |    895     B
   <class 'list |           0 |    144     B
iter = 197
CPU usage (% each core): [100.0, 16.3, 17.5, 18.3, 15.7, 16.3, 16.5, 15.7]
RAM usage: svmem(total=33615839232, available=18388652032, percent=45.3, used=14739496960, free=10069610496, active=18593996800, inactive=3601764352, buffers=944873472, cached=7861858304, shared=74309632)
SWAP usage: sswap(total=34263265280, used=0, free=34263265280, percent=0.0, sin=0, sout=0)
          types |   # objects |   total size
=============== | =========== | ============
  <class 'bytes |           8 |    818     B
   <class 'list |           0 |    160     B
    <class 'int |          -1 |    -28     B
iter = 198
CPU usage (% each core): [100.0, 15.8, 14.7, 13.9, 16.3, 15.7, 15.8, 15.5]
RAM usage: svmem(total=33615839232, available=18388336640, percent=45.3, used=14739812352, free=10069295104, active=18594045952, inactive=3601764352, buffers=944873472, cached=7861858304, shared=74309632)
SWAP usage: sswap(total=34263265280, used=0, free=34263265280, percent=0.0, sin=0, sout=0)
          types |   # objects |   total size
=============== | =========== | ============
  <class 'bytes |           9 |    895     B
   <class 'list |           0 |    176     B
iter = 199
CPU usage (% each core): [100.0, 16.7, 16.8, 15.8, 15.2, 16.0, 16.7, 16.0]
RAM usage: svmem(total=33615839232, available=18388430848, percent=45.3, used=14739718144, free=10069389312, active=18594099200, inactive=3601764352, buffers=944873472, cached=7861858304, shared=74309632)
SWAP usage: sswap(total=34263265280, used=0, free=34263265280, percent=0.0, sin=0, sout=0)
          types |   # objects |   total size
=============== | =========== | ============
  <class 'bytes |           8 |    818     B
   <class 'list |           0 |    200     B
    <class 'int |           1 |     28     B
iter = 200
CPU usage (% each core): [100.0, 15.4, 17.1, 17.0, 17.0, 16.2, 16.2, 15.1]
RAM usage: svmem(total=33615839232, available=18388430848, percent=45.3, used=14739718144, free=10069389312, active=18594099200, inactive=3601764352, buffers=944873472, cached=7861858304, shared=74309632)
SWAP usage: sswap(total=34263265280, used=0, free=34263265280, percent=0.0, sin=0, sout=0)
          types |   # objects |   total size
=============== | =========== | ============
  <class 'bytes |           9 |    895     B
    <class 'int |          -1 |    -28     B
iter = 201
CPU usage (% each core): [14.2, 11.5, 14.2, 100.0, 13.2, 12.4, 11.4, 10.5]
RAM usage: svmem(total=33615839232, available=18388758528, percent=45.3, used=14739390464, free=10069716992, active=18594107392, inactive=3601764352, buffers=944873472, cached=7861858304, shared=74309632)
SWAP usage: sswap(total=34263265280, used=0, free=34263265280, percent=0.0, sin=0, sout=0)
          types |   # objects |   total size
=============== | =========== | ============
  <class 'bytes |           8 |    818     B
   <class 'list |           0 |    224     B
    <class 'int |          -1 |    -28     B
iter = 202
CPU usage (% each core): [10.4, 12.2, 11.2, 100.0, 11.2, 11.2, 11.2, 8.2]
RAM usage: svmem(total=33615839232, available=18388430848, percent=45.3, used=14739718144, free=10069389312, active=18594107392, inactive=3601764352, buffers=944873472, cached=7861858304, shared=74309632)
SWAP usage: sswap(total=34263265280, used=0, free=34263265280, percent=0.0, sin=0, sout=0)
          types |   # objects |   total size
=============== | =========== | ============
  <class 'bytes |           9 |    894     B
   <class 'list |           0 |    256     B
    <class 'int |           1 |     28     B
iter = 203
CPU usage (% each core): [13.4, 10.3, 12.5, 100.0, 10.5, 12.4, 11.5, 9.4]
RAM usage: svmem(total=33615839232, available=18388430848, percent=45.3, used=14739718144, free=10069389312, active=18594140160, inactive=3601764352, buffers=944873472, cached=7861858304, shared=74309632)
SWAP usage: sswap(total=34263265280, used=0, free=34263265280, percent=0.0, sin=0, sout=0)
          types |   # objects |   total size
=============== | =========== | ============
  <class 'bytes |           9 |    894     B
iter = 204
CPU usage (% each core): [14.1, 12.4, 12.1, 100.0, 13.1, 13.1, 14.0, 13.1]
RAM usage: svmem(total=33615839232, available=18388525056, percent=45.3, used=14739623936, free=10069483520, active=18594189312, inactive=3601764352, buffers=944873472, cached=7861858304, shared=74309632)
SWAP usage: sswap(total=34263265280, used=0, free=34263265280, percent=0.0, sin=0, sout=0)
          types |   # objects |   total size
=============== | =========== | ============
  <class 'bytes |           7 |    741     B
   <class 'list |           0 |    288     B
iter = 205
CPU usage (% each core): [14.3, 13.3, 13.3, 13.4, 15.2, 13.3, 13.4, 100.0]
RAM usage: svmem(total=33615839232, available=18388557824, percent=45.3, used=14739591168, free=10069516288, active=18594197504, inactive=3601764352, buffers=944873472, cached=7861858304, shared=74309632)
SWAP usage: sswap(total=34263265280, used=0, free=34263265280, percent=0.0, sin=0, sout=0)
          types |   # objects |     total size
=============== | =========== | ==============
   <class 'dict |           0 |       12.00 KB
   <class 'list |           0 |    -2024     B
  <class 'bytes |        -112 |   -11258     B
iter = 206
CPU usage (% each core): [11.5, 11.3, 11.3, 100.0, 10.3, 10.3, 12.1, 11.3]
RAM usage: svmem(total=33615839232, available=18388598784, percent=45.3, used=14739550208, free=10069549056, active=18594185216, inactive=3601768448, buffers=944873472, cached=7861866496, shared=74309632)
SWAP usage: sswap(total=34263265280, used=0, free=34263265280, percent=0.0, sin=0, sout=0)
          types |   # objects |   total size
=============== | =========== | ============
  <class 'bytes |           9 |    905     B
   <class 'list |           0 |    152     B
    <class 'int |          -1 |    -28     B
iter = 207
CPU usage (% each core): [15.0, 14.1, 15.0, 100.0, 14.1, 14.1, 13.3, 13.1]
RAM usage: svmem(total=33615839232, available=18388631552, percent=45.3, used=14739517440, free=10069581824, active=18594185216, inactive=3601768448, buffers=944873472, cached=7861866496, shared=74309632)
SWAP usage: sswap(total=34263265280, used=0, free=34263265280, percent=0.0, sin=0, sout=0)
          types |   # objects |   total size
=============== | =========== | ============
  <class 'bytes |           9 |    895     B
   <class 'list |           0 |    184     B
    <class 'int |           1 |     28     B
iter = 208
CPU usage (% each core): [12.9, 12.7, 13.7, 13.6, 12.6, 13.7, 13.7, 100.0]
RAM usage: svmem(total=33615839232, available=18388361216, percent=45.3, used=14739787776, free=10069311488, active=18594181120, inactive=3601768448, buffers=944873472, cached=7861866496, shared=74309632)
SWAP usage: sswap(total=34263265280, used=0, free=34263265280, percent=0.0, sin=0, sout=0)
          types |   # objects |   total size
=============== | =========== | ============
  <class 'bytes |           9 |    895     B
   <class 'list |           0 |    112     B
iter = 209
CPU usage (% each core): [11.6, 11.6, 11.6, 8.5, 10.6, 10.5, 12.4, 100.0]
RAM usage: svmem(total=33615839232, available=18388373504, percent=45.3, used=14739775488, free=10069323776, active=18594181120, inactive=3601768448, buffers=944873472, cached=7861866496, shared=74309632)
SWAP usage: sswap(total=34263265280, used=0, free=34263265280, percent=0.0, sin=0, sout=0)
          types |   # objects |   total size
=============== | =========== | ============
  <class 'bytes |           8 |    817     B
   <class 'list |           0 |    128     B
    <class 'int |           1 |     28     B
iter = 210
CPU usage (% each core): [15.5, 13.7, 11.8, 13.6, 13.7, 14.6, 12.9, 100.0]
RAM usage: svmem(total=33615839232, available=18388344832, percent=45.3, used=14739804160, free=10069295104, active=18594230272, inactive=3601768448, buffers=944873472, cached=7861866496, shared=74309632)
SWAP usage: sswap(total=34263265280, used=0, free=34263265280, percent=0.0, sin=0, sout=0)
          types |   # objects |   total size
=============== | =========== | ============
  <class 'bytes |           9 |    895     B
   <class 'list |           0 |    144     B
    <class 'int |          -1 |    -28     B
iter = 211
CPU usage (% each core): [13.0, 11.1, 12.4, 100.0, 12.1, 12.2, 12.2, 12.1]
RAM usage: svmem(total=33615839232, available=18388123648, percent=45.3, used=14740025344, free=10069073920, active=18594267136, inactive=3601768448, buffers=944873472, cached=7861866496, shared=74309632)
SWAP usage: sswap(total=34263265280, used=0, free=34263265280, percent=0.0, sin=0, sout=0)
          types |   # objects |   total size
=============== | =========== | ============
  <class 'bytes |           9 |    895     B
   <class 'list |           0 |    160     B
    <class 'int |           1 |     28     B
iter = 212
CPU usage (% each core): [12.1, 11.9, 12.9, 100.0, 12.0, 12.1, 11.9, 12.0]
RAM usage: svmem(total=33615839232, available=18388123648, percent=45.3, used=14740025344, free=10069073920, active=18594267136, inactive=3601768448, buffers=944873472, cached=7861866496, shared=74309632)
SWAP usage: sswap(total=34263265280, used=0, free=34263265280, percent=0.0, sin=0, sout=0)
          types |   # objects |   total size
=============== | =========== | ============
  <class 'bytes |           9 |    895     B
   <class 'list |           0 |    176     B
    <class 'int |          -1 |    -28     B
iter = 213
CPU usage (% each core): [11.6, 11.6, 11.6, 100.0, 11.6, 11.5, 7.3, 10.6]
RAM usage: svmem(total=33615839232, available=18388283392, percent=45.3, used=14739865600, free=10069233664, active=18594234368, inactive=3601768448, buffers=944873472, cached=7861866496, shared=74309632)
SWAP usage: sswap(total=34263265280, used=0, free=34263265280, percent=0.0, sin=0, sout=0)
          types |   # objects |   total size
=============== | =========== | ============
  <class 'bytes |           9 |    894     B
   <class 'list |           0 |    200     B
    <class 'int |           1 |     28     B
iter = 214
CPU usage (% each core): [14.7, 12.9, 14.0, 100.0, 15.7, 14.9, 9.0, 15.5]
RAM usage: svmem(total=33615839232, available=18388189184, percent=45.3, used=14739959808, free=10069139456, active=18594234368, inactive=3601768448, buffers=944877568, cached=7861862400, shared=74309632)
SWAP usage: sswap(total=34263265280, used=0, free=34263265280, percent=0.0, sin=0, sout=0)
          types |   # objects |   total size
=============== | =========== | ============
  <class 'bytes |           9 |    894     B
    <class 'int |          -1 |    -28     B
iter = 215
CPU usage (% each core): [15.7, 14.7, 15.5, 14.4, 13.7, 14.7, 12.6, 100.0]
RAM usage: svmem(total=33615839232, available=18388099072, percent=45.3, used=14740045824, free=10069049344, active=18594234368, inactive=3601768448, buffers=944877568, cached=7861866496, shared=74309632)
SWAP usage: sswap(total=34263265280, used=0, free=34263265280, percent=0.0, sin=0, sout=0)
          types |   # objects |   total size
=============== | =========== | ============
  <class 'bytes |           8 |    818     B
   <class 'list |           0 |    224     B
    <class 'int |           1 |     28     B
iter = 216
CPU usage (% each core): [12.2, 11.3, 11.3, 100.0, 11.3, 10.4, 11.5, 10.4]
RAM usage: svmem(total=33615839232, available=18388180992, percent=45.3, used=14739963904, free=10069131264, active=18592161792, inactive=3601768448, buffers=944877568, cached=7861866496, shared=74309632)
SWAP usage: sswap(total=34263265280, used=0, free=34263265280, percent=0.0, sin=0, sout=0)
          types |   # objects |   total size
=============== | =========== | ============
  <class 'bytes |           9 |    895     B
   <class 'list |           0 |    256     B
    <class 'int |          -1 |    -28     B
iter = 217
CPU usage (% each core): [12.0, 14.1, 14.0, 100.0, 12.0, 12.9, 12.9, 13.0]
RAM usage: svmem(total=33615839232, available=18381983744, percent=45.3, used=14746161152, free=10062934016, active=18599256064, inactive=3601768448, buffers=944877568, cached=7861866496, shared=74309632)
SWAP usage: sswap(total=34263265280, used=0, free=34263265280, percent=0.0, sin=0, sout=0)
          types |   # objects |   total size
=============== | =========== | ============
  <class 'bytes |           9 |    895     B
iter = 218
CPU usage (% each core): [14.9, 11.9, 12.7, 100.0, 12.0, 13.9, 13.9, 14.7]
RAM usage: svmem(total=33615839232, available=18381131776, percent=45.3, used=14747017216, free=10062077952, active=18599391232, inactive=3601768448, buffers=944877568, cached=7861866496, shared=74309632)
SWAP usage: sswap(total=34263265280, used=0, free=34263265280, percent=0.0, sin=0, sout=0)
          types |   # objects |   total size
=============== | =========== | ============
  <class 'bytes |           7 |    741     B
   <class 'list |           0 |    288     B
    <class 'int |           1 |     28     B
iter = 219
CPU usage (% each core): [14.1, 15.0, 14.3, 11.2, 12.1, 13.3, 12.2, 100.0]
RAM usage: svmem(total=33615839232, available=18380779520, percent=45.3, used=14747369472, free=10061725696, active=18599391232, inactive=3601768448, buffers=944877568, cached=7861866496, shared=74309632)
SWAP usage: sswap(total=34263265280, used=0, free=34263265280, percent=0.0, sin=0, sout=0)
          types |   # objects |     total size
=============== | =========== | ==============
   <class 'list |           0 |    -2024     B
  <class 'bytes |        -111 |   -11180     B
iter = 220
CPU usage (% each core): [12.5, 12.5, 11.6, 5.3, 11.5, 11.5, 11.3, 100.0]
RAM usage: svmem(total=33615839232, available=18380853248, percent=45.3, used=14747295744, free=10061791232, active=18599395328, inactive=3601772544, buffers=944877568, cached=7861874688, shared=74309632)
SWAP usage: sswap(total=34263265280, used=0, free=34263265280, percent=0.0, sin=0, sout=0)
          types |   # objects |   total size
=============== | =========== | ============
  <class 'bytes |           8 |    825     B
   <class 'list |           0 |    152     B
    <class 'int |          -2 |    -56     B
iter = 221
CPU usage (% each core): [11.5, 11.6, 12.5, 7.3, 11.6, 12.4, 9.5, 100.0]
RAM usage: svmem(total=33615839232, available=18380853248, percent=45.3, used=14747295744, free=10061791232, active=18599370752, inactive=3601772544, buffers=944877568, cached=7861874688, shared=74309632)
SWAP usage: sswap(total=34263265280, used=0, free=34263265280, percent=0.0, sin=0, sout=0)
          types |   # objects |   total size
=============== | =========== | ============
  <class 'bytes |           9 |    893     B
   <class 'list |           0 |    184     B
    <class 'int |           2 |     56     B
iter = 222
CPU usage (% each core): [11.7, 11.7, 11.6, 8.4, 12.6, 11.6, 12.8, 100.0]
RAM usage: svmem(total=33615839232, available=18380763136, percent=45.3, used=14747385856, free=10061701120, active=18599370752, inactive=3601772544, buffers=944877568, cached=7861874688, shared=74309632)
SWAP usage: sswap(total=34263265280, used=0, free=34263265280, percent=0.0, sin=0, sout=0)
          types |   # objects |   total size
=============== | =========== | ============
  <class 'bytes |           9 |    894     B
   <class 'list |           0 |    112     B
iter = 223
CPU usage (% each core): [15.3, 13.5, 14.4, 12.4, 13.5, 12.5, 13.4, 100.0]
RAM usage: svmem(total=33615839232, available=18380337152, percent=45.3, used=14747811840, free=10061275136, active=18599669760, inactive=3601772544, buffers=944877568, cached=7861874688, shared=74309632)
SWAP usage: sswap(total=34263265280, used=0, free=34263265280, percent=0.0, sin=0, sout=0)
          types |   # objects |   total size
=============== | =========== | ============
  <class 'bytes |           8 |    818     B
   <class 'list |           0 |    128     B
iter = 224
CPU usage (% each core): [13.5, 13.4, 14.4, 11.3, 14.3, 12.5, 14.4, 100.0]
RAM usage: svmem(total=33615839232, available=18380886016, percent=45.3, used=14747262976, free=10061824000, active=18599403520, inactive=3601772544, buffers=944877568, cached=7861874688, shared=74309632)
SWAP usage: sswap(total=34263265280, used=0, free=34263265280, percent=0.0, sin=0, sout=0)
          types |   # objects |   total size
=============== | =========== | ============
  <class 'bytes |           8 |    818     B
   <class 'list |           0 |    144     B
    <class 'int |          -1 |    -28     B
iter = 225
CPU usage (% each core): [10.1, 12.9, 12.9, 12.9, 13.0, 11.9, 12.9, 100.0]
RAM usage: svmem(total=33615839232, available=18380886016, percent=45.3, used=14747258880, free=10061824000, active=18599407616, inactive=3601772544, buffers=944881664, cached=7861874688, shared=74309632)
SWAP usage: sswap(total=34263265280, used=0, free=34263265280, percent=0.0, sin=0, sout=0)
          types |   # objects |   total size
=============== | =========== | ============
  <class 'bytes |           9 |    895     B
   <class 'list |           0 |    160     B
    <class 'int |           1 |     28     B
iter = 226
CPU usage (% each core): [14.1, 15.3, 13.4, 100.0, 13.3, 13.1, 13.3, 12.1]
RAM usage: svmem(total=33615839232, available=18380431360, percent=45.3, used=14747713536, free=10061369344, active=18599407616, inactive=3601772544, buffers=944881664, cached=7861874688, shared=74309632)
SWAP usage: sswap(total=34263265280, used=0, free=34263265280, percent=0.0, sin=0, sout=0)
          types |   # objects |   total size
=============== | =========== | ============
  <class 'bytes |           9 |    895     B
   <class 'list |           0 |    176     B
    <class 'int |          -2 |    -56     B
iter = 227
CPU usage (% each core): [11.9, 14.0, 13.9, 100.0, 13.9, 12.0, 10.9, 13.9]
RAM usage: svmem(total=33615839232, available=18381238272, percent=45.3, used=14746906624, free=10062176256, active=18599399424, inactive=3601772544, buffers=944881664, cached=7861874688, shared=74309632)
SWAP usage: sswap(total=34263265280, used=0, free=34263265280, percent=0.0, sin=0, sout=0)
          types |   # objects |   total size
=============== | =========== | ============
  <class 'bytes |           9 |    895     B
   <class 'list |           0 |    200     B
    <class 'int |           2 |     56     B
iter = 228
CPU usage (% each core): [14.1, 15.2, 14.3, 12.1, 13.3, 14.1, 14.1, 100.0]
RAM usage: svmem(total=33615839232, available=18381234176, percent=45.3, used=14746914816, free=10062168064, active=18601504768, inactive=3601772544, buffers=944881664, cached=7861874688, shared=74309632)
SWAP usage: sswap(total=34263265280, used=0, free=34263265280, percent=0.0, sin=0, sout=0)
          types |   # objects |   total size
=============== | =========== | ============
  <class 'bytes |           9 |    895     B
    <class 'int |          -1 |    -28     B
iter = 229
CPU usage (% each core): [14.9, 13.9, 13.9, 13.0, 13.0, 13.9, 13.9, 100.0]
RAM usage: svmem(total=33615839232, available=18381398016, percent=45.3, used=14746750976, free=10062331904, active=18601443328, inactive=3601772544, buffers=944881664, cached=7861874688, shared=74309632)
SWAP usage: sswap(total=34263265280, used=0, free=34263265280, percent=0.0, sin=0, sout=0)
          types |   # objects |   total size
=============== | =========== | ============
  <class 'bytes |           8 |    818     B
   <class 'list |           0 |    224     B
    <class 'int |           1 |     28     B
iter = 230
CPU usage (% each core): [12.4, 12.2, 11.2, 100.0, 13.0, 11.2, 12.2, 11.1]
RAM usage: svmem(total=33615839232, available=18380521472, percent=45.3, used=14747627520, free=10061455360, active=18602086400, inactive=3601768448, buffers=944881664, cached=7861874688, shared=74309632)
SWAP usage: sswap(total=34263265280, used=0, free=34263265280, percent=0.0, sin=0, sout=0)
          types |   # objects |   total size
=============== | =========== | ============
  <class 'bytes |           9 |    895     B
   <class 'list |           0 |    256     B
iter = 231
CPU usage (% each core): [12.5, 13.5, 13.3, 100.0, 11.6, 11.5, 10.4, 11.5]
RAM usage: svmem(total=33615839232, available=18381082624, percent=45.3, used=14747062272, free=10062016512, active=18601754624, inactive=3601772544, buffers=944881664, cached=7861878784, shared=74313728)
SWAP usage: sswap(total=34263265280, used=0, free=34263265280, percent=0.0, sin=0, sout=0)
          types |   # objects |   total size
=============== | =========== | ============
  <class 'bytes |           8 |    818     B
    <class 'int |          -1 |    -28     B
iter = 232
CPU usage (% each core): [14.6, 14.6, 9.8, 100.0, 13.7, 14.6, 14.6, 13.6]
RAM usage: svmem(total=33615839232, available=18381234176, percent=45.3, used=14746914816, free=10062168064, active=18601512960, inactive=3601768448, buffers=944881664, cached=7861874688, shared=74309632)
SWAP usage: sswap(total=34263265280, used=0, free=34263265280, percent=0.0, sin=0, sout=0)
          types |   # objects |   total size
=============== | =========== | ============
  <class 'bytes |           8 |    817     B
   <class 'list |           0 |    288     B
    <class 'int |           1 |     28     B
iter = 233
CPU usage (% each core): [14.4, 12.5, 15.5, 100.0, 17.0, 15.4, 16.2, 15.4]
RAM usage: svmem(total=33615839232, available=18381279232, percent=45.3, used=14746869760, free=10062204928, active=18601345024, inactive=3601772544, buffers=944881664, cached=7861882880, shared=74309632)
SWAP usage: sswap(total=34263265280, used=0, free=34263265280, percent=0.0, sin=0, sout=0)
          types |   # objects |     total size
=============== | =========== | ==============
    <class 'int |          -1 |      -28     B
   <class 'list |           0 |    -2024     B
  <class 'bytes |        -111 |   -11176     B
iter = 234
CPU usage (% each core): [25.0, 26.8, 20.6, 100.0, 20.2, 20.2, 23.7, 12.2]
RAM usage: svmem(total=33615839232, available=18381393920, percent=45.3, used=14746755072, free=10062319616, active=18601488384, inactive=3601772544, buffers=944881664, cached=7861882880, shared=74309632)
SWAP usage: sswap(total=34263265280, used=0, free=34263265280, percent=0.0, sin=0, sout=0)
          types |   # objects |   total size
=============== | =========== | ============
  <class 'bytes |           9 |    905     B
   <class 'list |           0 |    152     B
    <class 'int |          -1 |    -28     B
iter = 235
CPU usage (% each core): [24.0, 24.2, 23.2, 100.0, 21.4, 20.2, 21.2, 12.0]
RAM usage: svmem(total=33615839232, available=18381426688, percent=45.3, used=14746722304, free=10062352384, active=18601771008, inactive=3601772544, buffers=944885760, cached=7861878784, shared=74309632)
SWAP usage: sswap(total=34263265280, used=0, free=34263265280, percent=0.0, sin=0, sout=0)
          types |   # objects |   total size
=============== | =========== | ============
  <class 'bytes |           9 |    895     B
   <class 'list |           0 |    184     B
    <class 'int |           1 |     28     B
iter = 236
CPU usage (% each core): [14.3, 15.2, 14.1, 100.0, 13.1, 12.4, 13.4, 11.1]
RAM usage: svmem(total=33615839232, available=18380865536, percent=45.3, used=14747283456, free=10061787136, active=18599911424, inactive=3601772544, buffers=944885760, cached=7861882880, shared=74309632)
SWAP usage: sswap(total=34263265280, used=0, free=34263265280, percent=0.0, sin=0, sout=0)
          types |   # objects |   total size
=============== | =========== | ============
  <class 'bytes |           9 |    895     B
   <class 'list |           0 |    112     B
    <class 'int |           1 |     28     B
iter = 237
CPU usage (% each core): [15.8, 12.6, 16.5, 100.0, 12.8, 14.4, 18.6, 11.6]
RAM usage: svmem(total=33615839232, available=18380341248, percent=45.3, used=14747807744, free=10061262848, active=18599723008, inactive=3601772544, buffers=944885760, cached=7861882880, shared=74309632)
SWAP usage: sswap(total=34263265280, used=0, free=34263265280, percent=0.0, sin=0, sout=0)
          types |   # objects |   total size
=============== | =========== | ============
  <class 'bytes |           9 |    895     B
   <class 'list |           0 |    128     B
    <class 'int |          -1 |    -28     B
iter = 238
CPU usage (% each core): [20.0, 19.4, 13.3, 100.0, 16.0, 16.2, 23.2, 11.0]
RAM usage: svmem(total=33615839232, available=18380271616, percent=45.3, used=14747877376, free=10061193216, active=18602418176, inactive=3601772544, buffers=944885760, cached=7861882880, shared=74309632)
SWAP usage: sswap(total=34263265280, used=0, free=34263265280, percent=0.0, sin=0, sout=0)
          types |   # objects |   total size
=============== | =========== | ============
  <class 'bytes |           9 |    895     B
   <class 'list |           0 |    144     B
iter = 239
CPU usage (% each core): [19.4, 25.5, 22.2, 100.0, 17.0, 17.2, 18.2, 14.1]
RAM usage: svmem(total=33615839232, available=18380247040, percent=45.3, used=14747901952, free=10061168640, active=18602086400, inactive=3601772544, buffers=944885760, cached=7861882880, shared=74309632)
SWAP usage: sswap(total=34263265280, used=0, free=34263265280, percent=0.0, sin=0, sout=0)
          types |   # objects |   total size
=============== | =========== | ============
  <class 'bytes |           8 |    818     B
   <class 'list |           0 |    160     B
iter = 240
CPU usage (% each core): [19.8, 15.6, 17.5, 100.0, 12.5, 14.1, 13.3, 11.2]
RAM usage: svmem(total=33615839232, available=18380451840, percent=45.3, used=14747697152, free=10061373440, active=18602168320, inactive=3601772544, buffers=944885760, cached=7861882880, shared=74309632)
SWAP usage: sswap(total=34263265280, used=0, free=34263265280, percent=0.0, sin=0, sout=0)
          types |   # objects |   total size
=============== | =========== | ============
  <class 'bytes |           8 |    818     B
   <class 'list |           0 |    176     B
iter = 241
CPU usage (% each core): [20.6, 17.7, 20.6, 100.0, 15.3, 14.4, 13.5, 10.4]
RAM usage: svmem(total=33615839232, available=18380324864, percent=45.3, used=14747824128, free=10061246464, active=18602168320, inactive=3601772544, buffers=944885760, cached=7861882880, shared=74309632)
SWAP usage: sswap(total=34263265280, used=0, free=34263265280, percent=0.0, sin=0, sout=0)
          types |   # objects |   total size
=============== | =========== | ============
  <class 'bytes |           8 |    818     B
   <class 'list |           0 |    200     B
    <class 'int |           1 |     28     B
iter = 242
CPU usage (% each core): [20.6, 17.2, 13.4, 100.0, 15.5, 13.4, 13.4, 11.2]
RAM usage: svmem(total=33615839232, available=18381250560, percent=45.3, used=14746898432, free=10062172160, active=18601873408, inactive=3601772544, buffers=944885760, cached=7861882880, shared=74309632)
SWAP usage: sswap(total=34263265280, used=0, free=34263265280, percent=0.0, sin=0, sout=0)
          types |   # objects |   total size
=============== | =========== | ============
  <class 'bytes |           9 |    895     B
    <class 'int |          -1 |    -28     B
iter = 243
CPU usage (% each core): [18.1, 14.6, 15.5, 100.0, 13.5, 13.6, 13.5, 14.6]
RAM usage: svmem(total=33615839232, available=18381623296, percent=45.3, used=14746525696, free=10062544896, active=18602270720, inactive=3601772544, buffers=944885760, cached=7861882880, shared=74309632)
SWAP usage: sswap(total=34263265280, used=0, free=34263265280, percent=0.0, sin=0, sout=0)
          types |   # objects |   total size
=============== | =========== | ============
  <class 'bytes |           8 |    818     B
   <class 'list |           0 |    224     B
    <class 'int |           1 |     28     B
iter = 244
CPU usage (% each core): [19.8, 16.0, 16.0, 100.0, 14.9, 15.8, 15.8, 15.3]
RAM usage: svmem(total=33615839232, available=18381832192, percent=45.3, used=14746316800, free=10062753792, active=18602000384, inactive=3601772544, buffers=944885760, cached=7861882880, shared=74309632)
SWAP usage: sswap(total=34263265280, used=0, free=34263265280, percent=0.0, sin=0, sout=0)
          types |   # objects |   total size
=============== | =========== | ============
  <class 'bytes |           9 |    895     B
   <class 'list |           0 |    256     B
iter = 245
CPU usage (% each core): [19.8, 15.0, 14.0, 19.6, 14.2, 13.3, 100.0, 16.0]
RAM usage: svmem(total=33615839232, available=18381619200, percent=45.3, used=14746529792, free=10062540800, active=18602000384, inactive=3601772544, buffers=944885760, cached=7861882880, shared=74309632)
SWAP usage: sswap(total=34263265280, used=0, free=34263265280, percent=0.0, sin=0, sout=0)
          types |   # objects |   total size
=============== | =========== | ============
  <class 'bytes |           8 |    818     B
    <class 'int |          -1 |    -28     B
iter = 246
CPU usage (% each core): [19.6, 15.8, 15.8, 14.6, 15.7, 16.3, 99.0, 16.5]
RAM usage: svmem(total=33615839232, available=18372935680, percent=45.3, used=14755213312, free=10053857280, active=18608709632, inactive=3601776640, buffers=944885760, cached=7861882880, shared=74309632)
SWAP usage: sswap(total=34263265280, used=0, free=34263265280, percent=0.0, sin=0, sout=0)
          types |   # objects |   total size
=============== | =========== | ============
  <class 'bytes |           8 |    817     B
   <class 'list |           0 |    288     B
    <class 'int |           1 |     28     B
iter = 247
CPU usage (% each core): [20.6, 20.8, 12.5, 17.9, 15.5, 15.5, 100.0, 15.5]
RAM usage: svmem(total=33615839232, available=18372288512, percent=45.3, used=14755860480, free=10053210112, active=18608537600, inactive=3601776640, buffers=944885760, cached=7861882880, shared=74309632)
SWAP usage: sswap(total=34263265280, used=0, free=34263265280, percent=0.0, sin=0, sout=0)
          types |   # objects |     total size
=============== | =========== | ==============
   <class 'list |           0 |    -2024     B
  <class 'bytes |        -110 |   -11105     B
iter = 248
CPU usage (% each core): [17.5, 14.7, 12.4, 15.6, 12.6, 15.8, 100.0, 13.4]
RAM usage: svmem(total=33615839232, available=18371284992, percent=45.3, used=14756864000, free=10052198400, active=18608844800, inactive=3601780736, buffers=944885760, cached=7861891072, shared=74309632)
SWAP usage: sswap(total=34263265280, used=0, free=34263265280, percent=0.0, sin=0, sout=0)
          types |   # objects |   total size
=============== | =========== | ============
  <class 'bytes |           8 |    826     B
   <class 'list |           0 |    152     B
    <class 'int |          -2 |    -56     B
iter = 249
CPU usage (% each core): [20.2, 23.0, 100.0, 17.3, 16.0, 15.2, 11.1, 15.5]
RAM usage: svmem(total=33615839232, available=18371575808, percent=45.3, used=14756573184, free=10052489216, active=18608521216, inactive=3601780736, buffers=944885760, cached=7861891072, shared=74309632)
SWAP usage: sswap(total=34263265280, used=0, free=34263265280, percent=0.0, sin=0, sout=0)
          types |   # objects |   total size
=============== | =========== | ============
  <class 'bytes |           9 |    895     B
   <class 'list |           0 |    184     B
    <class 'int |           1 |     28     B
iter = 250
CPU usage (% each core): [12.5, 22.4, 100.0, 16.2, 15.5, 14.4, 10.3, 14.1]
RAM usage: svmem(total=33615839232, available=18371756032, percent=45.3, used=14756392960, free=10052669440, active=18608521216, inactive=3601780736, buffers=944885760, cached=7861891072, shared=74309632)
SWAP usage: sswap(total=34263265280, used=0, free=34263265280, percent=0.0, sin=0, sout=0)
          types |   # objects |   total size
=============== | =========== | ============
  <class 'bytes |           9 |    895     B
   <class 'list |           0 |    112     B
    <class 'int |           1 |     28     B
iter = 251
CPU usage (% each core): [11.6, 16.8, 100.0, 20.6, 17.3, 16.7, 13.4, 14.4]
RAM usage: svmem(total=33615839232, available=18370822144, percent=45.4, used=14757326848, free=10051735552, active=18608820224, inactive=3601780736, buffers=944885760, cached=7861891072, shared=74309632)
SWAP usage: sswap(total=34263265280, used=0, free=34263265280, percent=0.0, sin=0, sout=0)
          types |   # objects |   total size
=============== | =========== | ============
  <class 'bytes |           9 |    895     B
   <class 'list |           0 |    128     B
    <class 'int |          -1 |    -28     B
iter = 252
CPU usage (% each core): [12.9, 14.9, 13.0, 15.0, 13.0, 9.9, 100.0, 19.8]
RAM usage: svmem(total=33615839232, available=18371690496, percent=45.3, used=14756458496, free=10052603904, active=18608553984, inactive=3601780736, buffers=944885760, cached=7861891072, shared=74309632)
SWAP usage: sswap(total=34263265280, used=0, free=34263265280, percent=0.0, sin=0, sout=0)
          types |   # objects |   total size
=============== | =========== | ============
  <class 'bytes |           9 |    894     B
   <class 'list |           0 |    144     B
    <class 'int |          -1 |    -28     B
iter = 253
CPU usage (% each core): [100.0, 14.2, 23.4, 15.2, 15.9, 14.8, 14.2, 17.9]
RAM usage: svmem(total=33615839232, available=18371829760, percent=45.3, used=14756319232, free=10052743168, active=18608570368, inactive=3601780736, buffers=944885760, cached=7861891072, shared=74309632)
SWAP usage: sswap(total=34263265280, used=0, free=34263265280, percent=0.0, sin=0, sout=0)
          types |   # objects |   total size
=============== | =========== | ============
  <class 'bytes |           9 |    895     B
   <class 'list |           0 |    160     B
    <class 'int |           1 |     28     B
iter = 254
CPU usage (% each core): [100.0, 12.4, 18.6, 19.2, 12.2, 15.5, 13.3, 13.4]
RAM usage: svmem(total=33615839232, available=18372374528, percent=45.3, used=14755774464, free=10053287936, active=18608549888, inactive=3601780736, buffers=944885760, cached=7861891072, shared=74309632)
SWAP usage: sswap(total=34263265280, used=0, free=34263265280, percent=0.0, sin=0, sout=0)
          types |   # objects |   total size
=============== | =========== | ============
  <class 'bytes |           9 |    895     B
   <class 'list |           0 |    176     B
iter = 255
CPU usage (% each core): [100.0, 15.5, 16.3, 15.6, 12.4, 13.5, 14.4, 18.6]
RAM usage: svmem(total=33615839232, available=18372603904, percent=45.3, used=14755545088, free=10053517312, active=18608549888, inactive=3601780736, buffers=944885760, cached=7861891072, shared=74309632)
SWAP usage: sswap(total=34263265280, used=0, free=34263265280, percent=0.0, sin=0, sout=0)
          types |   # objects |   total size
=============== | =========== | ============
  <class 'bytes |           8 |    818     B
   <class 'list |           0 |    200     B
    <class 'int |          -1 |    -28     B
iter = 256
CPU usage (% each core): [100.0, 22.7, 18.6, 16.2, 14.1, 16.2, 16.0, 18.2]
RAM usage: svmem(total=33615839232, available=18371444736, percent=45.3, used=14756704256, free=10052358144, active=18608656384, inactive=3601780736, buffers=944885760, cached=7861891072, shared=74309632)
SWAP usage: sswap(total=34263265280, used=0, free=34263265280, percent=0.0, sin=0, sout=0)
          types |   # objects |   total size
=============== | =========== | ============
  <class 'bytes |           9 |    895     B
   <class 'list |           0 |    224     B
    <class 'int |           1 |     28     B
iter = 257
CPU usage (% each core): [100.0, 15.5, 20.6, 18.4, 13.4, 13.3, 12.6, 13.4]
RAM usage: svmem(total=33615839232, available=18371846144, percent=45.3, used=14756302848, free=10052759552, active=18608549888, inactive=3601780736, buffers=944885760, cached=7861891072, shared=74309632)
SWAP usage: sswap(total=34263265280, used=0, free=34263265280, percent=0.0, sin=0, sout=0)
          types |   # objects |   total size
=============== | =========== | ============
  <class 'bytes |           9 |    895     B
    <class 'int |           1 |     28     B
iter = 258
CPU usage (% each core): [100.0, 17.2, 17.2, 21.6, 12.2, 14.3, 14.3, 13.4]
RAM usage: svmem(total=33615839232, available=18371514368, percent=45.3, used=14756634624, free=10052427776, active=18608848896, inactive=3601780736, buffers=944885760, cached=7861891072, shared=74309632)
SWAP usage: sswap(total=34263265280, used=0, free=34263265280, percent=0.0, sin=0, sout=0)
          types |   # objects |   total size
=============== | =========== | ============
  <class 'bytes |           8 |    818     B
   <class 'list |           0 |    256     B
iter = 259
CPU usage (% each core): [100.0, 11.6, 19.1, 17.5, 10.4, 12.6, 12.6, 13.4]
RAM usage: svmem(total=33615839232, available=18372448256, percent=45.3, used=14755700736, free=10053361664, active=18608574464, inactive=3601780736, buffers=944885760, cached=7861891072, shared=74309632)
SWAP usage: sswap(total=34263265280, used=0, free=34263265280, percent=0.0, sin=0, sout=0)
          types |   # objects |   total size
=============== | =========== | ============
  <class 'bytes |           8 |    818     B
    <class 'int |          -1 |    -28     B
iter = 260
CPU usage (% each core): [100.0, 15.3, 12.1, 18.2, 10.2, 15.0, 13.1, 13.4]
RAM usage: svmem(total=33615839232, available=18371715072, percent=45.3, used=14756433920, free=10052628480, active=18608574464, inactive=3601780736, buffers=944885760, cached=7861891072, shared=74309632)
SWAP usage: sswap(total=34263265280, used=0, free=34263265280, percent=0.0, sin=0, sout=0)
          types |   # objects |     total size
=============== | =========== | ==============
    <class 'int |           1 |       28     B
   <class 'list |           0 |    -1832     B
  <class 'bytes |        -112 |   -11257     B
iter = 261
CPU usage (% each core): [100.0, 14.3, 15.6, 15.5, 12.4, 12.5, 15.3, 14.3]
RAM usage: svmem(total=33615839232, available=18372296704, percent=45.3, used=14755844096, free=10053210112, active=18608574464, inactive=3601780736, buffers=944885760, cached=7861899264, shared=74309632)
SWAP usage: sswap(total=34263265280, used=0, free=34263265280, percent=0.0, sin=0, sout=0)
          types |   # objects |   total size
=============== | =========== | ============
  <class 'bytes |           9 |    905     B
   <class 'list |           0 |    168     B
    <class 'int |          -1 |    -28     B
iter = 262
CPU usage (% each core): [100.0, 19.8, 15.5, 13.5, 11.3, 17.5, 12.6, 13.4]
RAM usage: svmem(total=33615839232, available=18372431872, percent=45.3, used=14755717120, free=10053337088, active=18608553984, inactive=3601784832, buffers=944885760, cached=7861899264, shared=74309632)
SWAP usage: sswap(total=34263265280, used=0, free=34263265280, percent=0.0, sin=0, sout=0)
          types |   # objects |   total size
=============== | =========== | ============
  <class 'bytes |           9 |    895     B
   <class 'list |           0 |    168     B
iter = 263
CPU usage (% each core): [100.0, 20.4, 15.5, 18.4, 12.4, 16.3, 16.3, 17.3]
RAM usage: svmem(total=33615839232, available=18372526080, percent=45.3, used=14755622912, free=10053431296, active=18608553984, inactive=3601784832, buffers=944885760, cached=7861899264, shared=74309632)
SWAP usage: sswap(total=34263265280, used=0, free=34263265280, percent=0.0, sin=0, sout=0)
          types |   # objects |   total size
=============== | =========== | ============
  <class 'bytes |           8 |    818     B
   <class 'list |           0 |     96     B
iter = 264
CPU usage (% each core): [100.0, 15.3, 11.5, 14.6, 12.4, 13.5, 14.3, 18.7]
RAM usage: svmem(total=33615839232, available=18372485120, percent=45.3, used=14755663872, free=10053390336, active=18608586752, inactive=3601784832, buffers=944885760, cached=7861899264, shared=74309632)
SWAP usage: sswap(total=34263265280, used=0, free=34263265280, percent=0.0, sin=0, sout=0)
          types |   # objects |   total size
=============== | =========== | ============
  <class 'bytes |           8 |    818     B
   <class 'list |           0 |    112     B
iter = 265
CPU usage (% each core): [100.0, 18.6, 19.0, 15.2, 13.1, 15.0, 14.1, 13.1]
RAM usage: svmem(total=33615839232, available=18372567040, percent=45.3, used=14755581952, free=10053472256, active=18608586752, inactive=3601784832, buffers=944885760, cached=7861899264, shared=74309632)
SWAP usage: sswap(total=34263265280, used=0, free=34263265280, percent=0.0, sin=0, sout=0)
          types |   # objects |   total size
=============== | =========== | ============
  <class 'bytes |           8 |    818     B
   <class 'list |           0 |    128     B
iter = 266
CPU usage (% each core): [100.0, 16.5, 19.6, 12.5, 9.3, 13.5, 12.4, 13.3]
RAM usage: svmem(total=33615839232, available=18371977216, percent=45.3, used=14756171776, free=10052882432, active=18608914432, inactive=3601784832, buffers=944885760, cached=7861899264, shared=74309632)
SWAP usage: sswap(total=34263265280, used=0, free=34263265280, percent=0.0, sin=0, sout=0)
          types |   # objects |   total size
=============== | =========== | ============
  <class 'bytes |           8 |    817     B
   <class 'list |           0 |    144     B
iter = 267
CPU usage (% each core): [100.0, 17.2, 23.2, 13.0, 10.1, 18.0, 15.0, 14.3]
RAM usage: svmem(total=33615839232, available=18371796992, percent=45.3, used=14756352000, free=10052702208, active=18608619520, inactive=3601784832, buffers=944885760, cached=7861899264, shared=74309632)
SWAP usage: sswap(total=34263265280, used=0, free=34263265280, percent=0.0, sin=0, sout=0)
          types |   # objects |   total size
=============== | =========== | ============
  <class 'bytes |           8 |    818     B
   <class 'list |           0 |    160     B
iter = 268
CPU usage (% each core): [100.0, 16.7, 19.6, 13.4, 11.5, 16.3, 14.4, 17.3]
RAM usage: svmem(total=33615839232, available=18372313088, percent=45.3, used=14755835904, free=10053218304, active=18608615424, inactive=3601784832, buffers=944885760, cached=7861899264, shared=74309632)
SWAP usage: sswap(total=34263265280, used=0, free=34263265280, percent=0.0, sin=0, sout=0)
          types |   # objects |   total size
=============== | =========== | ============
  <class 'bytes |           8 |    818     B
   <class 'list |           0 |    176     B
iter = 269
CPU usage (% each core): [100.0, 18.6, 16.7, 15.3, 11.6, 12.6, 13.4, 13.4]
RAM usage: svmem(total=33615839232, available=18377850880, percent=45.3, used=14750298112, free=10058756096, active=18606473216, inactive=3601784832, buffers=944885760, cached=7861899264, shared=74309632)
SWAP usage: sswap(total=34263265280, used=0, free=34263265280, percent=0.0, sin=0, sout=0)
          types |   # objects |   total size
=============== | =========== | ============
  <class 'bytes |           8 |    818     B
   <class 'list |           0 |    200     B
iter = 270
CPU usage (% each core): [100.0, 21.8, 19.6, 14.0, 10.8, 16.5, 15.0, 17.8]
RAM usage: svmem(total=33615839232, available=18377756672, percent=45.3, used=14750404608, free=10058661888, active=18606067712, inactive=3601780736, buffers=944885760, cached=7861886976, shared=74297344)
SWAP usage: sswap(total=34263265280, used=0, free=34263265280, percent=0.0, sin=0, sout=0)
          types |   # objects |   total size
=============== | =========== | ============
  <class 'bytes |           8 |    818     B
iter = 271
CPU usage (% each core): [100.0, 15.0, 19.8, 16.0, 13.1, 11.2, 13.0, 13.1]
RAM usage: svmem(total=33615839232, available=18377498624, percent=45.3, used=14750662656, free=10058403840, active=18606366720, inactive=3601780736, buffers=944885760, cached=7861886976, shared=74297344)
SWAP usage: sswap(total=34263265280, used=0, free=34263265280, percent=0.0, sin=0, sout=0)
          types |   # objects |   total size
=============== | =========== | ============
  <class 'bytes |           7 |    741     B
   <class 'list |           0 |    224     B
    <class 'int |           1 |     28     B
iter = 272
CPU usage (% each core): [100.0, 18.2, 16.2, 22.8, 11.9, 15.8, 15.2, 14.9]
RAM usage: svmem(total=33615839232, available=18377539584, percent=45.3, used=14750621696, free=10058444800, active=18606096384, inactive=3601780736, buffers=944885760, cached=7861886976, shared=74297344)
SWAP usage: sswap(total=34263265280, used=0, free=34263265280, percent=0.0, sin=0, sout=0)
          types |   # objects |   total size
=============== | =========== | ============
  <class 'bytes |           9 |    895     B
iter = 273
CPU usage (% each core): [100.0, 18.0, 13.1, 13.3, 17.2, 13.1, 13.1, 14.1]
RAM usage: svmem(total=33615839232, available=18376986624, percent=45.3, used=14751174656, free=10057891840, active=18606096384, inactive=3601780736, buffers=944885760, cached=7861886976, shared=74297344)
SWAP usage: sswap(total=34263265280, used=0, free=34263265280, percent=0.0, sin=0, sout=0)
          types |   # objects |   total size
=============== | =========== | ============
  <class 'bytes |           7 |    741     B
   <class 'list |           0 |    256     B
    <class 'int |          -1 |    -28     B
iter = 274
CPU usage (% each core): [100.0, 18.4, 17.5, 17.5, 19.6, 16.3, 16.2, 15.5]
RAM usage: svmem(total=33615839232, available=18377117696, percent=45.3, used=14751043584, free=10058022912, active=18606059520, inactive=3601780736, buffers=944885760, cached=7861886976, shared=74297344)
SWAP usage: sswap(total=34263265280, used=0, free=34263265280, percent=0.0, sin=0, sout=0)
          types |   # objects |   total size
=============== | =========== | ============
  <class 'bytes |           9 |    895     B
iter = 275
CPU usage (% each core): [100.0, 17.2, 15.8, 17.0, 16.8, 14.0, 15.0, 14.0]
RAM usage: svmem(total=33615839232, available=18377043968, percent=45.3, used=14751113216, free=10057949184, active=18606342144, inactive=3601780736, buffers=944889856, cached=7861886976, shared=74297344)
SWAP usage: sswap(total=34263265280, used=0, free=34263265280, percent=0.0, sin=0, sout=0)
          types |   # objects |     total size
=============== | =========== | ==============
    <class 'int |           1 |       28     B
   <class 'list |           0 |    -1832     B
  <class 'bytes |        -113 |   -11492     B
iter = 276
CPU usage (% each core): [100.0, 23.2, 13.4, 13.3, 12.4, 14.1, 13.3, 15.2]
RAM usage: svmem(total=33615839232, available=18377625600, percent=45.3, used=14750535680, free=10058518528, active=18604519424, inactive=3601784832, buffers=944889856, cached=7861895168, shared=74297344)
SWAP usage: sswap(total=34263265280, used=0, free=34263265280, percent=0.0, sin=0, sout=0)
          types |   # objects |   total size
=============== | =========== | ============
  <class 'bytes |           9 |    905     B
   <class 'list |           0 |    168     B
    <class 'int |          -1 |    -28     B
iter = 277
CPU usage (% each core): [100.0, 15.8, 13.4, 15.6, 10.4, 16.8, 13.4, 13.4]
RAM usage: svmem(total=33615839232, available=18377592832, percent=45.3, used=14750568448, free=10058485760, active=18604011520, inactive=3601784832, buffers=944889856, cached=7861895168, shared=74297344)
SWAP usage: sswap(total=34263265280, used=0, free=34263265280, percent=0.0, sin=0, sout=0)
          types |   # objects |   total size
=============== | =========== | ============
  <class 'bytes |           9 |    895     B
   <class 'list |           0 |    168     B
iter = 278
CPU usage (% each core): [100.0, 18.7, 15.8, 16.7, 11.3, 20.6, 14.6, 15.5]
RAM usage: svmem(total=33615839232, available=18377904128, percent=45.3, used=14750257152, free=10058797056, active=18604011520, inactive=3601784832, buffers=944889856, cached=7861895168, shared=74297344)
SWAP usage: sswap(total=34263265280, used=0, free=34263265280, percent=0.0, sin=0, sout=0)
          types |   # objects |   total size
=============== | =========== | ============
  <class 'bytes |           8 |    818     B
   <class 'list |           0 |     96     B
    <class 'int |           1 |     28     B
iter = 279
CPU usage (% each core): [100.0, 18.2, 17.5, 15.5, 11.2, 20.6, 17.3, 15.3]
RAM usage: svmem(total=33615839232, available=18378391552, percent=45.3, used=14749769728, free=10059284480, active=18604044288, inactive=3601784832, buffers=944889856, cached=7861895168, shared=74297344)
SWAP usage: sswap(total=34263265280, used=0, free=34263265280, percent=0.0, sin=0, sout=0)
          types |   # objects |   total size
=============== | =========== | ============
  <class 'bytes |           9 |    895     B
   <class 'list |           0 |    240     B
iter = 280
CPU usage (% each core): [100.0, 14.1, 15.8, 13.9, 17.2, 12.9, 12.9, 13.9]
RAM usage: svmem(total=33615839232, available=18377605120, percent=45.3, used=14750556160, free=10058498048, active=18604101632, inactive=3601784832, buffers=944889856, cached=7861895168, shared=74297344)
SWAP usage: sswap(total=34263265280, used=0, free=34263265280, percent=0.0, sin=0, sout=0)
          types |   # objects |   total size
=============== | =========== | ============
  <class 'bytes |           8 |    818     B
   <class 'list |           0 |    144     B
    <class 'int |          -1 |    -28     B
iter = 281
CPU usage (% each core): [100.0, 17.5, 21.9, 11.5, 7.2, 12.5, 12.4, 13.5]
RAM usage: svmem(total=33615839232, available=18377404416, percent=45.3, used=14750756864, free=10058297344, active=18604101632, inactive=3601784832, buffers=944889856, cached=7861895168, shared=74297344)
SWAP usage: sswap(total=34263265280, used=0, free=34263265280, percent=0.0, sin=0, sout=0)
          types |   # objects |   total size
=============== | =========== | ============
  <class 'bytes |           9 |    894     B
   <class 'list |           0 |    160     B
iter = 282
CPU usage (% each core): [100.0, 17.2, 22.0, 17.2, 11.3, 13.3, 12.4, 10.3]
RAM usage: svmem(total=33615839232, available=18377515008, percent=45.3, used=14750646272, free=10058407936, active=18604044288, inactive=3601784832, buffers=944889856, cached=7861895168, shared=74297344)
SWAP usage: sswap(total=34263265280, used=0, free=34263265280, percent=0.0, sin=0, sout=0)
          types |   # objects |   total size
=============== | =========== | ============
  <class 'bytes |           8 |    818     B
iter = 283
CPU usage (% each core): [100.0, 14.6, 19.2, 20.2, 13.1, 14.1, 14.4, 13.1]
RAM usage: svmem(total=33615839232, available=18377637888, percent=45.3, used=14750523392, free=10058530816, active=18604044288, inactive=3601784832, buffers=944889856, cached=7861895168, shared=74297344)
SWAP usage: sswap(total=34263265280, used=0, free=34263265280, percent=0.0, sin=0, sout=0)
          types |   # objects |   total size
=============== | =========== | ============
  <class 'bytes |           7 |    741     B
   <class 'list |           0 |    176     B
    <class 'int |           1 |     28     B
iter = 284
CPU usage (% each core): [100.0, 17.3, 21.4, 17.5, 11.3, 14.4, 12.2, 14.4]
RAM usage: svmem(total=33615839232, available=18377125888, percent=45.3, used=14751035392, free=10058018816, active=18606198784, inactive=3601784832, buffers=944889856, cached=7861895168, shared=74297344)
SWAP usage: sswap(total=34263265280, used=0, free=34263265280, percent=0.0, sin=0, sout=0)
          types |   # objects |   total size
=============== | =========== | ============
  <class 'bytes |           9 |    895     B
   <class 'list |           0 |    200     B
iter = 285
CPU usage (% each core): [100.0, 20.4, 20.2, 22.4, 14.0, 17.0, 16.2, 16.2]
RAM usage: svmem(total=33615839232, available=18377498624, percent=45.3, used=14750662656, free=10058391552, active=18606198784, inactive=3601784832, buffers=944889856, cached=7861895168, shared=74297344)
SWAP usage: sswap(total=34263265280, used=0, free=34263265280, percent=0.0, sin=0, sout=0)
          types |   # objects |   total size
=============== | =========== | ============
  <class 'bytes |           8 |    818     B
iter = 286
CPU usage (% each core): [100.0, 25.0, 20.8, 17.6, 14.0, 16.8, 16.8, 16.8]
RAM usage: svmem(total=33615839232, available=18377412608, percent=45.3, used=14750748672, free=10058305536, active=18606198784, inactive=3601784832, buffers=944889856, cached=7861895168, shared=74297344)
SWAP usage: sswap(total=34263265280, used=0, free=34263265280, percent=0.0, sin=0, sout=0)
          types |   # objects |   total size
=============== | =========== | ============
  <class 'bytes |           7 |    741     B
   <class 'list |           0 |    224     B
iter = 287
CPU usage (% each core): [100.0, 15.6, 20.4, 14.4, 11.2, 21.1, 13.5, 13.4]
RAM usage: svmem(total=33615839232, available=18377326592, percent=45.3, used=14750834688, free=10058219520, active=18604109824, inactive=3601784832, buffers=944889856, cached=7861895168, shared=74297344)
SWAP usage: sswap(total=34263265280, used=0, free=34263265280, percent=0.0, sin=0, sout=0)
          types |   # objects |   total size
=============== | =========== | ============
  <class 'bytes |           8 |    818     B
iter = 288
CPU usage (% each core): [100.0, 19.4, 20.8, 17.5, 11.3, 15.3, 14.3, 14.4]
RAM usage: svmem(total=33615839232, available=18377789440, percent=45.3, used=14750371840, free=10058682368, active=18604109824, inactive=3601784832, buffers=944889856, cached=7861895168, shared=74297344)
SWAP usage: sswap(total=34263265280, used=0, free=34263265280, percent=0.0, sin=0, sout=0)
          types |   # objects |   total size
=============== | =========== | ============
  <class 'bytes |           7 |    741     B
   <class 'list |           0 |    256     B
iter = 289
CPU usage (% each core): [100.0, 18.0, 14.3, 15.5, 10.3, 14.4, 17.3, 19.4]
RAM usage: svmem(total=33615839232, available=18377613312, percent=45.3, used=14750547968, free=10058506240, active=18604044288, inactive=3601784832, buffers=944889856, cached=7861895168, shared=74297344)
SWAP usage: sswap(total=34263265280, used=0, free=34263265280, percent=0.0, sin=0, sout=0)
          types |   # objects |   total size
=============== | =========== | ============
  <class 'bytes |           8 |    818     B
iter = 290
CPU usage (% each core): [100.0, 18.4, 18.2, 23.0, 14.1, 15.2, 16.0, 15.2]
RAM usage: svmem(total=33615839232, available=18378153984, percent=45.3, used=14750007296, free=10059046912, active=18604044288, inactive=3601784832, buffers=944889856, cached=7861895168, shared=74297344)
SWAP usage: sswap(total=34263265280, used=0, free=34263265280, percent=0.0, sin=0, sout=0)
          types |   # objects |     total size
=============== | =========== | ==============
   <class 'list |           0 |    -1736     B
  <class 'bytes |        -111 |   -11228     B
iter = 291
CPU usage (% each core): [100.0, 15.2, 16.2, 13.3, 13.0, 15.2, 14.1, 20.4]
RAM usage: svmem(total=33615839232, available=18378792960, percent=45.3, used=14749368320, free=10059677696, active=18604048384, inactive=3601788928, buffers=944889856, cached=7861903360, shared=74297344)
SWAP usage: sswap(total=34263265280, used=0, free=34263265280, percent=0.0, sin=0, sout=0)
          types |   # objects |   total size
=============== | =========== | ============
  <class 'bytes |           8 |    826     B
   <class 'list |           0 |     72     B
    <class 'int |          -1 |    -28     B
iter = 292
CPU usage (% each core): [100.0, 17.8, 21.6, 22.8, 11.8, 16.8, 17.8, 16.5]
RAM usage: svmem(total=33615839232, available=18377433088, percent=45.3, used=14750728192, free=10058317824, active=18606170112, inactive=3601788928, buffers=944889856, cached=7861903360, shared=74297344)
SWAP usage: sswap(total=34263265280, used=0, free=34263265280, percent=0.0, sin=0, sout=0)
          types |   # objects |   total size
=============== | =========== | ============
  <class 'bytes |           9 |    895     B
   <class 'list |           0 |    168     B
iter = 293
CPU usage (% each core): [100.0, 19.8, 20.0, 12.2, 13.1, 14.1, 14.1, 17.3]
RAM usage: svmem(total=33615839232, available=18378194944, percent=45.3, used=14749966336, free=10059079680, active=18606284800, inactive=3601788928, buffers=944889856, cached=7861903360, shared=74297344)
SWAP usage: sswap(total=34263265280, used=0, free=34263265280, percent=0.0, sin=0, sout=0)
          types |   # objects |   total size
=============== | =========== | ============
  <class 'bytes |           8 |    818     B
   <class 'list |           0 |    208     B
    <class 'int |           1 |     28     B
iter = 294
CPU usage (% each core): [100.0, 14.3, 14.3, 15.3, 13.3, 13.3, 16.3, 15.3]
RAM usage: svmem(total=33615839232, available=18377519104, percent=45.3, used=14750642176, free=10058403840, active=18606288896, inactive=3601788928, buffers=944889856, cached=7861903360, shared=74297344)
SWAP usage: sswap(total=34263265280, used=0, free=34263265280, percent=0.0, sin=0, sout=0)
          types |   # objects |   total size
=============== | =========== | ============
  <class 'bytes |           9 |    895     B
   <class 'list |           0 |    128     B
iter = 295
CPU usage (% each core): [100.0, 14.4, 10.6, 9.5, 11.5, 12.4, 14.4, 14.7]
RAM usage: svmem(total=33615839232, available=18378825728, percent=45.3, used=14749335552, free=10059710464, active=18606288896, inactive=3601788928, buffers=944889856, cached=7861903360, shared=74297344)
SWAP usage: sswap(total=34263265280, used=0, free=34263265280, percent=0.0, sin=0, sout=0)
          types |   # objects |   total size
=============== | =========== | ============
  <class 'bytes |           8 |    817     B
   <class 'list |           0 |    144     B
iter = 296
CPU usage (% each core): [100.0, 13.5, 14.6, 13.4, 9.3, 12.6, 12.5, 15.6]
RAM usage: svmem(total=33615839232, available=18378481664, percent=45.3, used=14749679616, free=10059366400, active=18606309376, inactive=3601788928, buffers=944889856, cached=7861903360, shared=74297344)
SWAP usage: sswap(total=34263265280, used=0, free=34263265280, percent=0.0, sin=0, sout=0)
          types |   # objects |   total size
=============== | =========== | ============
  <class 'bytes |           8 |    817     B
   <class 'list |           0 |    160     B
iter = 297
CPU usage (% each core): [100.0, 19.4, 19.1, 17.0, 7.3, 15.8, 15.8, 25.5]
RAM usage: svmem(total=33615839232, available=18378498048, percent=45.3, used=14749663232, free=10059382784, active=18604212224, inactive=3601788928, buffers=944889856, cached=7861903360, shared=74297344)
SWAP usage: sswap(total=34263265280, used=0, free=34263265280, percent=0.0, sin=0, sout=0)
          types |   # objects |   total size
=============== | =========== | ============
  <class 'bytes |           8 |    817     B
    <class 'int |          -1 |    -28     B
iter = 298
CPU usage (% each core): [100.0, 25.5, 31.4, 24.3, 19.6, 30.7, 23.5, 19.6]
RAM usage: svmem(total=33615839232, available=18378874880, percent=45.3, used=14749286400, free=10059759616, active=18604212224, inactive=3601788928, buffers=944889856, cached=7861903360, shared=74297344)
SWAP usage: sswap(total=34263265280, used=0, free=34263265280, percent=0.0, sin=0, sout=0)
          types |   # objects |   total size
=============== | =========== | ============
  <class 'bytes |           8 |    818     B
   <class 'list |           0 |    176     B
    <class 'int |           1 |     28     B
iter = 299
CPU usage (% each core): [100.0, 38.6, 33.0, 35.3, 20.0, 25.0, 30.1, 29.4]
RAM usage: svmem(total=33615839232, available=18358145024, percent=45.4, used=14770020352, free=10039050240, active=18626826240, inactive=3601788928, buffers=944889856, cached=7861878784, shared=74293248)
SWAP usage: sswap(total=34263265280, used=0, free=34263265280, percent=0.0, sin=0, sout=0)
          types |   # objects |   total size
=============== | =========== | ============
  <class 'bytes |           9 |    895     B
   <class 'list |           0 |    200     B
    <class 'int |          -1 |    -28     B
iter = 300
CPU usage (% each core): [100.0, 27.9, 27.6, 29.9, 25.7, 24.0, 30.2, 27.4]
RAM usage: svmem(total=33615839232, available=18358652928, percent=45.4, used=14769512448, free=10039558144, active=18626826240, inactive=3601788928, buffers=944889856, cached=7861878784, shared=74293248)
SWAP usage: sswap(total=34263265280, used=0, free=34263265280, percent=0.0, sin=0, sout=0)
          types |   # objects |   total size
=============== | =========== | ============
  <class 'bytes |           9 |    895     B
   <class 'list |           0 |    224     B
    <class 'int |           1 |     28     B
iter = 301
CPU usage (% each core): [100.0, 29.1, 34.0, 25.2, 23.1, 26.0, 25.7, 24.5]
RAM usage: svmem(total=33615839232, available=18379804672, percent=45.3, used=14748360704, free=10060701696, active=18606297088, inactive=3601788928, buffers=944898048, cached=7861878784, shared=74293248)
SWAP usage: sswap(total=34263265280, used=0, free=34263265280, percent=0.0, sin=0, sout=0)
          types |   # objects |   total size
=============== | =========== | ============
  <class 'bytes |           9 |    895     B
iter = 302
CPU usage (% each core): [100.0, 12.4, 11.3, 12.6, 7.2, 12.4, 13.5, 13.3]
RAM usage: svmem(total=33615839232, available=18378817536, percent=45.3, used=14749347840, free=10059714560, active=18606391296, inactive=3601788928, buffers=944898048, cached=7861878784, shared=74293248)
SWAP usage: sswap(total=34263265280, used=0, free=34263265280, percent=0.0, sin=0, sout=0)
          types |   # objects |   total size
=============== | =========== | ============
  <class 'bytes |           7 |    740     B
   <class 'list |           0 |    256     B
iter = 303
CPU usage (% each core): [100.0, 15.5, 17.5, 15.3, 17.6, 15.3, 18.0, 16.2]
RAM usage: svmem(total=33615839232, available=18379247616, percent=45.3, used=14748917760, free=10060144640, active=18606399488, inactive=3601788928, buffers=944898048, cached=7861878784, shared=74293248)
SWAP usage: sswap(total=34263265280, used=0, free=34263265280, percent=0.0, sin=0, sout=0)
          types |   # objects |   total size
=============== | =========== | ============
  <class 'bytes |           8 |    818     B
    <class 'int |          -1 |    -28     B
iter = 304
CPU usage (% each core): [100.0, 16.5, 16.5, 16.5, 11.5, 13.4, 13.4, 13.5]
RAM usage: svmem(total=33615839232, available=18378846208, percent=45.3, used=14749319168, free=10059743232, active=18606440448, inactive=3601788928, buffers=944898048, cached=7861878784, shared=74293248)
SWAP usage: sswap(total=34263265280, used=0, free=34263265280, percent=0.0, sin=0, sout=0)
          types |   # objects |     total size
=============== | =========== | ==============
    <class 'int |           1 |       28     B
   <class 'list |           0 |    -1832     B
  <class 'bytes |        -111 |   -11333     B
iter = 305
CPU usage (% each core): [100.0, 13.7, 12.6, 13.4, 12.4, 13.4, 12.5, 13.4]
RAM usage: svmem(total=33615839232, available=18378555392, percent=45.3, used=14749609984, free=10059444224, active=18606444544, inactive=3601793024, buffers=944898048, cached=7861886976, shared=74293248)
SWAP usage: sswap(total=34263265280, used=0, free=34263265280, percent=0.0, sin=0, sout=0)
          types |   # objects |   total size
=============== | =========== | ============
  <class 'bytes |           9 |    905     B
   <class 'list |           0 |    168     B
    <class 'int |          -1 |    -28     B
iter = 306
CPU usage (% each core): [100.0, 21.1, 19.4, 16.8, 11.6, 16.7, 17.9, 15.8]
RAM usage: svmem(total=33615839232, available=18378444800, percent=45.3, used=14749720576, free=10059333632, active=18606444544, inactive=3601793024, buffers=944898048, cached=7861886976, shared=74293248)
SWAP usage: sswap(total=34263265280, used=0, free=34263265280, percent=0.0, sin=0, sout=0)
          types |   # objects |   total size
=============== | =========== | ============
  <class 'bytes |           9 |    895     B
   <class 'list |           0 |    168     B
iter = 307
CPU usage (% each core): [100.0, 24.0, 25.3, 20.8, 13.4, 19.6, 17.5, 21.6]
RAM usage: svmem(total=33615839232, available=18376613888, percent=45.3, used=14751539200, free=10057236480, active=18605199360, inactive=3601883136, buffers=944914432, cached=7862149120, shared=74293248)
SWAP usage: sswap(total=34263265280, used=0, free=34263265280, percent=0.0, sin=0, sout=0)
          types |   # objects |   total size
=============== | =========== | ============
  <class 'bytes |           8 |    818     B
   <class 'list |           0 |     96     B
    <class 'int |           1 |     28     B
iter = 308
CPU usage (% each core): [100.0, 32.1, 25.5, 25.7, 21.2, 43.3, 34.0, 34.6]
RAM usage: svmem(total=33615839232, available=18375434240, percent=45.3, used=14752731136, free=10056019968, active=18608918528, inactive=3601686528, buffers=944918528, cached=7862169600, shared=74293248)
SWAP usage: sswap(total=34263265280, used=0, free=34263265280, percent=0.0, sin=0, sout=0)
          types |   # objects |   total size
=============== | =========== | ============
  <class 'bytes |           9 |    895     B
   <class 'list |           0 |    240     B
iter = 309
CPU usage (% each core): [100.0, 33.0, 43.9, 30.2, 32.4, 26.2, 33.9, 24.3]
RAM usage: svmem(total=33615839232, available=18375987200, percent=45.3, used=14752169984, free=10056523776, active=18609479680, inactive=3601694720, buffers=944926720, cached=7862218752, shared=74293248)
SWAP usage: sswap(total=34263265280, used=0, free=34263265280, percent=0.0, sin=0, sout=0)
          types |   # objects |   total size
=============== | =========== | ============
  <class 'bytes |           8 |    818     B
   <class 'list |           0 |    144     B
    <class 'int |          -1 |    -28     B
iter = 310
CPU usage (% each core): [100.0, 23.2, 27.0, 23.2, 16.3, 18.0, 23.7, 17.2]
RAM usage: svmem(total=33615839232, available=18374307840, percent=45.3, used=14753841152, free=10054844416, active=18610515968, inactive=3601698816, buffers=944926720, cached=7862226944, shared=74301440)
SWAP usage: sswap(total=34263265280, used=0, free=34263265280, percent=0.0, sin=0, sout=0)
          types |   # objects |   total size
=============== | =========== | ============
  <class 'bytes |           9 |    895     B
   <class 'list |           0 |    160     B
iter = 311
CPU usage (% each core): [56.4, 32.0, 50.5, 36.0, 60.0, 36.0, 29.4, 26.7]
RAM usage: svmem(total=33615839232, available=18373996544, percent=45.3, used=14754144256, free=10054533120, active=18610573312, inactive=3601707008, buffers=944926720, cached=7862235136, shared=74309632)
SWAP usage: sswap(total=34263265280, used=0, free=34263265280, percent=0.0, sin=0, sout=0)
          types |   # objects |   total size
=============== | =========== | ============
  <class 'bytes |           8 |    817     B
iter = 312
CPU usage (% each core): [20.4, 34.6, 30.1, 35.3, 100.0, 26.9, 30.4, 24.8]
RAM usage: svmem(total=33615839232, available=18372743168, percent=45.3, used=14755397632, free=10053279744, active=18610630656, inactive=3601702912, buffers=944926720, cached=7862235136, shared=74309632)
SWAP usage: sswap(total=34263265280, used=0, free=34263265280, percent=0.0, sin=0, sout=0)
          types |   # objects |   total size
=============== | =========== | ============
  <class 'bytes |           7 |    741     B
   <class 'list |           0 |    176     B
    <class 'int |           1 |     28     B
iter = 313
CPU usage (% each core): [100.0, 19.8, 21.3, 17.9, 7.4, 17.5, 15.5, 17.7]
RAM usage: svmem(total=33615839232, available=18373234688, percent=45.3, used=14754914304, free=10053763072, active=18610651136, inactive=3601707008, buffers=944926720, cached=7862235136, shared=74309632)
SWAP usage: sswap(total=34263265280, used=0, free=34263265280, percent=0.0, sin=0, sout=0)
          types |   # objects |   total size
=============== | =========== | ============
  <class 'bytes |           9 |    894     B
   <class 'list |           0 |    200     B
iter = 314
CPU usage (% each core): [100.0, 23.7, 46.2, 18.6, 42.0, 21.2, 20.5, 20.5]
RAM usage: svmem(total=33615839232, available=18372235264, percent=45.3, used=14755913728, free=10052763648, active=18610618368, inactive=3601707008, buffers=944930816, cached=7862231040, shared=74309632)
SWAP usage: sswap(total=34263265280, used=0, free=34263265280, percent=0.0, sin=0, sout=0)
          types |   # objects |   total size
=============== | =========== | ============
  <class 'bytes |           8 |    818     B
iter = 315
CPU usage (% each core): [100.0, 18.6, 15.5, 17.8, 17.6, 16.7, 17.5, 16.7]
RAM usage: svmem(total=33615839232, available=18372317184, percent=45.3, used=14755827712, free=10052845568, active=18610618368, inactive=3601707008, buffers=944930816, cached=7862235136, shared=74309632)
SWAP usage: sswap(total=34263265280, used=0, free=34263265280, percent=0.0, sin=0, sout=0)
          types |   # objects |   total size
=============== | =========== | ============
  <class 'bytes |           7 |    741     B
   <class 'list |           0 |    224     B
iter = 316
CPU usage (% each core): [100.0, 15.5, 14.9, 16.5, 14.7, 13.9, 14.9, 15.5]
RAM usage: svmem(total=33615839232, available=18371915776, percent=45.3, used=14756229120, free=10052444160, active=18608922624, inactive=3601707008, buffers=944930816, cached=7862235136, shared=74309632)
SWAP usage: sswap(total=34263265280, used=0, free=34263265280, percent=0.0, sin=0, sout=0)
          types |   # objects |   total size
=============== | =========== | ============
  <class 'bytes |           8 |    818     B
iter = 317
CPU usage (% each core): [21.1, 22.2, 100.0, 26.6, 26.4, 17.4, 20.2, 28.4]
RAM usage: svmem(total=33615839232, available=18371821568, percent=45.3, used=14756327424, free=10052345856, active=18608615424, inactive=3601707008, buffers=944930816, cached=7862235136, shared=74309632)
SWAP usage: sswap(total=34263265280, used=0, free=34263265280, percent=0.0, sin=0, sout=0)
          types |   # objects |   total size
=============== | =========== | ============
  <class 'bytes |           7 |    741     B
   <class 'list |           0 |    256     B
iter = 318
CPU usage (% each core): [16.3, 17.1, 100.0, 15.5, 15.5, 17.1, 17.1, 15.4]
RAM usage: svmem(total=33615839232, available=18371870720, percent=45.3, used=14756278272, free=10052395008, active=18608816128, inactive=3601707008, buffers=944930816, cached=7862235136, shared=74309632)
SWAP usage: sswap(total=34263265280, used=0, free=34263265280, percent=0.0, sin=0, sout=0)
          types |   # objects |   total size
=============== | =========== | ============
  <class 'bytes |           8 |    818     B
iter = 319
CPU usage (% each core): [15.7, 16.0, 100.0, 17.1, 26.7, 19.0, 14.6, 15.5]
RAM usage: svmem(total=33615839232, available=18371596288, percent=45.3, used=14756552704, free=10052120576, active=18610688000, inactive=3601707008, buffers=944930816, cached=7862235136, shared=74309632)
SWAP usage: sswap(total=34263265280, used=0, free=34263265280, percent=0.0, sin=0, sout=0)
          types |   # objects |     total size
=============== | =========== | ==============
   <class 'list |           0 |    -1800     B
  <class 'bytes |        -111 |   -11227     B
iter = 320
CPU usage (% each core): [50.9, 43.5, 100.0, 42.2, 27.4, 29.6, 26.9, 34.6]
RAM usage: svmem(total=33615839232, available=18374033408, percent=45.3, used=14754115584, free=10054549504, active=18609758208, inactive=3601715200, buffers=944930816, cached=7862243328, shared=74309632)
SWAP usage: sswap(total=34263265280, used=0, free=34263265280, percent=0.0, sin=0, sout=0)
          types |   # objects |   total size
=============== | =========== | ============
  <class 'bytes |           8 |    826     B
   <class 'list |           0 |    136     B
    <class 'int |          -1 |    -28     B
iter = 321
CPU usage (% each core): [10.9, 10.9, 100.0, 13.0, 12.8, 11.8, 3.2, 15.1]
RAM usage: svmem(total=33615839232, available=18374258688, percent=45.3, used=14753898496, free=10054742016, active=18609610752, inactive=3601711104, buffers=944930816, cached=7862267904, shared=74301440)
SWAP usage: sswap(total=34263265280, used=0, free=34263265280, percent=0.0, sin=0, sout=0)
          types |   # objects |   total size
=============== | =========== | ============
  <class 'bytes |           9 |    894     B
   <class 'list |           0 |    168     B
iter = 322
CPU usage (% each core): [50.0, 41.3, 100.0, 43.2, 41.3, 34.2, 27.9, 34.2]
RAM usage: svmem(total=33615839232, available=18374578176, percent=45.3, used=14753579008, free=10055061504, active=18609426432, inactive=3601711104, buffers=944930816, cached=7862267904, shared=74301440)
SWAP usage: sswap(total=34263265280, used=0, free=34263265280, percent=0.0, sin=0, sout=0)
          types |   # objects |   total size
=============== | =========== | ============
  <class 'bytes |           8 |    818     B
   <class 'list |           0 |     96     B
    <class 'int |           1 |     28     B
iter = 323
CPU usage (% each core): [38.2, 40.0, 100.0, 27.6, 27.7, 24.8, 16.8, 25.0]
RAM usage: svmem(total=33615839232, available=18375614464, percent=45.3, used=14752542720, free=10056097792, active=18609627136, inactive=3601711104, buffers=944930816, cached=7862267904, shared=74301440)
SWAP usage: sswap(total=34263265280, used=0, free=34263265280, percent=0.0, sin=0, sout=0)
          types |   # objects |   total size
=============== | =========== | ============
  <class 'bytes |           9 |    895     B
   <class 'list |           0 |    240     B
iter = 324
CPU usage (% each core): [34.8, 35.8, 100.0, 33.3, 24.8, 25.0, 63.0, 24.4]
RAM usage: svmem(total=33615839232, available=18374729728, percent=45.3, used=14753427456, free=10055213056, active=18609385472, inactive=3601711104, buffers=944930816, cached=7862267904, shared=74301440)
SWAP usage: sswap(total=34263265280, used=0, free=34263265280, percent=0.0, sin=0, sout=0)
          types |   # objects |   total size
=============== | =========== | ============
  <class 'bytes |           8 |    818     B
   <class 'list |           0 |    144     B
iter = 325
CPU usage (% each core): [41.4, 26.4, 100.0, 26.9, 23.3, 22.7, 56.5, 23.8]
RAM usage: svmem(total=33615839232, available=18371801088, percent=45.3, used=14756356096, free=10052284416, active=18611826688, inactive=3601711104, buffers=944930816, cached=7862267904, shared=74301440)
SWAP usage: sswap(total=34263265280, used=0, free=34263265280, percent=0.0, sin=0, sout=0)
          types |   # objects |   total size
=============== | =========== | ============
  <class 'bytes |           8 |    818     B
   <class 'list |           0 |    160     B
iter = 326
CPU usage (% each core): [13.7, 13.9, 100.0, 18.4, 12.7, 11.8, 15.7, 12.7]
RAM usage: svmem(total=33615839232, available=18372435968, percent=45.3, used=14755721216, free=10052919296, active=18610196480, inactive=3601711104, buffers=944930816, cached=7862267904, shared=74301440)
SWAP usage: sswap(total=34263265280, used=0, free=34263265280, percent=0.0, sin=0, sout=0)
          types |   # objects |   total size
=============== | =========== | ============
  <class 'bytes |           8 |    818     B
    <class 'int |          -1 |    -28     B
iter = 327
CPU usage (% each core): [9.6, 14.7, 100.0, 12.8, 12.8, 12.6, 7.4, 12.6]
RAM usage: svmem(total=33615839232, available=18372648960, percent=45.3, used=14755508224, free=10053132288, active=18610196480, inactive=3601711104, buffers=944930816, cached=7862267904, shared=74301440)
SWAP usage: sswap(total=34263265280, used=0, free=34263265280, percent=0.0, sin=0, sout=0)
          types |   # objects |   total size
=============== | =========== | ============
  <class 'bytes |           8 |    816     B
   <class 'list |           0 |    176     B
    <class 'int |           1 |     28     B
iter = 328
CPU usage (% each core): [14.4, 12.6, 100.0, 12.6, 12.5, 12.5, 8.4, 12.5]
RAM usage: svmem(total=33615839232, available=18372141056, percent=45.3, used=14756016128, free=10052624384, active=18612224000, inactive=3601711104, buffers=944930816, cached=7862267904, shared=74301440)
SWAP usage: sswap(total=34263265280, used=0, free=34263265280, percent=0.0, sin=0, sout=0)
          types |   # objects |   total size
=============== | =========== | ============
  <class 'bytes |           9 |    894     B
   <class 'list |           0 |    200     B
    <class 'int |          -1 |    -28     B
iter = 329
CPU usage (% each core): [12.5, 12.4, 100.0, 11.3, 13.3, 12.4, 10.3, 12.4]
RAM usage: svmem(total=33615839232, available=18371657728, percent=45.3, used=14756499456, free=10052141056, active=18612224000, inactive=3601711104, buffers=944930816, cached=7862267904, shared=74301440)
SWAP usage: sswap(total=34263265280, used=0, free=34263265280, percent=0.0, sin=0, sout=0)
          types |   # objects |   total size
=============== | =========== | ============
  <class 'bytes |           9 |    895     B
   <class 'list |           0 |    224     B
    <class 'int |           1 |     28     B
iter = 330
CPU usage (% each core): [15.0, 12.2, 14.9, 13.1, 12.1, 12.2, 99.0, 12.1]
RAM usage: svmem(total=33615839232, available=18371723264, percent=45.3, used=14756433920, free=10052206592, active=18612523008, inactive=3601711104, buffers=944930816, cached=7862267904, shared=74301440)
SWAP usage: sswap(total=34263265280, used=0, free=34263265280, percent=0.0, sin=0, sout=0)
          types |   # objects |   total size
=============== | =========== | ============
  <class 'bytes |           9 |    894     B
iter = 331
CPU usage (% each core): [14.0, 12.0, 10.3, 13.1, 11.2, 13.0, 100.0, 11.2]
RAM usage: svmem(total=33615839232, available=18371760128, percent=45.3, used=14756397056, free=10052243456, active=18612396032, inactive=3601711104, buffers=944930816, cached=7862267904, shared=74301440)
SWAP usage: sswap(total=34263265280, used=0, free=34263265280, percent=0.0, sin=0, sout=0)
          types |   # objects |   total size
=============== | =========== | ============
  <class 'bytes |           7 |    741     B
   <class 'list |           0 |    256     B
iter = 332
CPU usage (% each core): [13.9, 12.0, 10.8, 16.8, 14.7, 13.7, 100.0, 14.7]
RAM usage: svmem(total=33615839232, available=18371506176, percent=45.3, used=14756651008, free=10051989504, active=18612396032, inactive=3601711104, buffers=944930816, cached=7862267904, shared=74301440)
SWAP usage: sswap(total=34263265280, used=0, free=34263265280, percent=0.0, sin=0, sout=0)
          types |   # objects |   total size
=============== | =========== | ============
  <class 'bytes |           8 |    818     B
    <class 'int |          -1 |    -28     B
iter = 333
CPU usage (% each core): [14.3, 14.1, 12.9, 15.2, 14.0, 14.3, 100.0, 12.2]
RAM usage: svmem(total=33615839232, available=18371350528, percent=45.3, used=14756806656, free=10051833856, active=18612252672, inactive=3601711104, buffers=944930816, cached=7862267904, shared=74301440)
SWAP usage: sswap(total=34263265280, used=0, free=34263265280, percent=0.0, sin=0, sout=0)
          types |   # objects |     total size
=============== | =========== | ==============
    <class 'int |           1 |       28     B
   <class 'list |           0 |    -1832     B
  <class 'bytes |        -111 |   -11332     B
iter = 334
CPU usage (% each core): [18.6, 14.4, 75.7, 17.5, 13.4, 13.4, 41.8, 13.4]
RAM usage: svmem(total=33615839232, available=18371584000, percent=45.3, used=14756564992, free=10052067328, active=18612252672, inactive=3601711104, buffers=944930816, cached=7862276096, shared=74301440)
SWAP usage: sswap(total=34263265280, used=0, free=34263265280, percent=0.0, sin=0, sout=0)
          types |   # objects |   total size
=============== | =========== | ============
  <class 'bytes |           9 |    904     B
   <class 'list |           0 |    168     B
    <class 'int |          -1 |    -28     B
iter = 335
CPU usage (% each core): [22.5, 30.1, 26.2, 20.0, 19.6, 17.8, 100.0, 19.6]
RAM usage: svmem(total=33615839232, available=18372378624, percent=45.3, used=14755778560, free=10052853760, active=18612256768, inactive=3601715200, buffers=944930816, cached=7862276096, shared=74301440)
SWAP usage: sswap(total=34263265280, used=0, free=34263265280, percent=0.0, sin=0, sout=0)
          types |   # objects |   total size
=============== | =========== | ============
  <class 'bytes |           9 |    895     B
   <class 'list |           0 |    168     B
iter = 336
CPU usage (% each core): [40.8, 53.1, 11.0, 45.4, 32.0, 43.3, 100.0, 32.0]
RAM usage: svmem(total=33615839232, available=18372149248, percent=45.3, used=14756007936, free=10052624384, active=18610139136, inactive=3601715200, buffers=944930816, cached=7862276096, shared=74301440)
SWAP usage: sswap(total=34263265280, used=0, free=34263265280, percent=0.0, sin=0, sout=0)
          types |   # objects |   total size
=============== | =========== | ============
  <class 'bytes |           8 |    818     B
   <class 'list |           0 |     96     B
    <class 'int |           1 |     28     B
iter = 337
CPU usage (% each core): [13.9, 13.9, 9.9, 11.8, 13.7, 13.0, 100.0, 13.9]
RAM usage: svmem(total=33615839232, available=18372104192, percent=45.3, used=14756052992, free=10052579328, active=18610139136, inactive=3601715200, buffers=944930816, cached=7862276096, shared=74301440)
SWAP usage: sswap(total=34263265280, used=0, free=34263265280, percent=0.0, sin=0, sout=0)
          types |   # objects |   total size
=============== | =========== | ============
  <class 'bytes |           9 |    894     B
   <class 'list |           0 |    240     B
iter = 338
CPU usage (% each core): [15.7, 13.7, 14.7, 13.7, 13.6, 13.6, 100.0, 12.7]
RAM usage: svmem(total=33615839232, available=18372374528, percent=45.3, used=14755782656, free=10052849664, active=18612240384, inactive=3601715200, buffers=944930816, cached=7862276096, shared=74301440)
SWAP usage: sswap(total=34263265280, used=0, free=34263265280, percent=0.0, sin=0, sout=0)
          types |   # objects |   total size
=============== | =========== | ============
  <class 'bytes |           8 |    818     B
   <class 'list |           0 |    144     B
    <class 'int |          -1 |    -28     B
iter = 339
CPU usage (% each core): [21.0, 25.2, 24.8, 21.0, 18.1, 19.0, 100.0, 18.1]
RAM usage: svmem(total=33615839232, available=18372861952, percent=45.3, used=14755295232, free=10053337088, active=18612297728, inactive=3601715200, buffers=944930816, cached=7862276096, shared=74301440)
SWAP usage: sswap(total=34263265280, used=0, free=34263265280, percent=0.0, sin=0, sout=0)
          types |   # objects |   total size
=============== | =========== | ============
  <class 'bytes |           9 |    895     B
   <class 'list |           0 |    160     B
iter = 340
CPU usage (% each core): [31.2, 38.0, 29.4, 49.5, 26.2, 25.2, 100.0, 24.3]
RAM usage: svmem(total=33615839232, available=18373525504, percent=45.3, used=14754631680, free=10054000640, active=18612301824, inactive=3601715200, buffers=944930816, cached=7862276096, shared=74301440)
SWAP usage: sswap(total=34263265280, used=0, free=34263265280, percent=0.0, sin=0, sout=0)
          types |   # objects |   total size
=============== | =========== | ============
  <class 'bytes |           8 |    818     B
iter = 341
CPU usage (% each core): [24.5, 24.8, 30.4, 38.1, 23.2, 21.8, 100.0, 26.1]
RAM usage: svmem(total=33615839232, available=18372071424, percent=45.3, used=14756085760, free=10052546560, active=18612428800, inactive=3601715200, buffers=944930816, cached=7862276096, shared=74301440)
SWAP usage: sswap(total=34263265280, used=0, free=34263265280, percent=0.0, sin=0, sout=0)
          types |   # objects |   total size
=============== | =========== | ============
  <class 'bytes |           7 |    741     B
   <class 'list |           0 |    176     B
    <class 'int |           1 |     28     B
iter = 342
CPU usage (% each core): [16.8, 28.2, 17.8, 35.7, 16.5, 18.3, 100.0, 20.4]
RAM usage: svmem(total=33615839232, available=18372780032, percent=45.3, used=14755377152, free=10053255168, active=18612305920, inactive=3601715200, buffers=944930816, cached=7862276096, shared=74301440)
SWAP usage: sswap(total=34263265280, used=0, free=34263265280, percent=0.0, sin=0, sout=0)
          types |   # objects |   total size
=============== | =========== | ============
  <class 'bytes |           9 |    895     B
   <class 'list |           0 |    200     B
iter = 343
CPU usage (% each core): [24.3, 14.9, 29.3, 12.0, 13.3, 12.0, 14.0, 100.0]
RAM usage: svmem(total=33615839232, available=18372288512, percent=45.3, used=14755868672, free=10052763648, active=18612637696, inactive=3601715200, buffers=944930816, cached=7862276096, shared=74301440)
SWAP usage: sswap(total=34263265280, used=0, free=34263265280, percent=0.0, sin=0, sout=0)
          types |   # objects |   total size
=============== | =========== | ============
  <class 'bytes |           8 |    818     B
iter = 344
CPU usage (% each core): [54.5, 50.5, 42.6, 12.2, 34.0, 27.8, 33.3, 100.0]
RAM usage: svmem(total=33615839232, available=18373824512, percent=45.3, used=14754332672, free=10054299648, active=18611957760, inactive=3601715200, buffers=944930816, cached=7862276096, shared=74301440)
SWAP usage: sswap(total=34263265280, used=0, free=34263265280, percent=0.0, sin=0, sout=0)
          types |   # objects |   total size
=============== | =========== | ============
  <class 'bytes |           7 |    741     B
   <class 'list |           0 |    224     B
iter = 345
CPU usage (% each core): [18.4, 17.3, 23.0, 16.2, 17.2, 18.2, 16.3, 100.0]
RAM usage: svmem(total=33615839232, available=18373275648, percent=45.3, used=14754881536, free=10053750784, active=18609737728, inactive=3601711104, buffers=944934912, cached=7862272000, shared=74297344)
SWAP usage: sswap(total=34263265280, used=0, free=34263265280, percent=0.0, sin=0, sout=0)
          types |   # objects |   total size
=============== | =========== | ============
  <class 'bytes |           8 |    818     B
iter = 346
CPU usage (% each core): [18.2, 22.4, 18.6, 12.4, 18.2, 20.4, 23.2, 100.0]
RAM usage: svmem(total=33615839232, available=18373865472, percent=45.3, used=14754291712, free=10054340608, active=18609680384, inactive=3601711104, buffers=944934912, cached=7862272000, shared=74297344)
SWAP usage: sswap(total=34263265280, used=0, free=34263265280, percent=0.0, sin=0, sout=0)
          types |   # objects |   total size
=============== | =========== | ============
  <class 'bytes |           7 |    741     B
   <class 'list |           0 |    256     B
iter = 347
CPU usage (% each core): [14.6, 12.5, 13.5, 12.4, 13.4, 12.5, 13.5, 100.0]
RAM usage: svmem(total=33615839232, available=18373804032, percent=45.3, used=14754353152, free=10054279168, active=18609680384, inactive=3601711104, buffers=944934912, cached=7862272000, shared=74297344)
SWAP usage: sswap(total=34263265280, used=0, free=34263265280, percent=0.0, sin=0, sout=0)
          types |   # objects |   total size
=============== | =========== | ============
  <class 'bytes |           8 |    818     B
iter = 348
CPU usage (% each core): [12.6, 13.5, 15.6, 11.5, 12.6, 13.5, 13.5, 100.0]
RAM usage: svmem(total=33615839232, available=18373664768, percent=45.3, used=14754492416, free=10054139904, active=18611920896, inactive=3601711104, buffers=944934912, cached=7862272000, shared=74297344)
SWAP usage: sswap(total=34263265280, used=0, free=34263265280, percent=0.0, sin=0, sout=0)
          types |   # objects |     total size
=============== | =========== | ==============
   <class 'list |           0 |    -1800     B
  <class 'bytes |        -111 |   -11227     B
iter = 349
CPU usage (% each core): [13.7, 12.5, 12.6, 11.5, 12.6, 12.5, 10.6, 100.0]
RAM usage: svmem(total=33615839232, available=18373656576, percent=45.3, used=14754500608, free=10054123520, active=18611781632, inactive=3601715200, buffers=944934912, cached=7862280192, shared=74297344)
SWAP usage: sswap(total=34263265280, used=0, free=34263265280, percent=0.0, sin=0, sout=0)
          types |   # objects |   total size
=============== | =========== | ============
  <class 'bytes |           8 |    826     B
   <class 'list |           0 |    136     B
    <class 'int |          -1 |    -28     B
iter = 350
CPU usage (% each core): [21.4, 20.6, 18.8, 14.3, 18.2, 15.5, 17.5, 100.0]
RAM usage: svmem(total=33615839232, available=18373984256, percent=45.3, used=14754172928, free=10054451200, active=18612080640, inactive=3601715200, buffers=944934912, cached=7862280192, shared=74297344)
SWAP usage: sswap(total=34263265280, used=0, free=34263265280, percent=0.0, sin=0, sout=0)
          types |   # objects |   total size
=============== | =========== | ============
  <class 'bytes |           9 |    895     B
   <class 'list |           0 |    168     B
iter = 351
CPU usage (% each core): [44.3, 27.6, 25.5, 23.1, 31.7, 30.8, 50.9, 100.0]
RAM usage: svmem(total=33615839232, available=18372988928, percent=45.3, used=14755168256, free=10053455872, active=18611879936, inactive=3601715200, buffers=944934912, cached=7862280192, shared=74297344)
SWAP usage: sswap(total=34263265280, used=0, free=34263265280, percent=0.0, sin=0, sout=0)
          types |   # objects |   total size
=============== | =========== | ============
  <class 'bytes |           8 |    818     B
   <class 'list |           0 |     96     B
    <class 'int |           1 |     28     B
iter = 352
CPU usage (% each core): [29.1, 24.5, 22.5, 19.6, 20.2, 25.2, 29.4, 100.0]
RAM usage: svmem(total=33615839232, available=18374311936, percent=45.3, used=14753845248, free=10054778880, active=18611941376, inactive=3601715200, buffers=944934912, cached=7862280192, shared=74297344)
SWAP usage: sswap(total=34263265280, used=0, free=34263265280, percent=0.0, sin=0, sout=0)
          types |   # objects |   total size
=============== | =========== | ============
  <class 'bytes |           9 |    895     B
   <class 'list |           0 |    240     B
iter = 353
CPU usage (% each core): [25.3, 24.0, 31.6, 18.0, 21.8, 45.5, 26.0, 100.0]
RAM usage: svmem(total=33615839232, available=18373967872, percent=45.3, used=14754189312, free=10054434816, active=18611822592, inactive=3601715200, buffers=944934912, cached=7862280192, shared=74297344)
SWAP usage: sswap(total=34263265280, used=0, free=34263265280, percent=0.0, sin=0, sout=0)
          types |   # objects |   total size
=============== | =========== | ============
  <class 'bytes |           8 |    818     B
   <class 'list |           0 |    144     B
iter = 354
CPU usage (% each core): [14.0, 13.4, 12.2, 10.2, 14.1, 14.3, 12.2, 100.0]
RAM usage: svmem(total=33615839232, available=18374291456, percent=45.3, used=14753865728, free=10054758400, active=18611916800, inactive=3601715200, buffers=944934912, cached=7862280192, shared=74297344)
SWAP usage: sswap(total=34263265280, used=0, free=34263265280, percent=0.0, sin=0, sout=0)
          types |   # objects |   total size
=============== | =========== | ============
  <class 'bytes |           8 |    818     B
   <class 'list |           0 |    160     B
iter = 355
CPU usage (% each core): [13.8, 16.8, 14.9, 7.4, 14.6, 11.8, 14.0, 100.0]
RAM usage: svmem(total=33615839232, available=18373730304, percent=45.3, used=14754426880, free=10054197248, active=18611757056, inactive=3601715200, buffers=944934912, cached=7862280192, shared=74297344)
SWAP usage: sswap(total=34263265280, used=0, free=34263265280, percent=0.0, sin=0, sout=0)
          types |   # objects |   total size
=============== | =========== | ============
  <class 'bytes |           8 |    817     B
    <class 'int |          -1 |    -28     B
iter = 356
CPU usage (% each core): [18.4, 16.3, 19.4, 16.2, 19.8, 19.4, 16.3, 100.0]
RAM usage: svmem(total=33615839232, available=18373566464, percent=45.3, used=14754590720, free=10054033408, active=18609643520, inactive=3601715200, buffers=944934912, cached=7862280192, shared=74297344)
SWAP usage: sswap(total=34263265280, used=0, free=34263265280, percent=0.0, sin=0, sout=0)
          types |   # objects |   total size
=============== | =========== | ============
  <class 'bytes |           8 |    818     B
   <class 'list |           0 |    176     B
    <class 'int |           1 |     28     B
iter = 357
CPU usage (% each core): [23.4, 27.8, 22.9, 15.2, 29.6, 23.8, 28.3, 100.0]
RAM usage: svmem(total=33615839232, available=18374688768, percent=45.3, used=14753468416, free=10055155712, active=18609643520, inactive=3601715200, buffers=944934912, cached=7862280192, shared=74297344)
SWAP usage: sswap(total=34263265280, used=0, free=34263265280, percent=0.0, sin=0, sout=0)
          types |   # objects |   total size
=============== | =========== | ============
  <class 'bytes |           9 |    895     B
   <class 'list |           0 |    200     B
    <class 'int |          -1 |    -28     B
iter = 358
CPU usage (% each core): [34.3, 25.2, 29.1, 21.9, 29.1, 24.0, 32.7, 100.0]
RAM usage: svmem(total=33615839232, available=18373505024, percent=45.3, used=14754652160, free=10053971968, active=18612305920, inactive=3601715200, buffers=944934912, cached=7862280192, shared=74297344)
SWAP usage: sswap(total=34263265280, used=0, free=34263265280, percent=0.0, sin=0, sout=0)
          types |   # objects |   total size
=============== | =========== | ============
  <class 'bytes |           9 |    895     B
   <class 'list |           0 |    224     B
    <class 'int |           1 |     28     B
iter = 359
CPU usage (% each core): [31.3, 21.0, 21.2, 19.2, 30.3, 19.2, 24.2, 100.0]
RAM usage: svmem(total=33615839232, available=18373586944, percent=45.3, used=14754570240, free=10054053888, active=18612129792, inactive=3601715200, buffers=944934912, cached=7862280192, shared=74297344)
SWAP usage: sswap(total=34263265280, used=0, free=34263265280, percent=0.0, sin=0, sout=0)
          types |   # objects |   total size
=============== | =========== | ============
  <class 'bytes |           9 |    895     B
iter = 360
CPU usage (% each core): [44.2, 35.6, 38.7, 23.6, 25.7, 25.7, 42.5, 100.0]
RAM usage: svmem(total=33615839232, available=18373607424, percent=45.3, used=14754549760, free=10054074368, active=18612162560, inactive=3601715200, buffers=944934912, cached=7862280192, shared=74297344)
SWAP usage: sswap(total=34263265280, used=0, free=34263265280, percent=0.0, sin=0, sout=0)
          types |   # objects |   total size
=============== | =========== | ============
  <class 'bytes |           7 |    741     B
   <class 'list |           0 |    256     B
iter = 361
CPU usage (% each core): [39.0, 33.0, 20.4, 14.3, 21.2, 25.8, 21.2, 100.0]
RAM usage: svmem(total=33615839232, available=18374098944, percent=45.3, used=14754058240, free=10054565888, active=18611757056, inactive=3601715200, buffers=944934912, cached=7862280192, shared=74297344)
SWAP usage: sswap(total=34263265280, used=0, free=34263265280, percent=0.0, sin=0, sout=0)
          types |   # objects |   total size
=============== | =========== | ============
  <class 'bytes |           8 |    818     B
    <class 'int |          -1 |    -28     B
iter = 362
CPU usage (% each core): [30.7, 29.3, 30.9, 15.3, 23.8, 28.0, 26.3, 100.0]
RAM usage: svmem(total=33615839232, available=18374258688, percent=45.3, used=14753898496, free=10054725632, active=18611892224, inactive=3601715200, buffers=944934912, cached=7862280192, shared=74297344)
SWAP usage: sswap(total=34263265280, used=0, free=34263265280, percent=0.0, sin=0, sout=0)
          types |   # objects |     total size
=============== | =========== | ==============
    <class 'int |           1 |       28     B
   <class 'list |           0 |    -1832     B
  <class 'bytes |        -111 |   -11336     B
iter = 363
CPU usage (% each core): [36.2, 41.2, 37.9, 22.6, 25.0, 26.0, 25.5, 100.0]
RAM usage: svmem(total=33615839232, available=18373365760, percent=45.3, used=14754787328, free=10053828608, active=18611777536, inactive=3601715200, buffers=944934912, cached=7862288384, shared=74297344)
SWAP usage: sswap(total=34263265280, used=0, free=34263265280, percent=0.0, sin=0, sout=0)
          types |   # objects |   total size
=============== | =========== | ============
  <class 'bytes |           9 |    905     B
   <class 'list |           0 |    168     B
    <class 'int |          -1 |    -28     B
iter = 364
CPU usage (% each core): [19.4, 15.8, 17.7, 100.0, 15.6, 18.9, 15.1, 11.6]
RAM usage: svmem(total=33615839232, available=18373898240, percent=45.3, used=14754263040, free=10054352896, active=18612170752, inactive=3601719296, buffers=944934912, cached=7862288384, shared=74297344)
SWAP usage: sswap(total=34263265280, used=0, free=34263265280, percent=0.0, sin=0, sout=0)
          types |   # objects |   total size
=============== | =========== | ============
  <class 'bytes |           9 |    895     B
   <class 'list |           0 |    168     B
iter = 365
CPU usage (% each core): [45.1, 37.9, 56.4, 100.0, 35.9, 35.3, 35.9, 18.4]
RAM usage: svmem(total=33615839232, available=18372849664, percent=45.3, used=14755311616, free=10053304320, active=18610049024, inactive=3601719296, buffers=944943104, cached=7862280192, shared=74297344)
SWAP usage: sswap(total=34263265280, used=0, free=34263265280, percent=0.0, sin=0, sout=0)
          types |   # objects |   total size
=============== | =========== | ============
  <class 'bytes |           8 |    818     B
   <class 'list |           0 |     96     B
    <class 'int |           1 |     28     B
iter = 366
CPU usage (% each core): [32.3, 25.3, 39.4, 100.0, 36.6, 25.3, 25.0, 10.9]
RAM usage: svmem(total=33615839232, available=18372583424, percent=45.3, used=14755557376, free=10052943872, active=18609823744, inactive=3601707008, buffers=944943104, cached=7862394880, shared=74297344)
SWAP usage: sswap(total=34263265280, used=0, free=34263265280, percent=0.0, sin=0, sout=0)
          types |   # objects |   total size
=============== | =========== | ============
  <class 'bytes |           9 |    895     B
   <class 'list |           0 |    240     B
iter = 367
CPU usage (% each core): [38.9, 28.3, 35.7, 100.0, 25.0, 18.9, 23.0, 30.6]
RAM usage: svmem(total=33615839232, available=18371960832, percent=45.3, used=14756179968, free=10052321280, active=18609950720, inactive=3601707008, buffers=944943104, cached=7862394880, shared=74297344)
SWAP usage: sswap(total=34263265280, used=0, free=34263265280, percent=0.0, sin=0, sout=0)
          types |   # objects |   total size
=============== | =========== | ============
  <class 'bytes |           8 |    818     B
   <class 'list |           0 |    144     B
    <class 'int |          -1 |    -28     B
iter = 368
CPU usage (% each core): [33.7, 28.2, 39.8, 68.6, 28.0, 35.3, 32.4, 51.5]
RAM usage: svmem(total=33615839232, available=18386505728, percent=45.3, used=14741716992, free=10066821120, active=18599600128, inactive=3601498112, buffers=944955392, cached=7862345728, shared=74227712)
SWAP usage: sswap(total=34263265280, used=0, free=34263265280, percent=0.0, sin=0, sout=0)
          types |   # objects |   total size
=============== | =========== | ============
  <class 'bytes |           9 |    894     B
   <class 'list |           0 |    160     B
iter = 369
CPU usage (% each core): [27.5, 22.2, 26.5, 15.2, 20.0, 18.0, 17.0, 100.0]
RAM usage: svmem(total=33615839232, available=18386542592, percent=45.3, used=14741676032, free=10066808832, active=18599723008, inactive=3601436672, buffers=944967680, cached=7862386688, shared=74231808)
SWAP usage: sswap(total=34263265280, used=0, free=34263265280, percent=0.0, sin=0, sout=0)
          types |   # objects |   total size
=============== | =========== | ============
  <class 'bytes |           8 |    818     B
iter = 370
CPU usage (% each core): [20.0, 28.0, 29.3, 18.2, 20.6, 24.2, 21.8, 100.0]
RAM usage: svmem(total=33615839232, available=18386206720, percent=45.3, used=14742011904, free=10066472960, active=18600022016, inactive=3601436672, buffers=944967680, cached=7862386688, shared=74231808)
SWAP usage: sswap(total=34263265280, used=0, free=34263265280, percent=0.0, sin=0, sout=0)
          types |   # objects |   total size
=============== | =========== | ============
  <class 'bytes |           7 |    741     B
   <class 'list |           0 |    176     B
    <class 'int |           1 |     28     B
iter = 371
CPU usage (% each core): [41.6, 33.3, 48.0, 18.6, 48.5, 33.0, 39.6, 100.0]
RAM usage: svmem(total=33615839232, available=18363101184, percent=45.4, used=14765121536, free=10043367424, active=18622889984, inactive=3601432576, buffers=944967680, cached=7862382592, shared=74227712)
SWAP usage: sswap(total=34263265280, used=0, free=34263265280, percent=0.0, sin=0, sout=0)
          types |   # objects |   total size
=============== | =========== | ============
  <class 'bytes |           9 |    895     B
   <class 'list |           0 |    200     B
iter = 372
CPU usage (% each core): [23.0, 19.0, 28.1, 38.0, 21.0, 23.3, 23.0, 79.2]
RAM usage: svmem(total=33615839232, available=18364497920, percent=45.4, used=14763732992, free=10044755968, active=18623234048, inactive=3601432576, buffers=944967680, cached=7862382592, shared=74227712)
SWAP usage: sswap(total=34263265280, used=0, free=34263265280, percent=0.0, sin=0, sout=0)
          types |   # objects |   total size
=============== | =========== | ============
  <class 'bytes |           8 |    817     B
iter = 373
CPU usage (% each core): [28.8, 34.9, 33.0, 25.0, 20.8, 22.9, 18.3, 100.0]
RAM usage: svmem(total=33615839232, available=18365018112, percent=45.4, used=14763212800, free=10045276160, active=18623184896, inactive=3601432576, buffers=944967680, cached=7862382592, shared=74227712)
SWAP usage: sswap(total=34263265280, used=0, free=34263265280, percent=0.0, sin=0, sout=0)
          types |   # objects |   total size
=============== | =========== | ============
  <class 'bytes |           7 |    741     B
   <class 'list |           0 |    224     B
iter = 374
CPU usage (% each core): [11.5, 11.6, 11.5, 100.0, 13.1, 11.5, 12.4, 11.3]
RAM usage: svmem(total=33615839232, available=18364723200, percent=45.4, used=14763507712, free=10044981248, active=18623537152, inactive=3601432576, buffers=944967680, cached=7862382592, shared=74227712)
SWAP usage: sswap(total=34263265280, used=0, free=34263265280, percent=0.0, sin=0, sout=0)
          types |   # objects |   total size
=============== | =========== | ============
  <class 'bytes |           8 |    818     B
iter = 375
CPU usage (% each core): [27.7, 33.3, 30.0, 100.0, 22.1, 18.8, 30.0, 13.0]
RAM usage: svmem(total=33615839232, available=18363994112, percent=45.4, used=14764236800, free=10044252160, active=18621796352, inactive=3601432576, buffers=944967680, cached=7862382592, shared=74227712)
SWAP usage: sswap(total=34263265280, used=0, free=34263265280, percent=0.0, sin=0, sout=0)
          types |   # objects |   total size
=============== | =========== | ============
  <class 'bytes |           7 |    741     B
   <class 'list |           0 |    256     B
iter = 376
CPU usage (% each core): [26.7, 17.9, 27.6, 100.0, 21.4, 15.6, 16.7, 10.5]
RAM usage: svmem(total=33615839232, available=18363916288, percent=45.4, used=14764314624, free=10044174336, active=18621521920, inactive=3601432576, buffers=944967680, cached=7862382592, shared=74227712)
SWAP usage: sswap(total=34263265280, used=0, free=34263265280, percent=0.0, sin=0, sout=0)
          types |   # objects |   total size
=============== | =========== | ============
  <class 'bytes |           8 |    818     B
iter = 377
CPU usage (% each core): [12.8, 11.7, 10.8, 12.6, 14.6, 12.5, 12.6, 100.0]
RAM usage: svmem(total=33615839232, available=18364129280, percent=45.4, used=14764101632, free=10044387328, active=18621530112, inactive=3601432576, buffers=944967680, cached=7862382592, shared=74227712)
SWAP usage: sswap(total=34263265280, used=0, free=34263265280, percent=0.0, sin=0, sout=0)
          types |   # objects |     total size
=============== | =========== | ==============
   <class 'list |           0 |    -1800     B
  <class 'bytes |        -111 |   -11227     B
iter = 378
CPU usage (% each core): [16.5, 22.5, 23.5, 9.5, 27.6, 14.7, 16.8, 100.0]
RAM usage: svmem(total=33615839232, available=18363777024, percent=45.4, used=14764453888, free=10044026880, active=18621583360, inactive=3601436672, buffers=944967680, cached=7862390784, shared=74227712)
SWAP usage: sswap(total=34263265280, used=0, free=34263265280, percent=0.0, sin=0, sout=0)
          types |   # objects |   total size
=============== | =========== | ============
  <class 'bytes |           8 |    825     B
   <class 'list |           0 |    136     B
    <class 'int |          -1 |    -28     B
iter = 379
CPU usage (% each core): [19.8, 17.9, 25.5, 13.3, 28.9, 17.7, 22.9, 100.0]
RAM usage: svmem(total=33615839232, available=18363129856, percent=45.4, used=14765101056, free=10043379712, active=18621648896, inactive=3601436672, buffers=944967680, cached=7862390784, shared=74227712)
SWAP usage: sswap(total=34263265280, used=0, free=34263265280, percent=0.0, sin=0, sout=0)
          types |   # objects |   total size
=============== | =========== | ============
  <class 'bytes |           9 |    895     B
   <class 'list |           0 |    168     B
iter = 380
CPU usage (% each core): [23.0, 26.0, 26.5, 11.0, 24.0, 22.5, 24.8, 100.0]
RAM usage: svmem(total=33615839232, available=18363432960, percent=45.4, used=14764797952, free=10043789312, active=18621247488, inactive=3601436672, buffers=944967680, cached=7862284288, shared=74227712)
SWAP usage: sswap(total=34263265280, used=0, free=34263265280, percent=0.0, sin=0, sout=0)
          types |   # objects |   total size
=============== | =========== | ============
  <class 'bytes |           8 |    818     B
   <class 'list |           0 |     96     B
    <class 'int |           1 |     28     B
iter = 381
CPU usage (% each core): [24.0, 25.7, 25.3, 14.0, 25.7, 19.2, 22.2, 100.0]
RAM usage: svmem(total=33615839232, available=18363109376, percent=45.4, used=14765121536, free=10043465728, active=18621566976, inactive=3601436672, buffers=944967680, cached=7862284288, shared=74227712)
SWAP usage: sswap(total=34263265280, used=0, free=34263265280, percent=0.0, sin=0, sout=0)
          types |   # objects |   total size
=============== | =========== | ============
  <class 'bytes |           9 |    895     B
   <class 'list |           0 |    240     B
iter = 382
CPU usage (% each core): [26.8, 22.7, 23.7, 12.5, 30.9, 24.5, 25.5, 100.0]
RAM usage: svmem(total=33615839232, available=18362126336, percent=45.4, used=14766104576, free=10042482688, active=18623377408, inactive=3601436672, buffers=944967680, cached=7862284288, shared=74227712)
SWAP usage: sswap(total=34263265280, used=0, free=34263265280, percent=0.0, sin=0, sout=0)
          types |   # objects |   total size
=============== | =========== | ============
  <class 'bytes |           8 |    818     B
   <class 'list |           0 |    144     B
iter = 383
CPU usage (% each core): [33.0, 31.3, 22.7, 8.2, 32.7, 27.8, 30.6, 100.0]
RAM usage: svmem(total=33615839232, available=18362208256, percent=45.4, used=14766018560, free=10042564608, active=18623623168, inactive=3601432576, buffers=944971776, cached=7862284288, shared=74227712)
SWAP usage: sswap(total=34263265280, used=0, free=34263265280, percent=0.0, sin=0, sout=0)
          types |   # objects |   total size
=============== | =========== | ============
  <class 'bytes |           8 |    817     B
   <class 'list |           0 |    160     B
iter = 384
CPU usage (% each core): [23.7, 17.0, 20.8, 13.4, 17.8, 18.4, 15.5, 100.0]
RAM usage: svmem(total=33615839232, available=18363752448, percent=45.4, used=14764474368, free=10044108800, active=18623463424, inactive=3601432576, buffers=944971776, cached=7862284288, shared=74227712)
SWAP usage: sswap(total=34263265280, used=0, free=34263265280, percent=0.0, sin=0, sout=0)
          types |   # objects |   total size
=============== | =========== | ============
  <class 'bytes |           8 |    818     B
    <class 'int |          -1 |    -28     B
iter = 385
CPU usage (% each core): [17.7, 24.0, 17.5, 100.0, 17.0, 14.6, 14.6, 12.6]
RAM usage: svmem(total=33615839232, available=18363621376, percent=45.4, used=14764605440, free=10043977728, active=18623459328, inactive=3601432576, buffers=944971776, cached=7862284288, shared=74227712)
SWAP usage: sswap(total=34263265280, used=0, free=34263265280, percent=0.0, sin=0, sout=0)
          types |   # objects |   total size
=============== | =========== | ============
  <class 'bytes |           8 |    818     B
   <class 'list |           0 |    176     B
    <class 'int |           1 |     28     B
iter = 386
CPU usage (% each core): [17.2, 22.4, 23.2, 100.0, 16.7, 20.0, 28.6, 15.2]
RAM usage: svmem(total=33615839232, available=18360025088, percent=45.4, used=14768201728, free=10040381440, active=18621067264, inactive=3601432576, buffers=944971776, cached=7862284288, shared=74227712)
SWAP usage: sswap(total=34263265280, used=0, free=34263265280, percent=0.0, sin=0, sout=0)
          types |   # objects |   total size
=============== | =========== | ============
  <class 'bytes |           9 |    895     B
   <class 'list |           0 |    200     B
    <class 'int |          -1 |    -28     B
iter = 387
CPU usage (% each core): [42.4, 27.6, 28.9, 100.0, 36.5, 38.8, 30.6, 10.2]
RAM usage: svmem(total=33615839232, available=18362023936, percent=45.4, used=14766206976, free=10042408960, active=18621480960, inactive=3601432576, buffers=944971776, cached=7862251520, shared=74227712)
SWAP usage: sswap(total=34263265280, used=0, free=34263265280, percent=0.0, sin=0, sout=0)
          types |   # objects |   total size
=============== | =========== | ============
  <class 'bytes |           9 |    895     B
   <class 'list |           0 |    224     B
    <class 'int |           1 |     28     B
iter = 388
CPU usage (% each core): [22.7, 19.8, 30.2, 100.0, 24.2, 24.2, 26.5, 11.3]
RAM usage: svmem(total=33615839232, available=18360758272, percent=45.4, used=14767472640, free=10041143296, active=18621505536, inactive=3601432576, buffers=944971776, cached=7862251520, shared=74227712)
SWAP usage: sswap(total=34263265280, used=0, free=34263265280, percent=0.0, sin=0, sout=0)
          types |   # objects |   total size
=============== | =========== | ============
  <class 'bytes |           9 |    895     B
iter = 389
CPU usage (% each core): [27.6, 27.3, 34.3, 100.0, 29.3, 26.8, 16.7, 16.2]
RAM usage: svmem(total=33615839232, available=18364194816, percent=45.4, used=14764036096, free=10044579840, active=18623614976, inactive=3601440768, buffers=944971776, cached=7862251520, shared=74227712)
SWAP usage: sswap(total=34263265280, used=0, free=34263265280, percent=0.0, sin=0, sout=0)
          types |   # objects |   total size
=============== | =========== | ============
  <class 'bytes |           7 |    741     B
   <class 'list |           0 |    256     B
iter = 390
CPU usage (% each core): [18.9, 13.7, 17.9, 100.0, 12.8, 13.7, 13.5, 11.6]
RAM usage: svmem(total=33615839232, available=18364039168, percent=45.4, used=14764191744, free=10044424192, active=18623614976, inactive=3601440768, buffers=944975872, cached=7862247424, shared=74227712)
SWAP usage: sswap(total=34263265280, used=0, free=34263265280, percent=0.0, sin=0, sout=0)
          types |   # objects |   total size
=============== | =========== | ============
  <class 'bytes |           8 |    818     B
    <class 'int |          -1 |    -28     B
iter = 391
CPU usage (% each core): [16.8, 18.0, 22.2, 100.0, 21.7, 15.0, 15.0, 12.9]
RAM usage: svmem(total=33615839232, available=18361040896, percent=45.4, used=14767190016, free=10041421824, active=18626080768, inactive=3601440768, buffers=944975872, cached=7862251520, shared=74227712)
SWAP usage: sswap(total=34263265280, used=0, free=34263265280, percent=0.0, sin=0, sout=0)
          types |   # objects |     total size
=============== | =========== | ==============
    <class 'int |           1 |       28     B
   <class 'list |           0 |    -1832     B
  <class 'bytes |        -111 |   -11335     B
iter = 392
CPU usage (% each core): [14.3, 17.3, 21.6, 100.0, 16.7, 14.3, 19.2, 10.3]
RAM usage: svmem(total=33615839232, available=18363871232, percent=45.4, used=14764359680, free=10044243968, active=18623676416, inactive=3601444864, buffers=944975872, cached=7862259712, shared=74227712)
SWAP usage: sswap(total=34263265280, used=0, free=34263265280, percent=0.0, sin=0, sout=0)
          types |   # objects |   total size
=============== | =========== | ============
  <class 'bytes |           9 |    905     B
   <class 'list |           0 |    168     B
    <class 'int |          -1 |    -28     B
iter = 393
CPU usage (% each core): [14.3, 15.3, 14.3, 100.0, 16.8, 14.1, 17.5, 11.2]
RAM usage: svmem(total=33615839232, available=18363637760, percent=45.4, used=14764593152, free=10044010496, active=18623639552, inactive=3601444864, buffers=944975872, cached=7862259712, shared=74227712)
SWAP usage: sswap(total=34263265280, used=0, free=34263265280, percent=0.0, sin=0, sout=0)
          types |   # objects |   total size
=============== | =========== | ============
  <class 'bytes |           9 |    895     B
   <class 'list |           0 |    168     B
iter = 394
CPU usage (% each core): [17.9, 14.0, 11.8, 100.0, 13.7, 10.8, 12.8, 0.0]
RAM usage: svmem(total=33615839232, available=18364043264, percent=45.4, used=14764187648, free=10044416000, active=18623639552, inactive=3601444864, buffers=944975872, cached=7862259712, shared=74227712)
SWAP usage: sswap(total=34263265280, used=0, free=34263265280, percent=0.0, sin=0, sout=0)
          types |   # objects |   total size
=============== | =========== | ============
  <class 'bytes |           8 |    817     B
   <class 'list |           0 |     96     B
    <class 'int |           1 |     28     B
iter = 395
CPU usage (% each core): [29.3, 25.3, 31.3, 100.0, 24.0, 23.2, 32.0, 12.2]
RAM usage: svmem(total=33615839232, available=18364223488, percent=45.4, used=14764007424, free=10044596224, active=18623639552, inactive=3601444864, buffers=944975872, cached=7862259712, shared=74227712)
SWAP usage: sswap(total=34263265280, used=0, free=34263265280, percent=0.0, sin=0, sout=0)
          types |   # objects |   total size
=============== | =========== | ============
  <class 'bytes |           9 |    895     B
   <class 'list |           0 |    240     B
iter = 396
CPU usage (% each core): [22.4, 21.7, 22.1, 100.0, 29.1, 20.8, 21.0, 21.5]
RAM usage: svmem(total=33615839232, available=18364825600, percent=45.4, used=14763405312, free=10045198336, active=18621534208, inactive=3601444864, buffers=944975872, cached=7862259712, shared=74227712)
SWAP usage: sswap(total=34263265280, used=0, free=34263265280, percent=0.0, sin=0, sout=0)
          types |   # objects |   total size
=============== | =========== | ============
  <class 'bytes |           8 |    818     B
   <class 'list |           0 |    144     B
    <class 'int |          -1 |    -28     B
iter = 397
CPU usage (% each core): [25.2, 27.2, 24.8, 19.4, 22.9, 21.2, 21.4, 100.0]
RAM usage: svmem(total=33615839232, available=18363883520, percent=45.4, used=14764343296, free=10044256256, active=18621534208, inactive=3601444864, buffers=944979968, cached=7862259712, shared=74227712)
SWAP usage: sswap(total=34263265280, used=0, free=34263265280, percent=0.0, sin=0, sout=0)
          types |   # objects |   total size
=============== | =========== | ============
  <class 'bytes |           9 |    895     B
   <class 'list |           0 |    160     B
iter = 398
CPU usage (% each core): [23.0, 21.6, 20.6, 100.0, 18.4, 16.0, 20.0, 13.9]
RAM usage: svmem(total=33615839232, available=18363813888, percent=45.4, used=14764412928, free=10044186624, active=18623660032, inactive=3601444864, buffers=944979968, cached=7862259712, shared=74227712)
SWAP usage: sswap(total=34263265280, used=0, free=34263265280, percent=0.0, sin=0, sout=0)
          types |   # objects |   total size
=============== | =========== | ============
  <class 'bytes |           8 |    818     B
iter = 399
CPU usage (% each core): [22.2, 16.3, 17.3, 14.1, 15.0, 14.3, 13.3, 100.0]
RAM usage: svmem(total=33615839232, available=18363711488, percent=45.4, used=14764519424, free=10044080128, active=18624040960, inactive=3601444864, buffers=944979968, cached=7862259712, shared=74227712)
SWAP usage: sswap(total=34263265280, used=0, free=34263265280, percent=0.0, sin=0, sout=0)
          types |   # objects |   total size
=============== | =========== | ============
  <class 'bytes |           7 |    741     B
   <class 'list |           0 |    176     B
    <class 'int |           1 |     28     B
iter = 400
CPU usage (% each core): [16.7, 26.8, 21.6, 100.0, 35.0, 17.5, 16.3, 12.4]
RAM usage: svmem(total=33615839232, available=18347323392, percent=45.4, used=14780907520, free=10027692032, active=18641879040, inactive=3601444864, buffers=944979968, cached=7862259712, shared=74227712)
SWAP usage: sswap(total=34263265280, used=0, free=34263265280, percent=0.0, sin=0, sout=0)
          types |   # objects |   total size
=============== | =========== | ============
  <class 'bytes |           9 |    895     B
   <class 'list |           0 |    200     B
iter = 401
CPU usage (% each core): [24.0, 16.0, 17.2, 100.0, 17.8, 17.8, 15.3, 15.0]
RAM usage: svmem(total=33615839232, available=18346254336, percent=45.4, used=14781976576, free=10026622976, active=18641883136, inactive=3601444864, buffers=944979968, cached=7862259712, shared=74227712)
SWAP usage: sswap(total=34263265280, used=0, free=34263265280, percent=0.0, sin=0, sout=0)
          types |   # objects |   total size
=============== | =========== | ============
  <class 'bytes |           8 |    818     B
iter = 402
CPU usage (% each core): [16.2, 15.2, 19.2, 13.1, 14.9, 13.1, 13.1, 100.0]
RAM usage: svmem(total=33615839232, available=18345562112, percent=45.4, used=14782668800, free=10025930752, active=18641883136, inactive=3601444864, buffers=944979968, cached=7862259712, shared=74227712)
SWAP usage: sswap(total=34263265280, used=0, free=34263265280, percent=0.0, sin=0, sout=0)
          types |   # objects |   total size
=============== | =========== | ============
  <class 'bytes |           7 |    741     B
   <class 'list |           0 |    224     B
iter = 403
CPU usage (% each core): [16.3, 14.3, 15.0, 8.1, 14.6, 12.1, 12.0, 100.0]
RAM usage: svmem(total=33615839232, available=18345046016, percent=45.4, used=14783184896, free=10025414656, active=18641907712, inactive=3601444864, buffers=944979968, cached=7862259712, shared=74227712)
SWAP usage: sswap(total=34263265280, used=0, free=34263265280, percent=0.0, sin=0, sout=0)
          types |   # objects |   total size
=============== | =========== | ============
  <class 'bytes |           8 |    817     B
iter = 404
CPU usage (% each core): [16.7, 15.8, 18.6, 13.9, 19.4, 14.9, 15.5, 100.0]
RAM usage: svmem(total=33615839232, available=18344955904, percent=45.4, used=14783275008, free=10025324544, active=18641907712, inactive=3601444864, buffers=944984064, cached=7862255616, shared=74227712)
SWAP usage: sswap(total=34263265280, used=0, free=34263265280, percent=0.0, sin=0, sout=0)
          types |   # objects |   total size
=============== | =========== | ============
  <class 'bytes |           7 |    741     B
   <class 'list |           0 |    256     B
iter = 405
CPU usage (% each core): [15.5, 17.8, 15.3, 14.7, 20.0, 14.0, 14.1, 100.0]
RAM usage: svmem(total=33615839232, available=18346049536, percent=45.4, used=14782177280, free=10026418176, active=18641907712, inactive=3601444864, buffers=944984064, cached=7862259712, shared=74227712)
SWAP usage: sswap(total=34263265280, used=0, free=34263265280, percent=0.0, sin=0, sout=0)
          types |   # objects |   total size
=============== | =========== | ============
  <class 'bytes |           8 |    818     B
iter = 406
CPU usage (% each core): [18.0, 13.3, 13.3, 11.2, 19.8, 12.1, 13.1, 100.0]
RAM usage: svmem(total=33615839232, available=18345496576, percent=45.4, used=14782730240, free=10025865216, active=18639851520, inactive=3601444864, buffers=944984064, cached=7862259712, shared=74227712)
SWAP usage: sswap(total=34263265280, used=0, free=34263265280, percent=0.0, sin=0, sout=0)
          types |   # objects |     total size
=============== | =========== | ==============
   <class 'list |           0 |    -1800     B
  <class 'bytes |        -111 |   -11227     B
iter = 407
CPU usage (% each core): [23.5, 23.8, 28.6, 12.0, 19.0, 18.6, 19.0, 100.0]
RAM usage: svmem(total=33615839232, available=18344964096, percent=45.4, used=14783262720, free=10025324544, active=18639855616, inactive=3601448960, buffers=944984064, cached=7862267904, shared=74227712)
SWAP usage: sswap(total=34263265280, used=0, free=34263265280, percent=0.0, sin=0, sout=0)
          types |   # objects |   total size
=============== | =========== | ============
  <class 'bytes |           8 |    826     B
   <class 'list |           0 |    136     B
    <class 'int |          -1 |    -28     B
iter = 408
CPU usage (% each core): [21.2, 28.7, 20.6, 14.1, 16.8, 19.0, 21.0, 100.0]
RAM usage: svmem(total=33615839232, available=18344566784, percent=45.4, used=14783664128, free=10024923136, active=18641981440, inactive=3601448960, buffers=944984064, cached=7862267904, shared=74227712)
SWAP usage: sswap(total=34263265280, used=0, free=34263265280, percent=0.0, sin=0, sout=0)
          types |   # objects |   total size
=============== | =========== | ============
  <class 'bytes |           9 |    895     B
   <class 'list |           0 |    168     B
iter = 409
CPU usage (% each core): [21.4, 14.3, 21.4, 13.3, 13.0, 13.3, 14.3, 100.0]
RAM usage: svmem(total=33615839232, available=18345525248, percent=45.4, used=14782705664, free=10025881600, active=18641981440, inactive=3601448960, buffers=944984064, cached=7862267904, shared=74227712)
SWAP usage: sswap(total=34263265280, used=0, free=34263265280, percent=0.0, sin=0, sout=0)
          types |   # objects |   total size
=============== | =========== | ============
  <class 'bytes |           8 |    818     B
   <class 'list |           0 |     96     B
    <class 'int |           1 |     28     B
iter = 410
CPU usage (% each core): [17.3, 17.5, 12.4, 10.0, 16.5, 13.3, 9.1, 100.0]
RAM usage: svmem(total=33615839232, available=18345521152, percent=45.4, used=14782709760, free=10025877504, active=18641981440, inactive=3601448960, buffers=944984064, cached=7862267904, shared=74227712)
SWAP usage: sswap(total=34263265280, used=0, free=34263265280, percent=0.0, sin=0, sout=0)
          types |   # objects |   total size
=============== | =========== | ============
  <class 'bytes |           9 |    894     B
   <class 'list |           0 |    240     B
iter = 411
CPU usage (% each core): [16.2, 15.2, 14.0, 100.0, 16.8, 21.2, 12.2, 11.9]
RAM usage: svmem(total=33615839232, available=18344468480, percent=45.4, used=14783762432, free=10024824832, active=18641985536, inactive=3601448960, buffers=944984064, cached=7862267904, shared=74227712)
SWAP usage: sswap(total=34263265280, used=0, free=34263265280, percent=0.0, sin=0, sout=0)
          types |   # objects |   total size
=============== | =========== | ============
  <class 'bytes |           8 |    818     B
   <class 'list |           0 |    144     B
iter = 412
CPU usage (% each core): [13.3, 13.4, 17.2, 100.0, 16.8, 20.4, 13.4, 11.3]
RAM usage: svmem(total=33615839232, available=18345607168, percent=45.4, used=14782619648, free=10025963520, active=18642100224, inactive=3601448960, buffers=944988160, cached=7862267904, shared=74227712)
SWAP usage: sswap(total=34263265280, used=0, free=34263265280, percent=0.0, sin=0, sout=0)
          types |   # objects |   total size
=============== | =========== | ============
  <class 'bytes |           8 |    818     B
   <class 'list |           0 |    160     B
iter = 413
CPU usage (% each core): [18.8, 11.5, 17.7, 100.0, 17.0, 15.8, 13.5, 11.3]
RAM usage: svmem(total=33615839232, available=18344185856, percent=45.4, used=14784040960, free=10024542208, active=18642251776, inactive=3601448960, buffers=944988160, cached=7862267904, shared=74227712)
SWAP usage: sswap(total=34263265280, used=0, free=34263265280, percent=0.0, sin=0, sout=0)
          types |   # objects |   total size
=============== | =========== | ============
  <class 'bytes |           8 |    818     B
    <class 'int |          -1 |    -28     B
iter = 414
CPU usage (% each core): [15.2, 15.2, 18.2, 100.0, 17.5, 15.0, 17.0, 11.1]
RAM usage: svmem(total=33615839232, available=18344112128, percent=45.4, used=14784114688, free=10024468480, active=18642251776, inactive=3601448960, buffers=944988160, cached=7862267904, shared=74227712)
SWAP usage: sswap(total=34263265280, used=0, free=34263265280, percent=0.0, sin=0, sout=0)
          types |   # objects |   total size
=============== | =========== | ============
  <class 'bytes |           8 |    818     B
   <class 'list |           0 |    176     B
    <class 'int |           1 |     28     B
iter = 415
CPU usage (% each core): [18.0, 19.6, 21.8, 100.0, 20.0, 17.0, 17.0, 14.9]
RAM usage: svmem(total=33615839232, available=18344599552, percent=45.4, used=14783627264, free=10024955904, active=18642251776, inactive=3601448960, buffers=944988160, cached=7862267904, shared=74227712)
SWAP usage: sswap(total=34263265280, used=0, free=34263265280, percent=0.0, sin=0, sout=0)
          types |   # objects |   total size
=============== | =========== | ============
  <class 'bytes |           9 |    895     B
   <class 'list |           0 |    200     B
    <class 'int |          -1 |    -28     B
iter = 416
CPU usage (% each core): [100.0, 15.0, 13.3, 14.8, 15.9, 14.0, 14.0, 14.0]
RAM usage: svmem(total=33615839232, available=18344026112, percent=45.4, used=14784200704, free=10024382464, active=18640261120, inactive=3601448960, buffers=944988160, cached=7862267904, shared=74227712)
SWAP usage: sswap(total=34263265280, used=0, free=34263265280, percent=0.0, sin=0, sout=0)
          types |   # objects |   total size
=============== | =========== | ============
  <class 'bytes |           9 |    895     B
   <class 'list |           0 |    224     B
    <class 'int |           1 |     28     B
iter = 417
CPU usage (% each core): [100.0, 14.9, 24.8, 14.0, 17.6, 13.9, 14.7, 17.8]
RAM usage: svmem(total=33615839232, available=18343698432, percent=45.4, used=14784528384, free=10024054784, active=18640261120, inactive=3601448960, buffers=944988160, cached=7862267904, shared=74227712)
SWAP usage: sswap(total=34263265280, used=0, free=34263265280, percent=0.0, sin=0, sout=0)
          types |   # objects |   total size
=============== | =========== | ============
  <class 'bytes |           9 |    895     B
iter = 418
CPU usage (% each core): [65.7, 17.2, 21.2, 18.0, 50.5, 14.9, 11.1, 14.1]
RAM usage: svmem(total=33615839232, available=18344210432, percent=45.4, used=14784016384, free=10024566784, active=18642468864, inactive=3601448960, buffers=944988160, cached=7862267904, shared=74227712)
SWAP usage: sswap(total=34263265280, used=0, free=34263265280, percent=0.0, sin=0, sout=0)
          types |   # objects |   total size
=============== | =========== | ============
  <class 'bytes |           7 |    740     B
   <class 'list |           0 |    256     B
iter = 419
CPU usage (% each core): [11.2, 14.3, 18.4, 14.6, 100.0, 12.5, 13.4, 13.3]
RAM usage: svmem(total=33615839232, available=18344005632, percent=45.4, used=14784221184, free=10024361984, active=18642518016, inactive=3601448960, buffers=944988160, cached=7862267904, shared=74227712)
SWAP usage: sswap(total=34263265280, used=0, free=34263265280, percent=0.0, sin=0, sout=0)
          types |   # objects |   total size
=============== | =========== | ============
  <class 'bytes |           8 |    818     B
    <class 'int |          -1 |    -28     B
iter = 420
CPU usage (% each core): [11.9, 15.2, 12.2, 13.1, 100.0, 13.0, 18.0, 13.0]
RAM usage: svmem(total=33615839232, available=18344497152, percent=45.4, used=14783729664, free=10024853504, active=18642518016, inactive=3601448960, buffers=944992256, cached=7862263808, shared=74227712)
SWAP usage: sswap(total=34263265280, used=0, free=34263265280, percent=0.0, sin=0, sout=0)
          types |   # objects |     total size
=============== | =========== | ==============
    <class 'int |           1 |       28     B
   <class 'list |           0 |    -1832     B
  <class 'bytes |        -111 |   -11335     B
iter = 421
CPU usage (% each core): [11.1, 15.8, 14.9, 18.0, 100.0, 15.0, 19.2, 13.1]
RAM usage: svmem(total=33615839232, available=18344869888, percent=45.4, used=14783352832, free=10025218048, active=18642251776, inactive=3601453056, buffers=944992256, cached=7862276096, shared=74227712)
SWAP usage: sswap(total=34263265280, used=0, free=34263265280, percent=0.0, sin=0, sout=0)
          types |   # objects |   total size
=============== | =========== | ============
  <class 'bytes |           9 |    905     B
   <class 'list |           0 |    168     B
    <class 'int |          -1 |    -28     B
iter = 422
CPU usage (% each core): [12.1, 17.2, 16.2, 18.0, 100.0, 15.0, 16.2, 13.3]
RAM usage: svmem(total=33615839232, available=18345254912, percent=45.4, used=14782967808, free=10025603072, active=18642251776, inactive=3601453056, buffers=944992256, cached=7862276096, shared=74227712)
SWAP usage: sswap(total=34263265280, used=0, free=34263265280, percent=0.0, sin=0, sout=0)
          types |   # objects |   total size
=============== | =========== | ============
  <class 'bytes |           9 |    895     B
   <class 'list |           0 |    168     B
iter = 423
CPU usage (% each core): [12.9, 15.8, 19.8, 16.0, 100.0, 17.8, 14.9, 19.4]
RAM usage: svmem(total=33615839232, available=18345213952, percent=45.4, used=14783008768, free=10025562112, active=18642251776, inactive=3601453056, buffers=944992256, cached=7862276096, shared=74227712)
SWAP usage: sswap(total=34263265280, used=0, free=34263265280, percent=0.0, sin=0, sout=0)
          types |   # objects |   total size
=============== | =========== | ============
  <class 'bytes |           8 |    818     B
   <class 'list |           0 |     96     B
    <class 'int |           1 |     28     B
iter = 424
CPU usage (% each core): [12.1, 20.2, 17.5, 13.3, 100.0, 12.2, 15.0, 17.2]
RAM usage: svmem(total=33615839232, available=18344501248, percent=45.4, used=14783721472, free=10024849408, active=18642251776, inactive=3601453056, buffers=944992256, cached=7862276096, shared=74227712)
SWAP usage: sswap(total=34263265280, used=0, free=34263265280, percent=0.0, sin=0, sout=0)
          types |   # objects |   total size
=============== | =========== | ============
  <class 'bytes |           9 |    895     B
   <class 'list |           0 |    240     B
iter = 425
CPU usage (% each core): [12.1, 17.2, 16.0, 15.0, 100.0, 15.0, 14.0, 22.2]
RAM usage: svmem(total=33615839232, available=18345336832, percent=45.4, used=14782889984, free=10025680896, active=18642268160, inactive=3601453056, buffers=944992256, cached=7862276096, shared=74227712)
SWAP usage: sswap(total=34263265280, used=0, free=34263265280, percent=0.0, sin=0, sout=0)
          types |   # objects |   total size
=============== | =========== | ============
  <class 'bytes |           8 |    818     B
   <class 'list |           0 |    144     B
    <class 'int |          -1 |    -28     B
iter = 426
CPU usage (% each core): [15.7, 22.8, 16.7, 17.6, 100.0, 17.8, 18.6, 19.8]
RAM usage: svmem(total=33615839232, available=18344468480, percent=45.4, used=14783758336, free=10024812544, active=18640281600, inactive=3601453056, buffers=944992256, cached=7862276096, shared=74227712)
SWAP usage: sswap(total=34263265280, used=0, free=34263265280, percent=0.0, sin=0, sout=0)
          types |   # objects |   total size
=============== | =========== | ============
  <class 'bytes |           9 |    895     B
   <class 'list |           0 |    160     B
iter = 427
CPU usage (% each core): [15.5, 16.8, 17.8, 18.8, 100.0, 23.8, 15.0, 17.5]
RAM usage: svmem(total=33615839232, available=18344534016, percent=45.4, used=14783692800, free=10024878080, active=18640281600, inactive=3601453056, buffers=944992256, cached=7862276096, shared=74227712)
SWAP usage: sswap(total=34263265280, used=0, free=34263265280, percent=0.0, sin=0, sout=0)
          types |   # objects |   total size
=============== | =========== | ============
  <class 'bytes |           8 |    818     B
iter = 428
CPU usage (% each core): [100.0, 20.4, 15.2, 15.3, 15.8, 16.3, 14.0, 12.2]
RAM usage: svmem(total=33615839232, available=18344722432, percent=45.4, used=14783504384, free=10025066496, active=18640158720, inactive=3601453056, buffers=944992256, cached=7862276096, shared=74227712)
SWAP usage: sswap(total=34263265280, used=0, free=34263265280, percent=0.0, sin=0, sout=0)
          types |   # objects |   total size
=============== | =========== | ============
  <class 'bytes |           7 |    741     B
   <class 'list |           0 |    176     B
    <class 'int |           1 |     28     B
iter = 429
CPU usage (% each core): [100.0, 16.5, 18.6, 16.7, 13.3, 14.1, 13.4, 13.4]
RAM usage: svmem(total=33615839232, available=18345234432, percent=45.4, used=14782992384, free=10025472000, active=18642272256, inactive=3601551360, buffers=944992256, cached=7862382592, shared=74227712)
SWAP usage: sswap(total=34263265280, used=0, free=34263265280, percent=0.0, sin=0, sout=0)
          types |   # objects |   total size
=============== | =========== | ============
  <class 'bytes |           9 |    895     B
   <class 'list |           0 |    200     B
iter = 430
CPU usage (% each core): [100.0, 20.2, 16.3, 18.4, 13.4, 13.4, 13.4, 14.3]
RAM usage: svmem(total=33615839232, available=18345619456, percent=45.4, used=14782607360, free=10025857024, active=18642272256, inactive=3601551360, buffers=944992256, cached=7862382592, shared=74227712)
SWAP usage: sswap(total=34263265280, used=0, free=34263265280, percent=0.0, sin=0, sout=0)
          types |   # objects |   total size
=============== | =========== | ============
  <class 'bytes |           8 |    818     B
iter = 431
CPU usage (% each core): [100.0, 18.2, 16.3, 21.2, 15.8, 16.3, 16.2, 16.2]
RAM usage: svmem(total=33615839232, available=18345660416, percent=45.4, used=14782566400, free=10025897984, active=18642268160, inactive=3601551360, buffers=944992256, cached=7862382592, shared=74227712)
SWAP usage: sswap(total=34263265280, used=0, free=34263265280, percent=0.0, sin=0, sout=0)
          types |   # objects |   total size
=============== | =========== | ============
  <class 'bytes |           7 |    741     B
   <class 'list |           0 |    224     B
iter = 432
CPU usage (% each core): [12.0, 13.0, 13.0, 13.0, 100.0, 13.0, 16.2, 13.0]
RAM usage: svmem(total=33615839232, available=18346344448, percent=45.4, used=14781882368, free=10026582016, active=18642288640, inactive=3601551360, buffers=944992256, cached=7862382592, shared=74227712)
SWAP usage: sswap(total=34263265280, used=0, free=34263265280, percent=0.0, sin=0, sout=0)
          types |   # objects |   total size
=============== | =========== | ============
  <class 'bytes |           8 |    818     B
iter = 433
CPU usage (% each core): [11.1, 13.4, 19.2, 14.3, 100.0, 14.0, 12.2, 13.1]
RAM usage: svmem(total=33615839232, available=18345328640, percent=45.4, used=14782898176, free=10025566208, active=18642288640, inactive=3601551360, buffers=944992256, cached=7862382592, shared=74227712)
SWAP usage: sswap(total=34263265280, used=0, free=34263265280, percent=0.0, sin=0, sout=0)
          types |   # objects |   total size
=============== | =========== | ============
  <class 'bytes |           7 |    741     B
   <class 'list |           0 |    256     B
iter = 434
CPU usage (% each core): [13.9, 18.8, 18.6, 18.8, 100.0, 15.8, 17.3, 17.5]
RAM usage: svmem(total=33615839232, available=18345455616, percent=45.4, used=14782767104, free=10025693184, active=18642288640, inactive=3601551360, buffers=944996352, cached=7862382592, shared=74227712)
SWAP usage: sswap(total=34263265280, used=0, free=34263265280, percent=0.0, sin=0, sout=0)
          types |   # objects |   total size
=============== | =========== | ============
  <class 'bytes |           8 |    818     B
iter = 435
CPU usage (% each core): [100.0, 15.6, 19.8, 17.5, 12.5, 13.5, 12.6, 13.7]
RAM usage: svmem(total=33615839232, available=18345127936, percent=45.4, used=14783098880, free=10025361408, active=18642300928, inactive=3601551360, buffers=944996352, cached=7862382592, shared=74227712)
SWAP usage: sswap(total=34263265280, used=0, free=34263265280, percent=0.0, sin=0, sout=0)
          types |   # objects |     total size
=============== | =========== | ==============
   <class 'list |           0 |    -1736     B
  <class 'bytes |        -111 |   -11229     B
iter = 436
CPU usage (% each core): [13.1, 15.3, 16.3, 16.0, 100.0, 16.2, 14.0, 14.3]
RAM usage: svmem(total=33615839232, available=18344841216, percent=45.4, used=14783385600, free=10025054208, active=18642440192, inactive=3601555456, buffers=945000448, cached=7862398976, shared=74231808)
SWAP usage: sswap(total=34263265280, used=0, free=34263265280, percent=0.0, sin=0, sout=0)
          types |   # objects |   total size
=============== | =========== | ============
  <class 'bytes |           8 |    826     B
   <class 'list |           0 |     72     B
    <class 'int |          -1 |    -28     B
iter = 437
CPU usage (% each core): [13.9, 17.0, 16.8, 12.0, 100.0, 16.8, 14.7, 14.7]
RAM usage: svmem(total=33615839232, available=18344701952, percent=45.4, used=14783528960, free=10024914944, active=18642329600, inactive=3601555456, buffers=945000448, cached=7862394880, shared=74227712)
SWAP usage: sswap(total=34263265280, used=0, free=34263265280, percent=0.0, sin=0, sout=0)
          types |   # objects |   total size
=============== | =========== | ============
  <class 'bytes |           9 |    895     B
   <class 'list |           0 |    168     B
iter = 438
CPU usage (% each core): [11.1, 15.0, 18.2, 13.3, 100.0, 12.1, 12.2, 12.1]
RAM usage: svmem(total=33615839232, available=18344214528, percent=45.4, used=14784016384, free=10024534016, active=18642190336, inactive=3601555456, buffers=945000448, cached=7862288384, shared=74227712)
SWAP usage: sswap(total=34263265280, used=0, free=34263265280, percent=0.0, sin=0, sout=0)
          types |   # objects |   total size
=============== | =========== | ============
  <class 'bytes |           8 |    818     B
   <class 'list |           0 |    208     B
    <class 'int |           1 |     28     B
iter = 439
CPU usage (% each core): [11.1, 13.0, 13.0, 13.7, 100.0, 13.1, 18.2, 13.1]
RAM usage: svmem(total=33615839232, available=18344374272, percent=45.4, used=14783856640, free=10024693760, active=18642190336, inactive=3601555456, buffers=945000448, cached=7862288384, shared=74227712)
SWAP usage: sswap(total=34263265280, used=0, free=34263265280, percent=0.0, sin=0, sout=0)
          types |   # objects |   total size
=============== | =========== | ============
  <class 'bytes |           9 |    895     B
   <class 'list |           0 |    128     B
iter = 440
CPU usage (% each core): [100.0, 19.0, 15.0, 15.3, 15.8, 17.2, 17.0, 16.2]
RAM usage: svmem(total=33615839232, available=18344755200, percent=45.4, used=14783475712, free=10025074688, active=18642190336, inactive=3601555456, buffers=945000448, cached=7862288384, shared=74227712)
SWAP usage: sswap(total=34263265280, used=0, free=34263265280, percent=0.0, sin=0, sout=0)
          types |   # objects |   total size
=============== | =========== | ============
  <class 'bytes |           8 |    818     B
   <class 'list |           0 |    144     B
iter = 441
CPU usage (% each core): [9.6, 11.5, 100.0, 12.4, 13.2, 16.0, 10.5, 12.3]
RAM usage: svmem(total=33615839232, available=18344345600, percent=45.4, used=14783885312, free=10024665088, active=18642186240, inactive=3601555456, buffers=945000448, cached=7862288384, shared=74227712)
SWAP usage: sswap(total=34263265280, used=0, free=34263265280, percent=0.0, sin=0, sout=0)
          types |   # objects |   total size
=============== | =========== | ============
  <class 'bytes |           8 |    817     B
   <class 'list |           0 |    160     B
iter = 442
CPU usage (% each core): [20.2, 15.3, 100.0, 13.3, 14.3, 14.3, 11.3, 15.3]
RAM usage: svmem(total=33615839232, available=18345005056, percent=45.4, used=14783225856, free=10025324544, active=18642186240, inactive=3601555456, buffers=945000448, cached=7862288384, shared=74227712)
SWAP usage: sswap(total=34263265280, used=0, free=34263265280, percent=0.0, sin=0, sout=0)
          types |   # objects |   total size
=============== | =========== | ============
  <class 'bytes |           8 |    818     B
    <class 'int |          -1 |    -28     B
iter = 443
CPU usage (% each core): [17.8, 13.1, 100.0, 14.1, 14.7, 12.1, 11.1, 12.0]
RAM usage: svmem(total=33615839232, available=18345263104, percent=45.4, used=14782967808, free=10025582592, active=18642186240, inactive=3601555456, buffers=945000448, cached=7862288384, shared=74227712)
SWAP usage: sswap(total=34263265280, used=0, free=34263265280, percent=0.0, sin=0, sout=0)
          types |   # objects |   total size
=============== | =========== | ============
  <class 'bytes |           8 |    818     B
   <class 'list |           0 |    176     B
    <class 'int |           1 |     28     B
iter = 444
CPU usage (% each core): [16.5, 21.4, 100.0, 12.5, 16.0, 14.4, 13.1, 14.4]
RAM usage: svmem(total=33615839232, available=18345054208, percent=45.4, used=14783176704, free=10025373696, active=18642190336, inactive=3601555456, buffers=945000448, cached=7862288384, shared=74227712)
SWAP usage: sswap(total=34263265280, used=0, free=34263265280, percent=0.0, sin=0, sout=0)
          types |   # objects |   total size
=============== | =========== | ============
  <class 'bytes |           9 |    895     B
   <class 'list |           0 |    200     B
    <class 'int |          -1 |    -28     B
iter = 445
CPU usage (% each core): [17.2, 19.0, 100.0, 20.2, 17.8, 17.0, 14.1, 16.0]
RAM usage: svmem(total=33615839232, available=18344927232, percent=45.4, used=14783303680, free=10025246720, active=18642534400, inactive=3601555456, buffers=945000448, cached=7862288384, shared=74227712)
SWAP usage: sswap(total=34263265280, used=0, free=34263265280, percent=0.0, sin=0, sout=0)
          types |   # objects |   total size
=============== | =========== | ============
  <class 'bytes |           9 |    895     B
   <class 'list |           0 |    224     B
    <class 'int |           1 |     28     B
iter = 446
CPU usage (% each core): [14.1, 13.1, 17.8, 16.8, 14.0, 14.0, 100.0, 13.1]
RAM usage: svmem(total=33615839232, available=18345111552, percent=45.4, used=14783119360, free=10025431040, active=18640457728, inactive=3601555456, buffers=945000448, cached=7862288384, shared=74227712)
SWAP usage: sswap(total=34263265280, used=0, free=34263265280, percent=0.0, sin=0, sout=0)
          types |   # objects |   total size
=============== | =========== | ============
  <class 'bytes |           9 |    895     B
iter = 447
CPU usage (% each core): [15.7, 17.8, 10.8, 15.7, 15.4, 13.9, 99.0, 14.6]
RAM usage: svmem(total=33615839232, available=18345017344, percent=45.4, used=14783213568, free=10025336832, active=18640457728, inactive=3601555456, buffers=945000448, cached=7862288384, shared=74227712)
SWAP usage: sswap(total=34263265280, used=0, free=34263265280, percent=0.0, sin=0, sout=0)
          types |   # objects |   total size
=============== | =========== | ============
  <class 'bytes |           7 |    740     B
   <class 'list |           0 |    256     B
iter = 448
CPU usage (% each core): [13.5, 11.5, 12.6, 17.9, 13.5, 12.6, 100.0, 14.0]
RAM usage: svmem(total=33615839232, available=18344628224, percent=45.4, used=14783602688, free=10024947712, active=18640482304, inactive=3601555456, buffers=945004544, cached=7862284288, shared=74227712)
SWAP usage: sswap(total=34263265280, used=0, free=34263265280, percent=0.0, sin=0, sout=0)
          types |   # objects |   total size
=============== | =========== | ============
  <class 'bytes |           8 |    818     B
    <class 'int |          -1 |    -28     B
iter = 449
CPU usage (% each core): [14.1, 14.1, 12.1, 16.2, 15.0, 14.0, 100.0, 14.0]
RAM usage: svmem(total=33615839232, available=18345484288, percent=45.4, used=14782742528, free=10025803776, active=18640482304, inactive=3601555456, buffers=945004544, cached=7862288384, shared=74227712)
SWAP usage: sswap(total=34263265280, used=0, free=34263265280, percent=0.0, sin=0, sout=0)
          types |   # objects |     total size
=============== | =========== | ==============
    <class 'int |           1 |       28     B
   <class 'list |           0 |    -1832     B
  <class 'bytes |        -111 |   -11335     B
iter = 450
CPU usage (% each core): [12.1, 13.1, 14.1, 12.9, 13.0, 13.1, 100.0, 12.0]
RAM usage: svmem(total=33615839232, available=18345521152, percent=45.4, used=14782705664, free=10025832448, active=18640486400, inactive=3601559552, buffers=945004544, cached=7862296576, shared=74227712)
SWAP usage: sswap(total=34263265280, used=0, free=34263265280, percent=0.0, sin=0, sout=0)
          types |   # objects |   total size
=============== | =========== | ============
  <class 'bytes |           9 |    905     B
   <class 'list |           0 |    168     B
    <class 'int |          -1 |    -28     B
iter = 451
CPU usage (% each core): [14.3, 14.3, 11.3, 16.5, 14.1, 12.2, 100.0, 14.1]
RAM usage: svmem(total=33615839232, available=18344689664, percent=45.4, used=14783537152, free=10025000960, active=18640506880, inactive=3601559552, buffers=945004544, cached=7862296576, shared=74227712)
SWAP usage: sswap(total=34263265280, used=0, free=34263265280, percent=0.0, sin=0, sout=0)
          types |   # objects |   total size
=============== | =========== | ============
  <class 'bytes |           9 |    895     B
   <class 'list |           0 |    168     B
iter = 452
CPU usage (% each core): [12.1, 12.2, 9.1, 13.1, 15.8, 15.0, 100.0, 12.2]
RAM usage: svmem(total=33615839232, available=18344927232, percent=45.4, used=14783299584, free=10025238528, active=18640506880, inactive=3601559552, buffers=945004544, cached=7862296576, shared=74227712)
SWAP usage: sswap(total=34263265280, used=0, free=34263265280, percent=0.0, sin=0, sout=0)
          types |   # objects |   total size
=============== | =========== | ============
  <class 'bytes |           8 |    817     B
   <class 'list |           0 |     96     B
    <class 'int |           1 |     28     B
iter = 453
CPU usage (% each core): [16.5, 17.1, 9.6, 16.3, 21.9, 16.5, 100.0, 16.3]
RAM usage: svmem(total=33615839232, available=18344992768, percent=45.4, used=14783234048, free=10025304064, active=18640523264, inactive=3601559552, buffers=945004544, cached=7862296576, shared=74227712)
SWAP usage: sswap(total=34263265280, used=0, free=34263265280, percent=0.0, sin=0, sout=0)
          types |   # objects |   total size
=============== | =========== | ============
  <class 'bytes |           9 |    894     B
   <class 'list |           0 |    240     B
iter = 454
CPU usage (% each core): [13.4, 15.6, 12.5, 10.5, 12.1, 12.5, 100.0, 12.5]
RAM usage: svmem(total=33615839232, available=18345172992, percent=45.4, used=14783053824, free=10025484288, active=18640523264, inactive=3601559552, buffers=945004544, cached=7862296576, shared=74227712)
SWAP usage: sswap(total=34263265280, used=0, free=34263265280, percent=0.0, sin=0, sout=0)
          types |   # objects |   total size
=============== | =========== | ============
  <class 'bytes |           8 |    818     B
   <class 'list |           0 |    144     B
    <class 'int |          -1 |    -28     B
iter = 455
CPU usage (% each core): [15.8, 18.9, 10.3, 12.2, 13.4, 13.5, 100.0, 14.4]
RAM usage: svmem(total=33615839232, available=18344656896, percent=45.4, used=14783569920, free=10024964096, active=18642624512, inactive=3601559552, buffers=945008640, cached=7862296576, shared=74227712)
SWAP usage: sswap(total=34263265280, used=0, free=34263265280, percent=0.0, sin=0, sout=0)
          types |   # objects |   total size
=============== | =========== | ============
  <class 'bytes |           9 |    895     B
   <class 'list |           0 |    160     B
iter = 456
CPU usage (% each core): [16.8, 13.0, 13.7, 18.2, 15.7, 13.9, 100.0, 13.9]
RAM usage: svmem(total=33615839232, available=18344165376, percent=45.4, used=14784065536, free=10024468480, active=18640539648, inactive=3601559552, buffers=945008640, cached=7862296576, shared=74227712)
SWAP usage: sswap(total=34263265280, used=0, free=34263265280, percent=0.0, sin=0, sout=0)
          types |   # objects |   total size
=============== | =========== | ============
  <class 'bytes |           8 |    818     B
iter = 457
CPU usage (% each core): [15.0, 18.0, 16.3, 10.2, 14.0, 14.9, 100.0, 14.1]
RAM usage: svmem(total=33615839232, available=18344996864, percent=45.4, used=14783234048, free=10025299968, active=18640539648, inactive=3601559552, buffers=945008640, cached=7862296576, shared=74227712)
SWAP usage: sswap(total=34263265280, used=0, free=34263265280, percent=0.0, sin=0, sout=0)
          types |   # objects |   total size
=============== | =========== | ============
  <class 'bytes |           7 |    741     B
   <class 'list |           0 |    176     B
    <class 'int |           1 |     28     B
iter = 458
CPU usage (% each core): [13.0, 14.9, 15.7, 17.6, 14.6, 14.6, 100.0, 14.7]
RAM usage: svmem(total=33615839232, available=18344595456, percent=45.4, used=14783635456, free=10024898560, active=18640506880, inactive=3601559552, buffers=945008640, cached=7862296576, shared=74227712)
SWAP usage: sswap(total=34263265280, used=0, free=34263265280, percent=0.0, sin=0, sout=0)
          types |   # objects |   total size
=============== | =========== | ============
  <class 'bytes |           9 |    895     B
   <class 'list |           0 |    200     B
iter = 459
CPU usage (% each core): [16.5, 15.7, 20.4, 19.0, 15.8, 15.8, 100.0, 15.7]
RAM usage: svmem(total=33615839232, available=18344837120, percent=45.4, used=14783393792, free=10025140224, active=18640506880, inactive=3601559552, buffers=945008640, cached=7862296576, shared=74227712)
SWAP usage: sswap(total=34263265280, used=0, free=34263265280, percent=0.0, sin=0, sout=0)
          types |   # objects |   total size
=============== | =========== | ============
  <class 'bytes |           8 |    818     B
iter = 460
CPU usage (% each core): [13.7, 16.5, 100.0, 20.8, 10.3, 14.4, 13.5, 15.6]
RAM usage: svmem(total=33615839232, available=18344456192, percent=45.4, used=14783774720, free=10024759296, active=18642604032, inactive=3601559552, buffers=945008640, cached=7862296576, shared=74227712)
SWAP usage: sswap(total=34263265280, used=0, free=34263265280, percent=0.0, sin=0, sout=0)
          types |   # objects |   total size
=============== | =========== | ============
  <class 'bytes |           7 |    741     B
   <class 'list |           0 |    224     B
iter = 461
CPU usage (% each core): [16.5, 16.5, 100.0, 19.4, 14.0, 21.8, 14.7, 15.5]
RAM usage: svmem(total=33615839232, available=18344742912, percent=45.4, used=14783488000, free=10025046016, active=18642620416, inactive=3601559552, buffers=945008640, cached=7862296576, shared=74227712)
SWAP usage: sswap(total=34263265280, used=0, free=34263265280, percent=0.0, sin=0, sout=0)
          types |   # objects |   total size
=============== | =========== | ============
  <class 'bytes |           8 |    818     B
iter = 462
CPU usage (% each core): [15.2, 17.0, 12.1, 17.8, 14.7, 13.1, 100.0, 15.2]
RAM usage: svmem(total=33615839232, available=18343997440, percent=45.4, used=14784233472, free=10024300544, active=18642620416, inactive=3601559552, buffers=945008640, cached=7862296576, shared=74227712)
SWAP usage: sswap(total=34263265280, used=0, free=34263265280, percent=0.0, sin=0, sout=0)
          types |   # objects |   total size
=============== | =========== | ============
  <class 'bytes |           7 |    741     B
   <class 'list |           0 |    256     B
iter = 463
CPU usage (% each core): [14.4, 13.5, 12.2, 17.5, 13.3, 14.1, 100.0, 16.3]
RAM usage: svmem(total=33615839232, available=18344108032, percent=45.4, used=14784122880, free=10024411136, active=18642636800, inactive=3601559552, buffers=945008640, cached=7862296576, shared=74227712)
SWAP usage: sswap(total=34263265280, used=0, free=34263265280, percent=0.0, sin=0, sout=0)
          types |   # objects |   total size
=============== | =========== | ============
  <class 'bytes |           8 |    818     B
iter = 464
CPU usage (% each core): [17.0, 17.0, 13.1, 23.0, 16.2, 18.4, 100.0, 16.0]
RAM usage: svmem(total=33615839232, available=18344108032, percent=45.4, used=14784122880, free=10024411136, active=18642636800, inactive=3601559552, buffers=945008640, cached=7862296576, shared=74227712)
SWAP usage: sswap(total=34263265280, used=0, free=34263265280, percent=0.0, sin=0, sout=0)
          types |   # objects |     total size
=============== | =========== | ==============
   <class 'list |           0 |    -1800     B
  <class 'bytes |        -111 |   -11227     B
iter = 465
CPU usage (% each core): [14.6, 14.4, 100.0, 17.5, 14.4, 19.8, 11.3, 14.4]
RAM usage: svmem(total=33615839232, available=18344624128, percent=45.4, used=14783606784, free=10024919040, active=18642640896, inactive=3601563648, buffers=945016832, cached=7862296576, shared=74227712)
SWAP usage: sswap(total=34263265280, used=0, free=34263265280, percent=0.0, sin=0, sout=0)
          types |   # objects |   total size
=============== | =========== | ============
  <class 'bytes |           8 |    826     B
   <class 'list |           0 |    136     B
    <class 'int |          -1 |    -28     B
iter = 466
CPU usage (% each core): [18.4, 13.3, 100.0, 15.5, 13.1, 16.5, 10.2, 15.2]
RAM usage: svmem(total=33615839232, available=18344112128, percent=45.4, used=14784110592, free=10024407040, active=18640510976, inactive=3601563648, buffers=945016832, cached=7862304768, shared=74227712)
SWAP usage: sswap(total=34263265280, used=0, free=34263265280, percent=0.0, sin=0, sout=0)
          types |   # objects |   total size
=============== | =========== | ============
  <class 'bytes |           9 |    895     B
   <class 'list |           0 |    168     B
iter = 467
CPU usage (% each core): [18.7, 20.6, 100.0, 13.5, 14.6, 18.4, 11.5, 14.6]
RAM usage: svmem(total=33615839232, available=18343944192, percent=45.4, used=14784278528, free=10024239104, active=18640510976, inactive=3601563648, buffers=945016832, cached=7862304768, shared=74227712)
SWAP usage: sswap(total=34263265280, used=0, free=34263265280, percent=0.0, sin=0, sout=0)
          types |   # objects |   total size
=============== | =========== | ============
  <class 'bytes |           8 |    818     B
   <class 'list |           0 |     96     B
    <class 'int |           1 |     28     B
iter = 468
CPU usage (% each core): [17.9, 15.6, 100.0, 18.8, 12.8, 13.7, 5.2, 14.7]
RAM usage: svmem(total=33615839232, available=18342985728, percent=45.4, used=14785236992, free=10023280640, active=18640809984, inactive=3601563648, buffers=945016832, cached=7862304768, shared=74227712)
SWAP usage: sswap(total=34263265280, used=0, free=34263265280, percent=0.0, sin=0, sout=0)
          types |   # objects |   total size
=============== | =========== | ============
  <class 'bytes |           9 |    894     B
   <class 'list |           0 |    240     B
iter = 469
CPU usage (% each core): [19.8, 15.6, 100.0, 21.1, 17.2, 14.6, 9.5, 10.5]
RAM usage: svmem(total=33615839232, available=18344771584, percent=45.4, used=14783451136, free=10025066496, active=18640547840, inactive=3601563648, buffers=945016832, cached=7862304768, shared=74227712)
SWAP usage: sswap(total=34263265280, used=0, free=34263265280, percent=0.0, sin=0, sout=0)
          types |   # objects |   total size
=============== | =========== | ============
  <class 'bytes |           8 |    817     B
   <class 'list |           0 |    144     B
iter = 470
CPU usage (% each core): [16.2, 17.2, 85.7, 17.0, 15.3, 12.1, 26.0, 17.3]
RAM usage: svmem(total=33615839232, available=18344996864, percent=45.4, used=14783225856, free=10025291776, active=18640547840, inactive=3601563648, buffers=945016832, cached=7862304768, shared=74227712)
SWAP usage: sswap(total=34263265280, used=0, free=34263265280, percent=0.0, sin=0, sout=0)
          types |   # objects |   total size
=============== | =========== | ============
  <class 'bytes |           8 |    817     B
   <class 'list |           0 |    160     B
iter = 471
CPU usage (% each core): [15.3, 16.5, 12.1, 15.2, 14.3, 13.4, 100.0, 21.2]
RAM usage: svmem(total=33615839232, available=18343956480, percent=45.4, used=14784274432, free=10024243200, active=18640855040, inactive=3601563648, buffers=945016832, cached=7862304768, shared=74227712)
SWAP usage: sswap(total=34263265280, used=0, free=34263265280, percent=0.0, sin=0, sout=0)
          types |   # objects |   total size
=============== | =========== | ============
  <class 'bytes |           8 |    818     B
    <class 'int |          -1 |    -28     B
iter = 472
CPU usage (% each core): [15.8, 19.6, 11.5, 16.8, 14.6, 14.4, 100.0, 13.7]
RAM usage: svmem(total=33615839232, available=18344828928, percent=45.4, used=14783401984, free=10025115648, active=18640560128, inactive=3601563648, buffers=945016832, cached=7862304768, shared=74227712)
SWAP usage: sswap(total=34263265280, used=0, free=34263265280, percent=0.0, sin=0, sout=0)
          types |   # objects |   total size
=============== | =========== | ============
  <class 'bytes |           8 |    818     B
   <class 'list |           0 |    176     B
    <class 'int |           1 |     28     B
iter = 473
CPU usage (% each core): [15.5, 16.3, 10.2, 16.0, 17.3, 13.3, 100.0, 13.1]
RAM usage: svmem(total=33615839232, available=18343960576, percent=45.4, used=14784270336, free=10024247296, active=18642849792, inactive=3601563648, buffers=945016832, cached=7862304768, shared=74227712)
SWAP usage: sswap(total=34263265280, used=0, free=34263265280, percent=0.0, sin=0, sout=0)
          types |   # objects |   total size
=============== | =========== | ============
  <class 'bytes |           9 |    895     B
   <class 'list |           0 |    200     B
    <class 'int |          -1 |    -28     B
iter = 474
CPU usage (% each core): [18.8, 18.0, 17.0, 21.2, 17.0, 22.0, 98.0, 16.3]
RAM usage: svmem(total=33615839232, available=18344325120, percent=45.4, used=14783905792, free=10024611840, active=18642849792, inactive=3601563648, buffers=945016832, cached=7862304768, shared=74227712)
SWAP usage: sswap(total=34263265280, used=0, free=34263265280, percent=0.0, sin=0, sout=0)
          types |   # objects |   total size
=============== | =========== | ============
  <class 'bytes |           9 |    894     B
   <class 'list |           0 |    224     B
    <class 'int |           1 |     28     B
iter = 475
CPU usage (% each core): [15.8, 10.7, 11.8, 14.9, 9.7, 100.0, 11.8, 12.6]
RAM usage: svmem(total=33615839232, available=18344132608, percent=45.4, used=14784098304, free=10024419328, active=18643148800, inactive=3601563648, buffers=945016832, cached=7862304768, shared=74227712)
SWAP usage: sswap(total=34263265280, used=0, free=34263265280, percent=0.0, sin=0, sout=0)
          types |   # objects |   total size
=============== | =========== | ============
  <class 'bytes |           9 |    894     B
iter = 476
CPU usage (% each core): [14.6, 10.6, 18.1, 18.1, 12.8, 100.0, 9.5, 10.6]
RAM usage: svmem(total=33615839232, available=18342649856, percent=45.4, used=14785576960, free=10022936576, active=18641276928, inactive=3601563648, buffers=945020928, cached=7862304768, shared=74227712)
SWAP usage: sswap(total=34263265280, used=0, free=34263265280, percent=0.0, sin=0, sout=0)
          types |   # objects |   total size
=============== | =========== | ============
  <class 'bytes |           7 |    740     B
   <class 'list |           0 |    256     B
iter = 477
CPU usage (% each core): [15.3, 14.3, 17.0, 15.2, 17.3, 100.0, 23.2, 14.3]
RAM usage: svmem(total=33615839232, available=18343178240, percent=45.4, used=14785048576, free=10023464960, active=18640805888, inactive=3601563648, buffers=945020928, cached=7862304768, shared=74227712)
SWAP usage: sswap(total=34263265280, used=0, free=34263265280, percent=0.0, sin=0, sout=0)
          types |   # objects |   total size
=============== | =========== | ============
  <class 'bytes |           8 |    818     B
    <class 'int |          -1 |    -28     B
iter = 478
CPU usage (% each core): [15.0, 100.0, 12.2, 15.0, 12.2, 11.1, 21.4, 13.1]
RAM usage: svmem(total=33615839232, available=18343215104, percent=45.4, used=14785011712, free=10023501824, active=18643218432, inactive=3601563648, buffers=945020928, cached=7862304768, shared=74227712)
SWAP usage: sswap(total=34263265280, used=0, free=34263265280, percent=0.0, sin=0, sout=0)
          types |   # objects |     total size
=============== | =========== | ==============
    <class 'int |           1 |       28     B
   <class 'list |           0 |    -1832     B
  <class 'bytes |        -111 |   -11331     B
iter = 479
CPU usage (% each core): [12.2, 100.0, 18.2, 14.3, 15.0, 12.1, 13.3, 13.4]
RAM usage: svmem(total=33615839232, available=18342699008, percent=45.4, used=14785519616, free=10022985728, active=18643091456, inactive=3601563648, buffers=945020928, cached=7862312960, shared=74227712)
SWAP usage: sswap(total=34263265280, used=0, free=34263265280, percent=0.0, sin=0, sout=0)
          types |   # objects |   total size
=============== | =========== | ============
  <class 'bytes |           9 |    905     B
   <class 'list |           0 |    168     B
    <class 'int |          -1 |    -28     B
iter = 480
CPU usage (% each core): [13.7, 100.0, 18.6, 14.4, 14.6, 13.4, 15.3, 16.3]
RAM usage: svmem(total=33615839232, available=18342858752, percent=45.4, used=14785372160, free=10023133184, active=18643148800, inactive=3601567744, buffers=945020928, cached=7862312960, shared=74227712)
SWAP usage: sswap(total=34263265280, used=0, free=34263265280, percent=0.0, sin=0, sout=0)
          types |   # objects |   total size
=============== | =========== | ============
  <class 'bytes |           9 |    895     B
   <class 'list |           0 |    168     B
iter = 481
CPU usage (% each core): [15.3, 100.0, 16.7, 10.6, 11.6, 11.3, 15.6, 12.5]
RAM usage: svmem(total=33615839232, available=18342760448, percent=45.4, used=14785470464, free=10023034880, active=18643148800, inactive=3601567744, buffers=945020928, cached=7862312960, shared=74227712)
SWAP usage: sswap(total=34263265280, used=0, free=34263265280, percent=0.0, sin=0, sout=0)
          types |   # objects |   total size
=============== | =========== | ============
  <class 'bytes |           8 |    818     B
   <class 'list |           0 |     96     B
    <class 'int |           1 |     28     B
iter = 482
CPU usage (% each core): [15.8, 100.0, 15.3, 16.3, 13.4, 9.5, 12.4, 12.5]
RAM usage: svmem(total=33615839232, available=18343297024, percent=45.4, used=14784933888, free=10023571456, active=18643025920, inactive=3601567744, buffers=945020928, cached=7862312960, shared=74227712)
SWAP usage: sswap(total=34263265280, used=0, free=34263265280, percent=0.0, sin=0, sout=0)
          types |   # objects |   total size
=============== | =========== | ============
  <class 'bytes |           9 |    894     B
   <class 'list |           0 |    240     B
iter = 483
CPU usage (% each core): [18.4, 100.0, 14.4, 18.2, 15.3, 15.3, 13.3, 14.3]
RAM usage: svmem(total=33615839232, available=18343059456, percent=45.4, used=14785171456, free=10023333888, active=18643083264, inactive=3601567744, buffers=945020928, cached=7862312960, shared=74227712)
SWAP usage: sswap(total=34263265280, used=0, free=34263265280, percent=0.0, sin=0, sout=0)
          types |   # objects |   total size
=============== | =========== | ============
  <class 'bytes |           8 |    818     B
   <class 'list |           0 |    144     B
    <class 'int |          -1 |    -28     B
iter = 484
CPU usage (% each core): [14.4, 10.3, 18.4, 15.5, 11.1, 100.0, 14.3, 13.4]
RAM usage: svmem(total=33615839232, available=18343088128, percent=45.4, used=14785142784, free=10023362560, active=18643054592, inactive=3601567744, buffers=945025024, cached=7862308864, shared=74227712)
SWAP usage: sswap(total=34263265280, used=0, free=34263265280, percent=0.0, sin=0, sout=0)
          types |   # objects |   total size
=============== | =========== | ============
  <class 'bytes |           9 |    895     B
   <class 'list |           0 |    160     B
iter = 485
CPU usage (% each core): [13.7, 11.5, 15.1, 12.0, 11.6, 100.0, 12.9, 20.0]
RAM usage: svmem(total=33615839232, available=18343874560, percent=45.4, used=14784352256, free=10024148992, active=18643054592, inactive=3601567744, buffers=945025024, cached=7862312960, shared=74227712)
SWAP usage: sswap(total=34263265280, used=0, free=34263265280, percent=0.0, sin=0, sout=0)
          types |   # objects |   total size
=============== | =========== | ============
  <class 'bytes |           8 |    818     B
iter = 486
CPU usage (% each core): [35.8, 13.3, 33.7, 38.2, 32.0, 100.0, 22.2, 21.0]
RAM usage: svmem(total=33615839232, available=18342858752, percent=45.4, used=14785368064, free=10023133184, active=18640965632, inactive=3601567744, buffers=945025024, cached=7862312960, shared=74227712)
SWAP usage: sswap(total=34263265280, used=0, free=34263265280, percent=0.0, sin=0, sout=0)
          types |   # objects |   total size
=============== | =========== | ============
  <class 'bytes |           7 |    741     B
   <class 'list |           0 |    176     B
    <class 'int |           1 |     28     B
iter = 487
CPU usage (% each core): [18.6, 10.3, 30.6, 19.2, 22.5, 100.0, 15.2, 18.6]
RAM usage: svmem(total=33615839232, available=18343284736, percent=45.4, used=14784946176, free=10023555072, active=18640936960, inactive=3601567744, buffers=945025024, cached=7862312960, shared=74227712)
SWAP usage: sswap(total=34263265280, used=0, free=34263265280, percent=0.0, sin=0, sout=0)
          types |   # objects |   total size
=============== | =========== | ============
  <class 'bytes |           9 |    895     B
   <class 'list |           0 |    200     B
iter = 488
CPU usage (% each core): [20.4, 22.5, 30.1, 20.4, 17.6, 100.0, 16.8, 19.8]
RAM usage: svmem(total=33615839232, available=18342559744, percent=45.4, used=14785671168, free=10022830080, active=18640936960, inactive=3601567744, buffers=945025024, cached=7862312960, shared=74227712)
SWAP usage: sswap(total=34263265280, used=0, free=34263265280, percent=0.0, sin=0, sout=0)
          types |   # objects |   total size
=============== | =========== | ============
  <class 'bytes |           8 |    818     B
iter = 489
CPU usage (% each core): [22.2, 26.9, 19.4, 22.2, 22.0, 100.0, 18.5, 26.4]
RAM usage: svmem(total=33615839232, available=18344144896, percent=45.4, used=14784086016, free=10024415232, active=18643083264, inactive=3601567744, buffers=945025024, cached=7862312960, shared=74227712)
SWAP usage: sswap(total=34263265280, used=0, free=34263265280, percent=0.0, sin=0, sout=0)
          types |   # objects |   total size
=============== | =========== | ============
  <class 'bytes |           7 |    741     B
   <class 'list |           0 |    224     B
iter = 490
CPU usage (% each core): [21.1, 33.3, 27.7, 27.4, 89.3, 22.8, 21.1, 18.6]
RAM usage: svmem(total=33615839232, available=18345017344, percent=45.4, used=14783213568, free=10025287680, active=18643083264, inactive=3601567744, buffers=945025024, cached=7862312960, shared=74227712)
SWAP usage: sswap(total=34263265280, used=0, free=34263265280, percent=0.0, sin=0, sout=0)
          types |   # objects |   total size
=============== | =========== | ============
  <class 'bytes |           8 |    817     B
iter = 491
CPU usage (% each core): [33.0, 86.5, 23.5, 27.9, 20.0, 28.2, 27.2, 29.8]
RAM usage: svmem(total=33615839232, available=18343206912, percent=45.4, used=14785024000, free=10023477248, active=18643083264, inactive=3601567744, buffers=945025024, cached=7862312960, shared=74227712)
SWAP usage: sswap(total=34263265280, used=0, free=34263265280, percent=0.0, sin=0, sout=0)
          types |   # objects |   total size
=============== | =========== | ============
  <class 'bytes |           7 |    740     B
   <class 'list |           0 |    256     B
iter = 492
CPU usage (% each core): [18.4, 13.1, 17.3, 17.3, 14.4, 100.0, 21.4, 26.3]
RAM usage: svmem(total=33615839232, available=18343849984, percent=45.4, used=14784380928, free=10024120320, active=18643075072, inactive=3601567744, buffers=945025024, cached=7862312960, shared=74227712)
SWAP usage: sswap(total=34263265280, used=0, free=34263265280, percent=0.0, sin=0, sout=0)
          types |   # objects |   total size
=============== | =========== | ============
  <class 'bytes |           8 |    818     B
iter = 493
CPU usage (% each core): [14.0, 93.9, 18.0, 23.0, 14.9, 16.0, 13.9, 14.0]
RAM usage: svmem(total=33615839232, available=18343489536, percent=45.4, used=14784741376, free=10023759872, active=18643079168, inactive=3601567744, buffers=945025024, cached=7862312960, shared=74227712)
SWAP usage: sswap(total=34263265280, used=0, free=34263265280, percent=0.0, sin=0, sout=0)
          types |   # objects |     total size
=============== | =========== | ==============
   <class 'list |           0 |    -1800     B
  <class 'bytes |        -112 |   -11270     B
iter = 494
CPU usage (% each core): [32.7, 16.7, 25.5, 20.6, 14.9, 100.0, 18.6, 22.5]
RAM usage: svmem(total=33615839232, available=18343055360, percent=45.4, used=14785167360, free=10023325696, active=18642771968, inactive=3601567744, buffers=945025024, cached=7862321152, shared=74227712)
SWAP usage: sswap(total=34263265280, used=0, free=34263265280, percent=0.0, sin=0, sout=0)
          types |   # objects |   total size
=============== | =========== | ============
  <class 'bytes |           8 |    826     B
   <class 'list |           0 |    136     B
    <class 'int |          -1 |    -28     B
iter = 495
CPU usage (% each core): [21.0, 100.0, 22.9, 25.5, 28.4, 21.0, 15.1, 16.0]
RAM usage: svmem(total=33615839232, available=18345046016, percent=45.4, used=14783184896, free=10025308160, active=18643263488, inactive=3601571840, buffers=945025024, cached=7862321152, shared=74227712)
SWAP usage: sswap(total=34263265280, used=0, free=34263265280, percent=0.0, sin=0, sout=0)
          types |   # objects |   total size
=============== | =========== | ============
  <class 'bytes |           9 |    895     B
   <class 'list |           0 |    168     B
    <class 'int |           1 |     28     B
iter = 496
CPU usage (% each core): [14.1, 100.0, 14.3, 15.2, 14.1, 17.0, 16.2, 14.0]
RAM usage: svmem(total=33615839232, available=18343714816, percent=45.4, used=14784516096, free=10023976960, active=18641367040, inactive=3601571840, buffers=945025024, cached=7862321152, shared=74227712)
SWAP usage: sswap(total=34263265280, used=0, free=34263265280, percent=0.0, sin=0, sout=0)
          types |   # objects |   total size
=============== | =========== | ============
  <class 'bytes |           9 |    895     B
   <class 'list |           0 |    208     B
iter = 497
CPU usage (% each core): [17.5, 100.0, 13.6, 19.6, 15.7, 17.6, 23.3, 14.9]
RAM usage: svmem(total=33615839232, available=18337849344, percent=45.4, used=14790381568, free=10018111488, active=18649010176, inactive=3601571840, buffers=945025024, cached=7862321152, shared=74227712)
SWAP usage: sswap(total=34263265280, used=0, free=34263265280, percent=0.0, sin=0, sout=0)
          types |   # objects |   total size
=============== | =========== | ============
  <class 'bytes |           8 |    818     B
   <class 'list |           0 |    128     B
iter = 498
CPU usage (% each core): [15.3, 100.0, 20.4, 16.3, 14.1, 10.3, 15.2, 14.0]
RAM usage: svmem(total=33615839232, available=18343178240, percent=45.4, used=14785052672, free=10023448576, active=18643173376, inactive=3601571840, buffers=945025024, cached=7862312960, shared=74227712)
SWAP usage: sswap(total=34263265280, used=0, free=34263265280, percent=0.0, sin=0, sout=0)
          types |   # objects |   total size
=============== | =========== | ============
  <class 'bytes |           8 |    818     B
   <class 'list |           0 |    144     B
iter = 499
CPU usage (% each core): [16.7, 100.0, 17.5, 23.7, 14.6, 13.3, 14.6, 14.7]
RAM usage: svmem(total=33615839232, available=18342965248, percent=45.4, used=14785261568, free=10023235584, active=18643136512, inactive=3601571840, buffers=945029120, cached=7862312960, shared=74227712)
SWAP usage: sswap(total=34263265280, used=0, free=34263265280, percent=0.0, sin=0, sout=0)
          types |   # objects |   total size
=============== | =========== | ============
  <class 'bytes |           8 |    818     B
   <class 'list |           0 |    160     B
iter = 500
CPU usage (% each core): [18.4, 100.0, 14.3, 16.5, 14.1, 11.3, 15.2, 13.3]
RAM usage: svmem(total=33615839232, available=18343456768, percent=45.4, used=14784770048, free=10023727104, active=18643136512, inactive=3601571840, buffers=945029120, cached=7862312960, shared=74227712)
SWAP usage: sswap(total=34263265280, used=0, free=34263265280, percent=0.0, sin=0, sout=0)
          types |   # objects |   total size
=============== | =========== | ============
  <class 'bytes |           8 |    818     B
    <class 'int |          -1 |    -28     B
iter = 501
CPU usage (% each core): [16.5, 100.0, 18.7, 17.7, 14.7, 11.3, 13.3, 14.6]
RAM usage: svmem(total=33615839232, available=18343116800, percent=45.4, used=14785110016, free=10023387136, active=18643435520, inactive=3601571840, buffers=945029120, cached=7862312960, shared=74227712)
SWAP usage: sswap(total=34263265280, used=0, free=34263265280, percent=0.0, sin=0, sout=0)
          types |   # objects |   total size
=============== | =========== | ============
  <class 'bytes |           8 |    818     B
   <class 'list |           0 |    176     B
    <class 'int |           1 |     28     B
iter = 502
CPU usage (% each core): [15.8, 100.0, 16.0, 17.0, 14.0, 11.9, 21.2, 13.0]
RAM usage: svmem(total=33615839232, available=18344103936, percent=45.4, used=14784122880, free=10024374272, active=18643152896, inactive=3601571840, buffers=945029120, cached=7862312960, shared=74227712)
SWAP usage: sswap(total=34263265280, used=0, free=34263265280, percent=0.0, sin=0, sout=0)
          types |   # objects |   total size
=============== | =========== | ============
  <class 'bytes |           9 |    895     B
   <class 'list |           0 |    200     B
iter = 503
CPU usage (% each core): [16.3, 100.0, 16.3, 15.2, 14.1, 10.2, 13.3, 14.1]
RAM usage: svmem(total=33615839232, available=18343469056, percent=45.4, used=14784757760, free=10023739392, active=18643451904, inactive=3601571840, buffers=945029120, cached=7862312960, shared=74227712)
SWAP usage: sswap(total=34263265280, used=0, free=34263265280, percent=0.0, sin=0, sout=0)
          types |   # objects |   total size
=============== | =========== | ============
  <class 'bytes |           8 |    818     B
iter = 504
CPU usage (% each core): [15.0, 100.0, 14.0, 17.2, 13.1, 12.9, 21.2, 14.0]
RAM usage: svmem(total=33615839232, available=18343485440, percent=45.4, used=14784741376, free=10023755776, active=18643505152, inactive=3601571840, buffers=945029120, cached=7862312960, shared=74227712)
SWAP usage: sswap(total=34263265280, used=0, free=34263265280, percent=0.0, sin=0, sout=0)
          types |   # objects |   total size
=============== | =========== | ============
  <class 'bytes |           7 |    741     B
   <class 'list |           0 |    224     B
iter = 505
CPU usage (% each core): [12.6, 100.0, 18.7, 14.4, 14.3, 10.4, 13.7, 13.5]
RAM usage: svmem(total=33615839232, available=18343043072, percent=45.4, used=14785183744, free=10023313408, active=18643505152, inactive=3601571840, buffers=945029120, cached=7862312960, shared=74227712)
SWAP usage: sswap(total=34263265280, used=0, free=34263265280, percent=0.0, sin=0, sout=0)
          types |   # objects |   total size
=============== | =========== | ============
  <class 'bytes |           8 |    818     B
   <class 'list |           0 |    256     B
iter = 506
CPU usage (% each core): [15.2, 100.0, 14.4, 14.4, 12.4, 9.1, 13.4, 13.3]
RAM usage: svmem(total=33615839232, available=18343227392, percent=45.4, used=14784999424, free=10023497728, active=18641326080, inactive=3601571840, buffers=945029120, cached=7862312960, shared=74227712)
SWAP usage: sswap(total=34263265280, used=0, free=34263265280, percent=0.0, sin=0, sout=0)
          types |   # objects |   total size
=============== | =========== | ============
  <class 'bytes |           8 |    817     B
iter = 507
CPU usage (% each core): [12.5, 100.0, 13.5, 15.5, 13.4, 11.5, 19.2, 13.4]
RAM usage: svmem(total=33615839232, available=18343120896, percent=45.4, used=14785110016, free=10023387136, active=18641420288, inactive=3601571840, buffers=945029120, cached=7862312960, shared=74227712)
SWAP usage: sswap(total=34263265280, used=0, free=34263265280, percent=0.0, sin=0, sout=0)
          types |   # objects |     total size
=============== | =========== | ==============
   <class 'list |           0 |    -1832     B
  <class 'bytes |        -108 |   -11138     B
iter = 508
CPU usage (% each core): [12.4, 100.0, 15.3, 15.5, 14.3, 12.1, 17.9, 14.4]
RAM usage: svmem(total=33615839232, available=18343608320, percent=45.4, used=14784614400, free=10023874560, active=18641420288, inactive=3601571840, buffers=945029120, cached=7862321152, shared=74227712)
SWAP usage: sswap(total=34263265280, used=0, free=34263265280, percent=0.0, sin=0, sout=0)
          types |   # objects |   total size
=============== | =========== | ============
  <class 'bytes |           8 |    826     B
   <class 'list |           0 |    168     B
    <class 'int |          -1 |    -28     B
iter = 509
CPU usage (% each core): [15.5, 100.0, 12.4, 15.6, 12.5, 13.7, 13.3, 13.3]
RAM usage: svmem(total=33615839232, available=18342776832, percent=45.4, used=14785454080, free=10023034880, active=18643554304, inactive=3601575936, buffers=945033216, cached=7862317056, shared=74227712)
SWAP usage: sswap(total=34263265280, used=0, free=34263265280, percent=0.0, sin=0, sout=0)
          types |   # objects |   total size
=============== | =========== | ============
  <class 'bytes |           9 |    895     B
   <class 'list |           0 |    168     B
iter = 510
CPU usage (% each core): [14.9, 11.9, 15.8, 20.8, 18.6, 100.0, 13.9, 14.9]
RAM usage: svmem(total=33615839232, available=18342039552, percent=45.4, used=14786187264, free=10022297600, active=18643554304, inactive=3601575936, buffers=945033216, cached=7862321152, shared=74227712)
SWAP usage: sswap(total=34263265280, used=0, free=34263265280, percent=0.0, sin=0, sout=0)
          types |   # objects |   total size
=============== | =========== | ============
  <class 'bytes |           8 |    818     B
   <class 'list |           0 |     96     B
iter = 511
CPU usage (% each core): [15.5, 16.2, 18.0, 22.2, 16.2, 100.0, 16.3, 16.3]
RAM usage: svmem(total=33615839232, available=18342109184, percent=45.4, used=14786117632, free=10022367232, active=18643554304, inactive=3601575936, buffers=945033216, cached=7862321152, shared=74227712)
SWAP usage: sswap(total=34263265280, used=0, free=34263265280, percent=0.0, sin=0, sout=0)
          types |   # objects |   total size
=============== | =========== | ============
  <class 'bytes |           8 |    818     B
   <class 'list |           0 |    112     B
iter = 512
CPU usage (% each core): [14.3, 11.5, 18.6, 18.6, 13.5, 100.0, 13.4, 13.4]
RAM usage: svmem(total=33615839232, available=18342432768, percent=45.4, used=14785798144, free=10022686720, active=18643554304, inactive=3601575936, buffers=945033216, cached=7862321152, shared=74227712)
SWAP usage: sswap(total=34263265280, used=0, free=34263265280, percent=0.0, sin=0, sout=0)
          types |   # objects |   total size
=============== | =========== | ============
  <class 'bytes |           8 |    818     B
   <class 'list |           0 |    128     B
iter = 513
CPU usage (% each core): [13.7, 9.6, 14.0, 17.0, 12.6, 100.0, 17.9, 13.5]
RAM usage: svmem(total=33615839232, available=18342920192, percent=45.4, used=14785310720, free=10023174144, active=18643554304, inactive=3601575936, buffers=945033216, cached=7862321152, shared=74227712)
SWAP usage: sswap(total=34263265280, used=0, free=34263265280, percent=0.0, sin=0, sout=0)
          types |   # objects |   total size
=============== | =========== | ============
  <class 'bytes |           8 |    817     B
   <class 'list |           0 |    144     B
iter = 514
CPU usage (% each core): [13.5, 12.4, 13.4, 16.7, 12.8, 100.0, 12.6, 19.8]
RAM usage: svmem(total=33615839232, available=18343464960, percent=45.4, used=14784765952, free=10023718912, active=18643574784, inactive=3601575936, buffers=945033216, cached=7862321152, shared=74227712)
SWAP usage: sswap(total=34263265280, used=0, free=34263265280, percent=0.0, sin=0, sout=0)
          types |   # objects |   total size
=============== | =========== | ============
  <class 'bytes |           8 |    818     B
   <class 'list |           0 |    160     B
iter = 515
CPU usage (% each core): [14.7, 15.0, 16.7, 16.7, 15.4, 100.0, 14.7, 12.7]
RAM usage: svmem(total=33615839232, available=18343878656, percent=45.4, used=14784352256, free=10024132608, active=18642976768, inactive=3601575936, buffers=945033216, cached=7862321152, shared=74227712)
SWAP usage: sswap(total=34263265280, used=0, free=34263265280, percent=0.0, sin=0, sout=0)
          types |   # objects |   total size
=============== | =========== | ============
  <class 'bytes |           8 |    818     B
   <class 'list |           0 |    176     B
iter = 516
CPU usage (% each core): [20.4, 22.5, 19.4, 18.4, 15.7, 100.0, 17.5, 16.5]
RAM usage: svmem(total=33615839232, available=18344128512, percent=45.4, used=14784106496, free=10024382464, active=18640986112, inactive=3601571840, buffers=945033216, cached=7862317056, shared=74223616)
SWAP usage: sswap(total=34263265280, used=0, free=34263265280, percent=0.0, sin=0, sout=0)
          types |   # objects |   total size
=============== | =========== | ============
  <class 'bytes |           8 |    818     B
   <class 'list |           0 |    200     B
iter = 517
CPU usage (% each core): [14.0, 18.0, 17.0, 14.1, 14.9, 100.0, 16.0, 16.0]
RAM usage: svmem(total=33615839232, available=18344587264, percent=45.4, used=14783647744, free=10024841216, active=18643066880, inactive=3601571840, buffers=945037312, cached=7862312960, shared=74223616)
SWAP usage: sswap(total=34263265280, used=0, free=34263265280, percent=0.0, sin=0, sout=0)
          types |   # objects |   total size
=============== | =========== | ============
  <class 'bytes |           8 |    818     B
iter = 518
CPU usage (% each core): [19.0, 20.8, 21.8, 21.0, 18.1, 100.0, 19.8, 21.0]
RAM usage: svmem(total=33615839232, available=18343825408, percent=45.4, used=14784405504, free=10024079360, active=18643066880, inactive=3601571840, buffers=945037312, cached=7862317056, shared=74223616)
SWAP usage: sswap(total=34263265280, used=0, free=34263265280, percent=0.0, sin=0, sout=0)
          types |   # objects |   total size
=============== | =========== | ============
  <class 'bytes |           7 |    741     B
   <class 'list |           0 |    224     B
    <class 'int |           1 |     28     B
iter = 519
CPU usage (% each core): [21.8, 16.8, 21.4, 28.3, 20.2, 100.0, 24.2, 18.6]
RAM usage: svmem(total=33615839232, available=18344185856, percent=45.4, used=14784045056, free=10024439808, active=18642923520, inactive=3601571840, buffers=945037312, cached=7862317056, shared=74223616)
SWAP usage: sswap(total=34263265280, used=0, free=34263265280, percent=0.0, sin=0, sout=0)
          types |   # objects |   total size
=============== | =========== | ============
  <class 'bytes |           9 |    895     B
iter = 520
CPU usage (% each core): [22.0, 18.6, 26.7, 25.5, 23.1, 100.0, 25.5, 18.8]
RAM usage: svmem(total=33615839232, available=18344427520, percent=45.4, used=14783803392, free=10024681472, active=18642980864, inactive=3601571840, buffers=945037312, cached=7862317056, shared=74223616)
SWAP usage: sswap(total=34263265280, used=0, free=34263265280, percent=0.0, sin=0, sout=0)
          types |   # objects |   total size
=============== | =========== | ============
  <class 'bytes |           7 |    741     B
   <class 'list |           0 |    256     B
    <class 'int |          -1 |    -28     B
iter = 521
CPU usage (% each core): [19.6, 14.3, 22.9, 15.6, 20.4, 100.0, 22.4, 19.2]
RAM usage: svmem(total=33615839232, available=18340765696, percent=45.4, used=14787465216, free=10021019648, active=18646540288, inactive=3601571840, buffers=945049600, cached=7862304768, shared=74223616)
SWAP usage: sswap(total=34263265280, used=0, free=34263265280, percent=0.0, sin=0, sout=0)
          types |   # objects |   total size
=============== | =========== | ============
  <class 'bytes |           9 |    895     B
iter = 522
CPU usage (% each core): [61.4, 19.0, 51.5, 43.3, 42.2, 100.0, 40.2, 35.9]
RAM usage: svmem(total=33615839232, available=18335707136, percent=45.5, used=14792462336, free=10015895552, active=18652422144, inactive=3601686528, buffers=945074176, cached=7862407168, shared=74285056)
SWAP usage: sswap(total=34263265280, used=0, free=34263265280, percent=0.0, sin=0, sout=0)
          types |   # objects |     total size
=============== | =========== | ==============
    <class 'int |           1 |       28     B
   <class 'list |           0 |    -1800     B
  <class 'bytes |        -112 |   -11299     B
iter = 523
CPU usage (% each core): [31.5, 31.5, 35.8, 25.7, 29.0, 100.0, 23.4, 27.5]
RAM usage: svmem(total=33615839232, available=18336284672, percent=45.5, used=14791880704, free=10016423936, active=18653130752, inactive=3601567744, buffers=945074176, cached=7862460416, shared=74285056)
SWAP usage: sswap(total=34263265280, used=0, free=34263265280, percent=0.0, sin=0, sout=0)
          types |   # objects |   total size
=============== | =========== | ============
  <class 'bytes |           9 |    905     B
   <class 'list |           0 |    136     B
    <class 'int |          -1 |    -28     B
iter = 524
CPU usage (% each core): [27.9, 26.4, 26.7, 27.4, 25.2, 100.0, 27.9, 21.2]
RAM usage: svmem(total=33615839232, available=18334781440, percent=45.5, used=14793392128, free=10014912512, active=18653077504, inactive=3601575936, buffers=945074176, cached=7862460416, shared=74285056)
SWAP usage: sswap(total=34263265280, used=0, free=34263265280, percent=0.0, sin=0, sout=0)
          types |   # objects |   total size
=============== | =========== | ============
  <class 'bytes |           9 |    895     B
   <class 'list |           0 |    168     B
    <class 'int |           1 |     28     B
iter = 525
CPU usage (% each core): [26.9, 20.6, 38.5, 32.4, 29.4, 100.0, 22.5, 33.3]
RAM usage: svmem(total=33615839232, available=18336448512, percent=45.5, used=14791725056, free=10016579584, active=18653077504, inactive=3601575936, buffers=945074176, cached=7862460416, shared=74285056)
SWAP usage: sswap(total=34263265280, used=0, free=34263265280, percent=0.0, sin=0, sout=0)
          types |   # objects |   total size
=============== | =========== | ============
  <class 'bytes |           9 |    895     B
   <class 'list |           0 |    208     B
iter = 526
CPU usage (% each core): [29.7, 100.0, 24.5, 24.3, 29.8, 15.4, 35.3, 23.5]
RAM usage: svmem(total=33615839232, available=18334896128, percent=45.5, used=14793277440, free=10015027200, active=18650984448, inactive=3601575936, buffers=945074176, cached=7862460416, shared=74285056)
SWAP usage: sswap(total=34263265280, used=0, free=34263265280, percent=0.0, sin=0, sout=0)
          types |   # objects |   total size
=============== | =========== | ============
  <class 'bytes |           8 |    818     B
   <class 'list |           0 |    128     B
iter = 527
CPU usage (% each core): [20.6, 15.8, 19.0, 23.8, 23.8, 100.0, 19.6, 19.8]
RAM usage: svmem(total=33615839232, available=18333765632, percent=45.5, used=14794407936, free=10013896704, active=18650951680, inactive=3601575936, buffers=945074176, cached=7862460416, shared=74285056)
SWAP usage: sswap(total=34263265280, used=0, free=34263265280, percent=0.0, sin=0, sout=0)
          types |   # objects |   total size
=============== | =========== | ============
  <class 'bytes |           8 |    818     B
   <class 'list |           0 |    144     B
iter = 528
CPU usage (% each core): [19.2, 13.7, 16.8, 18.0, 17.3, 100.0, 15.7, 15.5]
RAM usage: svmem(total=33615839232, available=18334199808, percent=45.5, used=14793973760, free=10014330880, active=18651750400, inactive=3601575936, buffers=945074176, cached=7862460416, shared=74285056)
SWAP usage: sswap(total=34263265280, used=0, free=34263265280, percent=0.0, sin=0, sout=0)
          types |   # objects |   total size
=============== | =========== | ============
  <class 'bytes |           8 |    818     B
   <class 'list |           0 |    160     B
iter = 529
CPU usage (% each core): [15.8, 15.7, 15.7, 16.5, 17.5, 100.0, 15.7, 16.5]
RAM usage: svmem(total=33615839232, available=18333978624, percent=45.5, used=14794194944, free=10014109696, active=18651021312, inactive=3601575936, buffers=945074176, cached=7862460416, shared=74285056)
SWAP usage: sswap(total=34263265280, used=0, free=34263265280, percent=0.0, sin=0, sout=0)
          types |   # objects |   total size
=============== | =========== | ============
  <class 'bytes |           8 |    818     B
    <class 'int |          -1 |    -28     B
iter = 530
CPU usage (% each core): [17.1, 17.8, 100.0, 17.0, 15.1, 15.1, 15.9, 15.2]
RAM usage: svmem(total=33615839232, available=18333736960, percent=45.5, used=14794436608, free=10013868032, active=18653126656, inactive=3601575936, buffers=945074176, cached=7862460416, shared=74285056)
SWAP usage: sswap(total=34263265280, used=0, free=34263265280, percent=0.0, sin=0, sout=0)
          types |   # objects |   total size
=============== | =========== | ============
  <class 'bytes |           8 |    818     B
   <class 'list |           0 |    176     B
    <class 'int |           1 |     28     B
iter = 531
CPU usage (% each core): [23.2, 32.5, 31.0, 100.0, 25.4, 21.2, 37.7, 31.3]
RAM usage: svmem(total=33615839232, available=18333945856, percent=45.5, used=14794227712, free=10014076928, active=18653134848, inactive=3601575936, buffers=945074176, cached=7862460416, shared=74285056)
SWAP usage: sswap(total=34263265280, used=0, free=34263265280, percent=0.0, sin=0, sout=0)
          types |   # objects |   total size
=============== | =========== | ============
  <class 'bytes |           9 |    895     B
   <class 'list |           0 |    200     B
iter = 532
CPU usage (% each core): [37.7, 33.0, 29.0, 100.0, 25.0, 26.4, 29.0, 29.0]
RAM usage: svmem(total=33615839232, available=18335186944, percent=45.5, used=14792986624, free=10015318016, active=18653134848, inactive=3601575936, buffers=945074176, cached=7862460416, shared=74285056)
SWAP usage: sswap(total=34263265280, used=0, free=34263265280, percent=0.0, sin=0, sout=0)
          types |   # objects |   total size
=============== | =========== | ============
  <class 'bytes |           8 |    818     B
iter = 533
CPU usage (% each core): [22.0, 21.6, 19.0, 100.0, 16.7, 17.6, 17.6, 17.0]
RAM usage: svmem(total=33615839232, available=18335031296, percent=45.5, used=14793142272, free=10015162368, active=18653016064, inactive=3601575936, buffers=945074176, cached=7862460416, shared=74285056)
SWAP usage: sswap(total=34263265280, used=0, free=34263265280, percent=0.0, sin=0, sout=0)
          types |   # objects |   total size
=============== | =========== | ============
  <class 'bytes |           7 |    741     B
   <class 'list |           0 |    224     B
iter = 534
CPU usage (% each core): [25.5, 18.0, 17.0, 100.0, 16.3, 19.0, 16.2, 14.9]
RAM usage: svmem(total=33615839232, available=18334920704, percent=45.5, used=14793252864, free=10015051776, active=18653016064, inactive=3601575936, buffers=945074176, cached=7862460416, shared=74285056)
SWAP usage: sswap(total=34263265280, used=0, free=34263265280, percent=0.0, sin=0, sout=0)
          types |   # objects |   total size
=============== | =========== | ============
  <class 'bytes |           8 |    818     B
   <class 'list |           0 |    256     B
iter = 535
CPU usage (% each core): [41.8, 29.6, 50.0, 44.4, 22.2, 27.8, 24.0, 68.7]
RAM usage: svmem(total=33615839232, available=18334584832, percent=45.5, used=14793588736, free=10014715904, active=18653016064, inactive=3601575936, buffers=945074176, cached=7862460416, shared=74285056)
SWAP usage: sswap(total=34263265280, used=0, free=34263265280, percent=0.0, sin=0, sout=0)
          types |   # objects |   total size
=============== | =========== | ============
  <class 'bytes |           8 |    817     B
iter = 536
CPU usage (% each core): [11.2, 12.2, 13.1, 12.1, 10.2, 13.0, 11.3, 100.0]
RAM usage: svmem(total=33615839232, available=18333851648, percent=45.5, used=14794321920, free=10013982720, active=18650931200, inactive=3601575936, buffers=945074176, cached=7862460416, shared=74285056)
SWAP usage: sswap(total=34263265280, used=0, free=34263265280, percent=0.0, sin=0, sout=0)
          types |   # objects |     total size
=============== | =========== | ==============
   <class 'list |           0 |    -1832     B
  <class 'bytes |        -109 |   -11234     B
iter = 537
CPU usage (% each core): [16.3, 16.2, 20.2, 12.0, 16.0, 14.3, 16.0, 100.0]
RAM usage: svmem(total=33615839232, available=18334867456, percent=45.5, used=14793306112, free=10014990336, active=18650935296, inactive=3601580032, buffers=945074176, cached=7862468608, shared=74285056)
SWAP usage: sswap(total=34263265280, used=0, free=34263265280, percent=0.0, sin=0, sout=0)
          types |   # objects |   total size
=============== | =========== | ============
  <class 'bytes |           8 |    826     B
   <class 'list |           0 |    168     B
    <class 'int |          -1 |    -28     B
iter = 538
CPU usage (% each core): [48.5, 41.8, 40.6, 11.2, 31.3, 33.3, 30.3, 100.0]
RAM usage: svmem(total=33615839232, available=18333159424, percent=45.5, used=14795014144, free=10013282304, active=18653007872, inactive=3601580032, buffers=945074176, cached=7862468608, shared=74285056)
SWAP usage: sswap(total=34263265280, used=0, free=34263265280, percent=0.0, sin=0, sout=0)
          types |   # objects |   total size
=============== | =========== | ============
  <class 'bytes |           9 |    895     B
   <class 'list |           0 |     80     B
iter = 539
CPU usage (% each core): [25.0, 20.8, 25.3, 14.1, 18.6, 22.2, 18.4, 100.0]
RAM usage: svmem(total=33615839232, available=18334568448, percent=45.5, used=14793605120, free=10014691328, active=18653007872, inactive=3601580032, buffers=945074176, cached=7862468608, shared=74285056)
SWAP usage: sswap(total=34263265280, used=0, free=34263265280, percent=0.0, sin=0, sout=0)
          types |   # objects |   total size
=============== | =========== | ============
  <class 'bytes |           8 |    818     B
   <class 'list |           0 |    184     B
    <class 'int |           1 |     28     B
iter = 540
CPU usage (% each core): [21.7, 20.8, 25.0, 17.1, 23.8, 21.0, 24.8, 100.0]
RAM usage: svmem(total=33615839232, available=18334535680, percent=45.5, used=14793637888, free=10014658560, active=18653007872, inactive=3601580032, buffers=945074176, cached=7862468608, shared=74285056)
SWAP usage: sswap(total=34263265280, used=0, free=34263265280, percent=0.0, sin=0, sout=0)
          types |   # objects |   total size
=============== | =========== | ============
  <class 'bytes |           9 |    895     B
   <class 'list |           0 |    112     B
iter = 541
CPU usage (% each core): [14.1, 15.0, 12.1, 100.0, 14.9, 14.0, 13.1, 14.0]
RAM usage: svmem(total=33615839232, available=18333806592, percent=45.5, used=14794366976, free=10013929472, active=18653032448, inactive=3601580032, buffers=945078272, cached=7862464512, shared=74285056)
SWAP usage: sswap(total=34263265280, used=0, free=34263265280, percent=0.0, sin=0, sout=0)
          types |   # objects |   total size
=============== | =========== | ============
  <class 'bytes |           8 |    818     B
   <class 'list |           0 |    128     B
    <class 'int |          -1 |    -28     B
iter = 542
CPU usage (% each core): [26.5, 23.5, 25.5, 13.3, 27.8, 27.8, 30.3, 100.0]
RAM usage: svmem(total=33615839232, available=18334011392, percent=45.5, used=14794158080, free=10014134272, active=18653032448, inactive=3601580032, buffers=945078272, cached=7862468608, shared=74285056)
SWAP usage: sswap(total=34263265280, used=0, free=34263265280, percent=0.0, sin=0, sout=0)
          types |   # objects |   total size
=============== | =========== | ============
  <class 'bytes |           9 |    895     B
   <class 'list |           0 |    144     B
iter = 543
CPU usage (% each core): [16.5, 17.1, 17.3, 16.2, 17.1, 17.0, 16.2, 100.0]
RAM usage: svmem(total=33615839232, available=18333995008, percent=45.5, used=14794174464, free=10014117888, active=18653126656, inactive=3601580032, buffers=945078272, cached=7862468608, shared=74285056)
SWAP usage: sswap(total=34263265280, used=0, free=34263265280, percent=0.0, sin=0, sout=0)
          types |   # objects |   total size
=============== | =========== | ============
  <class 'bytes |           8 |    818     B
   <class 'list |           0 |    160     B
iter = 544
CPU usage (% each core): [25.9, 31.8, 26.4, 100.0, 22.4, 28.0, 29.6, 21.3]
RAM usage: svmem(total=33615839232, available=18355224576, percent=45.4, used=14772948992, free=10035343360, active=18631282688, inactive=3601580032, buffers=945078272, cached=7862468608, shared=74285056)
SWAP usage: sswap(total=34263265280, used=0, free=34263265280, percent=0.0, sin=0, sout=0)
          types |   # objects |   total size
=============== | =========== | ============
  <class 'bytes |           8 |    818     B
   <class 'list |           0 |    176     B
    <class 'int |           1 |     28     B
iter = 545
CPU usage (% each core): [22.7, 24.2, 22.4, 51.5, 16.7, 19.4, 19.0, 62.6]
RAM usage: svmem(total=33615839232, available=18359148544, percent=45.4, used=14769025024, free=10039267328, active=18626977792, inactive=3601580032, buffers=945078272, cached=7862468608, shared=74285056)
SWAP usage: sswap(total=34263265280, used=0, free=34263265280, percent=0.0, sin=0, sout=0)
          types |   # objects |   total size
=============== | =========== | ============
  <class 'bytes |           9 |    894     B
   <class 'list |           0 |    200     B
iter = 546
CPU usage (% each core): [26.5, 19.4, 20.6, 100.0, 25.3, 19.4, 19.4, 12.4]
RAM usage: svmem(total=33615839232, available=18360442880, percent=45.4, used=14767730688, free=10040561664, active=18624733184, inactive=3601580032, buffers=945078272, cached=7862468608, shared=74285056)
SWAP usage: sswap(total=34263265280, used=0, free=34263265280, percent=0.0, sin=0, sout=0)
          types |   # objects |   total size
=============== | =========== | ============
  <class 'bytes |           8 |    818     B
    <class 'int |          -1 |    -28     B
iter = 547
CPU usage (% each core): [22.5, 23.3, 24.5, 100.0, 20.4, 24.3, 22.1, 14.4]
RAM usage: svmem(total=33615839232, available=18359189504, percent=45.4, used=14768984064, free=10039308288, active=18624630784, inactive=3601580032, buffers=945078272, cached=7862468608, shared=74285056)
SWAP usage: sswap(total=34263265280, used=0, free=34263265280, percent=0.0, sin=0, sout=0)
          types |   # objects |   total size
=============== | =========== | ============
  <class 'bytes |           8 |    818     B
   <class 'list |           0 |    224     B
iter = 548
CPU usage (% each core): [19.8, 24.0, 18.2, 100.0, 22.0, 20.8, 17.2, 12.1]
RAM usage: svmem(total=33615839232, available=18359353344, percent=45.4, used=14768820224, free=10039472128, active=18624684032, inactive=3601580032, buffers=945078272, cached=7862468608, shared=74285056)
SWAP usage: sswap(total=34263265280, used=0, free=34263265280, percent=0.0, sin=0, sout=0)
          types |   # objects |   total size
=============== | =========== | ============
  <class 'bytes |           8 |    818     B
    <class 'int |           1 |     28     B
iter = 549
CPU usage (% each core): [23.0, 23.8, 22.2, 100.0, 24.5, 19.8, 22.8, 14.7]
RAM usage: svmem(total=33615839232, available=18359107584, percent=45.4, used=14769065984, free=10039226368, active=18624684032, inactive=3601580032, buffers=945078272, cached=7862468608, shared=74285056)
SWAP usage: sswap(total=34263265280, used=0, free=34263265280, percent=0.0, sin=0, sout=0)
          types |   # objects |   total size
=============== | =========== | ============
  <class 'bytes |           8 |    818     B
   <class 'list |           0 |    256     B
iter = 550
CPU usage (% each core): [25.5, 25.8, 22.2, 100.0, 21.4, 27.8, 23.5, 13.3]
RAM usage: svmem(total=33615839232, available=18360016896, percent=45.4, used=14768156672, free=10040135680, active=18624684032, inactive=3601580032, buffers=945078272, cached=7862468608, shared=74285056)
SWAP usage: sswap(total=34263265280, used=0, free=34263265280, percent=0.0, sin=0, sout=0)
          types |   # objects |   total size
=============== | =========== | ============
  <class 'bytes |           8 |    818     B
iter = 551
CPU usage (% each core): [27.5, 20.6, 30.1, 100.0, 24.5, 18.4, 19.4, 14.6]
RAM usage: svmem(total=33615839232, available=18359873536, percent=45.4, used=14768300032, free=10039992320, active=18624692224, inactive=3601580032, buffers=945078272, cached=7862468608, shared=74285056)
SWAP usage: sswap(total=34263265280, used=0, free=34263265280, percent=0.0, sin=0, sout=0)
          types |   # objects |     total size
=============== | =========== | ==============
   <class 'list |           0 |    -1800     B
  <class 'bytes |        -113 |   -11300     B
iter = 552
CPU usage (% each core): [15.3, 17.2, 15.3, 100.0, 16.2, 13.3, 15.2, 13.1]
RAM usage: svmem(total=33615839232, available=18359754752, percent=45.4, used=14768418816, free=10039865344, active=18624696320, inactive=3601584128, buffers=945078272, cached=7862476800, shared=74285056)
SWAP usage: sswap(total=34263265280, used=0, free=34263265280, percent=0.0, sin=0, sout=0)
          types |   # objects |   total size
=============== | =========== | ============
  <class 'bytes |           8 |    826     B
   <class 'list |           0 |    136     B
    <class 'int |          -1 |    -28     B
iter = 553
CPU usage (% each core): [13.9, 12.1, 13.1, 7.0, 12.9, 13.0, 12.9, 100.0]
RAM usage: svmem(total=33615839232, available=18359595008, percent=45.4, used=14768578560, free=10039705600, active=18626805760, inactive=3601584128, buffers=945078272, cached=7862476800, shared=74285056)
SWAP usage: sswap(total=34263265280, used=0, free=34263265280, percent=0.0, sin=0, sout=0)
          types |   # objects |   total size
=============== | =========== | ============
  <class 'bytes |           9 |    894     B
   <class 'list |           0 |    168     B
    <class 'int |           1 |     28     B
iter = 554
CPU usage (% each core): [28.6, 24.2, 18.2, 26.3, 14.4, 17.2, 26.0, 86.7]
RAM usage: svmem(total=33615839232, available=18359668736, percent=45.4, used=14768504832, free=10039779328, active=18626805760, inactive=3601584128, buffers=945078272, cached=7862476800, shared=74285056)
SWAP usage: sswap(total=34263265280, used=0, free=34263265280, percent=0.0, sin=0, sout=0)
          types |   # objects |   total size
=============== | =========== | ============
  <class 'bytes |           9 |    894     B
   <class 'list |           0 |    208     B
iter = 555
CPU usage (% each core): [42.4, 49.0, 41.0, 100.0, 27.0, 30.3, 31.0, 13.1]
RAM usage: svmem(total=33615839232, available=18359541760, percent=45.4, used=14768631808, free=10039652352, active=18626805760, inactive=3601584128, buffers=945078272, cached=7862476800, shared=74285056)
SWAP usage: sswap(total=34263265280, used=0, free=34263265280, percent=0.0, sin=0, sout=0)
          types |   # objects |   total size
=============== | =========== | ============
  <class 'bytes |           8 |    818     B
   <class 'list |           0 |    128     B
iter = 556
CPU usage (% each core): [40.2, 35.3, 51.5, 100.0, 38.2, 37.6, 49.0, 14.7]
RAM usage: svmem(total=33615839232, available=18359730176, percent=45.4, used=14768140288, free=10040143872, active=18624733184, inactive=3601584128, buffers=945078272, cached=7862476800, shared=74285056)
SWAP usage: sswap(total=34263265280, used=0, free=34263265280, percent=0.0, sin=0, sout=0)
          types |   # objects |   total size
=============== | =========== | ============
  <class 'bytes |           8 |    818     B
   <class 'list |           0 |    144     B
iter = 557
CPU usage (% each core): [19.6, 21.8, 29.0, 100.0, 18.8, 16.7, 18.6, 17.8]
RAM usage: svmem(total=33615839232, available=18360737792, percent=45.4, used=14767407104, free=10040844288, active=18626924544, inactive=3601588224, buffers=945078272, cached=7862509568, shared=74285056)
SWAP usage: sswap(total=34263265280, used=0, free=34263265280, percent=0.0, sin=0, sout=0)
          types |   # objects |   total size
=============== | =========== | ============
  <class 'bytes |           8 |    818     B
   <class 'list |           0 |    160     B
iter = 558
CPU usage (% each core): [18.2, 17.3, 20.2, 100.0, 18.0, 13.4, 19.4, 14.1]
RAM usage: svmem(total=33615839232, available=18360098816, percent=45.4, used=14768074752, free=10040176640, active=18626883584, inactive=3601616896, buffers=945078272, cached=7862509568, shared=74285056)
SWAP usage: sswap(total=34263265280, used=0, free=34263265280, percent=0.0, sin=0, sout=0)
          types |   # objects |   total size
=============== | =========== | ============
  <class 'bytes |           8 |    818     B
    <class 'int |          -1 |    -28     B
iter = 559
CPU usage (% each core): [18.2, 14.3, 15.3, 13.4, 16.3, 15.2, 17.2, 100.0]
RAM usage: svmem(total=33615839232, available=18360258560, percent=45.4, used=14767915008, free=10040336384, active=18626940928, inactive=3601616896, buffers=945078272, cached=7862509568, shared=74285056)
SWAP usage: sswap(total=34263265280, used=0, free=34263265280, percent=0.0, sin=0, sout=0)
          types |   # objects |   total size
=============== | =========== | ============
  <class 'bytes |           8 |    818     B
   <class 'list |           0 |    176     B
    <class 'int |           1 |     28     B
iter = 560
CPU usage (% each core): [21.0, 22.8, 24.8, 13.0, 22.0, 18.2, 20.2, 100.0]
RAM usage: svmem(total=33615839232, available=18360033280, percent=45.4, used=14768140288, free=10040111104, active=18626940928, inactive=3601616896, buffers=945078272, cached=7862509568, shared=74285056)
SWAP usage: sswap(total=34263265280, used=0, free=34263265280, percent=0.0, sin=0, sout=0)
          types |   # objects |   total size
=============== | =========== | ============
  <class 'bytes |           9 |    895     B
   <class 'list |           0 |    200     B
iter = 561
CPU usage (% each core): [23.1, 22.1, 18.3, 18.3, 20.2, 17.3, 16.3, 100.0]
RAM usage: svmem(total=33615839232, available=18359619584, percent=45.4, used=14768553984, free=10039697408, active=18626965504, inactive=3601616896, buffers=945078272, cached=7862509568, shared=74285056)
SWAP usage: sswap(total=34263265280, used=0, free=34263265280, percent=0.0, sin=0, sout=0)
          types |   # objects |   total size
=============== | =========== | ============
  <class 'bytes |           8 |    818     B
iter = 562
CPU usage (% each core): [19.8, 21.0, 22.8, 100.0, 17.0, 19.8, 18.6, 18.0]
RAM usage: svmem(total=33615839232, available=18359128064, percent=45.4, used=14769045504, free=10039205888, active=18626965504, inactive=3601616896, buffers=945086464, cached=7862501376, shared=74285056)
SWAP usage: sswap(total=34263265280, used=0, free=34263265280, percent=0.0, sin=0, sout=0)
          types |   # objects |   total size
=============== | =========== | ============
  <class 'bytes |           7 |    741     B
   <class 'list |           0 |    224     B
iter = 563
CPU usage (% each core): [15.2, 15.8, 16.8, 100.0, 15.7, 15.0, 16.0, 14.9]
RAM usage: svmem(total=33615839232, available=18359312384, percent=45.4, used=14768861184, free=10039382016, active=18627108864, inactive=3601616896, buffers=945086464, cached=7862509568, shared=74285056)
SWAP usage: sswap(total=34263265280, used=0, free=34263265280, percent=0.0, sin=0, sout=0)
          types |   # objects |   total size
=============== | =========== | ============
  <class 'bytes |           8 |    818     B
   <class 'list |           0 |    256     B
iter = 564
CPU usage (% each core): [26.9, 23.1, 24.0, 100.0, 22.1, 21.0, 22.9, 18.1]
RAM usage: svmem(total=33615839232, available=18359218176, percent=45.4, used=14768955392, free=10039287808, active=18627522560, inactive=3601616896, buffers=945086464, cached=7862509568, shared=74285056)
SWAP usage: sswap(total=34263265280, used=0, free=34263265280, percent=0.0, sin=0, sout=0)
          types |   # objects |   total size
=============== | =========== | ============
  <class 'bytes |           8 |    818     B
iter = 565
CPU usage (% each core): [16.8, 12.9, 18.6, 100.0, 14.9, 12.0, 17.6, 13.9]
RAM usage: svmem(total=33615839232, available=18359377920, percent=45.4, used=14768795648, free=10039447552, active=18627571712, inactive=3601616896, buffers=945086464, cached=7862509568, shared=74285056)
SWAP usage: sswap(total=34263265280, used=0, free=34263265280, percent=0.0, sin=0, sout=0)
          types |   # objects |     total size
=============== | =========== | ==============
   <class 'list |           0 |    -1832     B
  <class 'bytes |        -108 |   -11138     B
iter = 566
CPU usage (% each core): [25.5, 18.1, 22.1, 12.2, 19.6, 22.4, 18.6, 100.0]
RAM usage: svmem(total=33615839232, available=18359861248, percent=45.4, used=14768304128, free=10039930880, active=18625617920, inactive=3601616896, buffers=945086464, cached=7862517760, shared=74285056)
SWAP usage: sswap(total=34263265280, used=0, free=34263265280, percent=0.0, sin=0, sout=0)
          types |   # objects |   total size
=============== | =========== | ============
  <class 'bytes |           8 |    826     B
   <class 'list |           0 |    168     B
    <class 'int |          -1 |    -28     B
iter = 567
CPU usage (% each core): [16.8, 25.5, 24.8, 12.0, 18.8, 17.8, 19.6, 100.0]
RAM usage: svmem(total=33615839232, available=18359713792, percent=45.4, used=14768451584, free=10039783424, active=18625617920, inactive=3601616896, buffers=945086464, cached=7862517760, shared=74285056)
SWAP usage: sswap(total=34263265280, used=0, free=34263265280, percent=0.0, sin=0, sout=0)
          types |   # objects |   total size
=============== | =========== | ============
  <class 'bytes |           9 |    895     B
   <class 'list |           0 |    168     B
iter = 568
CPU usage (% each core): [19.8, 26.5, 26.5, 18.6, 18.6, 20.0, 22.8, 100.0]
RAM usage: svmem(total=33615839232, available=18359619584, percent=45.4, used=14768545792, free=10039689216, active=18625667072, inactive=3601616896, buffers=945086464, cached=7862517760, shared=74285056)
SWAP usage: sswap(total=34263265280, used=0, free=34263265280, percent=0.0, sin=0, sout=0)
          types |   # objects |   total size
=============== | =========== | ============
  <class 'bytes |           8 |    818     B
   <class 'list |           0 |     96     B
iter = 569
CPU usage (% each core): [11.0, 11.0, 12.0, 100.0, 10.2, 11.0, 10.1, 11.0]
RAM usage: svmem(total=33615839232, available=18359316480, percent=45.4, used=14768857088, free=10039377920, active=18625671168, inactive=3601620992, buffers=945086464, cached=7862517760, shared=74285056)
SWAP usage: sswap(total=34263265280, used=0, free=34263265280, percent=0.0, sin=0, sout=0)
          types |   # objects |   total size
=============== | =========== | ============
  <class 'bytes |           8 |    818     B
   <class 'list |           0 |    112     B
iter = 570
CPU usage (% each core): [25.5, 23.2, 22.2, 100.0, 23.0, 21.2, 24.0, 13.3]
RAM usage: svmem(total=33615839232, available=18358734848, percent=45.4, used=14769438720, free=10038796288, active=18625671168, inactive=3601620992, buffers=945086464, cached=7862517760, shared=74285056)
SWAP usage: sswap(total=34263265280, used=0, free=34263265280, percent=0.0, sin=0, sout=0)
          types |   # objects |   total size
=============== | =========== | ============
  <class 'bytes |           8 |    818     B
   <class 'list |           0 |    128     B
iter = 571
CPU usage (% each core): [22.4, 24.2, 24.5, 7.1, 17.3, 19.2, 17.7, 100.0]
RAM usage: svmem(total=33615839232, available=18359218176, percent=45.4, used=14768955392, free=10039279616, active=18625679360, inactive=3601620992, buffers=945086464, cached=7862517760, shared=74285056)
SWAP usage: sswap(total=34263265280, used=0, free=34263265280, percent=0.0, sin=0, sout=0)
          types |   # objects |   total size
=============== | =========== | ============
  <class 'bytes |           8 |    817     B
   <class 'list |           0 |    144     B
iter = 572
CPU usage (% each core): [23.2, 20.2, 27.0, 8.2, 18.6, 23.5, 19.2, 100.0]
RAM usage: svmem(total=33615839232, available=18359369728, percent=45.4, used=14768803840, free=10039431168, active=18625679360, inactive=3601620992, buffers=945086464, cached=7862517760, shared=74285056)
SWAP usage: sswap(total=34263265280, used=0, free=34263265280, percent=0.0, sin=0, sout=0)
          types |   # objects |   total size
=============== | =========== | ============
  <class 'bytes |           8 |    817     B
   <class 'list |           0 |    160     B
iter = 573
CPU usage (% each core): [28.6, 24.5, 23.6, 26.4, 24.1, 23.6, 21.5, 100.0]
RAM usage: svmem(total=33615839232, available=18359472128, percent=45.4, used=14768701440, free=10039533568, active=18627776512, inactive=3601620992, buffers=945086464, cached=7862517760, shared=74285056)
SWAP usage: sswap(total=34263265280, used=0, free=34263265280, percent=0.0, sin=0, sout=0)
          types |   # objects |   total size
=============== | =========== | ============
  <class 'bytes |           8 |    818     B
   <class 'list |           0 |    176     B
iter = 574
CPU usage (% each core): [15.0, 16.0, 16.0, 100.0, 14.0, 16.8, 16.7, 7.0]
RAM usage: svmem(total=33615839232, available=18359271424, percent=45.4, used=14768902144, free=10039332864, active=18627776512, inactive=3601620992, buffers=945086464, cached=7862517760, shared=74285056)
SWAP usage: sswap(total=34263265280, used=0, free=34263265280, percent=0.0, sin=0, sout=0)
          types |   # objects |   total size
=============== | =========== | ============
  <class 'bytes |           8 |    817     B
   <class 'list |           0 |    200     B
iter = 575
CPU usage (% each core): [14.6, 14.4, 14.4, 100.0, 14.6, 13.7, 12.6, 11.3]
RAM usage: svmem(total=33615839232, available=18359189504, percent=45.4, used=14768984064, free=10039250944, active=18627776512, inactive=3601620992, buffers=945086464, cached=7862517760, shared=74285056)
SWAP usage: sswap(total=34263265280, used=0, free=34263265280, percent=0.0, sin=0, sout=0)
          types |   # objects |   total size
=============== | =========== | ============
  <class 'bytes |           8 |    818     B
iter = 576
CPU usage (% each core): [26.7, 19.8, 21.0, 100.0, 22.5, 26.2, 26.0, 11.9]
RAM usage: svmem(total=33615839232, available=18358996992, percent=45.4, used=14769176576, free=10039058432, active=18625687552, inactive=3601620992, buffers=945086464, cached=7862517760, shared=74285056)
SWAP usage: sswap(total=34263265280, used=0, free=34263265280, percent=0.0, sin=0, sout=0)
          types |   # objects |   total size
=============== | =========== | ============
  <class 'bytes |           7 |    741     B
   <class 'list |           0 |    224     B
    <class 'int |           1 |     28     B
iter = 577
CPU usage (% each core): [25.8, 14.3, 18.4, 100.0, 13.4, 13.4, 20.6, 13.3]
RAM usage: svmem(total=33615839232, available=18358947840, percent=45.4, used=14769225728, free=10039009280, active=18627784704, inactive=3601620992, buffers=945086464, cached=7862517760, shared=74285056)
SWAP usage: sswap(total=34263265280, used=0, free=34263265280, percent=0.0, sin=0, sout=0)
          types |   # objects |   total size
=============== | =========== | ============
  <class 'bytes |           9 |    895     B
iter = 578
CPU usage (% each core): [23.8, 21.6, 24.5, 100.0, 29.1, 20.4, 22.8, 13.7]
RAM usage: svmem(total=33615839232, available=18358575104, percent=45.4, used=14769598464, free=10038636544, active=18627780608, inactive=3601620992, buffers=945086464, cached=7862517760, shared=74285056)
SWAP usage: sswap(total=34263265280, used=0, free=34263265280, percent=0.0, sin=0, sout=0)
          types |   # objects |   total size
=============== | =========== | ============
  <class 'bytes |           7 |    741     B
   <class 'list |           0 |    256     B
    <class 'int |          -1 |    -28     B
iter = 579
CPU usage (% each core): [21.8, 23.0, 20.0, 14.7, 17.0, 23.2, 21.0, 100.0]
RAM usage: svmem(total=33615839232, available=18358947840, percent=45.4, used=14769225728, free=10039009280, active=18627780608, inactive=3601620992, buffers=945086464, cached=7862517760, shared=74285056)
SWAP usage: sswap(total=34263265280, used=0, free=34263265280, percent=0.0, sin=0, sout=0)
          types |   # objects |   total size
=============== | =========== | ============
  <class 'bytes |           9 |    895     B
iter = 580
CPU usage (% each core): [21.0, 19.6, 26.3, 14.3, 22.2, 19.0, 21.2, 100.0]
RAM usage: svmem(total=33615839232, available=18359238656, percent=45.4, used=14768934912, free=10039300096, active=18627780608, inactive=3601620992, buffers=945086464, cached=7862517760, shared=74285056)
SWAP usage: sswap(total=34263265280, used=0, free=34263265280, percent=0.0, sin=0, sout=0)
          types |   # objects |     total size
=============== | =========== | ==============
    <class 'int |           1 |       28     B
   <class 'list |           0 |    -1800     B
  <class 'bytes |        -112 |   -11297     B
iter = 581
CPU usage (% each core): [17.3, 20.6, 20.4, 100.0, 17.2, 18.0, 19.6, 12.1]
RAM usage: svmem(total=33615839232, available=18359169024, percent=45.4, used=14768996352, free=10039230464, active=18627796992, inactive=3601620992, buffers=945086464, cached=7862525952, shared=74285056)
SWAP usage: sswap(total=34263265280, used=0, free=34263265280, percent=0.0, sin=0, sout=0)
          types |   # objects |   total size
=============== | =========== | ============
  <class 'bytes |           9 |    905     B
   <class 'list |           0 |    136     B
    <class 'int |          -1 |    -28     B
iter = 582
CPU usage (% each core): [32.3, 26.3, 31.7, 100.0, 25.3, 23.5, 30.3, 15.8]
RAM usage: svmem(total=33615839232, available=18358423552, percent=45.4, used=14769741824, free=10038484992, active=18627796992, inactive=3601620992, buffers=945086464, cached=7862525952, shared=74285056)
SWAP usage: sswap(total=34263265280, used=0, free=34263265280, percent=0.0, sin=0, sout=0)
          types |   # objects |   total size
=============== | =========== | ============
  <class 'bytes |           9 |    895     B
   <class 'list |           0 |    168     B
    <class 'int |           1 |     28     B
iter = 583
CPU usage (% each core): [26.0, 24.0, 30.2, 100.0, 21.4, 22.9, 25.0, 11.5]
RAM usage: svmem(total=33615839232, available=18359152640, percent=45.4, used=14769012736, free=10039214080, active=18627796992, inactive=3601620992, buffers=945086464, cached=7862525952, shared=74285056)
SWAP usage: sswap(total=34263265280, used=0, free=34263265280, percent=0.0, sin=0, sout=0)
          types |   # objects |   total size
=============== | =========== | ============
  <class 'bytes |           9 |    895     B
   <class 'list |           0 |    208     B
iter = 584
CPU usage (% each core): [29.1, 28.8, 27.6, 100.0, 23.3, 23.8, 23.3, 13.7]
RAM usage: svmem(total=33615839232, available=18358951936, percent=45.4, used=14769213440, free=10039013376, active=18627796992, inactive=3601620992, buffers=945086464, cached=7862525952, shared=74285056)
SWAP usage: sswap(total=34263265280, used=0, free=34263265280, percent=0.0, sin=0, sout=0)
          types |   # objects |   total size
=============== | =========== | ============
  <class 'bytes |           8 |    818     B
   <class 'list |           0 |    128     B
iter = 585
CPU usage (% each core): [19.0, 18.0, 20.2, 100.0, 20.4, 17.2, 15.0, 13.9]
RAM usage: svmem(total=33615839232, available=18359549952, percent=45.4, used=14768615424, free=10039611392, active=18627907584, inactive=3601620992, buffers=945086464, cached=7862525952, shared=74285056)
SWAP usage: sswap(total=34263265280, used=0, free=34263265280, percent=0.0, sin=0, sout=0)
          types |   # objects |   total size
=============== | =========== | ============
  <class 'bytes |           8 |    818     B
   <class 'list |           0 |    144     B
iter = 586
CPU usage (% each core): [20.4, 17.6, 22.1, 100.0, 18.1, 16.8, 18.8, 14.7]
RAM usage: svmem(total=33615839232, available=18358226944, percent=45.4, used=14769934336, free=10038288384, active=18625802240, inactive=3601620992, buffers=945090560, cached=7862525952, shared=74285056)
SWAP usage: sswap(total=34263265280, used=0, free=34263265280, percent=0.0, sin=0, sout=0)
          types |   # objects |   total size
=============== | =========== | ============
  <class 'bytes |           8 |    818     B
   <class 'list |           0 |    160     B
iter = 587
CPU usage (% each core): [18.9, 22.6, 21.0, 17.3, 23.8, 18.1, 100.0, 16.3]
RAM usage: svmem(total=33615839232, available=18359275520, percent=45.4, used=14768898048, free=10039324672, active=18625810432, inactive=3601625088, buffers=945090560, cached=7862525952, shared=74285056)
SWAP usage: sswap(total=34263265280, used=0, free=34263265280, percent=0.0, sin=0, sout=0)
          types |   # objects |   total size
=============== | =========== | ============
  <class 'bytes |           8 |    818     B
    <class 'int |          -1 |    -28     B
iter = 588
CPU usage (% each core): [10.5, 13.3, 12.4, 13.4, 10.5, 12.4, 100.0, 9.1]
RAM usage: svmem(total=33615839232, available=18358669312, percent=45.4, used=14769504256, free=10038718464, active=18625810432, inactive=3601625088, buffers=945090560, cached=7862525952, shared=74285056)
SWAP usage: sswap(total=34263265280, used=0, free=34263265280, percent=0.0, sin=0, sout=0)
          types |   # objects |   total size
=============== | =========== | ============
  <class 'bytes |           8 |    817     B
   <class 'list |           0 |    176     B
    <class 'int |           1 |     28     B
iter = 589
CPU usage (% each core): [22.2, 23.4, 28.7, 24.1, 21.3, 30.0, 100.0, 22.4]
RAM usage: svmem(total=33615839232, available=18357485568, percent=45.4, used=14770688000, free=10037534720, active=18626543616, inactive=3601625088, buffers=945090560, cached=7862525952, shared=74285056)
SWAP usage: sswap(total=34263265280, used=0, free=34263265280, percent=0.0, sin=0, sout=0)
          types |   # objects |   total size
=============== | =========== | ============
  <class 'bytes |           9 |    895     B
   <class 'list |           0 |    200     B
iter = 590
CPU usage (% each core): [28.0, 31.8, 27.1, 27.4, 27.1, 28.7, 100.0, 24.5]
RAM usage: svmem(total=33615839232, available=18359730176, percent=45.4, used=14768439296, free=10039779328, active=18628091904, inactive=3601629184, buffers=945090560, cached=7862530048, shared=74289152)
SWAP usage: sswap(total=34263265280, used=0, free=34263265280, percent=0.0, sin=0, sout=0)
          types |   # objects |   total size
=============== | =========== | ============
  <class 'bytes |           8 |    818     B
iter = 591
CPU usage (% each core): [24.3, 19.6, 21.6, 22.5, 27.2, 19.8, 100.0, 22.1]
RAM usage: svmem(total=33615839232, available=18359083008, percent=45.4, used=14769090560, free=10039132160, active=18628268032, inactive=3601625088, buffers=945090560, cached=7862525952, shared=74285056)
SWAP usage: sswap(total=34263265280, used=0, free=34263265280, percent=0.0, sin=0, sout=0)
          types |   # objects |   total size
=============== | =========== | ============
  <class 'bytes |           7 |    741     B
   <class 'list |           0 |    224     B
iter = 592
CPU usage (% each core): [19.6, 18.2, 13.3, 18.4, 18.4, 16.2, 100.0, 18.7]
RAM usage: svmem(total=33615839232, available=18359541760, percent=45.4, used=14768631808, free=10039590912, active=18628272128, inactive=3601625088, buffers=945090560, cached=7862525952, shared=74285056)
SWAP usage: sswap(total=34263265280, used=0, free=34263265280, percent=0.0, sin=0, sout=0)
          types |   # objects |   total size
=============== | =========== | ============
  <class 'bytes |           8 |    818     B
   <class 'list |           0 |    256     B
iter = 593
CPU usage (% each core): [19.6, 17.2, 15.2, 16.3, 22.2, 24.5, 100.0, 16.2]
RAM usage: svmem(total=33615839232, available=18359164928, percent=45.4, used=14769008640, free=10039214080, active=18628288512, inactive=3601625088, buffers=945090560, cached=7862525952, shared=74285056)
SWAP usage: sswap(total=34263265280, used=0, free=34263265280, percent=0.0, sin=0, sout=0)
          types |   # objects |   total size
=============== | =========== | ============
  <class 'bytes |           8 |    818     B
iter = 594
CPU usage (% each core): [14.3, 12.2, 12.1, 16.2, 14.3, 12.1, 100.0, 14.3]
RAM usage: svmem(total=33615839232, available=18359672832, percent=45.4, used=14768500736, free=10039721984, active=18628288512, inactive=3601625088, buffers=945090560, cached=7862525952, shared=74285056)
SWAP usage: sswap(total=34263265280, used=0, free=34263265280, percent=0.0, sin=0, sout=0)
          types |   # objects |     total size
=============== | =========== | ==============
   <class 'list |           0 |    -1832     B
  <class 'bytes |        -109 |   -11234     B
iter = 595
CPU usage (% each core): [14.6, 10.3, 100.0, 13.4, 12.5, 12.4, 12.4, 12.4]
RAM usage: svmem(total=33615839232, available=18357055488, percent=45.4, used=14771109888, free=10037104640, active=18626613248, inactive=3601625088, buffers=945090560, cached=7862534144, shared=74285056)
SWAP usage: sswap(total=34263265280, used=0, free=34263265280, percent=0.0, sin=0, sout=0)
          types |   # objects |   total size
=============== | =========== | ============
  <class 'bytes |           8 |    826     B
   <class 'list |           0 |    168     B
    <class 'int |          -1 |    -28     B
iter = 596
CPU usage (% each core): [44.2, 45.4, 100.0, 44.3, 35.2, 39.6, 23.6, 34.0]
RAM usage: svmem(total=33615839232, available=18359185408, percent=45.4, used=14768979968, free=10039234560, active=18626379776, inactive=3601625088, buffers=945090560, cached=7862534144, shared=74285056)
SWAP usage: sswap(total=34263265280, used=0, free=34263265280, percent=0.0, sin=0, sout=0)
          types |   # objects |   total size
=============== | =========== | ============
  <class 'bytes |           9 |    895     B
   <class 'list |           0 |     80     B
iter = 597
CPU usage (% each core): [21.2, 21.2, 100.0, 20.2, 21.4, 22.4, 16.2, 28.0]
RAM usage: svmem(total=33615839232, available=18358808576, percent=45.4, used=14769356800, free=10038857728, active=18626359296, inactive=3601625088, buffers=945090560, cached=7862534144, shared=74285056)
SWAP usage: sswap(total=34263265280, used=0, free=34263265280, percent=0.0, sin=0, sout=0)
          types |   # objects |   total size
=============== | =========== | ============
  <class 'bytes |           8 |    818     B
   <class 'list |           0 |    184     B
    <class 'int |           1 |     28     B
iter = 598
CPU usage (% each core): [20.0, 17.3, 100.0, 17.8, 21.0, 19.8, 14.9, 16.0]
RAM usage: svmem(total=33615839232, available=18358857728, percent=45.4, used=14769307648, free=10038906880, active=18628435968, inactive=3601625088, buffers=945090560, cached=7862534144, shared=74285056)
SWAP usage: sswap(total=34263265280, used=0, free=34263265280, percent=0.0, sin=0, sout=0)
          types |   # objects |   total size
=============== | =========== | ============
  <class 'bytes |           9 |    895     B
   <class 'list |           0 |    112     B
iter = 599
CPU usage (% each core): [23.2, 20.2, 100.0, 19.4, 18.2, 17.3, 11.3, 23.5]
RAM usage: svmem(total=33615839232, available=18358734848, percent=45.4, used=14769430528, free=10038784000, active=18628456448, inactive=3601625088, buffers=945090560, cached=7862534144, shared=74285056)
SWAP usage: sswap(total=34263265280, used=0, free=34263265280, percent=0.0, sin=0, sout=0)
          types |   # objects |   total size
=============== | =========== | ============
  <class 'bytes |           8 |    818     B
   <class 'list |           0 |    128     B
    <class 'int |          -1 |    -28     B
iter = 600
CPU usage (% each core): [42.9, 39.4, 100.0, 48.0, 42.9, 38.8, 11.0, 42.3]
RAM usage: svmem(total=33615839232, available=18358718464, percent=45.4, used=14769446912, free=10038767616, active=18628628480, inactive=3601625088, buffers=945090560, cached=7862534144, shared=74285056)
SWAP usage: sswap(total=34263265280, used=0, free=34263265280, percent=0.0, sin=0, sout=0)
          types |   # objects |   total size
=============== | =========== | ============
  <class 'bytes |           9 |    895     B
   <class 'list |           0 |    144     B
iter = 601
CPU usage (% each core): [59.6, 52.0, 100.0, 54.5, 46.5, 41.2, 10.1, 38.6]
RAM usage: svmem(total=33615839232, available=18359955456, percent=45.4, used=14768209920, free=10040004608, active=18628739072, inactive=3601625088, buffers=945090560, cached=7862534144, shared=74285056)
SWAP usage: sswap(total=34263265280, used=0, free=34263265280, percent=0.0, sin=0, sout=0)
          types |   # objects |   total size
=============== | =========== | ============
  <class 'bytes |           8 |    818     B
   <class 'list |           0 |    160     B
iter = 602
CPU usage (% each core): [43.1, 35.8, 100.0, 41.8, 49.1, 34.3, 27.5, 33.9]
RAM usage: svmem(total=33615839232, available=18359898112, percent=45.4, used=14768267264, free=10039947264, active=18628694016, inactive=3601625088, buffers=945090560, cached=7862534144, shared=74285056)
SWAP usage: sswap(total=34263265280, used=0, free=34263265280, percent=0.0, sin=0, sout=0)
          types |   # objects |   total size
=============== | =========== | ============
  <class 'bytes |           8 |    818     B
   <class 'list |           0 |    176     B
    <class 'int |           1 |     28     B
iter = 603
CPU usage (% each core): [30.1, 34.2, 100.0, 30.0, 27.4, 45.1, 34.2, 30.4]
RAM usage: svmem(total=33615839232, available=18359660544, percent=45.4, used=14768504832, free=10039709696, active=18628710400, inactive=3601625088, buffers=945090560, cached=7862534144, shared=74285056)
SWAP usage: sswap(total=34263265280, used=0, free=34263265280, percent=0.0, sin=0, sout=0)
          types |   # objects |   total size
=============== | =========== | ============
  <class 'bytes |           9 |    895     B
   <class 'list |           0 |    200     B
iter = 604
CPU usage (% each core): [35.9, 37.8, 100.0, 34.7, 32.7, 38.8, 14.0, 26.3]
RAM usage: svmem(total=33615839232, available=18358575104, percent=45.4, used=14769590272, free=10038624256, active=18628767744, inactive=3601625088, buffers=945090560, cached=7862534144, shared=74285056)
SWAP usage: sswap(total=34263265280, used=0, free=34263265280, percent=0.0, sin=0, sout=0)
          types |   # objects |   total size
=============== | =========== | ============
  <class 'bytes |           8 |    818     B
    <class 'int |          -1 |    -28     B
iter = 605
CPU usage (% each core): [30.7, 31.7, 100.0, 28.4, 27.7, 24.2, 10.9, 33.7]
RAM usage: svmem(total=33615839232, available=18358964224, percent=45.4, used=14769201152, free=10039013376, active=18626789376, inactive=3601625088, buffers=945090560, cached=7862534144, shared=74285056)
SWAP usage: sswap(total=34263265280, used=0, free=34263265280, percent=0.0, sin=0, sout=0)
          types |   # objects |   total size
=============== | =========== | ============
  <class 'bytes |           8 |    818     B
   <class 'list |           0 |    224     B
iter = 606
CPU usage (% each core): [24.2, 25.7, 100.0, 28.7, 29.0, 22.0, 16.0, 22.2]
RAM usage: svmem(total=33615839232, available=18359713792, percent=45.4, used=14768447488, free=10039762944, active=18626670592, inactive=3601625088, buffers=945094656, cached=7862534144, shared=74285056)
SWAP usage: sswap(total=34263265280, used=0, free=34263265280, percent=0.0, sin=0, sout=0)
          types |   # objects |   total size
=============== | =========== | ============
  <class 'bytes |           8 |    818     B
    <class 'int |           1 |     28     B
iter = 607
CPU usage (% each core): [29.1, 24.5, 17.3, 31.7, 23.1, 23.5, 100.0, 27.2]
RAM usage: svmem(total=33615839232, available=18359132160, percent=45.4, used=14769029120, free=10039181312, active=18626969600, inactive=3601625088, buffers=945094656, cached=7862534144, shared=74285056)
SWAP usage: sswap(total=34263265280, used=0, free=34263265280, percent=0.0, sin=0, sout=0)
          types |   # objects |   total size
=============== | =========== | ============
  <class 'bytes |           8 |    818     B
   <class 'list |           0 |    256     B
iter = 608
CPU usage (% each core): [16.7, 14.6, 8.3, 16.5, 16.5, 19.6, 100.0, 14.6]
RAM usage: svmem(total=33615839232, available=18358816768, percent=45.4, used=14769356800, free=10038853632, active=18626686976, inactive=3601629184, buffers=945094656, cached=7862534144, shared=74285056)
SWAP usage: sswap(total=34263265280, used=0, free=34263265280, percent=0.0, sin=0, sout=0)
          types |   # objects |   total size
=============== | =========== | ============
  <class 'bytes |           8 |    817     B
iter = 609
CPU usage (% each core): [23.5, 20.2, 16.2, 21.2, 24.2, 25.3, 100.0, 22.0]
RAM usage: svmem(total=33615839232, available=18358820864, percent=45.4, used=14769352704, free=10038857728, active=18626686976, inactive=3601629184, buffers=945094656, cached=7862534144, shared=74285056)
SWAP usage: sswap(total=34263265280, used=0, free=34263265280, percent=0.0, sin=0, sout=0)
          types |   # objects |     total size
=============== | =========== | ==============
   <class 'list |           0 |    -1800     B
  <class 'bytes |        -113 |   -11300     B
iter = 610
CPU usage (% each core): [19.8, 23.5, 13.0, 21.2, 25.5, 19.8, 100.0, 21.2]
RAM usage: svmem(total=33615839232, available=18357465088, percent=45.4, used=14770700288, free=10037501952, active=18626985984, inactive=3601629184, buffers=945094656, cached=7862542336, shared=74285056)
SWAP usage: sswap(total=34263265280, used=0, free=34263265280, percent=0.0, sin=0, sout=0)
          types |   # objects |   total size
=============== | =========== | ============
  <class 'bytes |           8 |    826     B
   <class 'list |           0 |    136     B
    <class 'int |          -1 |    -28     B
iter = 611
CPU usage (% each core): [26.8, 28.6, 10.4, 24.5, 22.4, 23.7, 100.0, 23.5]
RAM usage: svmem(total=33615839232, available=18358431744, percent=45.4, used=14769741824, free=10038460416, active=18626707456, inactive=3601633280, buffers=945094656, cached=7862542336, shared=74285056)
SWAP usage: sswap(total=34263265280, used=0, free=34263265280, percent=0.0, sin=0, sout=0)
          types |   # objects |   total size
=============== | =========== | ============
  <class 'bytes |           9 |    895     B
   <class 'list |           0 |    168     B
    <class 'int |           1 |     28     B
iter = 612
CPU usage (% each core): [31.1, 26.0, 17.5, 33.7, 24.5, 25.5, 100.0, 35.0]
RAM usage: svmem(total=33615839232, available=18359230464, percent=45.4, used=14768943104, free=10039259136, active=18626732032, inactive=3601633280, buffers=945094656, cached=7862542336, shared=74285056)
SWAP usage: sswap(total=34263265280, used=0, free=34263265280, percent=0.0, sin=0, sout=0)
          types |   # objects |   total size
=============== | =========== | ============
  <class 'bytes |           9 |    895     B
   <class 'list |           0 |    208     B
iter = 613
CPU usage (% each core): [22.5, 27.9, 20.6, 23.5, 20.8, 25.2, 100.0, 25.7]
RAM usage: svmem(total=33615839232, available=18358718464, percent=45.4, used=14769455104, free=10038747136, active=18628829184, inactive=3601633280, buffers=945094656, cached=7862542336, shared=74285056)
SWAP usage: sswap(total=34263265280, used=0, free=34263265280, percent=0.0, sin=0, sout=0)
          types |   # objects |   total size
=============== | =========== | ============
  <class 'bytes |           8 |    818     B
   <class 'list |           0 |    128     B
iter = 614
CPU usage (% each core): [12.1, 13.3, 100.0, 14.1, 12.1, 14.3, 11.2, 13.9]
RAM usage: svmem(total=33615839232, available=18358726656, percent=45.4, used=14769446912, free=10038755328, active=18629328896, inactive=3601633280, buffers=945094656, cached=7862542336, shared=74285056)
SWAP usage: sswap(total=34263265280, used=0, free=34263265280, percent=0.0, sin=0, sout=0)
          types |   # objects |   total size
=============== | =========== | ============
  <class 'bytes |           8 |    818     B
   <class 'list |           0 |    144     B
iter = 615
CPU usage (% each core): [12.5, 13.7, 100.0, 13.7, 11.6, 14.3, 12.4, 12.5]
RAM usage: svmem(total=33615839232, available=18358235136, percent=45.4, used=14769938432, free=10038263808, active=18626990080, inactive=3601633280, buffers=945098752, cached=7862538240, shared=74285056)
SWAP usage: sswap(total=34263265280, used=0, free=34263265280, percent=0.0, sin=0, sout=0)
          types |   # objects |   total size
=============== | =========== | ============
  <class 'bytes |           8 |    818     B
   <class 'list |           0 |    160     B
iter = 616
CPU usage (% each core): [36.0, 36.1, 100.0, 41.4, 26.3, 33.7, 10.3, 24.7]
RAM usage: svmem(total=33615839232, available=18358886400, percent=45.4, used=14769283072, free=10038915072, active=18626740224, inactive=3601633280, buffers=945098752, cached=7862542336, shared=74285056)
SWAP usage: sswap(total=34263265280, used=0, free=34263265280, percent=0.0, sin=0, sout=0)
          types |   # objects |   total size
=============== | =========== | ============
  <class 'bytes |           8 |    818     B
    <class 'int |          -1 |    -28     B
iter = 617
CPU usage (% each core): [42.3, 34.3, 100.0, 40.0, 29.9, 38.1, 11.2, 38.8]
RAM usage: svmem(total=33615839232, available=18359160832, percent=45.4, used=14769238016, free=10038960128, active=18626740224, inactive=3601633280, buffers=945098752, cached=7862542336, shared=74285056)
SWAP usage: sswap(total=34263265280, used=0, free=34263265280, percent=0.0, sin=0, sout=0)
          types |   # objects |   total size
=============== | =========== | ============
  <class 'bytes |           8 |    818     B
   <class 'list |           0 |    176     B
    <class 'int |           1 |     28     B
iter = 618
CPU usage (% each core): [14.1, 12.4, 99.0, 13.4, 12.2, 11.2, 12.2, 12.2]
RAM usage: svmem(total=33615839232, available=18359214080, percent=45.4, used=14768955392, free=10039242752, active=18628804608, inactive=3601633280, buffers=945098752, cached=7862542336, shared=74285056)
SWAP usage: sswap(total=34263265280, used=0, free=34263265280, percent=0.0, sin=0, sout=0)
          types |   # objects |   total size
=============== | =========== | ============
  <class 'bytes |           9 |    894     B
   <class 'list |           0 |    200     B
iter = 619
CPU usage (% each core): [25.0, 61.1, 35.1, 24.8, 29.8, 21.2, 61.6, 33.0]
RAM usage: svmem(total=33615839232, available=18352758784, percent=45.4, used=14775414784, free=10032783360, active=18635882496, inactive=3601633280, buffers=945098752, cached=7862542336, shared=74285056)
SWAP usage: sswap(total=34263265280, used=0, free=34263265280, percent=0.0, sin=0, sout=0)
          types |   # objects |   total size
=============== | =========== | ============
  <class 'bytes |           8 |    817     B
iter = 620
CPU usage (% each core): [32.0, 84.0, 34.7, 35.4, 24.8, 31.3, 25.5, 21.0]
RAM usage: svmem(total=33615839232, available=18350813184, percent=45.4, used=14777360384, free=10030837760, active=18636296192, inactive=3601633280, buffers=945098752, cached=7862542336, shared=74285056)
SWAP usage: sswap(total=34263265280, used=0, free=34263265280, percent=0.0, sin=0, sout=0)
          types |   # objects |   total size
=============== | =========== | ============
  <class 'bytes |           7 |    740     B
   <class 'list |           0 |    224     B
iter = 621
CPU usage (% each core): [14.6, 100.0, 16.3, 21.4, 16.8, 14.3, 15.5, 15.5]
RAM usage: svmem(total=33615839232, available=18351538176, percent=45.4, used=14776635392, free=10031562752, active=18636169216, inactive=3601633280, buffers=945098752, cached=7862542336, shared=74285056)
SWAP usage: sswap(total=34263265280, used=0, free=34263265280, percent=0.0, sin=0, sout=0)
          types |   # objects |   total size
=============== | =========== | ============
  <class 'bytes |           8 |    818     B
   <class 'list |           0 |    256     B
iter = 622
CPU usage (% each core): [13.4, 100.0, 9.5, 13.3, 12.4, 12.2, 11.3, 12.4]
RAM usage: svmem(total=33615839232, available=18350501888, percent=45.4, used=14777671680, free=10030526464, active=18636169216, inactive=3601633280, buffers=945098752, cached=7862542336, shared=74285056)
SWAP usage: sswap(total=34263265280, used=0, free=34263265280, percent=0.0, sin=0, sout=0)
          types |   # objects |   total size
=============== | =========== | ============
  <class 'bytes |           8 |    817     B
iter = 623
CPU usage (% each core): [22.0, 100.0, 23.2, 24.0, 24.0, 18.0, 23.2, 26.0]
RAM usage: svmem(total=33615839232, available=18351226880, percent=45.4, used=14776946688, free=10031251456, active=18636197888, inactive=3601633280, buffers=945098752, cached=7862542336, shared=74285056)
SWAP usage: sswap(total=34263265280, used=0, free=34263265280, percent=0.0, sin=0, sout=0)
          types |   # objects |     total size
=============== | =========== | ==============
   <class 'list |           0 |    -1832     B
  <class 'bytes |        -108 |   -11136     B
iter = 624
CPU usage (% each core): [30.0, 100.0, 25.8, 27.6, 24.5, 12.1, 29.6, 25.5]
RAM usage: svmem(total=33615839232, available=18352087040, percent=45.4, used=14776078336, free=10032111616, active=18636197888, inactive=3601633280, buffers=945098752, cached=7862550528, shared=74285056)
SWAP usage: sswap(total=34263265280, used=0, free=34263265280, percent=0.0, sin=0, sout=0)
          types |   # objects |   total size
=============== | =========== | ============
  <class 'bytes |           8 |    826     B
   <class 'list |           0 |    168     B
    <class 'int |          -1 |    -28     B
iter = 625
CPU usage (% each core): [26.2, 100.0, 21.9, 22.6, 22.6, 17.9, 27.6, 23.6]
RAM usage: svmem(total=33615839232, available=18348544000, percent=45.4, used=14779629568, free=10028560384, active=18637053952, inactive=3601637376, buffers=945098752, cached=7862550528, shared=74285056)
SWAP usage: sswap(total=34263265280, used=0, free=34263265280, percent=0.0, sin=0, sout=0)
          types |   # objects |   total size
=============== | =========== | ============
  <class 'bytes |           9 |    895     B
   <class 'list |           0 |    168     B
iter = 626
CPU usage (% each core): [7.0, 13.9, 13.7, 12.7, 100.0, 13.9, 11.0, 11.8]
RAM usage: svmem(total=33615839232, available=18347970560, percent=45.4, used=14780203008, free=10027986944, active=18637381632, inactive=3601637376, buffers=945098752, cached=7862550528, shared=74285056)
SWAP usage: sswap(total=34263265280, used=0, free=34263265280, percent=0.0, sin=0, sout=0)
          types |   # objects |   total size
=============== | =========== | ============
  <class 'bytes |           8 |    817     B
   <class 'list |           0 |     96     B
iter = 627
CPU usage (% each core): [10.3, 13.5, 12.6, 12.8, 100.0, 13.4, 13.3, 5.3]
RAM usage: svmem(total=33615839232, available=18347556864, percent=45.4, used=14780616704, free=10027573248, active=18637381632, inactive=3601637376, buffers=945098752, cached=7862550528, shared=74285056)
SWAP usage: sswap(total=34263265280, used=0, free=34263265280, percent=0.0, sin=0, sout=0)
          types |   # objects |   total size
=============== | =========== | ============
  <class 'bytes |           8 |    817     B
   <class 'list |           0 |    112     B
iter = 628
CPU usage (% each core): [10.5, 13.7, 19.8, 16.5, 100.0, 14.4, 13.5, 12.5]
RAM usage: svmem(total=33615839232, available=18348998656, percent=45.4, used=14779174912, free=10029015040, active=18639302656, inactive=3601637376, buffers=945102848, cached=7862546432, shared=74285056)
SWAP usage: sswap(total=34263265280, used=0, free=34263265280, percent=0.0, sin=0, sout=0)
          types |   # objects |   total size
=============== | =========== | ============
  <class 'bytes |           8 |    818     B
   <class 'list |           0 |    128     B
iter = 629
CPU usage (% each core): [48.4, 37.8, 34.2, 35.8, 100.0, 28.0, 28.0, 29.4]
RAM usage: svmem(total=33615839232, available=18348822528, percent=45.4, used=14779346944, free=10028838912, active=18639302656, inactive=3601637376, buffers=945102848, cached=7862550528, shared=74285056)
SWAP usage: sswap(total=34263265280, used=0, free=34263265280, percent=0.0, sin=0, sout=0)
          types |   # objects |   total size
=============== | =========== | ============
  <class 'bytes |           8 |    818     B
   <class 'list |           0 |    144     B
iter = 630
CPU usage (% each core): [15.0, 34.0, 28.0, 22.8, 100.0, 19.6, 21.6, 21.6]
RAM usage: svmem(total=33615839232, available=18348445696, percent=45.4, used=14779723776, free=10028462080, active=18639425536, inactive=3601637376, buffers=945102848, cached=7862550528, shared=74285056)
SWAP usage: sswap(total=34263265280, used=0, free=34263265280, percent=0.0, sin=0, sout=0)
          types |   # objects |   total size
=============== | =========== | ============
  <class 'bytes |           8 |    818     B
   <class 'list |           0 |    160     B
iter = 631
CPU usage (% each core): [6.3, 13.7, 17.7, 14.7, 100.0, 12.6, 13.5, 13.8]
RAM usage: svmem(total=33615839232, available=18347782144, percent=45.4, used=14780387328, free=10027798528, active=18639425536, inactive=3601637376, buffers=945102848, cached=7862550528, shared=74285056)
SWAP usage: sswap(total=34263265280, used=0, free=34263265280, percent=0.0, sin=0, sout=0)
          types |   # objects |   total size
=============== | =========== | ============
  <class 'bytes |           8 |    817     B
   <class 'list |           0 |    176     B
iter = 632
CPU usage (% each core): [7.1, 23.8, 20.0, 21.0, 100.0, 18.0, 17.0, 15.8]
RAM usage: svmem(total=33615839232, available=18348584960, percent=45.4, used=14779584512, free=10028601344, active=18639294464, inactive=3601637376, buffers=945102848, cached=7862550528, shared=74285056)
SWAP usage: sswap(total=34263265280, used=0, free=34263265280, percent=0.0, sin=0, sout=0)
          types |   # objects |   total size
=============== | =========== | ============
  <class 'bytes |           8 |    817     B
   <class 'list |           0 |    200     B
iter = 633
CPU usage (% each core): [9.4, 13.5, 14.4, 15.5, 100.0, 15.3, 13.4, 12.5]
RAM usage: svmem(total=33615839232, available=18349084672, percent=45.4, used=14779084800, free=10029101056, active=18639286272, inactive=3601637376, buffers=945102848, cached=7862550528, shared=74285056)
SWAP usage: sswap(total=34263265280, used=0, free=34263265280, percent=0.0, sin=0, sout=0)
          types |   # objects |   total size
=============== | =========== | ============
  <class 'bytes |           8 |    817     B
iter = 634
CPU usage (% each core): [12.2, 12.5, 13.5, 13.4, 100.0, 12.5, 13.4, 11.3]
RAM usage: svmem(total=33615839232, available=18349113344, percent=45.4, used=14779056128, free=10029129728, active=18639286272, inactive=3601637376, buffers=945102848, cached=7862550528, shared=74285056)
SWAP usage: sswap(total=34263265280, used=0, free=34263265280, percent=0.0, sin=0, sout=0)
          types |   # objects |   total size
=============== | =========== | ============
  <class 'bytes |           7 |    741     B
   <class 'list |           0 |    224     B
    <class 'int |           1 |     28     B
iter = 635
CPU usage (% each core): [42.5, 33.9, 27.1, 33.1, 100.0, 32.2, 24.4, 36.1]
RAM usage: svmem(total=33615839232, available=18348437504, percent=45.4, used=14779736064, free=10028449792, active=18637189120, inactive=3601637376, buffers=945102848, cached=7862550528, shared=74285056)
SWAP usage: sswap(total=34263265280, used=0, free=34263265280, percent=0.0, sin=0, sout=0)
          types |   # objects |   total size
=============== | =========== | ============
  <class 'bytes |           9 |    895     B
iter = 636
CPU usage (% each core): [30.3, 21.8, 28.8, 22.0, 100.0, 21.8, 20.7, 22.7]
RAM usage: svmem(total=33615839232, available=18348134400, percent=45.4, used=14780039168, free=10028146688, active=18637189120, inactive=3601637376, buffers=945102848, cached=7862550528, shared=74285056)
SWAP usage: sswap(total=34263265280, used=0, free=34263265280, percent=0.0, sin=0, sout=0)
          types |   # objects |   total size
=============== | =========== | ============
  <class 'bytes |           7 |    741     B
   <class 'list |           0 |    256     B
    <class 'int |          -1 |    -28     B
iter = 637
CPU usage (% each core): [20.2, 20.8, 22.5, 22.3, 100.0, 20.6, 24.5, 25.2]
RAM usage: svmem(total=33615839232, available=18347692032, percent=45.4, used=14780481536, free=10027704320, active=18637180928, inactive=3601637376, buffers=945102848, cached=7862550528, shared=74285056)
SWAP usage: sswap(total=34263265280, used=0, free=34263265280, percent=0.0, sin=0, sout=0)
          types |   # objects |   total size
=============== | =========== | ============
  <class 'bytes |           9 |    895     B
iter = 638
CPU usage (% each core): [100.0, 15.2, 15.0, 13.1, 13.1, 13.3, 14.1, 14.0]
RAM usage: svmem(total=33615839232, available=18346803200, percent=45.4, used=14781370368, free=10026815488, active=18637398016, inactive=3601637376, buffers=945102848, cached=7862550528, shared=74285056)
SWAP usage: sswap(total=34263265280, used=0, free=34263265280, percent=0.0, sin=0, sout=0)
          types |   # objects |     total size
=============== | =========== | ==============
    <class 'int |           1 |       28     B
   <class 'list |           0 |    -1800     B
  <class 'bytes |        -112 |   -11295     B
iter = 639
CPU usage (% each core): [100.0, 38.6, 22.3, 21.2, 38.6, 24.6, 20.4, 21.4]
RAM usage: svmem(total=33615839232, available=18347823104, percent=45.4, used=14780350464, free=10027827200, active=18639548416, inactive=3601641472, buffers=945102848, cached=7862558720, shared=74285056)
SWAP usage: sswap(total=34263265280, used=0, free=34263265280, percent=0.0, sin=0, sout=0)
          types |   # objects |   total size
=============== | =========== | ============
  <class 'bytes |           9 |    905     B
   <class 'list |           0 |    136     B
    <class 'int |          -1 |    -28     B
iter = 640
CPU usage (% each core): [100.0, 26.0, 24.7, 21.1, 10.5, 16.7, 16.7, 18.7]
RAM usage: svmem(total=33615839232, available=18347307008, percent=45.4, used=14780866560, free=10027311104, active=18639458304, inactive=3601641472, buffers=945102848, cached=7862558720, shared=74285056)
SWAP usage: sswap(total=34263265280, used=0, free=34263265280, percent=0.0, sin=0, sout=0)
          types |   # objects |   total size
=============== | =========== | ============
  <class 'bytes |           9 |    895     B
   <class 'list |           0 |    168     B
    <class 'int |           1 |     28     B
iter = 641
CPU usage (% each core): [100.0, 13.5, 12.9, 13.5, 7.3, 11.6, 12.6, 12.6]
RAM usage: svmem(total=33615839232, available=18347540480, percent=45.4, used=14780633088, free=10027544576, active=18639458304, inactive=3601641472, buffers=945102848, cached=7862558720, shared=74285056)
SWAP usage: sswap(total=34263265280, used=0, free=34263265280, percent=0.0, sin=0, sout=0)
          types |   # objects |   total size
=============== | =========== | ============
  <class 'bytes |           9 |    894     B
   <class 'list |           0 |    208     B
iter = 642
CPU usage (% each core): [100.0, 32.3, 31.3, 25.5, 14.3, 24.0, 24.5, 25.0]
RAM usage: svmem(total=33615839232, available=18348498944, percent=45.4, used=14779674624, free=10028503040, active=18639466496, inactive=3601641472, buffers=945102848, cached=7862558720, shared=74285056)
SWAP usage: sswap(total=34263265280, used=0, free=34263265280, percent=0.0, sin=0, sout=0)
          types |   # objects |   total size
=============== | =========== | ============
  <class 'bytes |           8 |    818     B
   <class 'list |           0 |    128     B
iter = 643
CPU usage (% each core): [100.0, 19.2, 17.5, 16.3, 13.4, 15.3, 20.4, 13.1]
RAM usage: svmem(total=33615839232, available=18347696128, percent=45.4, used=14780477440, free=10027700224, active=18639515648, inactive=3601641472, buffers=945102848, cached=7862558720, shared=74285056)
SWAP usage: sswap(total=34263265280, used=0, free=34263265280, percent=0.0, sin=0, sout=0)
          types |   # objects |   total size
=============== | =========== | ============
  <class 'bytes |           8 |    818     B
   <class 'list |           0 |    144     B
iter = 644
CPU usage (% each core): [100.0, 13.5, 14.6, 13.4, 13.3, 14.3, 14.3, 13.4]
RAM usage: svmem(total=33615839232, available=18347204608, percent=45.4, used=14780968960, free=10027208704, active=18639515648, inactive=3601641472, buffers=945106944, cached=7862554624, shared=74285056)
SWAP usage: sswap(total=34263265280, used=0, free=34263265280, percent=0.0, sin=0, sout=0)
          types |   # objects |   total size
=============== | =========== | ============
  <class 'bytes |           8 |    818     B
   <class 'list |           0 |    160     B
iter = 645
CPU usage (% each core): [100.0, 19.0, 19.0, 23.8, 16.8, 16.2, 16.0, 18.2]
RAM usage: svmem(total=33615839232, available=18347204608, percent=45.4, used=14780968960, free=10027204608, active=18637418496, inactive=3601641472, buffers=945106944, cached=7862558720, shared=74285056)
SWAP usage: sswap(total=34263265280, used=0, free=34263265280, percent=0.0, sin=0, sout=0)
          types |   # objects |   total size
=============== | =========== | ============
  <class 'bytes |           8 |    818     B
    <class 'int |          -1 |    -28     B
iter = 646
CPU usage (% each core): [100.0, 32.7, 41.6, 40.0, 16.5, 26.7, 30.1, 48.1]
RAM usage: svmem(total=33615839232, available=18346635264, percent=45.4, used=14781538304, free=10026635264, active=18637418496, inactive=3601641472, buffers=945106944, cached=7862558720, shared=74285056)
SWAP usage: sswap(total=34263265280, used=0, free=34263265280, percent=0.0, sin=0, sout=0)
          types |   # objects |   total size
=============== | =========== | ============
  <class 'bytes |           8 |    818     B
   <class 'list |           0 |    176     B
    <class 'int |           1 |     28     B
iter = 647
CPU usage (% each core): [100.0, 12.5, 12.6, 9.5, 10.5, 11.6, 11.6, 12.4]
RAM usage: svmem(total=33615839232, available=18347311104, percent=45.4, used=14780862464, free=10027311104, active=18637422592, inactive=3601641472, buffers=945106944, cached=7862558720, shared=74285056)
SWAP usage: sswap(total=34263265280, used=0, free=34263265280, percent=0.0, sin=0, sout=0)
          types |   # objects |   total size
=============== | =========== | ============
  <class 'bytes |           9 |    894     B
   <class 'list |           0 |    200     B
iter = 648
CPU usage (% each core): [100.0, 13.5, 12.5, 13.5, 11.5, 11.6, 11.6, 11.6]
RAM usage: svmem(total=33615839232, available=18347474944, percent=45.4, used=14780698624, free=10027474944, active=18637422592, inactive=3601641472, buffers=945106944, cached=7862558720, shared=74285056)
SWAP usage: sswap(total=34263265280, used=0, free=34263265280, percent=0.0, sin=0, sout=0)
          types |   # objects |   total size
=============== | =========== | ============
  <class 'bytes |           8 |    818     B
iter = 649
CPU usage (% each core): [100.0, 19.6, 17.8, 17.0, 14.7, 17.6, 18.4, 16.8]
RAM usage: svmem(total=33615839232, available=18347220992, percent=45.4, used=14780952576, free=10027220992, active=18637422592, inactive=3601641472, buffers=945106944, cached=7862558720, shared=74285056)
SWAP usage: sswap(total=34263265280, used=0, free=34263265280, percent=0.0, sin=0, sout=0)
          types |   # objects |   total size
=============== | =========== | ============
  <class 'bytes |           7 |    741     B
   <class 'list |           0 |    224     B
iter = 650
CPU usage (% each core): [100.0, 12.8, 13.5, 13.3, 12.6, 12.4, 11.5, 12.4]
RAM usage: svmem(total=33615839232, available=18347601920, percent=45.4, used=14780571648, free=10027601920, active=18637422592, inactive=3601641472, buffers=945106944, cached=7862558720, shared=74285056)
SWAP usage: sswap(total=34263265280, used=0, free=34263265280, percent=0.0, sin=0, sout=0)
          types |   # objects |   total size
=============== | =========== | ============
  <class 'bytes |           8 |    818     B
   <class 'list |           0 |    256     B
iter = 651
CPU usage (% each core): [100.0, 14.4, 13.5, 12.6, 12.4, 11.5, 12.6, 12.5]
RAM usage: svmem(total=33615839232, available=18347728896, percent=45.4, used=14780444672, free=10027728896, active=18639540224, inactive=3601641472, buffers=945106944, cached=7862558720, shared=74285056)
SWAP usage: sswap(total=34263265280, used=0, free=34263265280, percent=0.0, sin=0, sout=0)
          types |   # objects |   total size
=============== | =========== | ============
  <class 'bytes |           8 |    818     B
iter = 652
CPU usage (% each core): [100.0, 17.7, 12.5, 14.6, 11.6, 12.5, 11.6, 12.5]
RAM usage: svmem(total=33615839232, available=18347167744, percent=45.4, used=14781005824, free=10027167744, active=18639515648, inactive=3601641472, buffers=945106944, cached=7862558720, shared=74285056)
SWAP usage: sswap(total=34263265280, used=0, free=34263265280, percent=0.0, sin=0, sout=0)
          types |   # objects |     total size
=============== | =========== | ==============
   <class 'list |           0 |    -1832     B
  <class 'bytes |        -109 |   -11233     B
iter = 653
CPU usage (% each core): [100.0, 12.8, 9.6, 11.7, 12.4, 11.7, 12.5, 10.6]
RAM usage: svmem(total=33615839232, available=18347638784, percent=45.4, used=14780534784, free=10027638784, active=18639515648, inactive=3601641472, buffers=945106944, cached=7862558720, shared=74285056)
SWAP usage: sswap(total=34263265280, used=0, free=34263265280, percent=0.0, sin=0, sout=0)
          types |   # objects |   total size
=============== | =========== | ============
  <class 'bytes |           8 |    825     B
   <class 'list |           0 |    168     B
    <class 'int |          -1 |    -28     B
iter = 654
CPU usage (% each core): [100.0, 13.4, 12.6, 11.7, 8.6, 12.5, 12.5, 11.6]
RAM usage: svmem(total=33615839232, available=18347622400, percent=45.4, used=14780551168, free=10027614208, active=18639519744, inactive=3601645568, buffers=945106944, cached=7862566912, shared=74285056)
SWAP usage: sswap(total=34263265280, used=0, free=34263265280, percent=0.0, sin=0, sout=0)
          types |   # objects |   total size
=============== | =========== | ============
  <class 'bytes |           9 |    894     B
   <class 'list |           0 |     80     B
iter = 655
CPU usage (% each core): [100.0, 14.0, 19.6, 14.7, 11.5, 14.6, 14.6, 14.6]
RAM usage: svmem(total=33615839232, available=18346946560, percent=45.4, used=14781227008, free=10026938368, active=18637537280, inactive=3601645568, buffers=945106944, cached=7862566912, shared=74285056)
SWAP usage: sswap(total=34263265280, used=0, free=34263265280, percent=0.0, sin=0, sout=0)
          types |   # objects |   total size
=============== | =========== | ============
  <class 'bytes |           8 |    818     B
   <class 'list |           0 |    184     B
    <class 'int |           1 |     28     B
iter = 656
CPU usage (% each core): [100.0, 12.2, 13.4, 10.3, 12.1, 13.3, 13.3, 12.4]
RAM usage: svmem(total=33615839232, available=18347012096, percent=45.4, used=14781161472, free=10027003904, active=18637680640, inactive=3601645568, buffers=945106944, cached=7862566912, shared=74285056)
SWAP usage: sswap(total=34263265280, used=0, free=34263265280, percent=0.0, sin=0, sout=0)
          types |   # objects |   total size
=============== | =========== | ============
  <class 'bytes |           9 |    895     B
   <class 'list |           0 |    112     B
iter = 657
CPU usage (% each core): [100.0, 14.4, 14.3, 14.3, 11.2, 13.4, 11.5, 13.3]
RAM usage: svmem(total=33615839232, available=18347192320, percent=45.4, used=14780981248, free=10027184128, active=18637680640, inactive=3601645568, buffers=945106944, cached=7862566912, shared=74285056)
SWAP usage: sswap(total=34263265280, used=0, free=34263265280, percent=0.0, sin=0, sout=0)
          types |   # objects |   total size
=============== | =========== | ============
  <class 'bytes |           8 |    818     B
   <class 'list |           0 |    128     B
    <class 'int |          -1 |    -28     B
iter = 658
CPU usage (% each core): [100.0, 13.4, 12.5, 12.4, 12.4, 12.4, 14.1, 12.5]
RAM usage: svmem(total=33615839232, available=18347749376, percent=45.4, used=14780424192, free=10027741184, active=18637762560, inactive=3601645568, buffers=945106944, cached=7862566912, shared=74285056)
SWAP usage: sswap(total=34263265280, used=0, free=34263265280, percent=0.0, sin=0, sout=0)
          types |   # objects |   total size
=============== | =========== | ============
  <class 'bytes |           9 |    895     B
   <class 'list |           0 |    144     B
iter = 659
CPU usage (% each core): [100.0, 43.4, 34.7, 29.3, 45.5, 33.1, 26.7, 28.5]
RAM usage: svmem(total=33615839232, available=18347442176, percent=45.4, used=14780727296, free=10027433984, active=18637762560, inactive=3601645568, buffers=945111040, cached=7862566912, shared=74285056)
SWAP usage: sswap(total=34263265280, used=0, free=34263265280, percent=0.0, sin=0, sout=0)
          types |   # objects |   total size
=============== | =========== | ============
  <class 'bytes |           8 |    818     B
   <class 'list |           0 |    160     B
iter = 660
CPU usage (% each core): [100.0, 20.2, 17.2, 17.5, 14.4, 22.2, 21.4, 16.3]
RAM usage: svmem(total=33615839232, available=18346913792, percent=45.4, used=14781255680, free=10026905600, active=18637787136, inactive=3601645568, buffers=945111040, cached=7862566912, shared=74285056)
SWAP usage: sswap(total=34263265280, used=0, free=34263265280, percent=0.0, sin=0, sout=0)
          types |   # objects |   total size
=============== | =========== | ============
  <class 'bytes |           8 |    818     B
   <class 'list |           0 |    176     B
    <class 'int |           1 |     28     B
iter = 661
CPU usage (% each core): [100.0, 21.4, 22.7, 24.5, 12.4, 21.6, 20.2, 26.0]
RAM usage: svmem(total=33615839232, available=18346643456, percent=45.4, used=14781526016, free=10026635264, active=18637897728, inactive=3601645568, buffers=945111040, cached=7862566912, shared=74285056)
SWAP usage: sswap(total=34263265280, used=0, free=34263265280, percent=0.0, sin=0, sout=0)
          types |   # objects |   total size
=============== | =========== | ============
  <class 'bytes |           9 |    895     B
   <class 'list |           0 |    200     B
iter = 662
CPU usage (% each core): [100.0, 20.4, 19.2, 24.8, 14.0, 20.2, 18.2, 19.8]
RAM usage: svmem(total=33615839232, available=18346876928, percent=45.4, used=14781292544, free=10026868736, active=18639962112, inactive=3601645568, buffers=945111040, cached=7862566912, shared=74285056)
SWAP usage: sswap(total=34263265280, used=0, free=34263265280, percent=0.0, sin=0, sout=0)
          types |   # objects |   total size
=============== | =========== | ============
  <class 'bytes |           8 |    818     B
    <class 'int |          -1 |    -28     B
iter = 663
CPU usage (% each core): [100.0, 18.4, 19.2, 17.0, 18.0, 16.0, 15.8, 15.0]
RAM usage: svmem(total=33615839232, available=18346749952, percent=45.4, used=14781419520, free=10026741760, active=18639962112, inactive=3601645568, buffers=945111040, cached=7862566912, shared=74285056)
SWAP usage: sswap(total=34263265280, used=0, free=34263265280, percent=0.0, sin=0, sout=0)
          types |   # objects |   total size
=============== | =========== | ============
  <class 'bytes |           8 |    818     B
   <class 'list |           0 |    224     B
iter = 664
CPU usage (% each core): [100.0, 12.6, 11.5, 12.4, 10.3, 13.3, 11.3, 12.4]
RAM usage: svmem(total=33615839232, available=18346356736, percent=45.4, used=14781812736, free=10026348544, active=18639962112, inactive=3601645568, buffers=945111040, cached=7862566912, shared=74285056)
SWAP usage: sswap(total=34263265280, used=0, free=34263265280, percent=0.0, sin=0, sout=0)
          types |   # objects |   total size
=============== | =========== | ============
  <class 'bytes |           8 |    818     B
    <class 'int |           1 |     28     B
iter = 665
CPU usage (% each core): [100.0, 27.9, 36.2, 26.7, 20.8, 50.0, 32.4, 25.5]
RAM usage: svmem(total=33615839232, available=18347032576, percent=45.4, used=14781136896, free=10027024384, active=18637848576, inactive=3601645568, buffers=945111040, cached=7862566912, shared=74285056)
SWAP usage: sswap(total=34263265280, used=0, free=34263265280, percent=0.0, sin=0, sout=0)
          types |   # objects |   total size
=============== | =========== | ============
  <class 'bytes |           8 |    818     B
   <class 'list |           0 |    256     B
iter = 666
CPU usage (% each core): [100.0, 22.8, 24.2, 27.0, 16.0, 18.8, 18.8, 19.0]
RAM usage: svmem(total=33615839232, available=18346807296, percent=45.4, used=14781362176, free=10026799104, active=18637848576, inactive=3601645568, buffers=945111040, cached=7862566912, shared=74285056)
SWAP usage: sswap(total=34263265280, used=0, free=34263265280, percent=0.0, sin=0, sout=0)
          types |   # objects |   total size
=============== | =========== | ============
  <class 'bytes |           8 |    818     B
iter = 667
CPU usage (% each core): [100.0, 11.6, 12.4, 13.4, 11.5, 11.5, 11.5, 11.3]
RAM usage: svmem(total=33615839232, available=18346696704, percent=45.4, used=14781472768, free=10026688512, active=18637881344, inactive=3601645568, buffers=945111040, cached=7862566912, shared=74285056)
SWAP usage: sswap(total=34263265280, used=0, free=34263265280, percent=0.0, sin=0, sout=0)
          types |   # objects |     total size
=============== | =========== | ==============
   <class 'list |           0 |    -1800     B
  <class 'bytes |        -113 |   -11299     B
iter = 668
CPU usage (% each core): [100.0, 15.8, 15.0, 14.0, 12.1, 14.0, 13.0, 14.0]
RAM usage: svmem(total=33615839232, available=18346749952, percent=45.4, used=14781419520, free=10026733568, active=18637885440, inactive=3601649664, buffers=945111040, cached=7862575104, shared=74285056)
SWAP usage: sswap(total=34263265280, used=0, free=34263265280, percent=0.0, sin=0, sout=0)
          types |   # objects |   total size
=============== | =========== | ============
  <class 'bytes |           8 |    826     B
   <class 'list |           0 |    136     B
    <class 'int |          -1 |    -28     B
iter = 669
CPU usage (% each core): [100.0, 13.7, 15.5, 15.6, 13.4, 14.4, 13.5, 13.5]
RAM usage: svmem(total=33615839232, available=18346573824, percent=45.4, used=14781595648, free=10026557440, active=18637885440, inactive=3601649664, buffers=945111040, cached=7862575104, shared=74285056)
SWAP usage: sswap(total=34263265280, used=0, free=34263265280, percent=0.0, sin=0, sout=0)
          types |   # objects |   total size
=============== | =========== | ============
  <class 'bytes |           9 |    895     B
   <class 'list |           0 |    168     B
    <class 'int |           1 |     28     B
iter = 670
CPU usage (% each core): [100.0, 16.5, 16.5, 16.3, 12.4, 15.5, 16.3, 16.2]
RAM usage: svmem(total=33615839232, available=18346561536, percent=45.4, used=14781607936, free=10026545152, active=18637922304, inactive=3601649664, buffers=945111040, cached=7862575104, shared=74285056)
SWAP usage: sswap(total=34263265280, used=0, free=34263265280, percent=0.0, sin=0, sout=0)
          types |   # objects |   total size
=============== | =========== | ============
  <class 'bytes |           9 |    895     B
   <class 'list |           0 |    208     B
iter = 671
CPU usage (% each core): [100.0, 14.6, 11.6, 11.7, 8.3, 11.6, 12.5, 11.6]
RAM usage: svmem(total=33615839232, available=18346573824, percent=45.4, used=14781595648, free=10026557440, active=18637922304, inactive=3601649664, buffers=945111040, cached=7862575104, shared=74285056)
SWAP usage: sswap(total=34263265280, used=0, free=34263265280, percent=0.0, sin=0, sout=0)
          types |   # objects |   total size
=============== | =========== | ============
  <class 'bytes |           8 |    817     B
   <class 'list |           0 |    128     B
iter = 672
CPU usage (% each core): [100.0, 12.4, 14.3, 13.3, 5.2, 11.3, 11.5, 12.2]
RAM usage: svmem(total=33615839232, available=18346876928, percent=45.4, used=14781292544, free=10026860544, active=18637922304, inactive=3601649664, buffers=945111040, cached=7862575104, shared=74285056)
SWAP usage: sswap(total=34263265280, used=0, free=34263265280, percent=0.0, sin=0, sout=0)
          types |   # objects |   total size
=============== | =========== | ============
  <class 'bytes |           8 |    817     B
   <class 'list |           0 |    144     B
iter = 673
CPU usage (% each core): [100.0, 12.5, 12.5, 10.4, 10.3, 13.3, 12.2, 12.4]
RAM usage: svmem(total=33615839232, available=18347741184, percent=45.4, used=14780428288, free=10027724800, active=18637914112, inactive=3601649664, buffers=945111040, cached=7862575104, shared=74285056)
SWAP usage: sswap(total=34263265280, used=0, free=34263265280, percent=0.0, sin=0, sout=0)
          types |   # objects |   total size
=============== | =========== | ============
  <class 'bytes |           8 |    818     B
   <class 'list |           0 |    160     B
iter = 674
CPU usage (% each core): [100.0, 15.0, 13.1, 13.1, 14.0, 13.0, 13.0, 12.1]
RAM usage: svmem(total=33615839232, available=18347409408, percent=45.4, used=14780760064, free=10027393024, active=18637914112, inactive=3601649664, buffers=945111040, cached=7862575104, shared=74285056)
SWAP usage: sswap(total=34263265280, used=0, free=34263265280, percent=0.0, sin=0, sout=0)
          types |   # objects |   total size
=============== | =========== | ============
  <class 'bytes |           8 |    818     B
    <class 'int |          -1 |    -28     B
iter = 675
CPU usage (% each core): [100.0, 14.9, 13.9, 13.0, 13.0, 15.8, 14.0, 13.9]
RAM usage: svmem(total=33615839232, available=18346844160, percent=45.4, used=14781325312, free=10026827776, active=18638299136, inactive=3601649664, buffers=945111040, cached=7862575104, shared=74285056)
SWAP usage: sswap(total=34263265280, used=0, free=34263265280, percent=0.0, sin=0, sout=0)
          types |   # objects |   total size
=============== | =========== | ============
  <class 'bytes |           8 |    818     B
   <class 'list |           0 |    176     B
    <class 'int |           1 |     28     B
iter = 676
CPU usage (% each core): [100.0, 15.5, 13.3, 14.1, 14.1, 13.1, 13.3, 13.3]
RAM usage: svmem(total=33615839232, available=18346762240, percent=45.4, used=14781407232, free=10026745856, active=18637930496, inactive=3601649664, buffers=945111040, cached=7862575104, shared=74285056)
SWAP usage: sswap(total=34263265280, used=0, free=34263265280, percent=0.0, sin=0, sout=0)
          types |   # objects |   total size
=============== | =========== | ============
  <class 'bytes |           9 |    895     B
   <class 'list |           0 |    200     B
iter = 677
CPU usage (% each core): [100.0, 14.4, 14.4, 13.4, 12.2, 12.5, 14.3, 13.4]
RAM usage: svmem(total=33615839232, available=18340700160, percent=45.4, used=14787469312, free=10020683776, active=18645004288, inactive=3601649664, buffers=945111040, cached=7862575104, shared=74285056)
SWAP usage: sswap(total=34263265280, used=0, free=34263265280, percent=0.0, sin=0, sout=0)
          types |   # objects |   total size
=============== | =========== | ============
  <class 'bytes |           8 |    818     B
iter = 678
CPU usage (% each core): [100.0, 20.6, 23.0, 20.4, 25.2, 17.6, 19.0, 25.2]
RAM usage: svmem(total=33615839232, available=18340052992, percent=45.4, used=14788116480, free=10020036608, active=18647224320, inactive=3601649664, buffers=945111040, cached=7862575104, shared=74285056)
SWAP usage: sswap(total=34263265280, used=0, free=34263265280, percent=0.0, sin=0, sout=0)
          types |   # objects |   total size
=============== | =========== | ============
  <class 'bytes |           7 |    741     B
   <class 'list |           0 |    224     B
iter = 679
CPU usage (% each core): [100.0, 27.5, 32.0, 23.8, 21.6, 24.3, 26.2, 26.5]
RAM usage: svmem(total=33615839232, available=18340634624, percent=45.4, used=14787534848, free=10020618240, active=18647220224, inactive=3601649664, buffers=945111040, cached=7862575104, shared=74285056)
SWAP usage: sswap(total=34263265280, used=0, free=34263265280, percent=0.0, sin=0, sout=0)
          types |   # objects |   total size
=============== | =========== | ============
  <class 'bytes |           8 |    818     B
   <class 'list |           0 |    256     B
iter = 680
CPU usage (% each core): [100.0, 24.3, 24.5, 22.3, 22.1, 21.6, 22.3, 24.5]
RAM usage: svmem(total=33615839232, available=18340937728, percent=45.4, used=14787231744, free=10020921344, active=18647519232, inactive=3601649664, buffers=945111040, cached=7862575104, shared=74285056)
SWAP usage: sswap(total=34263265280, used=0, free=34263265280, percent=0.0, sin=0, sout=0)
          types |   # objects |   total size
=============== | =========== | ============
  <class 'bytes |           8 |    818     B
iter = 681
CPU usage (% each core): [100.0, 15.2, 13.0, 12.2, 14.0, 14.0, 11.0, 14.0]
RAM usage: svmem(total=33615839232, available=18340876288, percent=45.4, used=14787293184, free=10020859904, active=18647236608, inactive=3601649664, buffers=945111040, cached=7862575104, shared=74285056)
SWAP usage: sswap(total=34263265280, used=0, free=34263265280, percent=0.0, sin=0, sout=0)
          types |   # objects |     total size
=============== | =========== | ==============
   <class 'list |           0 |    -1832     B
  <class 'bytes |        -108 |   -11138     B
iter = 682
CPU usage (% each core): [100.0, 14.3, 14.3, 14.1, 13.4, 13.3, 10.2, 13.3]
RAM usage: svmem(total=33615839232, available=18340433920, percent=45.4, used=14787727360, free=10020417536, active=18647236608, inactive=3601649664, buffers=945111040, cached=7862583296, shared=74285056)
SWAP usage: sswap(total=34263265280, used=0, free=34263265280, percent=0.0, sin=0, sout=0)
          types |   # objects |   total size
=============== | =========== | ============
  <class 'bytes |           8 |    826     B
   <class 'list |           0 |    168     B
    <class 'int |          -1 |    -28     B
iter = 683
CPU usage (% each core): [100.0, 33.0, 27.5, 22.5, 17.6, 22.0, 31.4, 33.0]
RAM usage: svmem(total=33615839232, available=18341068800, percent=45.4, used=14787100672, free=10021044224, active=18647224320, inactive=3601653760, buffers=945111040, cached=7862583296, shared=74285056)
SWAP usage: sswap(total=34263265280, used=0, free=34263265280, percent=0.0, sin=0, sout=0)
          types |   # objects |   total size
=============== | =========== | ============
  <class 'bytes |           9 |    895     B
   <class 'list |           0 |    168     B
iter = 684
CPU usage (% each core): [100.0, 28.2, 20.9, 23.6, 25.7, 20.7, 19.1, 20.0]
RAM usage: svmem(total=33615839232, available=18341089280, percent=45.4, used=14787080192, free=10021064704, active=18647269376, inactive=3601653760, buffers=945111040, cached=7862583296, shared=74285056)
SWAP usage: sswap(total=34263265280, used=0, free=34263265280, percent=0.0, sin=0, sout=0)
          types |   # objects |   total size
=============== | =========== | ============
  <class 'bytes |           8 |    818     B
   <class 'list |           0 |     96     B
iter = 685
CPU usage (% each core): [100.0, 15.2, 15.2, 13.3, 13.3, 13.3, 10.3, 14.1]
RAM usage: svmem(total=33615839232, available=18340765696, percent=45.4, used=14787403776, free=10020741120, active=18645037056, inactive=3601653760, buffers=945111040, cached=7862583296, shared=74285056)
SWAP usage: sswap(total=34263265280, used=0, free=34263265280, percent=0.0, sin=0, sout=0)
          types |   # objects |   total size
=============== | =========== | ============
  <class 'bytes |           8 |    818     B
   <class 'list |           0 |    112     B
iter = 686
CPU usage (% each core): [100.0, 18.0, 17.0, 16.8, 16.8, 16.7, 17.6, 16.8]
RAM usage: svmem(total=33615839232, available=18340671488, percent=45.4, used=14787497984, free=10020646912, active=18645209088, inactive=3601653760, buffers=945111040, cached=7862583296, shared=74285056)
SWAP usage: sswap(total=34263265280, used=0, free=34263265280, percent=0.0, sin=0, sout=0)
          types |   # objects |   total size
=============== | =========== | ============
  <class 'bytes |           8 |    818     B
   <class 'list |           0 |    128     B
iter = 687
CPU usage (% each core): [100.0, 14.0, 14.9, 11.3, 11.2, 12.1, 13.3, 11.2]
RAM usage: svmem(total=33615839232, available=18340159488, percent=45.4, used=14788009984, free=10020134912, active=18647347200, inactive=3601653760, buffers=945111040, cached=7862583296, shared=74285056)
SWAP usage: sswap(total=34263265280, used=0, free=34263265280, percent=0.0, sin=0, sout=0)
          types |   # objects |   total size
=============== | =========== | ============
  <class 'bytes |           8 |    818     B
   <class 'list |           0 |    144     B
iter = 688
CPU usage (% each core): [10.4, 12.6, 12.6, 14.4, 100.0, 11.5, 12.2, 12.4]
RAM usage: svmem(total=33615839232, available=18340421632, percent=45.4, used=14787747840, free=10020397056, active=18647629824, inactive=3601653760, buffers=945111040, cached=7862583296, shared=74285056)
SWAP usage: sswap(total=34263265280, used=0, free=34263265280, percent=0.0, sin=0, sout=0)
          types |   # objects |   total size
=============== | =========== | ============
  <class 'bytes |           8 |    818     B
   <class 'list |           0 |    160     B
iter = 689
CPU usage (% each core): [11.0, 12.0, 12.0, 13.7, 100.0, 12.0, 11.1, 12.0]
RAM usage: svmem(total=33615839232, available=18339954688, percent=45.4, used=14788218880, free=10019926016, active=18647396352, inactive=3601653760, buffers=945111040, cached=7862583296, shared=74285056)
SWAP usage: sswap(total=34263265280, used=0, free=34263265280, percent=0.0, sin=0, sout=0)
          types |   # objects |   total size
=============== | =========== | ============
  <class 'bytes |           8 |    818     B
   <class 'list |           0 |    176     B
iter = 690
CPU usage (% each core): [14.1, 17.2, 15.3, 16.5, 100.0, 15.2, 15.2, 14.3]
RAM usage: svmem(total=33615839232, available=18339848192, percent=45.4, used=14788325376, free=10019819520, active=18647695360, inactive=3601653760, buffers=945111040, cached=7862583296, shared=74285056)
SWAP usage: sswap(total=34263265280, used=0, free=34263265280, percent=0.0, sin=0, sout=0)
          types |   # objects |   total size
=============== | =========== | ============
  <class 'bytes |           8 |    818     B
   <class 'list |           0 |    200     B
iter = 691
CPU usage (% each core): [100.0, 11.6, 12.5, 11.6, 11.3, 12.6, 11.6, 11.6]
RAM usage: svmem(total=33615839232, available=18340691968, percent=45.4, used=14787481600, free=10020663296, active=18647552000, inactive=3601653760, buffers=945111040, cached=7862583296, shared=74285056)
SWAP usage: sswap(total=34263265280, used=0, free=34263265280, percent=0.0, sin=0, sout=0)
          types |   # objects |   total size
=============== | =========== | ============
  <class 'bytes |           8 |    818     B
iter = 692
CPU usage (% each core): [100.0, 11.3, 12.6, 14.6, 12.4, 5.2, 12.5, 12.4]
RAM usage: svmem(total=33615839232, available=18340229120, percent=45.4, used=14787944448, free=10020200448, active=18647552000, inactive=3601653760, buffers=945111040, cached=7862583296, shared=74285056)
SWAP usage: sswap(total=34263265280, used=0, free=34263265280, percent=0.0, sin=0, sout=0)
          types |   # objects |   total size
=============== | =========== | ============
  <class 'bytes |           7 |    740     B
   <class 'list |           0 |    224     B
    <class 'int |           1 |     28     B
iter = 693
CPU usage (% each core): [100.0, 13.3, 14.3, 15.3, 10.3, 10.2, 13.1, 13.3]
RAM usage: svmem(total=33615839232, available=18340249600, percent=45.4, used=14787923968, free=10020220928, active=18647445504, inactive=3601653760, buffers=945111040, cached=7862583296, shared=74285056)
SWAP usage: sswap(total=34263265280, used=0, free=34263265280, percent=0.0, sin=0, sout=0)
          types |   # objects |   total size
=============== | =========== | ============
  <class 'bytes |           9 |    895     B
iter = 694
CPU usage (% each core): [13.7, 14.0, 16.7, 14.7, 100.0, 14.7, 14.0, 14.9]
RAM usage: svmem(total=33615839232, available=18339373056, percent=45.4, used=14788800512, free=10019344384, active=18647445504, inactive=3601653760, buffers=945111040, cached=7862583296, shared=74285056)
SWAP usage: sswap(total=34263265280, used=0, free=34263265280, percent=0.0, sin=0, sout=0)
          types |   # objects |   total size
=============== | =========== | ============
  <class 'bytes |           7 |    741     B
   <class 'list |           0 |    256     B
    <class 'int |          -1 |    -28     B
iter = 695
CPU usage (% each core): [100.0, 18.6, 16.0, 17.8, 15.0, 17.8, 16.8, 16.8]
RAM usage: svmem(total=33615839232, available=18339434496, percent=45.4, used=14788739072, free=10019405824, active=18645716992, inactive=3601653760, buffers=945111040, cached=7862583296, shared=74285056)
SWAP usage: sswap(total=34263265280, used=0, free=34263265280, percent=0.0, sin=0, sout=0)
          types |   # objects |   total size
=============== | =========== | ============
  <class 'bytes |           9 |    895     B
iter = 696
CPU usage (% each core): [10.4, 13.4, 13.7, 12.6, 100.0, 10.5, 11.3, 11.5]
RAM usage: svmem(total=33615839232, available=18339524608, percent=45.4, used=14788648960, free=10019495936, active=18645528576, inactive=3601653760, buffers=945111040, cached=7862583296, shared=74285056)
SWAP usage: sswap(total=34263265280, used=0, free=34263265280, percent=0.0, sin=0, sout=0)
          types |   # objects |     total size
=============== | =========== | ==============
    <class 'int |           1 |       28     B
   <class 'list |           0 |    -1800     B
  <class 'bytes |        -112 |   -11299     B
iter = 697
CPU usage (% each core): [11.2, 12.2, 13.0, 12.1, 100.0, 11.1, 9.2, 11.2]
RAM usage: svmem(total=33615839232, available=18339594240, percent=45.4, used=14788571136, free=10019565568, active=18645528576, inactive=3601653760, buffers=945111040, cached=7862591488, shared=74285056)
SWAP usage: sswap(total=34263265280, used=0, free=34263265280, percent=0.0, sin=0, sout=0)
          types |   # objects |   total size
=============== | =========== | ============
  <class 'bytes |           9 |    904     B
   <class 'list |           0 |    136     B
    <class 'int |          -1 |    -28     B
iter = 698
CPU usage (% each core): [12.4, 11.6, 13.4, 13.5, 100.0, 12.4, 12.4, 13.4]
RAM usage: svmem(total=33615839232, available=18339864576, percent=45.4, used=14788308992, free=10019827712, active=18647449600, inactive=3601657856, buffers=945111040, cached=7862591488, shared=74285056)
SWAP usage: sswap(total=34263265280, used=0, free=34263265280, percent=0.0, sin=0, sout=0)
          types |   # objects |   total size
=============== | =========== | ============
  <class 'bytes |           9 |    895     B
   <class 'list |           0 |    168     B
    <class 'int |           1 |     28     B
iter = 699
CPU usage (% each core): [10.2, 15.3, 13.4, 12.5, 100.0, 13.4, 14.4, 14.3]
RAM usage: svmem(total=33615839232, available=18339573760, percent=45.4, used=14788599808, free=10019536896, active=18647449600, inactive=3601657856, buffers=945111040, cached=7862591488, shared=74285056)
SWAP usage: sswap(total=34263265280, used=0, free=34263265280, percent=0.0, sin=0, sout=0)
          types |   # objects |   total size
=============== | =========== | ============
  <class 'bytes |           9 |    895     B
   <class 'list |           0 |    208     B
iter = 700
CPU usage (% each core): [9.5, 12.5, 10.4, 12.4, 100.0, 12.5, 11.5, 12.5]
RAM usage: svmem(total=33615839232, available=18339422208, percent=45.4, used=14788751360, free=10019385344, active=18647457792, inactive=3601657856, buffers=945111040, cached=7862591488, shared=74285056)
SWAP usage: sswap(total=34263265280, used=0, free=34263265280, percent=0.0, sin=0, sout=0)
          types |   # objects |   total size
=============== | =========== | ============
  <class 'bytes |           8 |    817     B
   <class 'list |           0 |    128     B
iter = 701
CPU usage (% each core): [10.7, 16.7, 15.4, 13.9, 100.0, 14.6, 14.6, 14.4]
RAM usage: svmem(total=33615839232, available=18339958784, percent=45.4, used=14788214784, free=10019921920, active=18647474176, inactive=3601657856, buffers=945111040, cached=7862591488, shared=74285056)
SWAP usage: sswap(total=34263265280, used=0, free=34263265280, percent=0.0, sin=0, sout=0)
          types |   # objects |   total size
=============== | =========== | ============
  <class 'bytes |           8 |    818     B
   <class 'list |           0 |    144     B
iter = 702
CPU usage (% each core): [11.1, 11.0, 11.2, 8.1, 100.0, 12.1, 10.2, 10.3]
RAM usage: svmem(total=33615839232, available=18339864576, percent=45.4, used=14788308992, free=10019827712, active=18647474176, inactive=3601657856, buffers=945111040, cached=7862591488, shared=74285056)
SWAP usage: sswap(total=34263265280, used=0, free=34263265280, percent=0.0, sin=0, sout=0)
          types |   # objects |   total size
=============== | =========== | ============
  <class 'bytes |           8 |    817     B
   <class 'list |           0 |    160     B
iter = 703
CPU usage (% each core): [6.2, 11.5, 12.4, 11.3, 100.0, 12.2, 13.4, 12.2]
RAM usage: svmem(total=33615839232, available=18339618816, percent=45.4, used=14788554752, free=10019581952, active=18647449600, inactive=3601657856, buffers=945111040, cached=7862591488, shared=74285056)
SWAP usage: sswap(total=34263265280, used=0, free=34263265280, percent=0.0, sin=0, sout=0)
          types |   # objects |   total size
=============== | =========== | ============
  <class 'bytes |           8 |    817     B
    <class 'int |          -1 |    -28     B
iter = 704
CPU usage (% each core): [10.2, 12.1, 12.1, 10.1, 100.0, 11.2, 11.0, 11.1]
RAM usage: svmem(total=33615839232, available=18339057664, percent=45.4, used=14789115904, free=10019020800, active=18647449600, inactive=3601657856, buffers=945111040, cached=7862591488, shared=74285056)
SWAP usage: sswap(total=34263265280, used=0, free=34263265280, percent=0.0, sin=0, sout=0)
          types |   # objects |   total size
=============== | =========== | ============
  <class 'bytes |           8 |    818     B
   <class 'list |           0 |    176     B
    <class 'int |           1 |     28     B
iter = 705
CPU usage (% each core): [9.4, 13.5, 12.5, 12.6, 100.0, 12.5, 9.6, 12.5]
RAM usage: svmem(total=33615839232, available=18338435072, percent=45.4, used=14789738496, free=10018398208, active=18645389312, inactive=3601657856, buffers=945111040, cached=7862591488, shared=74285056)
SWAP usage: sswap(total=34263265280, used=0, free=34263265280, percent=0.0, sin=0, sout=0)
          types |   # objects |   total size
=============== | =========== | ============
  <class 'bytes |           9 |    893     B
   <class 'list |           0 |    200     B
iter = 706
CPU usage (% each core): [9.1, 11.2, 13.1, 12.0, 100.0, 11.2, 11.1, 11.2]
RAM usage: svmem(total=33615839232, available=18339225600, percent=45.4, used=14788947968, free=10019188736, active=18645352448, inactive=3601657856, buffers=945111040, cached=7862591488, shared=74285056)
SWAP usage: sswap(total=34263265280, used=0, free=34263265280, percent=0.0, sin=0, sout=0)
          types |   # objects |   total size
=============== | =========== | ============
  <class 'bytes |           8 |    817     B
iter = 707
CPU usage (% each core): [12.1, 15.5, 12.4, 12.4, 100.0, 12.2, 13.3, 12.1]
RAM usage: svmem(total=33615839232, available=18339606528, percent=45.4, used=14788567040, free=10019569664, active=18645352448, inactive=3601657856, buffers=945111040, cached=7862591488, shared=74285056)
SWAP usage: sswap(total=34263265280, used=0, free=34263265280, percent=0.0, sin=0, sout=0)
          types |   # objects |   total size
=============== | =========== | ============
  <class 'bytes |           7 |    741     B
   <class 'list |           0 |    224     B
iter = 708
CPU usage (% each core): [12.0, 14.0, 11.9, 13.0, 100.0, 12.9, 12.0, 13.0]
RAM usage: svmem(total=33615839232, available=18338951168, percent=45.4, used=14789222400, free=10018914304, active=18645360640, inactive=3601657856, buffers=945111040, cached=7862591488, shared=74285056)
SWAP usage: sswap(total=34263265280, used=0, free=34263265280, percent=0.0, sin=0, sout=0)
          types |   # objects |   total size
=============== | =========== | ============
  <class 'bytes |           8 |    818     B
   <class 'list |           0 |    256     B
iter = 709
CPU usage (% each core): [6.3, 12.4, 15.2, 11.3, 100.0, 11.2, 12.1, 11.2]
RAM usage: svmem(total=33615839232, available=18339127296, percent=45.4, used=14789046272, free=10019090432, active=18645360640, inactive=3601657856, buffers=945111040, cached=7862591488, shared=74285056)
SWAP usage: sswap(total=34263265280, used=0, free=34263265280, percent=0.0, sin=0, sout=0)
          types |   # objects |   total size
=============== | =========== | ============
  <class 'bytes |           8 |    817     B
iter = 710
CPU usage (% each core): [14.9, 17.0, 18.0, 15.2, 100.0, 16.2, 15.2, 16.0]
RAM usage: svmem(total=33615839232, available=18339364864, percent=45.4, used=14788808704, free=10019328000, active=18647474176, inactive=3601657856, buffers=945111040, cached=7862591488, shared=74285056)
SWAP usage: sswap(total=34263265280, used=0, free=34263265280, percent=0.0, sin=0, sout=0)
          types |   # objects |     total size
=============== | =========== | ==============
   <class 'list |           0 |    -1832     B
  <class 'bytes |        -109 |   -11227     B
iter = 711
CPU usage (% each core): [7.1, 11.2, 11.1, 11.2, 100.0, 10.2, 12.0, 10.2]
RAM usage: svmem(total=33615839232, available=18338938880, percent=45.4, used=14789226496, free=10018902016, active=18647449600, inactive=3601657856, buffers=945111040, cached=7862599680, shared=74285056)
SWAP usage: sswap(total=34263265280, used=0, free=34263265280, percent=0.0, sin=0, sout=0)
          types |   # objects |   total size
=============== | =========== | ============
  <class 'bytes |           8 |    825     B
   <class 'list |           0 |    168     B
    <class 'int |          -1 |    -28     B
iter = 712
CPU usage (% each core): [11.9, 15.5, 14.7, 17.5, 100.0, 14.6, 13.7, 14.6]
RAM usage: svmem(total=33615839232, available=18339708928, percent=45.4, used=14788464640, free=10019663872, active=18647511040, inactive=3601661952, buffers=945111040, cached=7862599680, shared=74285056)
SWAP usage: sswap(total=34263265280, used=0, free=34263265280, percent=0.0, sin=0, sout=0)
          types |   # objects |   total size
=============== | =========== | ============
  <class 'bytes |           9 |    895     B
   <class 'list |           0 |     80     B
iter = 713
CPU usage (% each core): [15.0, 15.2, 18.0, 19.0, 100.0, 16.0, 15.0, 16.0]
RAM usage: svmem(total=33615839232, available=18339360768, percent=45.4, used=14788812800, free=10019315712, active=18647478272, inactive=3601661952, buffers=945111040, cached=7862599680, shared=74285056)
SWAP usage: sswap(total=34263265280, used=0, free=34263265280, percent=0.0, sin=0, sout=0)
          types |   # objects |   total size
=============== | =========== | ============
  <class 'bytes |           8 |    818     B
   <class 'list |           0 |    184     B
    <class 'int |           1 |     28     B
iter = 714
CPU usage (% each core): [12.5, 12.6, 13.5, 15.5, 100.0, 12.5, 12.5, 11.6]
RAM usage: svmem(total=33615839232, available=18339762176, percent=45.4, used=14788411392, free=10019717120, active=18647478272, inactive=3601661952, buffers=945111040, cached=7862599680, shared=74285056)
SWAP usage: sswap(total=34263265280, used=0, free=34263265280, percent=0.0, sin=0, sout=0)
          types |   # objects |   total size
=============== | =========== | ============
  <class 'bytes |           9 |    895     B
   <class 'list |           0 |    112     B
iter = 715
CPU usage (% each core): [10.1, 8.2, 13.1, 11.2, 100.0, 11.1, 11.1, 11.0]
RAM usage: svmem(total=33615839232, available=18339512320, percent=45.4, used=14788661248, free=10019467264, active=18645393408, inactive=3601661952, buffers=945111040, cached=7862599680, shared=74285056)
SWAP usage: sswap(total=34263265280, used=0, free=34263265280, percent=0.0, sin=0, sout=0)
          types |   # objects |   total size
=============== | =========== | ============
  <class 'bytes |           8 |    817     B
   <class 'list |           0 |    128     B
    <class 'int |          -1 |    -28     B
iter = 716
CPU usage (% each core): [8.9, 16.8, 11.9, 13.9, 100.0, 14.9, 13.0, 15.7]
RAM usage: svmem(total=33615839232, available=18338758656, percent=45.4, used=14789406720, free=10018713600, active=18645381120, inactive=3601661952, buffers=945119232, cached=7862599680, shared=74285056)
SWAP usage: sswap(total=34263265280, used=0, free=34263265280, percent=0.0, sin=0, sout=0)
          types |   # objects |   total size
=============== | =========== | ============
  <class 'bytes |           9 |    894     B
   <class 'list |           0 |    144     B
iter = 717
CPU usage (% each core): [9.8, 8.9, 12.9, 11.9, 100.0, 12.7, 11.8, 12.9]
RAM usage: svmem(total=33615839232, available=18340003840, percent=45.4, used=14788161536, free=10019958784, active=18645381120, inactive=3601661952, buffers=945119232, cached=7862599680, shared=74285056)
SWAP usage: sswap(total=34263265280, used=0, free=34263265280, percent=0.0, sin=0, sout=0)
          types |   # objects |   total size
=============== | =========== | ============
  <class 'bytes |           8 |    816     B
   <class 'list |           0 |    160     B
iter = 718
CPU usage (% each core): [10.5, 13.5, 15.8, 13.7, 100.0, 12.5, 12.6, 12.6]
RAM usage: svmem(total=33615839232, available=18339586048, percent=45.4, used=14788579328, free=10019540992, active=18645401600, inactive=3601661952, buffers=945119232, cached=7862599680, shared=74285056)
SWAP usage: sswap(total=34263265280, used=0, free=34263265280, percent=0.0, sin=0, sout=0)
          types |   # objects |   total size
=============== | =========== | ============
  <class 'bytes |           8 |    818     B
   <class 'list |           0 |    176     B
    <class 'int |           1 |     28     B
iter = 719
CPU usage (% each core): [11.0, 14.1, 14.0, 14.1, 100.0, 14.1, 14.0, 14.0]
RAM usage: svmem(total=33615839232, available=18340265984, percent=45.4, used=14787899392, free=10020220928, active=18645745664, inactive=3601661952, buffers=945119232, cached=7862599680, shared=74285056)
SWAP usage: sswap(total=34263265280, used=0, free=34263265280, percent=0.0, sin=0, sout=0)
          types |   # objects |   total size
=============== | =========== | ============
  <class 'bytes |           9 |    895     B
   <class 'list |           0 |    200     B
iter = 720
CPU usage (% each core): [11.1, 13.1, 14.0, 13.3, 100.0, 12.1, 11.1, 11.1]
RAM usage: svmem(total=33615839232, available=18340839424, percent=45.4, used=14787325952, free=10020794368, active=18647744512, inactive=3601661952, buffers=945119232, cached=7862599680, shared=74285056)
SWAP usage: sswap(total=34263265280, used=0, free=34263265280, percent=0.0, sin=0, sout=0)
          types |   # objects |   total size
=============== | =========== | ============
  <class 'bytes |           8 |    818     B
    <class 'int |          -1 |    -28     B
iter = 721
CPU usage (% each core): [11.1, 13.0, 10.0, 13.7, 100.0, 12.0, 12.0, 12.1]
RAM usage: svmem(total=33615839232, available=18340626432, percent=45.4, used=14787547136, free=10020573184, active=18647474176, inactive=3601661952, buffers=945119232, cached=7862599680, shared=74285056)
SWAP usage: sswap(total=34263265280, used=0, free=34263265280, percent=0.0, sin=0, sout=0)
          types |   # objects |   total size
=============== | =========== | ============
  <class 'bytes |           8 |    818     B
   <class 'list |           0 |    224     B
iter = 722
CPU usage (% each core): [12.9, 16.0, 14.0, 14.0, 100.0, 12.9, 13.0, 13.0]
RAM usage: svmem(total=33615839232, available=18339844096, percent=45.4, used=14788329472, free=10019790848, active=18647584768, inactive=3601661952, buffers=945119232, cached=7862599680, shared=74285056)
SWAP usage: sswap(total=34263265280, used=0, free=34263265280, percent=0.0, sin=0, sout=0)
          types |   # objects |   total size
=============== | =========== | ============
  <class 'bytes |           8 |    818     B
    <class 'int |           1 |     28     B
iter = 723
CPU usage (% each core): [10.4, 14.3, 12.5, 14.3, 100.0, 13.4, 12.2, 13.1]
RAM usage: svmem(total=33615839232, available=18339753984, percent=45.4, used=14788419584, free=10019700736, active=18647646208, inactive=3601661952, buffers=945119232, cached=7862599680, shared=74285056)
SWAP usage: sswap(total=34263265280, used=0, free=34263265280, percent=0.0, sin=0, sout=0)
          types |   # objects |   total size
=============== | =========== | ============
  <class 'bytes |           8 |    818     B
   <class 'list |           0 |    256     B
iter = 724
CPU usage (% each core): [13.7, 13.0, 17.5, 15.7, 100.0, 13.7, 14.9, 13.9]
RAM usage: svmem(total=33615839232, available=18339860480, percent=45.4, used=14788313088, free=10019807232, active=18647543808, inactive=3601661952, buffers=945119232, cached=7862599680, shared=74285056)
SWAP usage: sswap(total=34263265280, used=0, free=34263265280, percent=0.0, sin=0, sout=0)
          types |   # objects |   total size
=============== | =========== | ============
  <class 'bytes |           8 |    818     B
iter = 725
CPU usage (% each core): [11.3, 11.5, 13.4, 13.4, 100.0, 12.4, 11.3, 12.4]
RAM usage: svmem(total=33615839232, available=18339692544, percent=45.4, used=14788481024, free=10019639296, active=18645884928, inactive=3601661952, buffers=945119232, cached=7862599680, shared=74285056)
SWAP usage: sswap(total=34263265280, used=0, free=34263265280, percent=0.0, sin=0, sout=0)
          types |   # objects |     total size
=============== | =========== | ==============
   <class 'list |           0 |    -1800     B
  <class 'bytes |        -113 |   -11296     B
iter = 726
CPU usage (% each core): [12.1, 14.1, 14.4, 14.1, 100.0, 14.0, 13.3, 14.0]
RAM usage: svmem(total=33615839232, available=18340069376, percent=45.4, used=14788104192, free=10020007936, active=18645360640, inactive=3601666048, buffers=945119232, cached=7862607872, shared=74285056)
SWAP usage: sswap(total=34263265280, used=0, free=34263265280, percent=0.0, sin=0, sout=0)
          types |   # objects |   total size
=============== | =========== | ============
  <class 'bytes |           8 |    826     B
   <class 'list |           0 |    136     B
    <class 'int |          -1 |    -28     B
iter = 727
CPU usage (% each core): [7.3, 11.6, 12.4, 11.7, 100.0, 11.6, 11.5, 10.5]
RAM usage: svmem(total=33615839232, available=18340065280, percent=45.4, used=14788108288, free=10020003840, active=18645360640, inactive=3601666048, buffers=945119232, cached=7862607872, shared=74285056)
SWAP usage: sswap(total=34263265280, used=0, free=34263265280, percent=0.0, sin=0, sout=0)
          types |   # objects |   total size
=============== | =========== | ============
  <class 'bytes |           9 |    894     B
   <class 'list |           0 |    168     B
    <class 'int |           1 |     28     B
iter = 728
CPU usage (% each core): [13.3, 14.3, 15.3, 18.2, 100.0, 14.3, 15.5, 14.4]
RAM usage: svmem(total=33615839232, available=18340130816, percent=45.4, used=14788042752, free=10020069376, active=18647502848, inactive=3601666048, buffers=945119232, cached=7862607872, shared=74285056)
SWAP usage: sswap(total=34263265280, used=0, free=34263265280, percent=0.0, sin=0, sout=0)
          types |   # objects |   total size
=============== | =========== | ============
  <class 'bytes |           9 |    895     B
   <class 'list |           0 |    208     B
iter = 729
CPU usage (% each core): [11.1, 13.0, 12.0, 11.9, 100.0, 12.0, 12.0, 12.0]
RAM usage: svmem(total=33615839232, available=18339942400, percent=45.4, used=14788231168, free=10019880960, active=18647502848, inactive=3601666048, buffers=945119232, cached=7862607872, shared=74285056)
SWAP usage: sswap(total=34263265280, used=0, free=34263265280, percent=0.0, sin=0, sout=0)
          types |   # objects |   total size
=============== | =========== | ============
  <class 'bytes |           8 |    818     B
   <class 'list |           0 |    128     B
iter = 730
CPU usage (% each core): [14.1, 16.5, 16.2, 14.4, 100.0, 13.3, 13.1, 13.3]
RAM usage: svmem(total=33615839232, available=18340835328, percent=45.4, used=14787338240, free=10020773888, active=18647502848, inactive=3601666048, buffers=945119232, cached=7862607872, shared=74285056)
SWAP usage: sswap(total=34263265280, used=0, free=34263265280, percent=0.0, sin=0, sout=0)
          types |   # objects |   total size
=============== | =========== | ============
  <class 'bytes |           8 |    818     B
   <class 'list |           0 |    144     B
iter = 731
CPU usage (% each core): [13.7, 18.4, 19.8, 21.4, 100.0, 15.0, 13.9, 14.7]
RAM usage: svmem(total=33615839232, available=18340732928, percent=45.4, used=14787436544, free=10020671488, active=18647502848, inactive=3601666048, buffers=945123328, cached=7862607872, shared=74285056)
SWAP usage: sswap(total=34263265280, used=0, free=34263265280, percent=0.0, sin=0, sout=0)
          types |   # objects |   total size
=============== | =========== | ============
  <class 'bytes |           8 |    818     B
   <class 'list |           0 |    160     B
iter = 732
CPU usage (% each core): [11.3, 18.1, 19.1, 26.8, 100.0, 17.5, 17.7, 17.9]
RAM usage: svmem(total=33615839232, available=18340511744, percent=45.4, used=14787657728, free=10020450304, active=18647502848, inactive=3601666048, buffers=945123328, cached=7862607872, shared=74285056)
SWAP usage: sswap(total=34263265280, used=0, free=34263265280, percent=0.0, sin=0, sout=0)
          types |   # objects |   total size
=============== | =========== | ============
  <class 'bytes |           8 |    818     B
    <class 'int |          -1 |    -28     B
iter = 733
CPU usage (% each core): [30.9, 37.5, 41.4, 31.2, 100.0, 24.5, 29.7, 25.2]
RAM usage: svmem(total=33615839232, available=18341498880, percent=45.4, used=14786670592, free=10021437440, active=18647502848, inactive=3601666048, buffers=945123328, cached=7862607872, shared=74285056)
SWAP usage: sswap(total=34263265280, used=0, free=34263265280, percent=0.0, sin=0, sout=0)
          types |   # objects |   total size
=============== | =========== | ============
  <class 'bytes |           8 |    818     B
   <class 'list |           0 |    176     B
    <class 'int |           1 |     28     B
iter = 734
CPU usage (% each core): [14.0, 14.0, 13.0, 12.1, 100.0, 12.0, 12.0, 12.0]
RAM usage: svmem(total=33615839232, available=18340499456, percent=45.4, used=14787670016, free=10020438016, active=18647552000, inactive=3601666048, buffers=945123328, cached=7862607872, shared=74285056)
SWAP usage: sswap(total=34263265280, used=0, free=34263265280, percent=0.0, sin=0, sout=0)
          types |   # objects |   total size
=============== | =========== | ============
  <class 'bytes |           9 |    895     B
   <class 'list |           0 |    200     B
iter = 735
CPU usage (% each core): [10.2, 14.1, 14.6, 14.4, 100.0, 13.3, 15.2, 13.1]
RAM usage: svmem(total=33615839232, available=18339741696, percent=45.4, used=14788427776, free=10019680256, active=18647547904, inactive=3601666048, buffers=945123328, cached=7862607872, shared=74285056)
SWAP usage: sswap(total=34263265280, used=0, free=34263265280, percent=0.0, sin=0, sout=0)
          types |   # objects |   total size
=============== | =========== | ============
  <class 'bytes |           8 |    818     B
iter = 736
CPU usage (% each core): [15.7, 51.0, 47.5, 49.0, 100.0, 30.7, 31.1, 28.4]
RAM usage: svmem(total=33615839232, available=18340519936, percent=45.4, used=14787645440, free=10020458496, active=18645770240, inactive=3601661952, buffers=945127424, cached=7862607872, shared=74285056)
SWAP usage: sswap(total=34263265280, used=0, free=34263265280, percent=0.0, sin=0, sout=0)
          types |   # objects |   total size
=============== | =========== | ============
  <class 'bytes |           7 |    741     B
   <class 'list |           0 |    224     B
iter = 737
CPU usage (% each core): [7.4, 18.6, 18.4, 15.2, 100.0, 15.2, 14.3, 14.3]
RAM usage: svmem(total=33615839232, available=18340163584, percent=45.4, used=14788001792, free=10020102144, active=18645417984, inactive=3601661952, buffers=945127424, cached=7862607872, shared=74285056)
SWAP usage: sswap(total=34263265280, used=0, free=34263265280, percent=0.0, sin=0, sout=0)
          types |   # objects |   total size
=============== | =========== | ============
  <class 'bytes |           8 |    817     B
   <class 'list |           0 |    256     B
iter = 738
CPU usage (% each core): [14.3, 14.4, 14.6, 14.4, 100.0, 13.4, 13.3, 13.3]
RAM usage: svmem(total=33615839232, available=18339340288, percent=45.4, used=14788825088, free=10019278848, active=18647511040, inactive=3601661952, buffers=945127424, cached=7862607872, shared=74285056)
SWAP usage: sswap(total=34263265280, used=0, free=34263265280, percent=0.0, sin=0, sout=0)
          types |   # objects |   total size
=============== | =========== | ============
  <class 'bytes |           8 |    818     B
iter = 739
CPU usage (% each core): [100.0, 11.6, 12.6, 13.7, 8.3, 11.6, 11.6, 11.6]
RAM usage: svmem(total=33615839232, available=18339586048, percent=45.4, used=14788587520, free=10019540992, active=18648420352, inactive=3601661952, buffers=945127424, cached=7862583296, shared=74280960)
SWAP usage: sswap(total=34263265280, used=0, free=34263265280, percent=0.0, sin=0, sout=0)
          types |   # objects |     total size
=============== | =========== | ==============
   <class 'list |           0 |    -1832     B
  <class 'bytes |        -108 |   -11138     B
iter = 740
CPU usage (% each core): [100.0, 17.5, 26.3, 25.0, 7.4, 15.5, 14.4, 13.5]
RAM usage: svmem(total=33615839232, available=18329255936, percent=45.5, used=14798921728, free=10009198592, active=18660114432, inactive=3601666048, buffers=945127424, cached=7862591488, shared=74280960)
SWAP usage: sswap(total=34263265280, used=0, free=34263265280, percent=0.0, sin=0, sout=0)
          types |   # objects |   total size
=============== | =========== | ============
  <class 'bytes |           8 |    825     B
   <class 'list |           0 |    168     B
    <class 'int |          -1 |    -28     B
iter = 741
CPU usage (% each core): [100.0, 33.3, 40.4, 37.6, 18.6, 31.7, 37.3, 26.7]
RAM usage: svmem(total=33615839232, available=18324484096, percent=45.5, used=14803693568, free=10004426752, active=18664923136, inactive=3601666048, buffers=945127424, cached=7862591488, shared=74280960)
SWAP usage: sswap(total=34263265280, used=0, free=34263265280, percent=0.0, sin=0, sout=0)
          types |   # objects |   total size
=============== | =========== | ============
  <class 'bytes |           9 |    895     B
   <class 'list |           0 |    168     B
iter = 742
CPU usage (% each core): [100.0, 20.8, 20.2, 21.8, 15.8, 18.0, 19.8, 18.8]
RAM usage: svmem(total=33615839232, available=18324307968, percent=45.5, used=14803869696, free=10004250624, active=18665140224, inactive=3601666048, buffers=945127424, cached=7862591488, shared=74280960)
SWAP usage: sswap(total=34263265280, used=0, free=34263265280, percent=0.0, sin=0, sout=0)
          types |   # objects |   total size
=============== | =========== | ============
  <class 'bytes |           8 |    818     B
   <class 'list |           0 |     96     B
iter = 743
CPU usage (% each core): [10.5, 17.7, 20.8, 17.9, 100.0, 16.7, 14.6, 18.8]
RAM usage: svmem(total=33615839232, available=18323808256, percent=45.5, used=14804369408, free=10003750912, active=18664923136, inactive=3601666048, buffers=945127424, cached=7862591488, shared=74280960)
SWAP usage: sswap(total=34263265280, used=0, free=34263265280, percent=0.0, sin=0, sout=0)
          types |   # objects |   total size
=============== | =========== | ============
  <class 'bytes |           8 |    818     B
   <class 'list |           0 |    112     B
iter = 744
CPU usage (% each core): [12.1, 26.3, 30.2, 27.8, 100.0, 25.8, 26.0, 20.8]
RAM usage: svmem(total=33615839232, available=18324205568, percent=45.5, used=14803972096, free=10004148224, active=18664939520, inactive=3601666048, buffers=945127424, cached=7862591488, shared=74280960)
SWAP usage: sswap(total=34263265280, used=0, free=34263265280, percent=0.0, sin=0, sout=0)
          types |   # objects |   total size
=============== | =========== | ============
  <class 'bytes |           8 |    818     B
   <class 'list |           0 |    128     B
iter = 745
CPU usage (% each core): [14.3, 19.0, 25.5, 22.2, 100.0, 26.3, 20.2, 28.6]
RAM usage: svmem(total=33615839232, available=18322722816, percent=45.5, used=14805454848, free=10002665472, active=18665054208, inactive=3601666048, buffers=945127424, cached=7862591488, shared=74280960)
SWAP usage: sswap(total=34263265280, used=0, free=34263265280, percent=0.0, sin=0, sout=0)
          types |   # objects |   total size
=============== | =========== | ============
  <class 'bytes |           8 |    818     B
   <class 'list |           0 |    144     B
iter = 746
CPU usage (% each core): [13.1, 24.5, 19.6, 19.4, 100.0, 18.6, 16.3, 14.3]
RAM usage: svmem(total=33615839232, available=18322063360, percent=45.5, used=14806114304, free=10002006016, active=18663436288, inactive=3601666048, buffers=945127424, cached=7862591488, shared=74280960)
SWAP usage: sswap(total=34263265280, used=0, free=34263265280, percent=0.0, sin=0, sout=0)
          types |   # objects |   total size
=============== | =========== | ============
  <class 'bytes |           8 |    818     B
   <class 'list |           0 |    160     B
iter = 747
CPU usage (% each core): [10.3, 12.6, 11.6, 15.6, 100.0, 13.4, 12.4, 12.4]
RAM usage: svmem(total=33615839232, available=18320752640, percent=45.5, used=14807420928, free=10000695296, active=18664206336, inactive=3601666048, buffers=945127424, cached=7862595584, shared=74285056)
SWAP usage: sswap(total=34263265280, used=0, free=34263265280, percent=0.0, sin=0, sout=0)
          types |   # objects |   total size
=============== | =========== | ============
  <class 'bytes |           8 |    818     B
   <class 'list |           0 |    176     B
iter = 748
CPU usage (% each core): [30.5, 52.3, 47.6, 37.5, 44.8, 53.8, 42.5, 26.4]
RAM usage: svmem(total=33615839232, available=18322309120, percent=45.5, used=14805864448, free=10002251776, active=18663309312, inactive=3601670144, buffers=945127424, cached=7862595584, shared=74285056)
SWAP usage: sswap(total=34263265280, used=0, free=34263265280, percent=0.0, sin=0, sout=0)
          types |   # objects |   total size
=============== | =========== | ============
  <class 'bytes |           8 |    817     B
   <class 'list |           0 |    200     B
iter = 749
CPU usage (% each core): [24.2, 14.0, 27.2, 21.2, 20.2, 100.0, 20.2, 19.0]
RAM usage: svmem(total=33615839232, available=18321907712, percent=45.5, used=14806269952, free=10001850368, active=18662940672, inactive=3601666048, buffers=945127424, cached=7862591488, shared=74280960)
SWAP usage: sswap(total=34263265280, used=0, free=34263265280, percent=0.0, sin=0, sout=0)
          types |   # objects |   total size
=============== | =========== | ============
  <class 'bytes |           8 |    818     B
iter = 750
CPU usage (% each core): [17.2, 15.0, 17.5, 17.8, 18.0, 100.0, 16.0, 16.2]
RAM usage: svmem(total=33615839232, available=18322513920, percent=45.5, used=14805663744, free=10002456576, active=18665058304, inactive=3601666048, buffers=945127424, cached=7862591488, shared=74280960)
SWAP usage: sswap(total=34263265280, used=0, free=34263265280, percent=0.0, sin=0, sout=0)
          types |   # objects |   total size
=============== | =========== | ============
  <class 'bytes |           7 |    741     B
   <class 'list |           0 |    224     B
    <class 'int |           1 |     28     B
iter = 751
CPU usage (% each core): [13.4, 100.0, 16.2, 15.2, 14.3, 12.4, 14.3, 14.1]
RAM usage: svmem(total=33615839232, available=18322644992, percent=45.5, used=14805532672, free=10002587648, active=18665013248, inactive=3601666048, buffers=945127424, cached=7862591488, shared=74280960)
SWAP usage: sswap(total=34263265280, used=0, free=34263265280, percent=0.0, sin=0, sout=0)
          types |   # objects |   total size
=============== | =========== | ============
  <class 'bytes |           9 |    895     B
iter = 752
CPU usage (% each core): [54.4, 79.6, 29.7, 37.3, 25.5, 41.3, 47.6, 28.7]
RAM usage: svmem(total=33615839232, available=18322984960, percent=45.5, used=14805192704, free=10002927616, active=18665013248, inactive=3601666048, buffers=945127424, cached=7862591488, shared=74280960)
SWAP usage: sswap(total=34263265280, used=0, free=34263265280, percent=0.0, sin=0, sout=0)
          types |   # objects |   total size
=============== | =========== | ============
  <class 'bytes |           7 |    740     B
   <class 'list |           0 |    256     B
    <class 'int |          -1 |    -28     B
iter = 753
CPU usage (% each core): [14.1, 13.3, 12.1, 14.3, 14.1, 100.0, 13.3, 18.0]
RAM usage: svmem(total=33615839232, available=18323484672, percent=45.5, used=14804692992, free=10003427328, active=18665021440, inactive=3601666048, buffers=945127424, cached=7862591488, shared=74280960)
SWAP usage: sswap(total=34263265280, used=0, free=34263265280, percent=0.0, sin=0, sout=0)
          types |   # objects |   total size
=============== | =========== | ============
  <class 'bytes |           9 |    895     B
iter = 754
CPU usage (% each core): [30.5, 28.2, 21.7, 20.6, 19.0, 100.0, 18.9, 21.5]
RAM usage: svmem(total=33615839232, available=18324037632, percent=45.5, used=14804140032, free=10003980288, active=18665021440, inactive=3601666048, buffers=945127424, cached=7862591488, shared=74280960)
SWAP usage: sswap(total=34263265280, used=0, free=34263265280, percent=0.0, sin=0, sout=0)
          types |   # objects |     total size
=============== | =========== | ==============
    <class 'int |           1 |       28     B
   <class 'list |           0 |    -1800     B
  <class 'bytes |        -112 |   -11297     B
iter = 755
CPU usage (% each core): [29.1, 21.4, 29.1, 25.5, 25.5, 100.0, 21.4, 22.5]
RAM usage: svmem(total=33615839232, available=18322042880, percent=45.5, used=14806134784, free=10001977344, active=18665324544, inactive=3601670144, buffers=945127424, cached=7862599680, shared=74280960)
SWAP usage: sswap(total=34263265280, used=0, free=34263265280, percent=0.0, sin=0, sout=0)
          types |   # objects |   total size
=============== | =========== | ============
  <class 'bytes |           9 |    905     B
   <class 'list |           0 |    136     B
    <class 'int |          -1 |    -28     B
iter = 756
CPU usage (% each core): [13.3, 12.5, 14.4, 13.4, 12.4, 100.0, 14.1, 12.4]
RAM usage: svmem(total=33615839232, available=18322112512, percent=45.5, used=14806065152, free=10002046976, active=18662920192, inactive=3601670144, buffers=945127424, cached=7862599680, shared=74280960)
SWAP usage: sswap(total=34263265280, used=0, free=34263265280, percent=0.0, sin=0, sout=0)
          types |   # objects |   total size
=============== | =========== | ============
  <class 'bytes |           9 |    895     B
   <class 'list |           0 |    168     B
    <class 'int |           1 |     28     B
iter = 757
CPU usage (% each core): [13.5, 9.5, 17.3, 13.5, 14.4, 100.0, 13.5, 15.3]
RAM usage: svmem(total=33615839232, available=18323030016, percent=45.5, used=14805147648, free=10002964480, active=18662920192, inactive=3601670144, buffers=945127424, cached=7862599680, shared=74280960)
SWAP usage: sswap(total=34263265280, used=0, free=34263265280, percent=0.0, sin=0, sout=0)
          types |   # objects |   total size
=============== | =========== | ============
  <class 'bytes |           9 |    894     B
   <class 'list |           0 |    208     B
iter = 758
CPU usage (% each core): [12.8, 10.4, 13.7, 13.5, 8.5, 100.0, 11.7, 10.8]
RAM usage: svmem(total=33615839232, available=18323001344, percent=45.5, used=14805176320, free=10002935808, active=18662912000, inactive=3601670144, buffers=945127424, cached=7862599680, shared=74280960)
SWAP usage: sswap(total=34263265280, used=0, free=34263265280, percent=0.0, sin=0, sout=0)
          types |   # objects |   total size
=============== | =========== | ============
  <class 'bytes |           8 |    817     B
   <class 'list |           0 |    128     B
iter = 759
CPU usage (% each core): [14.3, 10.4, 14.4, 14.4, 13.4, 100.0, 14.3, 14.3]
RAM usage: svmem(total=33615839232, available=18322472960, percent=45.5, used=14805704704, free=10002407424, active=18662912000, inactive=3601670144, buffers=945127424, cached=7862599680, shared=74280960)
SWAP usage: sswap(total=34263265280, used=0, free=34263265280, percent=0.0, sin=0, sout=0)
          types |   # objects |   total size
=============== | =========== | ============
  <class 'bytes |           8 |    818     B
   <class 'list |           0 |    144     B
iter = 760
CPU usage (% each core): [13.3, 12.2, 12.4, 11.5, 12.4, 100.0, 12.2, 12.5]
RAM usage: svmem(total=33615839232, available=18321866752, percent=45.5, used=14806310912, free=10001801216, active=18662912000, inactive=3601670144, buffers=945127424, cached=7862599680, shared=74280960)
SWAP usage: sswap(total=34263265280, used=0, free=34263265280, percent=0.0, sin=0, sout=0)
          types |   # objects |   total size
=============== | =========== | ============
  <class 'bytes |           8 |    818     B
   <class 'list |           0 |    160     B
iter = 761
CPU usage (% each core): [11.3, 10.4, 12.4, 11.3, 12.2, 100.0, 11.3, 10.4]
RAM usage: svmem(total=33615839232, available=18322382848, percent=45.5, used=14805794816, free=10002317312, active=18665000960, inactive=3601670144, buffers=945127424, cached=7862599680, shared=74280960)
SWAP usage: sswap(total=34263265280, used=0, free=34263265280, percent=0.0, sin=0, sout=0)
          types |   # objects |   total size
=============== | =========== | ============
  <class 'bytes |           8 |    818     B
    <class 'int |          -1 |    -28     B
iter = 762
CPU usage (% each core): [16.5, 14.6, 16.5, 15.5, 15.5, 100.0, 14.6, 17.3]
RAM usage: svmem(total=33615839232, available=18322395136, percent=45.5, used=14805782528, free=10002329600, active=18665000960, inactive=3601670144, buffers=945127424, cached=7862599680, shared=74280960)
SWAP usage: sswap(total=34263265280, used=0, free=34263265280, percent=0.0, sin=0, sout=0)
          types |   # objects |   total size
=============== | =========== | ============
  <class 'bytes |           8 |    818     B
   <class 'list |           0 |    176     B
    <class 'int |           1 |     28     B
iter = 763
CPU usage (% each core): [11.1, 9.0, 13.0, 13.0, 12.0, 100.0, 12.0, 11.0]
RAM usage: svmem(total=33615839232, available=18322231296, percent=45.5, used=14805946368, free=10002165760, active=18665013248, inactive=3601670144, buffers=945127424, cached=7862599680, shared=74280960)
SWAP usage: sswap(total=34263265280, used=0, free=34263265280, percent=0.0, sin=0, sout=0)
          types |   # objects |   total size
=============== | =========== | ============
  <class 'bytes |           9 |    894     B
   <class 'list |           0 |    200     B
iter = 764
CPU usage (% each core): [14.3, 13.4, 15.5, 11.3, 15.3, 100.0, 13.4, 13.4]
RAM usage: svmem(total=33615839232, available=18322370560, percent=45.5, used=14805807104, free=10002305024, active=18665005056, inactive=3601670144, buffers=945127424, cached=7862599680, shared=74280960)
SWAP usage: sswap(total=34263265280, used=0, free=34263265280, percent=0.0, sin=0, sout=0)
          types |   # objects |   total size
=============== | =========== | ============
  <class 'bytes |           8 |    818     B
iter = 765
CPU usage (% each core): [15.5, 14.1, 12.4, 13.5, 14.4, 100.0, 13.4, 13.4]
RAM usage: svmem(total=33615839232, available=18322743296, percent=45.5, used=14805434368, free=10002677760, active=18665005056, inactive=3601670144, buffers=945127424, cached=7862599680, shared=74280960)
SWAP usage: sswap(total=34263265280, used=0, free=34263265280, percent=0.0, sin=0, sout=0)
          types |   # objects |   total size
=============== | =========== | ============
  <class 'bytes |           7 |    741     B
   <class 'list |           0 |    224     B
iter = 766
CPU usage (% each core): [17.0, 15.2, 16.2, 15.0, 16.8, 100.0, 17.0, 16.0]
RAM usage: svmem(total=33615839232, available=18322489344, percent=45.5, used=14805688320, free=10002423808, active=18662912000, inactive=3601670144, buffers=945127424, cached=7862599680, shared=74280960)
SWAP usage: sswap(total=34263265280, used=0, free=34263265280, percent=0.0, sin=0, sout=0)
          types |   # objects |   total size
=============== | =========== | ============
  <class 'bytes |           8 |    818     B
   <class 'list |           0 |    256     B
iter = 767
CPU usage (% each core): [15.6, 11.6, 13.5, 13.4, 11.7, 100.0, 11.6, 15.6]
RAM usage: svmem(total=33615839232, available=18322485248, percent=45.5, used=14805692416, free=10002419712, active=18662912000, inactive=3601670144, buffers=945127424, cached=7862599680, shared=74280960)
SWAP usage: sswap(total=34263265280, used=0, free=34263265280, percent=0.0, sin=0, sout=0)
          types |   # objects |   total size
=============== | =========== | ============
  <class 'bytes |           8 |    818     B
iter = 768
CPU usage (% each core): [12.6, 11.5, 10.4, 12.8, 13.4, 100.0, 13.4, 13.4]
RAM usage: svmem(total=33615839232, available=18322161664, percent=45.5, used=14806016000, free=10002096128, active=18663211008, inactive=3601670144, buffers=945127424, cached=7862599680, shared=74280960)
SWAP usage: sswap(total=34263265280, used=0, free=34263265280, percent=0.0, sin=0, sout=0)
          types |   # objects |     total size
=============== | =========== | ==============
   <class 'list |           0 |    -1832     B
  <class 'bytes |        -109 |   -11232     B
iter = 769
CPU usage (% each core): [14.3, 9.3, 13.4, 13.3, 11.3, 100.0, 12.2, 11.3]
RAM usage: svmem(total=33615839232, available=18322472960, percent=45.5, used=14805704704, free=10002399232, active=18662924288, inactive=3601674240, buffers=945127424, cached=7862607872, shared=74280960)
SWAP usage: sswap(total=34263265280, used=0, free=34263265280, percent=0.0, sin=0, sout=0)
          types |   # objects |   total size
=============== | =========== | ============
  <class 'bytes |           8 |    825     B
   <class 'list |           0 |    168     B
    <class 'int |          -1 |    -28     B
iter = 770
CPU usage (% each core): [13.5, 12.2, 10.2, 13.4, 11.5, 100.0, 11.5, 12.2]
RAM usage: svmem(total=33615839232, available=18322292736, percent=45.5, used=14805884928, free=10002219008, active=18662924288, inactive=3601674240, buffers=945127424, cached=7862607872, shared=74280960)
SWAP usage: sswap(total=34263265280, used=0, free=34263265280, percent=0.0, sin=0, sout=0)
          types |   # objects |   total size
=============== | =========== | ============
  <class 'bytes |           9 |    895     B
   <class 'list |           0 |     80     B
iter = 771
CPU usage (% each core): [16.3, 11.3, 15.5, 14.4, 14.3, 100.0, 13.5, 14.4]
RAM usage: svmem(total=33615839232, available=18322186240, percent=45.5, used=14805991424, free=10002112512, active=18665046016, inactive=3601674240, buffers=945127424, cached=7862607872, shared=74280960)
SWAP usage: sswap(total=34263265280, used=0, free=34263265280, percent=0.0, sin=0, sout=0)
          types |   # objects |   total size
=============== | =========== | ============
  <class 'bytes |           8 |    818     B
   <class 'list |           0 |    184     B
    <class 'int |           1 |     28     B
iter = 772
CPU usage (% each core): [15.5, 10.2, 17.2, 15.3, 15.5, 100.0, 14.1, 14.3]
RAM usage: svmem(total=33615839232, available=18321825792, percent=45.5, used=14806351872, free=10001752064, active=18665046016, inactive=3601674240, buffers=945127424, cached=7862607872, shared=74280960)
SWAP usage: sswap(total=34263265280, used=0, free=34263265280, percent=0.0, sin=0, sout=0)
          types |   # objects |   total size
=============== | =========== | ============
  <class 'bytes |           9 |    895     B
   <class 'list |           0 |    112     B
iter = 773
CPU usage (% each core): [13.1, 12.1, 15.0, 13.1, 10.1, 100.0, 12.0, 14.1]
RAM usage: svmem(total=33615839232, available=18321907712, percent=45.5, used=14806269952, free=10001833984, active=18665029632, inactive=3601674240, buffers=945127424, cached=7862607872, shared=74280960)
SWAP usage: sswap(total=34263265280, used=0, free=34263265280, percent=0.0, sin=0, sout=0)
          types |   # objects |   total size
=============== | =========== | ============
  <class 'bytes |           8 |    818     B
   <class 'list |           0 |    128     B
    <class 'int |          -1 |    -28     B
iter = 774
CPU usage (% each core): [9.5, 11.6, 15.6, 13.5, 13.5, 100.0, 12.6, 12.5]
RAM usage: svmem(total=33615839232, available=18321661952, percent=45.5, used=14806515712, free=10001588224, active=18665029632, inactive=3601674240, buffers=945127424, cached=7862607872, shared=74280960)
SWAP usage: sswap(total=34263265280, used=0, free=34263265280, percent=0.0, sin=0, sout=0)
          types |   # objects |   total size
=============== | =========== | ============
  <class 'bytes |           9 |    894     B
   <class 'list |           0 |    144     B
iter = 775
CPU usage (% each core): [12.2, 12.1, 11.3, 10.4, 10.4, 100.0, 11.3, 10.4]
RAM usage: svmem(total=33615839232, available=18321903616, percent=45.5, used=14806274048, free=10001829888, active=18665029632, inactive=3601674240, buffers=945127424, cached=7862607872, shared=74280960)
SWAP usage: sswap(total=34263265280, used=0, free=34263265280, percent=0.0, sin=0, sout=0)
          types |   # objects |   total size
=============== | =========== | ============
  <class 'bytes |           8 |    818     B
   <class 'list |           0 |    160     B
iter = 776
CPU usage (% each core): [14.3, 11.2, 12.4, 12.2, 12.1, 100.0, 12.1, 12.1]
RAM usage: svmem(total=33615839232, available=18321498112, percent=45.5, used=14806679552, free=10001424384, active=18662985728, inactive=3601674240, buffers=945127424, cached=7862607872, shared=74280960)
SWAP usage: sswap(total=34263265280, used=0, free=34263265280, percent=0.0, sin=0, sout=0)
          types |   # objects |   total size
=============== | =========== | ============
  <class 'bytes |           8 |    818     B
   <class 'list |           0 |    176     B
    <class 'int |           1 |     28     B
iter = 777
CPU usage (% each core): [13.3, 13.3, 14.3, 15.2, 16.2, 100.0, 13.3, 14.3]
RAM usage: svmem(total=33615839232, available=18321805312, percent=45.5, used=14806372352, free=10001731584, active=18662948864, inactive=3601674240, buffers=945127424, cached=7862607872, shared=74280960)
SWAP usage: sswap(total=34263265280, used=0, free=34263265280, percent=0.0, sin=0, sout=0)
          types |   # objects |   total size
=============== | =========== | ============
  <class 'bytes |           9 |    895     B
   <class 'list |           0 |    200     B
iter = 778
CPU usage (% each core): [14.0, 10.0, 14.9, 15.0, 17.2, 100.0, 17.8, 14.9]
RAM usage: svmem(total=33615839232, available=18321395712, percent=45.5, used=14806781952, free=10001321984, active=18663149568, inactive=3601674240, buffers=945127424, cached=7862607872, shared=74280960)
SWAP usage: sswap(total=34263265280, used=0, free=34263265280, percent=0.0, sin=0, sout=0)
          types |   # objects |   total size
=============== | =========== | ============
  <class 'bytes |           8 |    818     B
    <class 'int |          -1 |    -28     B
iter = 779
CPU usage (% each core): [11.7, 9.5, 10.6, 10.5, 11.7, 100.0, 11.6, 12.6]
RAM usage: svmem(total=33615839232, available=18321739776, percent=45.5, used=14806437888, free=10001666048, active=18663141376, inactive=3601674240, buffers=945127424, cached=7862607872, shared=74280960)
SWAP usage: sswap(total=34263265280, used=0, free=34263265280, percent=0.0, sin=0, sout=0)
          types |   # objects |   total size
=============== | =========== | ============
  <class 'bytes |           8 |    817     B
   <class 'list |           0 |    224     B
iter = 780
CPU usage (% each core): [12.8, 7.5, 11.7, 13.8, 12.8, 100.0, 12.8, 11.8]
RAM usage: svmem(total=33615839232, available=18322845696, percent=45.5, used=14805331968, free=10002771968, active=18662965248, inactive=3601674240, buffers=945127424, cached=7862607872, shared=74280960)
SWAP usage: sswap(total=34263265280, used=0, free=34263265280, percent=0.0, sin=0, sout=0)
          types |   # objects |   total size
=============== | =========== | ============
  <class 'bytes |           8 |    817     B
    <class 'int |           1 |     28     B
iter = 781
CPU usage (% each core): [13.3, 12.2, 13.4, 12.4, 11.5, 100.0, 12.5, 12.4]
RAM usage: svmem(total=33615839232, available=18322579456, percent=45.5, used=14805598208, free=10002505728, active=18662965248, inactive=3601674240, buffers=945127424, cached=7862607872, shared=74280960)
SWAP usage: sswap(total=34263265280, used=0, free=34263265280, percent=0.0, sin=0, sout=0)
          types |   # objects |   total size
=============== | =========== | ============
  <class 'bytes |           8 |    818     B
   <class 'list |           0 |    256     B
iter = 782
CPU usage (% each core): [12.5, 11.3, 10.5, 13.5, 13.4, 100.0, 10.5, 11.5]
RAM usage: svmem(total=33615839232, available=18323013632, percent=45.5, used=14805164032, free=10002939904, active=18662948864, inactive=3601674240, buffers=945127424, cached=7862607872, shared=74280960)
SWAP usage: sswap(total=34263265280, used=0, free=34263265280, percent=0.0, sin=0, sout=0)
          types |   # objects |   total size
=============== | =========== | ============
  <class 'bytes |           8 |    818     B
iter = 783
CPU usage (% each core): [12.4, 13.3, 13.3, 14.4, 13.4, 100.0, 16.3, 14.1]
RAM usage: svmem(total=33615839232, available=18322964480, percent=45.5, used=14805213184, free=10002890752, active=18665062400, inactive=3601674240, buffers=945127424, cached=7862607872, shared=74280960)
SWAP usage: sswap(total=34263265280, used=0, free=34263265280, percent=0.0, sin=0, sout=0)
          types |   # objects |     total size
=============== | =========== | ==============
   <class 'list |           0 |    -1800     B
  <class 'bytes |        -113 |   -11297     B
iter = 784
CPU usage (% each core): [13.5, 11.5, 13.4, 13.4, 11.5, 100.0, 10.3, 12.4]
RAM usage: svmem(total=33615839232, available=18321965056, percent=45.5, used=14806204416, free=10001891328, active=18665361408, inactive=3601674240, buffers=945127424, cached=7862616064, shared=74280960)
SWAP usage: sswap(total=34263265280, used=0, free=34263265280, percent=0.0, sin=0, sout=0)
          types |   # objects |   total size
=============== | =========== | ============
  <class 'bytes |           8 |    826     B
   <class 'list |           0 |    136     B
    <class 'int |          -1 |    -28     B
iter = 785
CPU usage (% each core): [13.3, 11.2, 12.5, 12.1, 13.3, 100.0, 12.2, 11.3]
RAM usage: svmem(total=33615839232, available=18322612224, percent=45.5, used=14805565440, free=10002530304, active=18665058304, inactive=3601678336, buffers=945127424, cached=7862616064, shared=74280960)
SWAP usage: sswap(total=34263265280, used=0, free=34263265280, percent=0.0, sin=0, sout=0)
          types |   # objects |   total size
=============== | =========== | ============
  <class 'bytes |           9 |    895     B
   <class 'list |           0 |    168     B
    <class 'int |           1 |     28     B
iter = 786
CPU usage (% each core): [17.7, 11.6, 15.8, 16.8, 14.6, 100.0, 14.6, 13.7]
RAM usage: svmem(total=33615839232, available=18321776640, percent=45.5, used=14806401024, free=10001694720, active=18663309312, inactive=3601678336, buffers=945127424, cached=7862616064, shared=74280960)
SWAP usage: sswap(total=34263265280, used=0, free=34263265280, percent=0.0, sin=0, sout=0)
          types |   # objects |   total size
=============== | =========== | ============
  <class 'bytes |           9 |    895     B
   <class 'list |           0 |    208     B
iter = 787
CPU usage (% each core): [20.8, 19.0, 19.8, 21.0, 20.0, 100.0, 21.2, 20.0]
RAM usage: svmem(total=33615839232, available=18321469440, percent=45.5, used=14806708224, free=10001387520, active=18662985728, inactive=3601678336, buffers=945127424, cached=7862616064, shared=74280960)
SWAP usage: sswap(total=34263265280, used=0, free=34263265280, percent=0.0, sin=0, sout=0)
          types |   # objects |   total size
=============== | =========== | ============
  <class 'bytes |           8 |    818     B
   <class 'list |           0 |    128     B
iter = 788
CPU usage (% each core): [10.8, 11.5, 12.6, 15.8, 14.4, 100.0, 13.4, 13.5]
RAM usage: svmem(total=33615839232, available=18322173952, percent=45.5, used=14806003712, free=10002092032, active=18662985728, inactive=3601678336, buffers=945127424, cached=7862616064, shared=74280960)
SWAP usage: sswap(total=34263265280, used=0, free=34263265280, percent=0.0, sin=0, sout=0)
          types |   # objects |   total size
=============== | =========== | ============
  <class 'bytes |           8 |    818     B
   <class 'list |           0 |    144     B
iter = 789
CPU usage (% each core): [13.5, 12.5, 20.4, 15.8, 14.6, 100.0, 15.8, 16.7]
RAM usage: svmem(total=33615839232, available=18321666048, percent=45.5, used=14806507520, free=10001584128, active=18665385984, inactive=3601678336, buffers=945131520, cached=7862616064, shared=74280960)
SWAP usage: sswap(total=34263265280, used=0, free=34263265280, percent=0.0, sin=0, sout=0)
          types |   # objects |   total size
=============== | =========== | ============
  <class 'bytes |           8 |    818     B
   <class 'list |           0 |    160     B
iter = 790
CPU usage (% each core): [54.8, 35.8, 48.5, 41.9, 29.8, 85.6, 27.6, 38.1]
RAM usage: svmem(total=33615839232, available=18321293312, percent=45.5, used=14806880256, free=10001211392, active=18665095168, inactive=3601678336, buffers=945131520, cached=7862616064, shared=74280960)
SWAP usage: sswap(total=34263265280, used=0, free=34263265280, percent=0.0, sin=0, sout=0)
          types |   # objects |   total size
=============== | =========== | ============
  <class 'bytes |           8 |    817     B
    <class 'int |          -1 |    -28     B
iter = 791
CPU usage (% each core): [20.2, 100.0, 21.9, 24.5, 15.6, 11.5, 19.8, 17.5]
RAM usage: svmem(total=33615839232, available=18321809408, percent=45.5, used=14806364160, free=10001727488, active=18665394176, inactive=3601678336, buffers=945131520, cached=7862616064, shared=74280960)
SWAP usage: sswap(total=34263265280, used=0, free=34263265280, percent=0.0, sin=0, sout=0)
          types |   # objects |   total size
=============== | =========== | ============
  <class 'bytes |           8 |    818     B
   <class 'list |           0 |    176     B
    <class 'int |           1 |     28     B
iter = 792
CPU usage (% each core): [30.9, 78.6, 33.3, 29.2, 21.0, 40.4, 26.3, 25.8]
RAM usage: svmem(total=33615839232, available=18322874368, percent=45.5, used=14805299200, free=10002792448, active=18665103360, inactive=3601678336, buffers=945131520, cached=7862616064, shared=74280960)
SWAP usage: sswap(total=34263265280, used=0, free=34263265280, percent=0.0, sin=0, sout=0)
          types |   # objects |   total size
=============== | =========== | ============
  <class 'bytes |           9 |    894     B
   <class 'list |           0 |    200     B
iter = 793
CPU usage (% each core): [32.7, 25.5, 39.2, 42.7, 27.2, 100.0, 26.4, 27.6]
RAM usage: svmem(total=33615839232, available=18322321408, percent=45.5, used=14805856256, free=10002235392, active=18665111552, inactive=3601678336, buffers=945131520, cached=7862616064, shared=74280960)
SWAP usage: sswap(total=34263265280, used=0, free=34263265280, percent=0.0, sin=0, sout=0)
          types |   # objects |   total size
=============== | =========== | ============
  <class 'bytes |           8 |    818     B
iter = 794
CPU usage (% each core): [24.5, 22.5, 36.9, 18.8, 17.5, 100.0, 17.6, 16.5]
RAM usage: svmem(total=33615839232, available=18320441344, percent=45.5, used=14807736320, free=10000355328, active=18665422848, inactive=3601678336, buffers=945131520, cached=7862616064, shared=74280960)
SWAP usage: sswap(total=34263265280, used=0, free=34263265280, percent=0.0, sin=0, sout=0)
          types |   # objects |   total size
=============== | =========== | ============
  <class 'bytes |           7 |    741     B
   <class 'list |           0 |    224     B
iter = 795
CPU usage (% each core): [10.2, 16.0, 17.9, 18.2, 16.2, 100.0, 16.7, 16.0]
RAM usage: svmem(total=33615839232, available=18321145856, percent=45.5, used=14807031808, free=10001059840, active=18665148416, inactive=3601678336, buffers=945131520, cached=7862616064, shared=74280960)
SWAP usage: sswap(total=34263265280, used=0, free=34263265280, percent=0.0, sin=0, sout=0)
          types |   # objects |   total size
=============== | =========== | ============
  <class 'bytes |           8 |    818     B
   <class 'list |           0 |    256     B
iter = 796
CPU usage (% each core): [11.6, 11.2, 9.7, 14.3, 12.1, 100.0, 12.2, 12.2]
RAM usage: svmem(total=33615839232, available=18320871424, percent=45.5, used=14807306240, free=10000785408, active=18663436288, inactive=3601678336, buffers=945131520, cached=7862616064, shared=74280960)
SWAP usage: sswap(total=34263265280, used=0, free=34263265280, percent=0.0, sin=0, sout=0)
          types |   # objects |   total size
=============== | =========== | ============
  <class 'bytes |           8 |    817     B
iter = 797
CPU usage (% each core): [30.4, 18.6, 30.0, 28.7, 35.6, 100.0, 23.5, 31.4]
RAM usage: svmem(total=33615839232, available=18321584128, percent=45.5, used=14806589440, free=10001498112, active=18663591936, inactive=3601682432, buffers=945131520, cached=7862620160, shared=74285056)
SWAP usage: sswap(total=34263265280, used=0, free=34263265280, percent=0.0, sin=0, sout=0)
          types |   # objects |     total size
=============== | =========== | ==============
   <class 'list |           0 |    -1832     B
  <class 'bytes |        -108 |   -11137     B
iter = 798
CPU usage (% each core): [27.3, 18.2, 24.2, 30.6, 18.4, 100.0, 20.8, 18.0]
RAM usage: svmem(total=33615839232, available=18321858560, percent=45.5, used=14806310912, free=10001772544, active=18665197568, inactive=3601678336, buffers=945131520, cached=7862624256, shared=74280960)
SWAP usage: sswap(total=34263265280, used=0, free=34263265280, percent=0.0, sin=0, sout=0)
          types |   # objects |   total size
=============== | =========== | ============
  <class 'bytes |           8 |    826     B
   <class 'list |           0 |    168     B
    <class 'int |          -1 |    -28     B
iter = 799
CPU usage (% each core): [11.6, 11.3, 13.5, 8.5, 11.5, 100.0, 11.5, 10.6]
RAM usage: svmem(total=33615839232, available=18321907712, percent=45.5, used=14806269952, free=10001813504, active=18665394176, inactive=3601682432, buffers=945131520, cached=7862624256, shared=74280960)
SWAP usage: sswap(total=34263265280, used=0, free=34263265280, percent=0.0, sin=0, sout=0)
          types |   # objects |   total size
=============== | =========== | ============
  <class 'bytes |           9 |    894     B
   <class 'list |           0 |    168     B
iter = 800
CPU usage (% each core): [12.5, 8.4, 10.4, 12.6, 12.5, 100.0, 12.5, 13.4]
RAM usage: svmem(total=33615839232, available=18322702336, percent=45.5, used=14805475328, free=10002608128, active=18665193472, inactive=3601682432, buffers=945131520, cached=7862624256, shared=74280960)
SWAP usage: sswap(total=34263265280, used=0, free=34263265280, percent=0.0, sin=0, sout=0)
          types |   # objects |   total size
=============== | =========== | ============
  <class 'bytes |           8 |    817     B
   <class 'list |           0 |     96     B
iter = 801
CPU usage (% each core): [14.3, 8.5, 14.3, 14.9, 13.8, 100.0, 14.9, 12.8]
RAM usage: svmem(total=33615839232, available=18322288640, percent=45.5, used=14805889024, free=10002194432, active=18665193472, inactive=3601682432, buffers=945131520, cached=7862624256, shared=74280960)
SWAP usage: sswap(total=34263265280, used=0, free=34263265280, percent=0.0, sin=0, sout=0)
          types |   # objects |   total size
=============== | =========== | ============
  <class 'bytes |           8 |    817     B
   <class 'list |           0 |    112     B
iter = 802
CPU usage (% each core): [20.0, 14.3, 23.7, 27.8, 18.6, 100.0, 18.6, 17.5]
RAM usage: svmem(total=33615839232, available=18322677760, percent=45.5, used=14805499904, free=10002583552, active=18665177088, inactive=3601682432, buffers=945135616, cached=7862620160, shared=74280960)
SWAP usage: sswap(total=34263265280, used=0, free=34263265280, percent=0.0, sin=0, sout=0)
          types |   # objects |   total size
=============== | =========== | ============
  <class 'bytes |           8 |    818     B
   <class 'list |           0 |    128     B
iter = 803
CPU usage (% each core): [27.8, 11.5, 33.7, 24.0, 21.9, 100.0, 20.8, 21.4]
RAM usage: svmem(total=33615839232, available=18322436096, percent=45.5, used=14805737472, free=10002341888, active=18665177088, inactive=3601682432, buffers=945135616, cached=7862624256, shared=74280960)
SWAP usage: sswap(total=34263265280, used=0, free=34263265280, percent=0.0, sin=0, sout=0)
          types |   # objects |   total size
=============== | =========== | ============
  <class 'bytes |           8 |    818     B
   <class 'list |           0 |    144     B
iter = 804
CPU usage (% each core): [29.7, 18.8, 33.7, 40.2, 25.7, 100.0, 30.4, 28.7]
RAM usage: svmem(total=33615839232, available=18332008448, percent=45.5, used=14796169216, free=10011947008, active=18655551488, inactive=3601559552, buffers=945135616, cached=7862587392, shared=74280960)
SWAP usage: sswap(total=34263265280, used=0, free=34263265280, percent=0.0, sin=0, sout=0)
          types |   # objects |   total size
=============== | =========== | ============
  <class 'bytes |           8 |    818     B
   <class 'list |           0 |    160     B
iter = 805
CPU usage (% each core): [19.8, 18.4, 26.3, 19.8, 20.8, 100.0, 23.3, 19.6]
RAM usage: svmem(total=33615839232, available=18331987968, percent=45.5, used=14796234752, free=10011844608, active=18655371264, inactive=3601498112, buffers=945147904, cached=7862611968, shared=74223616)
SWAP usage: sswap(total=34263265280, used=0, free=34263265280, percent=0.0, sin=0, sout=0)
          types |   # objects |   total size
=============== | =========== | ============
  <class 'bytes |           8 |    818     B
   <class 'list |           0 |    176     B
iter = 806
CPU usage (% each core): [26.3, 19.2, 29.9, 27.0, 19.4, 100.0, 26.7, 21.4]
RAM usage: svmem(total=33615839232, available=18332594176, percent=45.5, used=14795628544, free=10012446720, active=18653310976, inactive=3601498112, buffers=945147904, cached=7862616064, shared=74227712)
SWAP usage: sswap(total=34263265280, used=0, free=34263265280, percent=0.0, sin=0, sout=0)
          types |   # objects |   total size
=============== | =========== | ============
  <class 'bytes |           8 |    818     B
   <class 'list |           0 |    200     B
iter = 807
CPU usage (% each core): [24.7, 16.0, 28.9, 26.2, 19.8, 100.0, 20.2, 24.0]
RAM usage: svmem(total=33615839232, available=18333339648, percent=45.5, used=14794883072, free=10013192192, active=18653294592, inactive=3601502208, buffers=945147904, cached=7862616064, shared=74227712)
SWAP usage: sswap(total=34263265280, used=0, free=34263265280, percent=0.0, sin=0, sout=0)
          types |   # objects |   total size
=============== | =========== | ============
  <class 'bytes |           8 |    818     B
iter = 808
CPU usage (% each core): [15.5, 12.4, 17.9, 16.5, 15.2, 100.0, 15.3, 13.4]
RAM usage: svmem(total=33615839232, available=18332659712, percent=45.5, used=14795563008, free=10012512256, active=18653294592, inactive=3601502208, buffers=945147904, cached=7862616064, shared=74227712)
SWAP usage: sswap(total=34263265280, used=0, free=34263265280, percent=0.0, sin=0, sout=0)
          types |   # objects |   total size
=============== | =========== | ============
  <class 'bytes |           7 |    741     B
   <class 'list |           0 |    224     B
    <class 'int |           1 |     28     B
iter = 809
CPU usage (% each core): [13.4, 100.0, 13.4, 13.4, 10.4, 12.2, 13.4, 12.5]
RAM usage: svmem(total=33615839232, available=18332184576, percent=45.5, used=14796038144, free=10012037120, active=18655649792, inactive=3601502208, buffers=945147904, cached=7862616064, shared=74227712)
SWAP usage: sswap(total=34263265280, used=0, free=34263265280, percent=0.0, sin=0, sout=0)
          types |   # objects |   total size
=============== | =========== | ============
  <class 'bytes |           9 |    895     B
iter = 810
CPU usage (% each core): [14.3, 100.0, 15.6, 16.2, 14.3, 14.1, 14.3, 15.0]
RAM usage: svmem(total=33615839232, available=18332737536, percent=45.5, used=14795481088, free=10012590080, active=18655580160, inactive=3601498112, buffers=945156096, cached=7862611968, shared=74227712)
SWAP usage: sswap(total=34263265280, used=0, free=34263265280, percent=0.0, sin=0, sout=0)
          types |   # objects |   total size
=============== | =========== | ============
  <class 'bytes |           7 |    741     B
   <class 'list |           0 |    256     B
    <class 'int |          -1 |    -28     B
iter = 811
CPU usage (% each core): [25.2, 100.0, 29.4, 24.3, 22.6, 15.4, 23.3, 22.1]
RAM usage: svmem(total=33615839232, available=18333659136, percent=45.5, used=14794555392, free=10013511680, active=18655723520, inactive=3601498112, buffers=945156096, cached=7862616064, shared=74227712)
SWAP usage: sswap(total=34263265280, used=0, free=34263265280, percent=0.0, sin=0, sout=0)
          types |   # objects |   total size
=============== | =========== | ============
  <class 'bytes |           9 |    895     B
iter = 812
CPU usage (% each core): [13.3, 100.0, 10.4, 14.3, 12.4, 12.2, 12.2, 12.4]
RAM usage: svmem(total=33615839232, available=18332790784, percent=45.5, used=14795423744, free=10012643328, active=18655440896, inactive=3601498112, buffers=945156096, cached=7862616064, shared=74227712)
SWAP usage: sswap(total=34263265280, used=0, free=34263265280, percent=0.0, sin=0, sout=0)
          types |   # objects |     total size
=============== | =========== | ==============
    <class 'int |           1 |       28     B
   <class 'list |           0 |    -1800     B
  <class 'bytes |        -112 |   -11297     B
iter = 813
CPU usage (% each core): [27.5, 100.0, 24.8, 19.6, 26.5, 17.6, 21.6, 20.8]
RAM usage: svmem(total=33615839232, available=18332983296, percent=45.5, used=14795231232, free=10012827648, active=18655612928, inactive=3601502208, buffers=945156096, cached=7862624256, shared=74227712)
SWAP usage: sswap(total=34263265280, used=0, free=34263265280, percent=0.0, sin=0, sout=0)
          types |   # objects |   total size
=============== | =========== | ============
  <class 'bytes |           9 |    905     B
   <class 'list |           0 |    136     B
    <class 'int |          -1 |    -28     B
iter = 814
CPU usage (% each core): [31.4, 100.0, 37.6, 31.7, 21.8, 19.8, 25.7, 24.8]
RAM usage: svmem(total=33615839232, available=18333638656, percent=45.5, used=14794579968, free=10013478912, active=18655629312, inactive=3601502208, buffers=945156096, cached=7862624256, shared=74227712)
SWAP usage: sswap(total=34263265280, used=0, free=34263265280, percent=0.0, sin=0, sout=0)
          types |   # objects |   total size
=============== | =========== | ============
  <class 'bytes |           9 |    895     B
   <class 'list |           0 |    168     B
    <class 'int |           1 |     28     B
iter = 815
CPU usage (% each core): [14.7, 100.0, 17.0, 8.8, 14.6, 10.5, 13.7, 12.8]
RAM usage: svmem(total=33615839232, available=18332524544, percent=45.5, used=14795698176, free=10012360704, active=18655453184, inactive=3601502208, buffers=945156096, cached=7862624256, shared=74227712)
SWAP usage: sswap(total=34263265280, used=0, free=34263265280, percent=0.0, sin=0, sout=0)
          types |   # objects |   total size
=============== | =========== | ============
  <class 'bytes |           9 |    894     B
   <class 'list |           0 |    208     B
iter = 816
CPU usage (% each core): [12.8, 100.0, 12.8, 15.6, 12.6, 9.4, 12.6, 13.5]
RAM usage: svmem(total=33615839232, available=18332553216, percent=45.5, used=14795669504, free=10012389376, active=18655416320, inactive=3601502208, buffers=945156096, cached=7862624256, shared=74227712)
SWAP usage: sswap(total=34263265280, used=0, free=34263265280, percent=0.0, sin=0, sout=0)
          types |   # objects |   total size
=============== | =========== | ============
  <class 'bytes |           8 |    817     B
   <class 'list |           0 |    128     B
iter = 817
CPU usage (% each core): [14.4, 100.0, 15.6, 13.5, 12.5, 11.6, 12.5, 12.5]
RAM usage: svmem(total=33615839232, available=18332737536, percent=45.5, used=14795485184, free=10012573696, active=18653290496, inactive=3601502208, buffers=945156096, cached=7862624256, shared=74227712)
SWAP usage: sswap(total=34263265280, used=0, free=34263265280, percent=0.0, sin=0, sout=0)
          types |   # objects |   total size
=============== | =========== | ============
  <class 'bytes |           8 |    818     B
   <class 'list |           0 |    144     B
iter = 818
CPU usage (% each core): [14.6, 100.0, 14.6, 13.7, 11.6, 10.6, 11.6, 11.6]
RAM usage: svmem(total=33615839232, available=18332737536, percent=45.5, used=14795485184, free=10012573696, active=18653290496, inactive=3601502208, buffers=945156096, cached=7862624256, shared=74227712)
SWAP usage: sswap(total=34263265280, used=0, free=34263265280, percent=0.0, sin=0, sout=0)
          types |   # objects |   total size
=============== | =========== | ============
  <class 'bytes |           8 |    818     B
   <class 'list |           0 |    160     B
iter = 819
CPU usage (% each core): [23.5, 100.0, 20.4, 21.6, 18.4, 15.3, 22.7, 21.4]
RAM usage: svmem(total=33615839232, available=18333462528, percent=45.5, used=14794760192, free=10013298688, active=18655580160, inactive=3601502208, buffers=945156096, cached=7862624256, shared=74227712)
SWAP usage: sswap(total=34263265280, used=0, free=34263265280, percent=0.0, sin=0, sout=0)
          types |   # objects |   total size
=============== | =========== | ============
  <class 'bytes |           8 |    818     B
    <class 'int |          -1 |    -28     B
iter = 820
CPU usage (% each core): [15.6, 100.0, 20.2, 16.7, 15.6, 12.6, 15.5, 14.6]
RAM usage: svmem(total=33615839232, available=18333392896, percent=45.5, used=14794838016, free=10013220864, active=18655387648, inactive=3601502208, buffers=945156096, cached=7862624256, shared=74227712)
SWAP usage: sswap(total=34263265280, used=0, free=34263265280, percent=0.0, sin=0, sout=0)
          types |   # objects |   total size
=============== | =========== | ============
  <class 'bytes |           8 |    818     B
   <class 'list |           0 |    176     B
    <class 'int |           1 |     28     B
iter = 821
CPU usage (% each core): [51.4, 100.0, 62.5, 66.0, 46.2, 21.4, 41.7, 36.9]
RAM usage: svmem(total=33615839232, available=18322436096, percent=45.5, used=14805733376, free=10002190336, active=18665922560, inactive=3601498112, buffers=945201152, cached=7862714368, shared=74285056)
SWAP usage: sswap(total=34263265280, used=0, free=34263265280, percent=0.0, sin=0, sout=0)
          types |   # objects |   total size
=============== | =========== | ============
  <class 'bytes |           9 |    895     B
   <class 'list |           0 |    200     B
iter = 822
CPU usage (% each core): [39.1, 100.0, 35.9, 33.6, 35.1, 37.1, 27.2, 31.6]
RAM usage: svmem(total=33615839232, available=18323001344, percent=45.5, used=14805172224, free=10002714624, active=18666262528, inactive=3601465344, buffers=945201152, cached=7862751232, shared=74285056)
SWAP usage: sswap(total=34263265280, used=0, free=34263265280, percent=0.0, sin=0, sout=0)
          types |   # objects |   total size
=============== | =========== | ============
  <class 'bytes |           8 |    818     B
iter = 823
CPU usage (% each core): [22.5, 100.0, 49.5, 28.2, 27.2, 32.2, 19.4, 30.5]
RAM usage: svmem(total=33615839232, available=18323750912, percent=45.5, used=14804422656, free=10003464192, active=18666262528, inactive=3601465344, buffers=945201152, cached=7862751232, shared=74285056)
SWAP usage: sswap(total=34263265280, used=0, free=34263265280, percent=0.0, sin=0, sout=0)
          types |   # objects |   total size
=============== | =========== | ============
  <class 'bytes |           7 |    741     B
   <class 'list |           0 |    224     B
iter = 824
CPU usage (% each core): [21.2, 100.0, 35.8, 20.2, 16.0, 12.0, 13.9, 15.8]
RAM usage: svmem(total=33615839232, available=18322849792, percent=45.5, used=14805323776, free=10002563072, active=18666897408, inactive=3601465344, buffers=945201152, cached=7862751232, shared=74285056)
SWAP usage: sswap(total=34263265280, used=0, free=34263265280, percent=0.0, sin=0, sout=0)
          types |   # objects |   total size
=============== | =========== | ============
  <class 'bytes |           8 |    818     B
   <class 'list |           0 |    256     B
iter = 825
CPU usage (% each core): [38.7, 100.0, 39.1, 45.5, 24.8, 34.2, 25.5, 32.4]
RAM usage: svmem(total=33615839232, available=18323079168, percent=45.5, used=14805094400, free=10002792448, active=18666291200, inactive=3601465344, buffers=945201152, cached=7862751232, shared=74285056)
SWAP usage: sswap(total=34263265280, used=0, free=34263265280, percent=0.0, sin=0, sout=0)
          types |   # objects |   total size
=============== | =========== | ============
  <class 'bytes |           8 |    818     B
iter = 826
CPU usage (% each core): [41.0, 23.1, 54.7, 37.9, 26.2, 100.0, 31.7, 32.0]
RAM usage: svmem(total=33615839232, available=18322358272, percent=45.5, used=14805815296, free=10002071552, active=18664357888, inactive=3601465344, buffers=945201152, cached=7862751232, shared=74285056)
SWAP usage: sswap(total=34263265280, used=0, free=34263265280, percent=0.0, sin=0, sout=0)
          types |   # objects |     total size
=============== | =========== | ==============
   <class 'list |           0 |    -1832     B
  <class 'bytes |        -109 |   -11233     B
iter = 827
CPU usage (% each core): [15.0, 12.0, 19.2, 13.1, 17.0, 100.0, 12.9, 12.2]
RAM usage: svmem(total=33615839232, available=18321727488, percent=45.5, used=14806425600, free=10001440768, active=18664144896, inactive=3601465344, buffers=945209344, cached=7862763520, shared=74285056)
SWAP usage: sswap(total=34263265280, used=0, free=34263265280, percent=0.0, sin=0, sout=0)
          types |   # objects |   total size
=============== | =========== | ============
  <class 'bytes |           8 |    826     B
   <class 'list |           0 |    168     B
    <class 'int |          -1 |    -28     B
iter = 828
CPU usage (% each core): [25.0, 24.8, 33.7, 37.4, 27.4, 100.0, 23.1, 29.5]
RAM usage: svmem(total=33615839232, available=18322108416, percent=45.5, used=14806056960, free=10001809408, active=18664144896, inactive=3601477632, buffers=945209344, cached=7862763520, shared=74285056)
SWAP usage: sswap(total=34263265280, used=0, free=34263265280, percent=0.0, sin=0, sout=0)
          types |   # objects |   total size
=============== | =========== | ============
  <class 'bytes |           9 |    895     B
   <class 'list |           0 |     80     B
iter = 829
CPU usage (% each core): [24.0, 14.1, 21.4, 29.2, 17.5, 100.0, 16.3, 15.6]
RAM usage: svmem(total=33615839232, available=18321993728, percent=45.5, used=14806171648, free=10001694720, active=18666577920, inactive=3601477632, buffers=945209344, cached=7862763520, shared=74285056)
SWAP usage: sswap(total=34263265280, used=0, free=34263265280, percent=0.0, sin=0, sout=0)
          types |   # objects |   total size
=============== | =========== | ============
  <class 'bytes |           8 |    818     B
   <class 'list |           0 |    184     B
    <class 'int |           1 |     28     B
iter = 830
CPU usage (% each core): [13.5, 3.1, 13.5, 12.5, 10.4, 100.0, 14.4, 13.4]
RAM usage: svmem(total=33615839232, available=18322432000, percent=45.5, used=14805741568, free=10002124800, active=18666311680, inactive=3601477632, buffers=945209344, cached=7862763520, shared=74285056)
SWAP usage: sswap(total=34263265280, used=0, free=34263265280, percent=0.0, sin=0, sout=0)
          types |   # objects |   total size
=============== | =========== | ============
  <class 'bytes |           9 |    894     B
   <class 'list |           0 |    112     B
iter = 831
CPU usage (% each core): [16.8, 15.0, 16.8, 17.0, 16.0, 100.0, 15.2, 16.0]
RAM usage: svmem(total=33615839232, available=18322051072, percent=45.5, used=14806122496, free=10001743872, active=18666311680, inactive=3601477632, buffers=945209344, cached=7862763520, shared=74285056)
SWAP usage: sswap(total=34263265280, used=0, free=34263265280, percent=0.0, sin=0, sout=0)
          types |   # objects |   total size
=============== | =========== | ============
  <class 'bytes |           8 |    818     B
   <class 'list |           0 |    128     B
    <class 'int |          -1 |    -28     B
iter = 832
CPU usage (% each core): [13.4, 14.1, 12.0, 11.1, 13.1, 100.0, 14.0, 13.1]
RAM usage: svmem(total=33615839232, available=18321588224, percent=45.5, used=14806585344, free=10001281024, active=18666303488, inactive=3601477632, buffers=945213440, cached=7862759424, shared=74285056)
SWAP usage: sswap(total=34263265280, used=0, free=34263265280, percent=0.0, sin=0, sout=0)
          types |   # objects |   total size
=============== | =========== | ============
  <class 'bytes |           9 |    895     B
   <class 'list |           0 |    144     B
iter = 833
CPU usage (% each core): [49.1, 25.5, 44.6, 32.7, 29.1, 96.1, 32.4, 28.4]
RAM usage: svmem(total=33615839232, available=18321797120, percent=45.5, used=14806372352, free=10001489920, active=18666360832, inactive=3601477632, buffers=945213440, cached=7862763520, shared=74285056)
SWAP usage: sswap(total=34263265280, used=0, free=34263265280, percent=0.0, sin=0, sout=0)
          types |   # objects |   total size
=============== | =========== | ============
  <class 'bytes |           8 |    817     B
   <class 'list |           0 |    160     B
iter = 834
CPU usage (% each core): [20.0, 100.0, 20.0, 18.6, 20.6, 13.4, 18.6, 17.7]
RAM usage: svmem(total=33615839232, available=18320969728, percent=45.5, used=14807199744, free=10000662528, active=18666700800, inactive=3601477632, buffers=945213440, cached=7862763520, shared=74285056)
SWAP usage: sswap(total=34263265280, used=0, free=34263265280, percent=0.0, sin=0, sout=0)
          types |   # objects |   total size
=============== | =========== | ============
  <class 'bytes |           8 |    818     B
   <class 'list |           0 |    176     B
    <class 'int |           1 |     28     B
iter = 835
CPU usage (% each core): [20.0, 100.0, 24.0, 17.5, 17.5, 16.5, 30.0, 19.0]
RAM usage: svmem(total=33615839232, available=18322468864, percent=45.5, used=14805704704, free=10002157568, active=18666422272, inactive=3601477632, buffers=945213440, cached=7862763520, shared=74285056)
SWAP usage: sswap(total=34263265280, used=0, free=34263265280, percent=0.0, sin=0, sout=0)
          types |   # objects |   total size
=============== | =========== | ============
  <class 'bytes |           9 |    895     B
   <class 'list |           0 |    200     B
iter = 836
CPU usage (% each core): [19.6, 14.0, 21.4, 21.8, 16.2, 100.0, 17.0, 21.4]
RAM usage: svmem(total=33615839232, available=18322239488, percent=45.5, used=14805934080, free=10001928192, active=18664677376, inactive=3601477632, buffers=945213440, cached=7862763520, shared=74285056)
SWAP usage: sswap(total=34263265280, used=0, free=34263265280, percent=0.0, sin=0, sout=0)
          types |   # objects |   total size
=============== | =========== | ============
  <class 'bytes |           8 |    818     B
    <class 'int |          -1 |    -28     B
iter = 837
CPU usage (% each core): [39.4, 12.2, 41.7, 33.3, 33.3, 100.0, 33.0, 35.0]
RAM usage: svmem(total=33615839232, available=18332606464, percent=45.5, used=14795567104, free=10012295168, active=18656223232, inactive=3601477632, buffers=945217536, cached=7862759424, shared=74285056)
SWAP usage: sswap(total=34263265280, used=0, free=34263265280, percent=0.0, sin=0, sout=0)
          types |   # objects |   total size
=============== | =========== | ============
  <class 'bytes |           8 |    818     B
   <class 'list |           0 |    224     B
iter = 838
CPU usage (% each core): [15.0, 12.9, 16.0, 12.1, 14.9, 100.0, 14.0, 14.1]
RAM usage: svmem(total=33615839232, available=18332336128, percent=45.5, used=14795890688, free=10012004352, active=18655956992, inactive=3601420288, buffers=945217536, cached=7862726656, shared=74227712)
SWAP usage: sswap(total=34263265280, used=0, free=34263265280, percent=0.0, sin=0, sout=0)
          types |   # objects |   total size
=============== | =========== | ============
  <class 'bytes |           8 |    818     B
    <class 'int |           1 |     28     B
iter = 839
CPU usage (% each core): [14.7, 12.5, 14.7, 14.6, 13.7, 100.0, 13.5, 12.6]
RAM usage: svmem(total=33615839232, available=18332315648, percent=45.5, used=14795915264, free=10011938816, active=18655981568, inactive=3601424384, buffers=945229824, cached=7862755328, shared=74227712)
SWAP usage: sswap(total=34263265280, used=0, free=34263265280, percent=0.0, sin=0, sout=0)
          types |   # objects |   total size
=============== | =========== | ============
  <class 'bytes |           8 |    818     B
   <class 'list |           0 |    256     B
iter = 840
CPU usage (% each core): [12.2, 11.2, 12.2, 11.3, 12.1, 100.0, 11.2, 13.1]
RAM usage: svmem(total=33615839232, available=18332454912, percent=45.5, used=14795776000, free=10012078080, active=18656034816, inactive=3601424384, buffers=945229824, cached=7862755328, shared=74227712)
SWAP usage: sswap(total=34263265280, used=0, free=34263265280, percent=0.0, sin=0, sout=0)
          types |   # objects |   total size
=============== | =========== | ============
  <class 'bytes |           8 |    818     B
iter = 841
CPU usage (% each core): [17.3, 14.3, 16.2, 16.2, 15.3, 100.0, 14.3, 15.3]
RAM usage: svmem(total=33615839232, available=18332004352, percent=45.5, used=14796226560, free=10011627520, active=18656034816, inactive=3601424384, buffers=945229824, cached=7862755328, shared=74227712)
SWAP usage: sswap(total=34263265280, used=0, free=34263265280, percent=0.0, sin=0, sout=0)
          types |   # objects |     total size
=============== | =========== | ==============
   <class 'list |           0 |    -1800     B
  <class 'bytes |        -113 |   -11299     B
iter = 842
CPU usage (% each core): [11.6, 10.5, 11.7, 11.7, 11.7, 100.0, 12.6, 11.6]
RAM usage: svmem(total=33615839232, available=18332409856, percent=45.5, used=14795812864, free=10012033024, active=18656006144, inactive=3601424384, buffers=945229824, cached=7862763520, shared=74227712)
SWAP usage: sswap(total=34263265280, used=0, free=34263265280, percent=0.0, sin=0, sout=0)
          types |   # objects |   total size
=============== | =========== | ============
  <class 'bytes |           8 |    826     B
   <class 'list |           0 |    136     B
    <class 'int |          -1 |    -28     B
iter = 843
CPU usage (% each core): [17.0, 14.0, 14.9, 18.0, 15.8, 100.0, 14.1, 15.0]
RAM usage: svmem(total=33615839232, available=18332094464, percent=45.5, used=14796136448, free=10011709440, active=18656010240, inactive=3601428480, buffers=945229824, cached=7862763520, shared=74227712)
SWAP usage: sswap(total=34263265280, used=0, free=34263265280, percent=0.0, sin=0, sout=0)
          types |   # objects |   total size
=============== | =========== | ============
  <class 'bytes |           9 |    895     B
   <class 'list |           0 |    168     B
    <class 'int |           1 |     28     B
iter = 844
CPU usage (% each core): [15.6, 100.0, 14.7, 14.6, 12.5, 10.4, 13.4, 14.4]
RAM usage: svmem(total=33615839232, available=18332286976, percent=45.5, used=14795939840, free=10011901952, active=18656485376, inactive=3601428480, buffers=945233920, cached=7862763520, shared=74231808)
SWAP usage: sswap(total=34263265280, used=0, free=34263265280, percent=0.0, sin=0, sout=0)
          types |   # objects |   total size
=============== | =========== | ============
  <class 'bytes |           9 |    895     B
   <class 'list |           0 |    208     B
iter = 845
CPU usage (% each core): [12.5, 100.0, 11.6, 14.3, 12.4, 12.2, 11.5, 12.4]
RAM usage: svmem(total=33615839232, available=18332143616, percent=45.5, used=14796079104, free=10011758592, active=18656210944, inactive=3601428480, buffers=945233920, cached=7862767616, shared=74231808)
SWAP usage: sswap(total=34263265280, used=0, free=34263265280, percent=0.0, sin=0, sout=0)
          types |   # objects |   total size
=============== | =========== | ============
  <class 'bytes |           8 |    818     B
   <class 'list |           0 |    128     B
iter = 846
CPU usage (% each core): [13.8, 100.0, 12.5, 11.8, 13.7, 10.6, 11.7, 12.6]
RAM usage: svmem(total=33615839232, available=18332332032, percent=45.5, used=14795890688, free=10011947008, active=18656022528, inactive=3601428480, buffers=945233920, cached=7862767616, shared=74231808)
SWAP usage: sswap(total=34263265280, used=0, free=34263265280, percent=0.0, sin=0, sout=0)
          types |   # objects |   total size
=============== | =========== | ============
  <class 'bytes |           8 |    818     B
   <class 'list |           0 |    144     B
iter = 847
CPU usage (% each core): [13.1, 100.0, 9.3, 12.2, 11.2, 11.1, 13.0, 11.2]
RAM usage: svmem(total=33615839232, available=18332565504, percent=45.5, used=14795657216, free=10012180480, active=18653925376, inactive=3601428480, buffers=945233920, cached=7862767616, shared=74231808)
SWAP usage: sswap(total=34263265280, used=0, free=34263265280, percent=0.0, sin=0, sout=0)
          types |   # objects |   total size
=============== | =========== | ============
  <class 'bytes |           8 |    817     B
   <class 'list |           0 |    160     B
iter = 848
CPU usage (% each core): [13.4, 100.0, 12.5, 13.1, 12.2, 8.2, 11.3, 12.2]
RAM usage: svmem(total=33615839232, available=18332516352, percent=45.5, used=14795706368, free=10012131328, active=18653925376, inactive=3601428480, buffers=945233920, cached=7862767616, shared=74231808)
SWAP usage: sswap(total=34263265280, used=0, free=34263265280, percent=0.0, sin=0, sout=0)
          types |   # objects |   total size
=============== | =========== | ============
  <class 'bytes |           8 |    817     B
    <class 'int |          -1 |    -28     B
iter = 849
CPU usage (% each core): [13.4, 100.0, 13.4, 12.5, 11.5, 11.3, 12.2, 11.5]
RAM usage: svmem(total=33615839232, available=18331967488, percent=45.5, used=14796259328, free=10011578368, active=18654244864, inactive=3601432576, buffers=945233920, cached=7862767616, shared=74231808)
SWAP usage: sswap(total=34263265280, used=0, free=34263265280, percent=0.0, sin=0, sout=0)
          types |   # objects |   total size
=============== | =========== | ============
  <class 'bytes |           8 |    818     B
   <class 'list |           0 |    176     B
    <class 'int |           1 |     28     B
iter = 850
CPU usage (% each core): [9.0, 100.0, 12.9, 13.0, 11.1, 11.0, 11.1, 12.0]
RAM usage: svmem(total=33615839232, available=18332393472, percent=45.5, used=14795833344, free=10012004352, active=18653954048, inactive=3601432576, buffers=945233920, cached=7862767616, shared=74231808)
SWAP usage: sswap(total=34263265280, used=0, free=34263265280, percent=0.0, sin=0, sout=0)
          types |   # objects |   total size
=============== | =========== | ============
  <class 'bytes |           9 |    894     B
   <class 'list |           0 |    200     B
iter = 851
CPU usage (% each core): [13.5, 100.0, 15.6, 15.3, 14.3, 6.2, 13.3, 14.3]
RAM usage: svmem(total=33615839232, available=18332569600, percent=45.5, used=14795657216, free=10012180480, active=18653954048, inactive=3601432576, buffers=945233920, cached=7862767616, shared=74231808)
SWAP usage: sswap(total=34263265280, used=0, free=34263265280, percent=0.0, sin=0, sout=0)
          types |   # objects |   total size
=============== | =========== | ============
  <class 'bytes |           8 |    817     B
iter = 852
CPU usage (% each core): [14.0, 100.0, 10.1, 14.1, 13.1, 7.1, 13.1, 13.1]
RAM usage: svmem(total=33615839232, available=18332413952, percent=45.5, used=14795812864, free=10012024832, active=18653945856, inactive=3601432576, buffers=945233920, cached=7862767616, shared=74231808)
SWAP usage: sswap(total=34263265280, used=0, free=34263265280, percent=0.0, sin=0, sout=0)
          types |   # objects |   total size
=============== | =========== | ============
  <class 'bytes |           7 |    740     B
   <class 'list |           0 |    224     B
iter = 853
CPU usage (% each core): [11.6, 100.0, 9.4, 11.5, 12.4, 11.5, 10.4, 11.5]
RAM usage: svmem(total=33615839232, available=18332803072, percent=45.5, used=14795423744, free=10012413952, active=18653945856, inactive=3601432576, buffers=945233920, cached=7862767616, shared=74231808)
SWAP usage: sswap(total=34263265280, used=0, free=34263265280, percent=0.0, sin=0, sout=0)
          types |   # objects |   total size
=============== | =========== | ============
  <class 'bytes |           8 |    817     B
   <class 'list |           0 |    256     B
iter = 854
CPU usage (% each core): [11.0, 100.0, 13.0, 11.1, 13.0, 10.9, 13.0, 13.1]
RAM usage: svmem(total=33615839232, available=18332766208, percent=45.5, used=14795460608, free=10012377088, active=18653945856, inactive=3601432576, buffers=945233920, cached=7862767616, shared=74231808)
SWAP usage: sswap(total=34263265280, used=0, free=34263265280, percent=0.0, sin=0, sout=0)
          types |   # objects |   total size
=============== | =========== | ============
  <class 'bytes |           8 |    818     B
iter = 855
CPU usage (% each core): [11.6, 100.0, 11.5, 11.6, 10.5, 3.2, 11.5, 10.4]
RAM usage: svmem(total=33615839232, available=18332971008, percent=45.5, used=14795255808, free=10012581888, active=18653945856, inactive=3601432576, buffers=945233920, cached=7862767616, shared=74231808)
SWAP usage: sswap(total=34263265280, used=0, free=34263265280, percent=0.0, sin=0, sout=0)
          types |   # objects |     total size
=============== | =========== | ==============
   <class 'list |           0 |    -1832     B
  <class 'bytes |        -108 |   -11134     B
iter = 856
CPU usage (% each core): [14.0, 100.0, 14.1, 13.0, 13.1, 10.1, 13.0, 13.0]
RAM usage: svmem(total=33615839232, available=18333765632, percent=45.5, used=14794461184, free=10013368320, active=18653949952, inactive=3601436672, buffers=945233920, cached=7862775808, shared=74231808)
SWAP usage: sswap(total=34263265280, used=0, free=34263265280, percent=0.0, sin=0, sout=0)
          types |   # objects |   total size
=============== | =========== | ============
  <class 'bytes |           8 |    826     B
   <class 'list |           0 |    168     B
    <class 'int |          -1 |    -28     B
iter = 857
CPU usage (% each core): [13.1, 100.0, 13.3, 12.4, 12.2, 13.3, 12.2, 12.2]
RAM usage: svmem(total=33615839232, available=18332962816, percent=45.5, used=14795264000, free=10012565504, active=18653958144, inactive=3601436672, buffers=945233920, cached=7862775808, shared=74231808)
SWAP usage: sswap(total=34263265280, used=0, free=34263265280, percent=0.0, sin=0, sout=0)
          types |   # objects |   total size
=============== | =========== | ============
  <class 'bytes |           9 |    895     B
   <class 'list |           0 |    168     B
iter = 858
CPU usage (% each core): [18.3, 100.0, 16.3, 16.3, 17.3, 19.0, 17.3, 17.3]
RAM usage: svmem(total=33615839232, available=18332835840, percent=45.5, used=14795390976, free=10012438528, active=18653990912, inactive=3601436672, buffers=945233920, cached=7862775808, shared=74231808)
SWAP usage: sswap(total=34263265280, used=0, free=34263265280, percent=0.0, sin=0, sout=0)
          types |   # objects |   total size
=============== | =========== | ============
  <class 'bytes |           8 |    818     B
   <class 'list |           0 |     96     B
iter = 859
CPU usage (% each core): [11.3, 100.0, 11.3, 12.2, 11.2, 11.1, 11.2, 11.2]
RAM usage: svmem(total=33615839232, available=18325667840, percent=45.5, used=14802558976, free=10005270528, active=18660888576, inactive=3601436672, buffers=945233920, cached=7862775808, shared=74231808)
SWAP usage: sswap(total=34263265280, used=0, free=34263265280, percent=0.0, sin=0, sout=0)
          types |   # objects |   total size
=============== | =========== | ============
  <class 'bytes |           8 |    818     B
   <class 'list |           0 |    112     B
iter = 860
CPU usage (% each core): [16.8, 100.0, 14.9, 14.9, 13.9, 9.9, 13.9, 14.7]
RAM usage: svmem(total=33615839232, available=18324668416, percent=45.5, used=14803558400, free=10004271104, active=18661023744, inactive=3601436672, buffers=945233920, cached=7862775808, shared=74231808)
SWAP usage: sswap(total=34263265280, used=0, free=34263265280, percent=0.0, sin=0, sout=0)
          types |   # objects |   total size
=============== | =========== | ============
  <class 'bytes |           8 |    817     B
   <class 'list |           0 |    128     B
iter = 861
CPU usage (% each core): [13.5, 100.0, 12.6, 12.6, 12.5, 10.5, 12.6, 11.6]
RAM usage: svmem(total=33615839232, available=18324832256, percent=45.5, used=14803394560, free=10004434944, active=18661023744, inactive=3601436672, buffers=945233920, cached=7862775808, shared=74231808)
SWAP usage: sswap(total=34263265280, used=0, free=34263265280, percent=0.0, sin=0, sout=0)
          types |   # objects |   total size
=============== | =========== | ============
  <class 'bytes |           8 |    818     B
   <class 'list |           0 |    144     B
iter = 862
CPU usage (% each core): [11.7, 100.0, 11.6, 11.6, 7.4, 12.5, 12.5, 12.5]
RAM usage: svmem(total=33615839232, available=18324197376, percent=45.5, used=14804033536, free=10003820544, active=18661003264, inactive=3601436672, buffers=945233920, cached=7862751232, shared=74227712)
SWAP usage: sswap(total=34263265280, used=0, free=34263265280, percent=0.0, sin=0, sout=0)
          types |   # objects |   total size
=============== | =========== | ============
  <class 'bytes |           8 |    817     B
   <class 'list |           0 |    160     B
iter = 863
CPU usage (% each core): [11.6, 100.0, 13.5, 12.8, 13.7, 11.7, 12.6, 11.6]
RAM usage: svmem(total=33615839232, available=18324398080, percent=45.5, used=14803832832, free=10004021248, active=18661003264, inactive=3601436672, buffers=945233920, cached=7862751232, shared=74227712)
SWAP usage: sswap(total=34263265280, used=0, free=34263265280, percent=0.0, sin=0, sout=0)
          types |   # objects |   total size
=============== | =========== | ============
  <class 'bytes |           8 |    818     B
   <class 'list |           0 |    176     B
iter = 864
CPU usage (% each core): [17.6, 100.0, 11.9, 15.5, 15.7, 14.7, 14.7, 14.9]
RAM usage: svmem(total=33615839232, available=18324475904, percent=45.5, used=14803755008, free=10004099072, active=18663145472, inactive=3601436672, buffers=945233920, cached=7862751232, shared=74227712)
SWAP usage: sswap(total=34263265280, used=0, free=34263265280, percent=0.0, sin=0, sout=0)
          types |   # objects |   total size
=============== | =========== | ============
  <class 'bytes |           8 |    818     B
   <class 'list |           0 |    200     B
iter = 865
CPU usage (% each core): [13.5, 11.3, 12.4, 14.6, 12.5, 100.0, 9.4, 12.5]
RAM usage: svmem(total=33615839232, available=18324652032, percent=45.5, used=14803578880, free=10004275200, active=18663104512, inactive=3601436672, buffers=945233920, cached=7862751232, shared=74227712)
SWAP usage: sswap(total=34263265280, used=0, free=34263265280, percent=0.0, sin=0, sout=0)
          types |   # objects |   total size
=============== | =========== | ============
  <class 'bytes |           8 |    817     B
iter = 866
CPU usage (% each core): [14.4, 11.6, 13.7, 13.7, 12.5, 100.0, 12.5, 12.5]
RAM usage: svmem(total=33615839232, available=18324029440, percent=45.5, used=14804201472, free=10003652608, active=18663620608, inactive=3601436672, buffers=945233920, cached=7862751232, shared=74227712)
SWAP usage: sswap(total=34263265280, used=0, free=34263265280, percent=0.0, sin=0, sout=0)
          types |   # objects |   total size
=============== | =========== | ============
  <class 'bytes |           7 |    741     B
   <class 'list |           0 |    224     B
    <class 'int |           1 |     28     B
iter = 867
CPU usage (% each core): [16.0, 15.0, 15.8, 17.8, 15.2, 99.0, 16.8, 15.8]
RAM usage: svmem(total=33615839232, available=18324606976, percent=45.5, used=14803623936, free=10004230144, active=18661089280, inactive=3601436672, buffers=945233920, cached=7862751232, shared=74227712)
SWAP usage: sswap(total=34263265280, used=0, free=34263265280, percent=0.0, sin=0, sout=0)
          types |   # objects |   total size
=============== | =========== | ============
  <class 'bytes |           9 |    894     B
iter = 868
CPU usage (% each core): [14.3, 13.9, 13.3, 15.2, 13.1, 100.0, 13.3, 14.1]
RAM usage: svmem(total=33615839232, available=18325499904, percent=45.5, used=14802731008, free=10005123072, active=18661089280, inactive=3601436672, buffers=945233920, cached=7862751232, shared=74227712)
SWAP usage: sswap(total=34263265280, used=0, free=34263265280, percent=0.0, sin=0, sout=0)
          types |   # objects |   total size
=============== | =========== | ============
  <class 'bytes |           7 |    741     B
   <class 'list |           0 |    256     B
    <class 'int |          -1 |    -28     B
iter = 869
CPU usage (% each core): [12.4, 10.4, 14.1, 12.5, 12.4, 100.0, 12.2, 11.3]
RAM usage: svmem(total=33615839232, available=18324996096, percent=45.5, used=14803234816, free=10004619264, active=18661388288, inactive=3601436672, buffers=945233920, cached=7862751232, shared=74227712)
SWAP usage: sswap(total=34263265280, used=0, free=34263265280, percent=0.0, sin=0, sout=0)
          types |   # objects |   total size
=============== | =========== | ============
  <class 'bytes |           9 |    895     B
iter = 870
CPU usage (% each core): [15.3, 14.3, 17.2, 16.2, 15.3, 100.0, 14.4, 14.4]
RAM usage: svmem(total=33615839232, available=18325078016, percent=45.5, used=14803152896, free=10004701184, active=18661097472, inactive=3601436672, buffers=945233920, cached=7862751232, shared=74227712)
SWAP usage: sswap(total=34263265280, used=0, free=34263265280, percent=0.0, sin=0, sout=0)
          types |   # objects |     total size
=============== | =========== | ==============
    <class 'int |           1 |       28     B
   <class 'list |           0 |    -1800     B
  <class 'bytes |        -112 |   -11296     B
iter = 871
CPU usage (% each core): [12.5, 11.3, 12.5, 12.4, 11.3, 100.0, 13.3, 12.4]
RAM usage: svmem(total=33615839232, available=18324762624, percent=45.5, used=14803468288, free=10004377600, active=18661101568, inactive=3601440768, buffers=945233920, cached=7862759424, shared=74227712)
SWAP usage: sswap(total=34263265280, used=0, free=34263265280, percent=0.0, sin=0, sout=0)
          types |   # objects |   total size
=============== | =========== | ============
  <class 'bytes |           9 |    905     B
   <class 'list |           0 |    136     B
    <class 'int |          -1 |    -28     B
iter = 872
CPU usage (% each core): [13.5, 11.6, 10.6, 13.5, 12.5, 100.0, 11.6, 13.4]
RAM usage: svmem(total=33615839232, available=18325114880, percent=45.5, used=14803116032, free=10004729856, active=18661113856, inactive=3601440768, buffers=945233920, cached=7862759424, shared=74227712)
SWAP usage: sswap(total=34263265280, used=0, free=34263265280, percent=0.0, sin=0, sout=0)
          types |   # objects |   total size
=============== | =========== | ============
  <class 'bytes |           9 |    895     B
   <class 'list |           0 |    168     B
    <class 'int |           1 |     28     B
iter = 873
CPU usage (% each core): [18.0, 16.7, 21.4, 19.0, 18.0, 100.0, 17.8, 18.8]
RAM usage: svmem(total=33615839232, available=18325213184, percent=45.5, used=14803017728, free=10004828160, active=18661113856, inactive=3601440768, buffers=945233920, cached=7862759424, shared=74227712)
SWAP usage: sswap(total=34263265280, used=0, free=34263265280, percent=0.0, sin=0, sout=0)
          types |   # objects |   total size
=============== | =========== | ============
  <class 'bytes |           9 |    895     B
   <class 'list |           0 |    208     B
iter = 874
CPU usage (% each core): [16.2, 14.3, 15.3, 14.3, 16.0, 100.0, 17.0, 15.2]
RAM usage: svmem(total=33615839232, available=18324480000, percent=45.5, used=14803750912, free=10004094976, active=18663190528, inactive=3601440768, buffers=945233920, cached=7862759424, shared=74227712)
SWAP usage: sswap(total=34263265280, used=0, free=34263265280, percent=0.0, sin=0, sout=0)
          types |   # objects |   total size
=============== | =========== | ============
  <class 'bytes |           8 |    818     B
   <class 'list |           0 |    128     B
iter = 875
CPU usage (% each core): [12.2, 100.0, 12.1, 13.1, 8.2, 11.2, 12.2, 12.1]
RAM usage: svmem(total=33615839232, available=18324238336, percent=45.5, used=14803992576, free=10003853312, active=18663190528, inactive=3601440768, buffers=945233920, cached=7862759424, shared=74227712)
SWAP usage: sswap(total=34263265280, used=0, free=34263265280, percent=0.0, sin=0, sout=0)
          types |   # objects |   total size
=============== | =========== | ============
  <class 'bytes |           8 |    817     B
   <class 'list |           0 |    144     B
iter = 876
CPU usage (% each core): [14.9, 100.0, 12.0, 14.9, 14.9, 12.7, 13.9, 13.9]
RAM usage: svmem(total=33615839232, available=18324164608, percent=45.5, used=14804062208, free=10003779584, active=18663190528, inactive=3601440768, buffers=945238016, cached=7862759424, shared=74227712)
SWAP usage: sswap(total=34263265280, used=0, free=34263265280, percent=0.0, sin=0, sout=0)
          types |   # objects |   total size
=============== | =========== | ============
  <class 'bytes |           8 |    818     B
   <class 'list |           0 |    160     B
iter = 877
CPU usage (% each core): [13.0, 100.0, 12.9, 13.1, 14.0, 10.1, 13.0, 13.0]
RAM usage: svmem(total=33615839232, available=18324217856, percent=45.5, used=14804008960, free=10003832832, active=18661105664, inactive=3601440768, buffers=945238016, cached=7862759424, shared=74227712)
SWAP usage: sswap(total=34263265280, used=0, free=34263265280, percent=0.0, sin=0, sout=0)
          types |   # objects |   total size
=============== | =========== | ============
  <class 'bytes |           8 |    818     B
    <class 'int |          -1 |    -28     B
iter = 878
CPU usage (% each core): [12.1, 100.0, 13.0, 14.0, 11.1, 12.1, 13.0, 14.1]
RAM usage: svmem(total=33615839232, available=18324475904, percent=45.5, used=14803750912, free=10004090880, active=18661105664, inactive=3601440768, buffers=945238016, cached=7862759424, shared=74227712)
SWAP usage: sswap(total=34263265280, used=0, free=34263265280, percent=0.0, sin=0, sout=0)
          types |   # objects |   total size
=============== | =========== | ============
  <class 'bytes |           8 |    818     B
   <class 'list |           0 |    176     B
    <class 'int |           1 |     28     B
iter = 879
CPU usage (% each core): [15.0, 100.0, 11.3, 13.1, 11.2, 10.2, 11.2, 10.1]
RAM usage: svmem(total=33615839232, available=18323951616, percent=45.5, used=14804275200, free=10003566592, active=18663206912, inactive=3601440768, buffers=945238016, cached=7862759424, shared=74227712)
SWAP usage: sswap(total=34263265280, used=0, free=34263265280, percent=0.0, sin=0, sout=0)
          types |   # objects |   total size
=============== | =========== | ============
  <class 'bytes |           9 |    895     B
   <class 'list |           0 |    200     B
iter = 880
CPU usage (% each core): [10.6, 100.0, 12.5, 9.5, 11.6, 9.3, 10.4, 11.6]
RAM usage: svmem(total=33615839232, available=18323648512, percent=45.5, used=14804578304, free=10003263488, active=18663206912, inactive=3601440768, buffers=945238016, cached=7862759424, shared=74227712)
SWAP usage: sswap(total=34263265280, used=0, free=34263265280, percent=0.0, sin=0, sout=0)
          types |   # objects |   total size
=============== | =========== | ============
  <class 'bytes |           8 |    816     B
iter = 881
CPU usage (% each core): [12.4, 100.0, 11.3, 11.5, 11.5, 4.1, 12.4, 12.2]
RAM usage: svmem(total=33615839232, available=18323779584, percent=45.5, used=14804451328, free=10003390464, active=18663202816, inactive=3601440768, buffers=945238016, cached=7862759424, shared=74227712)
SWAP usage: sswap(total=34263265280, used=0, free=34263265280, percent=0.0, sin=0, sout=0)
          types |   # objects |   total size
=============== | =========== | ============
  <class 'bytes |           7 |    740     B
   <class 'list |           0 |    224     B
iter = 882
CPU usage (% each core): [13.4, 100.0, 10.4, 14.3, 13.3, 9.4, 11.5, 12.5]
RAM usage: svmem(total=33615839232, available=18323947520, percent=45.5, used=14804283392, free=10003558400, active=18663219200, inactive=3601440768, buffers=945238016, cached=7862759424, shared=74227712)
SWAP usage: sswap(total=34263265280, used=0, free=34263265280, percent=0.0, sin=0, sout=0)
          types |   # objects |   total size
=============== | =========== | ============
  <class 'bytes |           8 |    817     B
   <class 'list |           0 |    256     B
iter = 883
CPU usage (% each core): [12.9, 100.0, 12.9, 12.9, 12.0, 9.0, 12.9, 12.9]
RAM usage: svmem(total=33615839232, available=18324193280, percent=45.5, used=14804037632, free=10003804160, active=18663202816, inactive=3601440768, buffers=945238016, cached=7862759424, shared=74227712)
SWAP usage: sswap(total=34263265280, used=0, free=34263265280, percent=0.0, sin=0, sout=0)
          types |   # objects |   total size
=============== | =========== | ============
  <class 'bytes |           8 |    817     B
iter = 884
CPU usage (% each core): [13.3, 100.0, 12.4, 11.3, 11.3, 14.3, 12.2, 12.2]
RAM usage: svmem(total=33615839232, available=18324545536, percent=45.5, used=14803685376, free=10004156416, active=18663202816, inactive=3601440768, buffers=945238016, cached=7862759424, shared=74227712)
SWAP usage: sswap(total=34263265280, used=0, free=34263265280, percent=0.0, sin=0, sout=0)
          types |   # objects |     total size
=============== | =========== | ==============
   <class 'list |           0 |    -1832     B
  <class 'bytes |        -109 |   -11229     B
iter = 885
CPU usage (% each core): [13.3, 100.0, 14.0, 12.1, 13.0, 10.2, 12.1, 12.1]
RAM usage: svmem(total=33615839232, available=18324094976, percent=45.5, used=14804127744, free=10003705856, active=18663178240, inactive=3601440768, buffers=945238016, cached=7862767616, shared=74227712)
SWAP usage: sswap(total=34263265280, used=0, free=34263265280, percent=0.0, sin=0, sout=0)
          types |   # objects |   total size
=============== | =========== | ============
  <class 'bytes |           8 |    826     B
   <class 'list |           0 |    168     B
    <class 'int |          -1 |    -28     B
iter = 886
CPU usage (% each core): [22.3, 100.0, 39.8, 35.1, 26.3, 11.2, 31.3, 27.4]
RAM usage: svmem(total=33615839232, available=18324893696, percent=45.5, used=14803337216, free=10004496384, active=18663174144, inactive=3601444864, buffers=945238016, cached=7862767616, shared=74227712)
SWAP usage: sswap(total=34263265280, used=0, free=34263265280, percent=0.0, sin=0, sout=0)
          types |   # objects |   total size
=============== | =========== | ============
  <class 'bytes |           9 |    895     B
   <class 'list |           0 |     80     B
iter = 887
CPU usage (% each core): [26.0, 98.0, 31.0, 29.0, 27.0, 19.8, 25.0, 25.5]
RAM usage: svmem(total=33615839232, available=18321584128, percent=45.5, used=14805753856, free=10001186816, active=18665865216, inactive=3602341888, buffers=945238016, cached=7863660544, shared=75120640)
SWAP usage: sswap(total=34263265280, used=0, free=34263265280, percent=0.0, sin=0, sout=0)
          types |   # objects |   total size
=============== | =========== | ============
  <class 'bytes |           8 |    817     B
   <class 'list |           0 |    184     B
    <class 'int |           1 |     28     B
iter = 888
CPU usage (% each core): [16.8, 11.3, 14.1, 15.8, 13.7, 100.0, 14.7, 16.0]
RAM usage: svmem(total=33615839232, available=18321313792, percent=45.5, used=14805884928, free=10000916480, active=18665766912, inactive=3602477056, buffers=945238016, cached=7863799808, shared=75259904)
SWAP usage: sswap(total=34263265280, used=0, free=34263265280, percent=0.0, sin=0, sout=0)
          types |   # objects |   total size
=============== | =========== | ============
  <class 'bytes |           9 |    895     B
   <class 'list |           0 |    112     B
iter = 889
CPU usage (% each core): [17.3, 12.2, 16.5, 14.1, 14.1, 100.0, 14.3, 13.4]
RAM usage: svmem(total=33615839232, available=18321403904, percent=45.5, used=14805794816, free=10001006592, active=18665766912, inactive=3602477056, buffers=945238016, cached=7863799808, shared=75259904)
SWAP usage: sswap(total=34263265280, used=0, free=34263265280, percent=0.0, sin=0, sout=0)
          types |   # objects |   total size
=============== | =========== | ============
  <class 'bytes |           8 |    818     B
   <class 'list |           0 |    128     B
    <class 'int |          -1 |    -28     B
iter = 890
CPU usage (% each core): [16.8, 100.0, 16.0, 20.0, 12.8, 12.4, 14.4, 13.5]
RAM usage: svmem(total=33615839232, available=18320367616, percent=45.5, used=14806831104, free=9999970304, active=18666098688, inactive=3602477056, buffers=945238016, cached=7863799808, shared=75259904)
SWAP usage: sswap(total=34263265280, used=0, free=34263265280, percent=0.0, sin=0, sout=0)
          types |   # objects |   total size
=============== | =========== | ============
  <class 'bytes |           9 |    894     B
   <class 'list |           0 |    144     B
iter = 891
CPU usage (% each core): [12.5, 100.0, 14.1, 13.5, 12.8, 6.3, 13.8, 12.6]
RAM usage: svmem(total=33615839232, available=18320617472, percent=45.5, used=14806581248, free=10000220160, active=18665848832, inactive=3602477056, buffers=945238016, cached=7863799808, shared=75259904)
SWAP usage: sswap(total=34263265280, used=0, free=34263265280, percent=0.0, sin=0, sout=0)
          types |   # objects |   total size
=============== | =========== | ============
  <class 'bytes |           8 |    817     B
   <class 'list |           0 |    160     B
iter = 892
CPU usage (% each core): [36.6, 100.0, 32.0, 36.6, 27.2, 21.6, 26.2, 27.2]
RAM usage: svmem(total=33615839232, available=18322350080, percent=45.5, used=14805741568, free=10001952768, active=18666053632, inactive=3601580032, buffers=945246208, cached=7862898688, shared=74366976)
SWAP usage: sswap(total=34263265280, used=0, free=34263265280, percent=0.0, sin=0, sout=0)
          types |   # objects |   total size
=============== | =========== | ============
  <class 'bytes |           8 |    818     B
   <class 'list |           0 |    176     B
    <class 'int |           1 |     28     B
iter = 893
CPU usage (% each core): [17.1, 19.2, 20.4, 19.8, 16.2, 100.0, 16.0, 16.3]
RAM usage: svmem(total=33615839232, available=18322378752, percent=45.5, used=14805831680, free=10001973248, active=18665951232, inactive=3601444864, buffers=945246208, cached=7862788096, shared=74227712)
SWAP usage: sswap(total=34263265280, used=0, free=34263265280, percent=0.0, sin=0, sout=0)
          types |   # objects |   total size
=============== | =========== | ============
  <class 'bytes |           9 |    895     B
   <class 'list |           0 |    200     B
iter = 894
CPU usage (% each core): [16.8, 11.5, 16.5, 14.7, 13.5, 100.0, 12.5, 13.4]
RAM usage: svmem(total=33615839232, available=18320642048, percent=45.5, used=14807588864, free=10000216064, active=18666065920, inactive=3601465344, buffers=945246208, cached=7862788096, shared=74227712)
SWAP usage: sswap(total=34263265280, used=0, free=34263265280, percent=0.0, sin=0, sout=0)
          types |   # objects |   total size
=============== | =========== | ============
  <class 'bytes |           8 |    818     B
    <class 'int |          -1 |    -28     B
iter = 895
CPU usage (% each core): [22.6, 23.8, 32.7, 30.2, 22.6, 100.0, 37.7, 25.9]
RAM usage: svmem(total=33615839232, available=18321227776, percent=45.5, used=14807003136, free=10000801792, active=18666311680, inactive=3601465344, buffers=945246208, cached=7862788096, shared=74227712)
SWAP usage: sswap(total=34263265280, used=0, free=34263265280, percent=0.0, sin=0, sout=0)
          types |   # objects |   total size
=============== | =========== | ============
  <class 'bytes |           8 |    818     B
   <class 'list |           0 |    224     B
iter = 896
CPU usage (% each core): [32.3, 11.3, 24.5, 29.9, 18.6, 100.0, 34.4, 18.9]
RAM usage: svmem(total=33615839232, available=18321981440, percent=45.5, used=14806249472, free=10001555456, active=18666151936, inactive=3601465344, buffers=945246208, cached=7862788096, shared=74227712)
SWAP usage: sswap(total=34263265280, used=0, free=34263265280, percent=0.0, sin=0, sout=0)
          types |   # objects |   total size
=============== | =========== | ============
  <class 'bytes |           8 |    818     B
    <class 'int |           1 |     28     B
iter = 897
CPU usage (% each core): [23.2, 10.5, 21.9, 17.0, 14.9, 100.0, 19.6, 20.2]
RAM usage: svmem(total=33615839232, available=18322042880, percent=45.5, used=14806188032, free=10001616896, active=18666450944, inactive=3601465344, buffers=945250304, cached=7862784000, shared=74227712)
SWAP usage: sswap(total=34263265280, used=0, free=34263265280, percent=0.0, sin=0, sout=0)
          types |   # objects |   total size
=============== | =========== | ============
  <class 'bytes |           8 |    818     B
   <class 'list |           0 |    256     B
iter = 898
CPU usage (% each core): [31.6, 12.2, 22.9, 23.5, 17.2, 100.0, 19.4, 20.2]
RAM usage: svmem(total=33615839232, available=18323677184, percent=45.5, used=14804549632, free=10003251200, active=18666176512, inactive=3601465344, buffers=945250304, cached=7862788096, shared=74227712)
SWAP usage: sswap(total=34263265280, used=0, free=34263265280, percent=0.0, sin=0, sout=0)
          types |   # objects |   total size
=============== | =========== | ============
  <class 'bytes |           8 |    818     B
iter = 899
CPU usage (% each core): [16.5, 11.3, 13.5, 15.6, 14.4, 100.0, 20.6, 18.6]
RAM usage: svmem(total=33615839232, available=18323562496, percent=45.5, used=14804664320, free=10003136512, active=18666176512, inactive=3601465344, buffers=945250304, cached=7862788096, shared=74227712)
SWAP usage: sswap(total=34263265280, used=0, free=34263265280, percent=0.0, sin=0, sout=0)
          types |   # objects |     total size
=============== | =========== | ==============
   <class 'list |           0 |    -1800     B
  <class 'bytes |        -113 |   -11298     B
iter = 900
CPU usage (% each core): [13.7, 11.5, 13.7, 14.6, 13.5, 100.0, 12.6, 14.6]
RAM usage: svmem(total=33615839232, available=18322219008, percent=45.5, used=14806003712, free=10001788928, active=18666582016, inactive=3601465344, buffers=945250304, cached=7862796288, shared=74227712)
SWAP usage: sswap(total=34263265280, used=0, free=34263265280, percent=0.0, sin=0, sout=0)
          types |   # objects |   total size
=============== | =========== | ============
  <class 'bytes |           8 |    826     B
   <class 'list |           0 |    136     B
    <class 'int |          -1 |    -28     B
iter = 901
CPU usage (% each core): [11.6, 7.4, 14.6, 10.5, 12.6, 100.0, 12.5, 7.4]
RAM usage: svmem(total=33615839232, available=18322677760, percent=45.5, used=14805553152, free=10002239488, active=18666303488, inactive=3601469440, buffers=945250304, cached=7862796288, shared=74227712)
SWAP usage: sswap(total=34263265280, used=0, free=34263265280, percent=0.0, sin=0, sout=0)
          types |   # objects |   total size
=============== | =========== | ============
  <class 'bytes |           9 |    893     B
   <class 'list |           0 |    168     B
    <class 'int |           1 |     28     B
iter = 902
CPU usage (% each core): [16.3, 11.2, 15.5, 13.4, 15.5, 100.0, 16.5, 15.3]
RAM usage: svmem(total=33615839232, available=18321747968, percent=45.5, used=14806482944, free=10001309696, active=18666303488, inactive=3601469440, buffers=945250304, cached=7862796288, shared=74227712)
SWAP usage: sswap(total=34263265280, used=0, free=34263265280, percent=0.0, sin=0, sout=0)
          types |   # objects |   total size
=============== | =========== | ============
  <class 'bytes |           9 |    895     B
   <class 'list |           0 |    208     B
iter = 903
CPU usage (% each core): [14.0, 12.1, 13.1, 13.1, 12.1, 100.0, 12.2, 11.2]
RAM usage: svmem(total=33615839232, available=18322358272, percent=45.5, used=14805872640, free=10001920000, active=18666291200, inactive=3601469440, buffers=945250304, cached=7862796288, shared=74227712)
SWAP usage: sswap(total=34263265280, used=0, free=34263265280, percent=0.0, sin=0, sout=0)
          types |   # objects |   total size
=============== | =========== | ============
  <class 'bytes |           8 |    818     B
   <class 'list |           0 |    128     B
iter = 904
CPU usage (% each core): [13.7, 11.6, 12.6, 14.4, 12.6, 100.0, 12.6, 11.6]
RAM usage: svmem(total=33615839232, available=18322362368, percent=45.5, used=14805868544, free=10001924096, active=18666377216, inactive=3601469440, buffers=945250304, cached=7862796288, shared=74227712)
SWAP usage: sswap(total=34263265280, used=0, free=34263265280, percent=0.0, sin=0, sout=0)
          types |   # objects |   total size
=============== | =========== | ============
  <class 'bytes |           8 |    818     B
   <class 'list |           0 |    144     B
iter = 905
CPU usage (% each core): [12.2, 12.1, 14.4, 12.4, 12.2, 100.0, 12.1, 12.1]
RAM usage: svmem(total=33615839232, available=18321494016, percent=45.5, used=14806732800, free=10001055744, active=18666577920, inactive=3601469440, buffers=945254400, cached=7862796288, shared=74227712)
SWAP usage: sswap(total=34263265280, used=0, free=34263265280, percent=0.0, sin=0, sout=0)
          types |   # objects |   total size
=============== | =========== | ============
  <class 'bytes |           8 |    818     B
   <class 'list |           0 |    160     B
iter = 906
CPU usage (% each core): [14.3, 13.4, 15.2, 14.3, 13.1, 100.0, 10.3, 13.4]
RAM usage: svmem(total=33615839232, available=18321567744, percent=45.5, used=14806659072, free=10001129472, active=18666344448, inactive=3601469440, buffers=945254400, cached=7862796288, shared=74227712)
SWAP usage: sswap(total=34263265280, used=0, free=34263265280, percent=0.0, sin=0, sout=0)
          types |   # objects |   total size
=============== | =========== | ============
  <class 'bytes |           8 |    818     B
    <class 'int |          -1 |    -28     B
iter = 907
CPU usage (% each core): [13.1, 12.0, 12.2, 13.1, 12.2, 100.0, 11.1, 12.1]
RAM usage: svmem(total=33615839232, available=18321711104, percent=45.5, used=14806515712, free=10001272832, active=18666344448, inactive=3601469440, buffers=945254400, cached=7862796288, shared=74227712)
SWAP usage: sswap(total=34263265280, used=0, free=34263265280, percent=0.0, sin=0, sout=0)
          types |   # objects |   total size
=============== | =========== | ============
  <class 'bytes |           8 |    818     B
   <class 'list |           0 |    176     B
    <class 'int |           1 |     28     B
iter = 908
CPU usage (% each core): [12.4, 11.5, 12.4, 12.5, 12.5, 100.0, 12.4, 11.5]
RAM usage: svmem(total=33615839232, available=18321858560, percent=45.5, used=14806368256, free=10001420288, active=18666348544, inactive=3601469440, buffers=945254400, cached=7862796288, shared=74227712)
SWAP usage: sswap(total=34263265280, used=0, free=34263265280, percent=0.0, sin=0, sout=0)
          types |   # objects |   total size
=============== | =========== | ============
  <class 'bytes |           9 |    895     B
   <class 'list |           0 |    200     B
iter = 909
CPU usage (% each core): [11.1, 12.0, 13.0, 13.0, 12.0, 100.0, 11.1, 12.0]
RAM usage: svmem(total=33615839232, available=18321645568, percent=45.5, used=14806581248, free=10001207296, active=18666348544, inactive=3601469440, buffers=945254400, cached=7862796288, shared=74227712)
SWAP usage: sswap(total=34263265280, used=0, free=34263265280, percent=0.0, sin=0, sout=0)
          types |   # objects |   total size
=============== | =========== | ============
  <class 'bytes |           8 |    818     B
iter = 910
CPU usage (% each core): [13.9, 11.1, 12.1, 13.0, 12.0, 100.0, 11.2, 11.1]
RAM usage: svmem(total=33615839232, available=18321858560, percent=45.5, used=14806372352, free=10001416192, active=18666622976, inactive=3601469440, buffers=945254400, cached=7862796288, shared=74227712)
SWAP usage: sswap(total=34263265280, used=0, free=34263265280, percent=0.0, sin=0, sout=0)
          types |   # objects |   total size
=============== | =========== | ============
  <class 'bytes |           7 |    741     B
   <class 'list |           0 |    224     B
iter = 911
CPU usage (% each core): [12.2, 11.2, 12.2, 13.3, 11.2, 100.0, 14.1, 13.0]
RAM usage: svmem(total=33615839232, available=18321879040, percent=45.5, used=14806351872, free=10001436672, active=18666369024, inactive=3601469440, buffers=945254400, cached=7862796288, shared=74227712)
SWAP usage: sswap(total=34263265280, used=0, free=34263265280, percent=0.0, sin=0, sout=0)
          types |   # objects |   total size
=============== | =========== | ============
  <class 'bytes |           8 |    818     B
   <class 'list |           0 |    256     B
iter = 912
CPU usage (% each core): [15.3, 12.1, 15.5, 19.2, 16.2, 100.0, 14.3, 16.0]
RAM usage: svmem(total=33615839232, available=18322087936, percent=45.5, used=14806142976, free=10001645568, active=18666369024, inactive=3601469440, buffers=945254400, cached=7862796288, shared=74227712)
SWAP usage: sswap(total=34263265280, used=0, free=34263265280, percent=0.0, sin=0, sout=0)
          types |   # objects |   total size
=============== | =========== | ============
  <class 'bytes |           8 |    818     B
iter = 913
CPU usage (% each core): [14.0, 13.0, 14.9, 14.0, 13.0, 100.0, 10.9, 13.1]
RAM usage: svmem(total=33615839232, available=18321616896, percent=45.5, used=14806614016, free=10001174528, active=18666356736, inactive=3601469440, buffers=945254400, cached=7862796288, shared=74227712)
SWAP usage: sswap(total=34263265280, used=0, free=34263265280, percent=0.0, sin=0, sout=0)
          types |   # objects |     total size
=============== | =========== | ==============
   <class 'list |           0 |    -1832     B
  <class 'bytes |        -108 |   -11138     B
iter = 914
CPU usage (% each core): [17.6, 13.0, 15.8, 15.7, 15.0, 100.0, 14.9, 14.7]
RAM usage: svmem(total=33615839232, available=18322100224, percent=45.5, used=14806130688, free=10001649664, active=18666360832, inactive=3601473536, buffers=945254400, cached=7862804480, shared=74227712)
SWAP usage: sswap(total=34263265280, used=0, free=34263265280, percent=0.0, sin=0, sout=0)
          types |   # objects |   total size
=============== | =========== | ============
  <class 'bytes |           8 |    826     B
   <class 'list |           0 |    168     B
    <class 'int |          -1 |    -28     B
iter = 915
CPU usage (% each core): [15.5, 100.0, 12.7, 16.5, 14.6, 13.7, 13.9, 13.9]
RAM usage: svmem(total=33615839232, available=18321838080, percent=45.5, used=14806392832, free=10001387520, active=18666364928, inactive=3601473536, buffers=945254400, cached=7862804480, shared=74227712)
SWAP usage: sswap(total=34263265280, used=0, free=34263265280, percent=0.0, sin=0, sout=0)
          types |   # objects |   total size
=============== | =========== | ============
  <class 'bytes |           9 |    895     B
   <class 'list |           0 |    168     B
iter = 916
CPU usage (% each core): [14.6, 14.6, 10.8, 10.8, 13.6, 10.9, 100.0, 13.5]
RAM usage: svmem(total=33615839232, available=18322255872, percent=45.5, used=14805975040, free=10001805312, active=18666364928, inactive=3601473536, buffers=945254400, cached=7862804480, shared=74227712)
SWAP usage: sswap(total=34263265280, used=0, free=34263265280, percent=0.0, sin=0, sout=0)
          types |   # objects |   total size
=============== | =========== | ============
  <class 'bytes |           8 |    818     B
   <class 'list |           0 |     96     B
iter = 917
CPU usage (% each core): [13.3, 12.2, 11.1, 13.1, 11.2, 11.1, 100.0, 13.3]
RAM usage: svmem(total=33615839232, available=18322120704, percent=45.5, used=14806110208, free=10001670144, active=18666364928, inactive=3601473536, buffers=945254400, cached=7862804480, shared=74227712)
SWAP usage: sswap(total=34263265280, used=0, free=34263265280, percent=0.0, sin=0, sout=0)
          types |   # objects |   total size
=============== | =========== | ============
  <class 'bytes |           8 |    818     B
   <class 'list |           0 |    112     B
iter = 918
CPU usage (% each core): [11.7, 13.7, 10.8, 13.8, 11.8, 11.7, 100.0, 11.7]
RAM usage: svmem(total=33615839232, available=18321993728, percent=45.5, used=14806233088, free=10001543168, active=18666377216, inactive=3601473536, buffers=945258496, cached=7862804480, shared=74227712)
SWAP usage: sswap(total=34263265280, used=0, free=34263265280, percent=0.0, sin=0, sout=0)
          types |   # objects |   total size
=============== | =========== | ============
  <class 'bytes |           8 |    818     B
   <class 'list |           0 |    128     B
iter = 919
CPU usage (% each core): [14.6, 9.5, 12.4, 13.4, 12.4, 12.4, 100.0, 12.5]
RAM usage: svmem(total=33615839232, available=18322300928, percent=45.5, used=14805925888, free=10001850368, active=18666377216, inactive=3601473536, buffers=945258496, cached=7862804480, shared=74227712)
SWAP usage: sswap(total=34263265280, used=0, free=34263265280, percent=0.0, sin=0, sout=0)
          types |   # objects |   total size
=============== | =========== | ============
  <class 'bytes |           8 |    817     B
   <class 'list |           0 |    144     B
iter = 920
CPU usage (% each core): [15.6, 14.4, 13.3, 13.4, 12.5, 13.4, 100.0, 12.5]
RAM usage: svmem(total=33615839232, available=18321899520, percent=45.5, used=14806327296, free=10001448960, active=18666369024, inactive=3601473536, buffers=945258496, cached=7862804480, shared=74227712)
SWAP usage: sswap(total=34263265280, used=0, free=34263265280, percent=0.0, sin=0, sout=0)
          types |   # objects |   total size
=============== | =========== | ============
  <class 'bytes |           8 |    818     B
   <class 'list |           0 |    160     B
iter = 921
CPU usage (% each core): [15.5, 14.4, 12.5, 10.6, 13.5, 14.4, 100.0, 13.4]
RAM usage: svmem(total=33615839232, available=18321858560, percent=45.5, used=14806368256, free=10001408000, active=18666369024, inactive=3601473536, buffers=945258496, cached=7862804480, shared=74227712)
SWAP usage: sswap(total=34263265280, used=0, free=34263265280, percent=0.0, sin=0, sout=0)
          types |   # objects |   total size
=============== | =========== | ============
  <class 'bytes |           8 |    818     B
   <class 'list |           0 |    176     B
iter = 922
CPU usage (% each core): [12.5, 11.7, 10.5, 13.5, 13.4, 11.6, 100.0, 12.5]
RAM usage: svmem(total=33615839232, available=18322780160, percent=45.5, used=14805442560, free=10002329600, active=18666393600, inactive=3601477632, buffers=945258496, cached=7862808576, shared=74231808)
SWAP usage: sswap(total=34263265280, used=0, free=34263265280, percent=0.0, sin=0, sout=0)
          types |   # objects |   total size
=============== | =========== | ============
  <class 'bytes |           8 |    818     B
   <class 'list |           0 |    200     B
iter = 923
CPU usage (% each core): [13.4, 13.4, 11.5, 13.5, 11.5, 11.5, 100.0, 12.4]
RAM usage: svmem(total=33615839232, available=18322235392, percent=45.5, used=14805991424, free=10001784832, active=18666369024, inactive=3601473536, buffers=945258496, cached=7862804480, shared=74227712)
SWAP usage: sswap(total=34263265280, used=0, free=34263265280, percent=0.0, sin=0, sout=0)
          types |   # objects |   total size
=============== | =========== | ============
  <class 'bytes |           8 |    818     B
iter = 924
CPU usage (% each core): [15.8, 16.8, 15.7, 17.6, 16.7, 16.7, 100.0, 16.8]
RAM usage: svmem(total=33615839232, available=18322767872, percent=45.5, used=14805458944, free=10002317312, active=18666369024, inactive=3601473536, buffers=945258496, cached=7862804480, shared=74227712)
SWAP usage: sswap(total=34263265280, used=0, free=34263265280, percent=0.0, sin=0, sout=0)
          types |   # objects |   total size
=============== | =========== | ============
  <class 'bytes |           7 |    741     B
   <class 'list |           0 |    224     B
    <class 'int |           1 |     28     B
iter = 925
CPU usage (% each core): [14.1, 15.2, 100.0, 11.3, 13.4, 11.2, 10.2, 11.2]
RAM usage: svmem(total=33615839232, available=18322239488, percent=45.5, used=14805991424, free=10001784832, active=18666586112, inactive=3601473536, buffers=945258496, cached=7862804480, shared=74227712)
SWAP usage: sswap(total=34263265280, used=0, free=34263265280, percent=0.0, sin=0, sout=0)
          types |   # objects |   total size
=============== | =========== | ============
  <class 'bytes |           9 |    895     B
iter = 926
CPU usage (% each core): [11.2, 14.1, 100.0, 15.2, 12.1, 12.1, 11.2, 13.1]
RAM usage: svmem(total=33615839232, available=18322100224, percent=45.5, used=14806130688, free=10001645568, active=18666291200, inactive=3601473536, buffers=945258496, cached=7862804480, shared=74227712)
SWAP usage: sswap(total=34263265280, used=0, free=34263265280, percent=0.0, sin=0, sout=0)
          types |   # objects |   total size
=============== | =========== | ============
  <class 'bytes |           7 |    741     B
   <class 'list |           0 |    256     B
    <class 'int |          -1 |    -28     B
iter = 927
CPU usage (% each core): [14.0, 12.2, 100.0, 15.2, 12.1, 11.2, 11.1, 12.1]
RAM usage: svmem(total=33615839232, available=18321842176, percent=45.5, used=14806388736, free=10001387520, active=18666291200, inactive=3601473536, buffers=945258496, cached=7862804480, shared=74227712)
SWAP usage: sswap(total=34263265280, used=0, free=34263265280, percent=0.0, sin=0, sout=0)
          types |   # objects |   total size
=============== | =========== | ============
  <class 'bytes |           9 |    895     B
iter = 928
CPU usage (% each core): [13.4, 13.1, 100.0, 12.4, 10.3, 12.2, 12.1, 16.2]
RAM usage: svmem(total=33615839232, available=18323116032, percent=45.5, used=14805114880, free=10002661376, active=18666479616, inactive=3601473536, buffers=945258496, cached=7862804480, shared=74227712)
SWAP usage: sswap(total=34263265280, used=0, free=34263265280, percent=0.0, sin=0, sout=0)
          types |   # objects |     total size
=============== | =========== | ==============
    <class 'int |           1 |       28     B
   <class 'list |           0 |    -1800     B
  <class 'bytes |        -112 |   -11299     B
iter = 929
CPU usage (% each core): [12.4, 15.6, 100.0, 13.4, 13.3, 12.5, 9.5, 12.5]
RAM usage: svmem(total=33615839232, available=18322690048, percent=45.5, used=14805540864, free=10002227200, active=18666483712, inactive=3601477632, buffers=945258496, cached=7862812672, shared=74227712)
SWAP usage: sswap(total=34263265280, used=0, free=34263265280, percent=0.0, sin=0, sout=0)
          types |   # objects |   total size
=============== | =========== | ============
  <class 'bytes |           9 |    904     B
   <class 'list |           0 |    136     B
    <class 'int |          -1 |    -28     B
iter = 930
CPU usage (% each core): [14.4, 10.3, 100.0, 16.5, 13.5, 13.4, 12.4, 13.4]
RAM usage: svmem(total=33615839232, available=18322006016, percent=45.5, used=14806224896, free=10001543168, active=18666708992, inactive=3601477632, buffers=945258496, cached=7862812672, shared=74227712)
SWAP usage: sswap(total=34263265280, used=0, free=34263265280, percent=0.0, sin=0, sout=0)
          types |   # objects |   total size
=============== | =========== | ============
  <class 'bytes |           9 |    895     B
   <class 'list |           0 |    168     B
    <class 'int |           1 |     28     B
iter = 931
CPU usage (% each core): [19.8, 18.8, 100.0, 20.6, 18.6, 18.6, 17.6, 18.6]
RAM usage: svmem(total=33615839232, available=18322358272, percent=45.5, used=14805872640, free=10001895424, active=18666434560, inactive=3601477632, buffers=945258496, cached=7862812672, shared=74227712)
SWAP usage: sswap(total=34263265280, used=0, free=34263265280, percent=0.0, sin=0, sout=0)
          types |   # objects |   total size
=============== | =========== | ============
  <class 'bytes |           9 |    895     B
   <class 'list |           0 |    208     B
iter = 932
CPU usage (% each core): [18.4, 15.4, 100.0, 15.7, 15.4, 14.6, 17.3, 15.4]
RAM usage: svmem(total=33615839232, available=18322993152, percent=45.5, used=14805237760, free=10002530304, active=18666434560, inactive=3601477632, buffers=945258496, cached=7862812672, shared=74227712)
SWAP usage: sswap(total=34263265280, used=0, free=34263265280, percent=0.0, sin=0, sout=0)
          types |   # objects |   total size
=============== | =========== | ============
  <class 'bytes |           8 |    818     B
   <class 'list |           0 |    128     B
iter = 933
CPU usage (% each core): [11.9, 15.0, 100.0, 12.1, 13.1, 12.1, 11.1, 12.0]
RAM usage: svmem(total=33615839232, available=18322739200, percent=45.5, used=14805491712, free=10002276352, active=18666708992, inactive=3601477632, buffers=945258496, cached=7862812672, shared=74227712)
SWAP usage: sswap(total=34263265280, used=0, free=34263265280, percent=0.0, sin=0, sout=0)
          types |   # objects |   total size
=============== | =========== | ============
  <class 'bytes |           8 |    818     B
   <class 'list |           0 |    144     B
iter = 934
CPU usage (% each core): [11.5, 11.2, 100.0, 9.3, 13.4, 11.1, 11.1, 10.3]
RAM usage: svmem(total=33615839232, available=18322612224, percent=45.5, used=14805618688, free=10002149376, active=18666708992, inactive=3601477632, buffers=945258496, cached=7862812672, shared=74227712)
SWAP usage: sswap(total=34263265280, used=0, free=34263265280, percent=0.0, sin=0, sout=0)
          types |   # objects |   total size
=============== | =========== | ============
  <class 'bytes |           8 |    817     B
   <class 'list |           0 |    160     B
iter = 935
CPU usage (% each core): [12.5, 12.5, 100.0, 13.5, 11.5, 11.5, 10.4, 12.4]
RAM usage: svmem(total=33615839232, available=18322071552, percent=45.5, used=14806159360, free=10001608704, active=18666434560, inactive=3601477632, buffers=945258496, cached=7862812672, shared=74227712)
SWAP usage: sswap(total=34263265280, used=0, free=34263265280, percent=0.0, sin=0, sout=0)
          types |   # objects |   total size
=============== | =========== | ============
  <class 'bytes |           8 |    818     B
    <class 'int |          -1 |    -28     B
iter = 936
CPU usage (% each core): [13.1, 12.1, 100.0, 13.3, 12.1, 11.2, 11.1, 11.2]
RAM usage: svmem(total=33615839232, available=18322485248, percent=45.5, used=14805745664, free=10002022400, active=18666434560, inactive=3601477632, buffers=945258496, cached=7862812672, shared=74227712)
SWAP usage: sswap(total=34263265280, used=0, free=34263265280, percent=0.0, sin=0, sout=0)
          types |   # objects |   total size
=============== | =========== | ============
  <class 'bytes |           8 |    818     B
   <class 'list |           0 |    176     B
    <class 'int |           1 |     28     B
iter = 937
CPU usage (% each core): [12.1, 13.1, 100.0, 11.1, 12.1, 13.0, 12.0, 13.0]
RAM usage: svmem(total=33615839232, available=18322452480, percent=45.5, used=14805778432, free=10001989632, active=18666434560, inactive=3601477632, buffers=945258496, cached=7862812672, shared=74227712)
SWAP usage: sswap(total=34263265280, used=0, free=34263265280, percent=0.0, sin=0, sout=0)
          types |   # objects |   total size
=============== | =========== | ============
  <class 'bytes |           9 |    895     B
   <class 'list |           0 |    200     B
iter = 938
CPU usage (% each core): [12.2, 12.2, 100.0, 11.2, 12.1, 11.2, 11.2, 12.1]
RAM usage: svmem(total=33615839232, available=18322665472, percent=45.5, used=14805565440, free=10002202624, active=18666405888, inactive=3601477632, buffers=945258496, cached=7862812672, shared=74227712)
SWAP usage: sswap(total=34263265280, used=0, free=34263265280, percent=0.0, sin=0, sout=0)
          types |   # objects |   total size
=============== | =========== | ============
  <class 'bytes |           8 |    818     B
iter = 939
CPU usage (% each core): [10.8, 11.7, 12.7, 13.7, 11.8, 99.0, 10.8, 10.8]
RAM usage: svmem(total=33615839232, available=18321960960, percent=45.5, used=14806269952, free=10001498112, active=18666405888, inactive=3601477632, buffers=945258496, cached=7862812672, shared=74227712)
SWAP usage: sswap(total=34263265280, used=0, free=34263265280, percent=0.0, sin=0, sout=0)
          types |   # objects |   total size
=============== | =========== | ============
  <class 'bytes |           7 |    740     B
   <class 'list |           0 |    224     B
iter = 940
CPU usage (% each core): [13.5, 10.5, 12.6, 10.4, 11.6, 100.0, 11.6, 11.6]
RAM usage: svmem(total=33615839232, available=18322636800, percent=45.5, used=14805594112, free=10002173952, active=18666405888, inactive=3601477632, buffers=945258496, cached=7862812672, shared=74227712)
SWAP usage: sswap(total=34263265280, used=0, free=34263265280, percent=0.0, sin=0, sout=0)
          types |   # objects |   total size
=============== | =========== | ============
  <class 'bytes |           8 |    818     B
   <class 'list |           0 |    256     B
iter = 941
CPU usage (% each core): [12.6, 11.5, 10.5, 11.6, 12.5, 100.0, 8.3, 13.5]
RAM usage: svmem(total=33615839232, available=18322890752, percent=45.5, used=14805340160, free=10002427904, active=18666373120, inactive=3601477632, buffers=945258496, cached=7862812672, shared=74227712)
SWAP usage: sswap(total=34263265280, used=0, free=34263265280, percent=0.0, sin=0, sout=0)
          types |   # objects |   total size
=============== | =========== | ============
  <class 'bytes |           8 |    817     B
iter = 942
CPU usage (% each core): [9.5, 10.5, 13.7, 12.8, 11.6, 100.0, 12.6, 10.6]
RAM usage: svmem(total=33615839232, available=18321891328, percent=45.5, used=14806339584, free=10001428480, active=18666377216, inactive=3601477632, buffers=945258496, cached=7862812672, shared=74227712)
SWAP usage: sswap(total=34263265280, used=0, free=34263265280, percent=0.0, sin=0, sout=0)
          types |   # objects |     total size
=============== | =========== | ==============
   <class 'list |           0 |    -1832     B
  <class 'bytes |        -109 |   -11231     B
iter = 943
CPU usage (% each core): [13.7, 8.5, 12.4, 14.4, 12.6, 100.0, 8.4, 13.5]
RAM usage: svmem(total=33615839232, available=18322010112, percent=45.5, used=14806212608, free=10001547264, active=18666676224, inactive=3601477632, buffers=945258496, cached=7862820864, shared=74227712)
SWAP usage: sswap(total=34263265280, used=0, free=34263265280, percent=0.0, sin=0, sout=0)
          types |   # objects |   total size
=============== | =========== | ============
  <class 'bytes |           8 |    824     B
   <class 'list |           0 |    168     B
    <class 'int |          -1 |    -28     B
iter = 944
CPU usage (% each core): [12.5, 11.6, 10.5, 9.5, 11.6, 100.0, 10.4, 11.5]
RAM usage: svmem(total=33615839232, available=18322284544, percent=45.5, used=14805946368, free=10001813504, active=18666381312, inactive=3601481728, buffers=945258496, cached=7862820864, shared=74227712)
SWAP usage: sswap(total=34263265280, used=0, free=34263265280, percent=0.0, sin=0, sout=0)
          types |   # objects |   total size
=============== | =========== | ============
  <class 'bytes |           9 |    894     B
   <class 'list |           0 |     80     B
iter = 945
CPU usage (% each core): [14.6, 11.5, 15.6, 15.6, 14.7, 100.0, 14.7, 14.6]
RAM usage: svmem(total=33615839232, available=18321932288, percent=45.5, used=14806298624, free=10001461248, active=18666381312, inactive=3601481728, buffers=945258496, cached=7862820864, shared=74227712)
SWAP usage: sswap(total=34263265280, used=0, free=34263265280, percent=0.0, sin=0, sout=0)
          types |   # objects |   total size
=============== | =========== | ============
  <class 'bytes |           8 |    818     B
   <class 'list |           0 |    184     B
    <class 'int |           1 |     28     B
iter = 946
CPU usage (% each core): [11.8, 11.6, 13.8, 12.6, 11.6, 100.0, 12.8, 11.7]
RAM usage: svmem(total=33615839232, available=18321739776, percent=45.5, used=14806491136, free=10001268736, active=18666590208, inactive=3601481728, buffers=945258496, cached=7862820864, shared=74227712)
SWAP usage: sswap(total=34263265280, used=0, free=34263265280, percent=0.0, sin=0, sout=0)
          types |   # objects |   total size
=============== | =========== | ============
  <class 'bytes |           9 |    895     B
   <class 'list |           0 |    112     B
iter = 947
CPU usage (% each core): [14.4, 12.2, 13.4, 16.5, 14.3, 100.0, 13.5, 12.5]
RAM usage: svmem(total=33615839232, available=18321604608, percent=45.5, used=14806626304, free=10001133568, active=18666409984, inactive=3601481728, buffers=945258496, cached=7862820864, shared=74227712)
SWAP usage: sswap(total=34263265280, used=0, free=34263265280, percent=0.0, sin=0, sout=0)
          types |   # objects |   total size
=============== | =========== | ============
  <class 'bytes |           8 |    818     B
   <class 'list |           0 |    128     B
    <class 'int |          -1 |    -28     B
iter = 948
CPU usage (% each core): [12.5, 11.6, 15.6, 13.7, 13.5, 100.0, 13.4, 13.5]
RAM usage: svmem(total=33615839232, available=18321440768, percent=45.5, used=14806790144, free=10000969728, active=18666409984, inactive=3601481728, buffers=945258496, cached=7862820864, shared=74227712)
SWAP usage: sswap(total=34263265280, used=0, free=34263265280, percent=0.0, sin=0, sout=0)
          types |   # objects |   total size
=============== | =========== | ============
  <class 'bytes |           9 |    895     B
   <class 'list |           0 |    144     B
iter = 949
CPU usage (% each core): [14.9, 11.6, 11.7, 12.8, 11.7, 100.0, 10.6, 11.6]
RAM usage: svmem(total=33615839232, available=18321821696, percent=45.5, used=14806409216, free=10001350656, active=18666409984, inactive=3601481728, buffers=945258496, cached=7862820864, shared=74227712)
SWAP usage: sswap(total=34263265280, used=0, free=34263265280, percent=0.0, sin=0, sout=0)
          types |   # objects |   total size
=============== | =========== | ============
  <class 'bytes |           8 |    818     B
   <class 'list |           0 |    160     B
iter = 950
CPU usage (% each core): [13.4, 100.0, 10.5, 13.4, 12.4, 11.5, 12.6, 12.5]
RAM usage: svmem(total=33615839232, available=18321018880, percent=45.5, used=14807212032, free=10000547840, active=18666409984, inactive=3601481728, buffers=945258496, cached=7862820864, shared=74227712)
SWAP usage: sswap(total=34263265280, used=0, free=34263265280, percent=0.0, sin=0, sout=0)
          types |   # objects |   total size
=============== | =========== | ============
  <class 'bytes |           8 |    818     B
   <class 'list |           0 |    176     B
    <class 'int |           1 |     28     B
iter = 951
CPU usage (% each core): [12.5, 100.0, 13.5, 13.7, 10.8, 11.5, 14.4, 11.6]
RAM usage: svmem(total=33615839232, available=18320883712, percent=45.5, used=14807347200, free=10000412672, active=18666983424, inactive=3601481728, buffers=945258496, cached=7862820864, shared=74227712)
SWAP usage: sswap(total=34263265280, used=0, free=34263265280, percent=0.0, sin=0, sout=0)
          types |   # objects |   total size
=============== | =========== | ============
  <class 'bytes |           9 |    895     B
   <class 'list |           0 |    200     B
iter = 952
CPU usage (% each core): [12.5, 100.0, 12.2, 14.3, 12.2, 12.2, 11.6, 13.1]
RAM usage: svmem(total=33615839232, available=18321489920, percent=45.5, used=14806740992, free=10001018880, active=18666520576, inactive=3601481728, buffers=945258496, cached=7862820864, shared=74227712)
SWAP usage: sswap(total=34263265280, used=0, free=34263265280, percent=0.0, sin=0, sout=0)
          types |   # objects |   total size
=============== | =========== | ============
  <class 'bytes |           8 |    818     B
    <class 'int |          -1 |    -28     B
iter = 953
CPU usage (% each core): [12.2, 10.4, 13.5, 13.4, 11.3, 100.0, 14.1, 12.4]
RAM usage: svmem(total=33615839232, available=18322006016, percent=45.5, used=14806220800, free=10001534976, active=18666524672, inactive=3601477632, buffers=945258496, cached=7862824960, shared=74231808)
SWAP usage: sswap(total=34263265280, used=0, free=34263265280, percent=0.0, sin=0, sout=0)
          types |   # objects |   total size
=============== | =========== | ============
  <class 'bytes |           8 |    818     B
   <class 'list |           0 |    224     B
iter = 954
CPU usage (% each core): [12.6, 12.5, 13.7, 13.7, 12.6, 100.0, 12.8, 12.5]
RAM usage: svmem(total=33615839232, available=18322407424, percent=45.5, used=14805823488, free=10001936384, active=18666414080, inactive=3601477632, buffers=945258496, cached=7862820864, shared=74227712)
SWAP usage: sswap(total=34263265280, used=0, free=34263265280, percent=0.0, sin=0, sout=0)
          types |   # objects |   total size
=============== | =========== | ============
  <class 'bytes |           8 |    818     B
    <class 'int |           1 |     28     B
iter = 955
CPU usage (% each core): [12.5, 11.3, 12.4, 15.5, 12.4, 100.0, 14.4, 11.5]
RAM usage: svmem(total=33615839232, available=18322399232, percent=45.5, used=14805831680, free=10001928192, active=18666414080, inactive=3601477632, buffers=945258496, cached=7862820864, shared=74227712)
SWAP usage: sswap(total=34263265280, used=0, free=34263265280, percent=0.0, sin=0, sout=0)
          types |   # objects |   total size
=============== | =========== | ============
  <class 'bytes |           8 |    818     B
   <class 'list |           0 |    256     B
iter = 956
CPU usage (% each core): [13.8, 10.6, 14.7, 15.6, 11.7, 100.0, 12.6, 12.5]
RAM usage: svmem(total=33615839232, available=18322673664, percent=45.5, used=14805557248, free=10002202624, active=18666373120, inactive=3601477632, buffers=945258496, cached=7862820864, shared=74227712)
SWAP usage: sswap(total=34263265280, used=0, free=34263265280, percent=0.0, sin=0, sout=0)
          types |   # objects |   total size
=============== | =========== | ============
  <class 'bytes |           8 |    818     B
iter = 957
CPU usage (% each core): [11.3, 13.3, 13.4, 14.4, 14.1, 100.0, 12.4, 12.5]
RAM usage: svmem(total=33615839232, available=18322628608, percent=45.5, used=14805602304, free=10002157568, active=18666373120, inactive=3601477632, buffers=945258496, cached=7862820864, shared=74227712)
SWAP usage: sswap(total=34263265280, used=0, free=34263265280, percent=0.0, sin=0, sout=0)
          types |   # objects |     total size
=============== | =========== | ==============
   <class 'list |           0 |    -1800     B
  <class 'bytes |        -113 |   -11298     B
iter = 958
CPU usage (% each core): [13.7, 10.6, 13.7, 10.6, 11.7, 100.0, 12.6, 11.6]
RAM usage: svmem(total=33615839232, available=18322714624, percent=45.5, used=14805516288, free=10002235392, active=18666377216, inactive=3601481728, buffers=945258496, cached=7862829056, shared=74227712)
SWAP usage: sswap(total=34263265280, used=0, free=34263265280, percent=0.0, sin=0, sout=0)
          types |   # objects |   total size
=============== | =========== | ============
  <class 'bytes |           8 |    826     B
   <class 'list |           0 |    136     B
    <class 'int |          -1 |    -28     B
iter = 959
CPU usage (% each core): [12.6, 11.6, 11.7, 11.6, 11.7, 100.0, 9.5, 12.6]
RAM usage: svmem(total=33615839232, available=18322808832, percent=45.5, used=14805422080, free=10002329600, active=18666385408, inactive=3601481728, buffers=945258496, cached=7862829056, shared=74227712)
SWAP usage: sswap(total=34263265280, used=0, free=34263265280, percent=0.0, sin=0, sout=0)
          types |   # objects |   total size
=============== | =========== | ============
  <class 'bytes |           9 |    894     B
   <class 'list |           0 |    168     B
    <class 'int |           1 |     28     B
iter = 960
CPU usage (% each core): [15.5, 11.5, 11.5, 15.8, 13.5, 100.0, 10.3, 14.6]
RAM usage: svmem(total=33615839232, available=18322489344, percent=45.5, used=14805741568, free=10002010112, active=18666385408, inactive=3601481728, buffers=945258496, cached=7862829056, shared=74227712)
SWAP usage: sswap(total=34263265280, used=0, free=34263265280, percent=0.0, sin=0, sout=0)
          types |   # objects |   total size
=============== | =========== | ============
  <class 'bytes |           9 |    895     B
   <class 'list |           0 |    208     B
iter = 961
CPU usage (% each core): [13.5, 13.4, 15.5, 15.5, 12.4, 100.0, 11.2, 13.4]
RAM usage: svmem(total=33615839232, available=18318213120, percent=45.5, used=14810005504, free=9997733888, active=18670981120, inactive=3601494016, buffers=945258496, cached=7862841344, shared=74240000)
SWAP usage: sswap(total=34263265280, used=0, free=34263265280, percent=0.0, sin=0, sout=0)
          types |   # objects |   total size
=============== | =========== | ============
  <class 'bytes |           8 |    817     B
   <class 'list |           0 |    128     B
iter = 962
CPU usage (% each core): [13.5, 10.4, 12.5, 13.5, 11.6, 100.0, 11.6, 12.5]
RAM usage: svmem(total=33615839232, available=18318417920, percent=45.5, used=14809800704, free=9997938688, active=18671116288, inactive=3601494016, buffers=945258496, cached=7862841344, shared=74240000)
SWAP usage: sswap(total=34263265280, used=0, free=34263265280, percent=0.0, sin=0, sout=0)
          types |   # objects |   total size
=============== | =========== | ============
  <class 'bytes |           8 |    817     B
   <class 'list |           0 |    144     B
iter = 963
CPU usage (% each core): [12.6, 11.6, 10.6, 12.6, 13.5, 100.0, 13.5, 12.6]
RAM usage: svmem(total=33615839232, available=18318331904, percent=45.5, used=14809886720, free=9997852672, active=18671161344, inactive=3601494016, buffers=945258496, cached=7862841344, shared=74240000)
SWAP usage: sswap(total=34263265280, used=0, free=34263265280, percent=0.0, sin=0, sout=0)
          types |   # objects |   total size
=============== | =========== | ============
  <class 'bytes |           8 |    817     B
   <class 'list |           0 |    160     B
iter = 964
CPU usage (% each core): [13.5, 11.6, 14.4, 12.6, 11.6, 100.0, 12.5, 12.5]
RAM usage: svmem(total=33615839232, available=18318061568, percent=45.5, used=14810157056, free=9997582336, active=18671104000, inactive=3601494016, buffers=945258496, cached=7862841344, shared=74240000)
SWAP usage: sswap(total=34263265280, used=0, free=34263265280, percent=0.0, sin=0, sout=0)
          types |   # objects |   total size
=============== | =========== | ============
  <class 'bytes |           8 |    817     B
    <class 'int |          -1 |    -28     B
iter = 965
CPU usage (% each core): [14.6, 11.6, 12.6, 12.8, 12.6, 100.0, 12.9, 12.6]
RAM usage: svmem(total=33615839232, available=18318114816, percent=45.5, used=14810103808, free=9997635584, active=18671104000, inactive=3601494016, buffers=945258496, cached=7862841344, shared=74240000)
SWAP usage: sswap(total=34263265280, used=0, free=34263265280, percent=0.0, sin=0, sout=0)
          types |   # objects |   total size
=============== | =========== | ============
  <class 'bytes |           8 |    817     B
   <class 'list |           0 |    176     B
    <class 'int |           1 |     28     B
iter = 966
CPU usage (% each core): [14.7, 11.3, 12.5, 11.5, 13.4, 100.0, 12.4, 12.4]
RAM usage: svmem(total=33615839232, available=18317340672, percent=45.5, used=14810877952, free=9996861440, active=18671161344, inactive=3601494016, buffers=945258496, cached=7862841344, shared=74240000)
SWAP usage: sswap(total=34263265280, used=0, free=34263265280, percent=0.0, sin=0, sout=0)
          types |   # objects |   total size
=============== | =========== | ============
  <class 'bytes |           9 |    894     B
   <class 'list |           0 |    200     B
iter = 967
CPU usage (% each core): [16.2, 16.0, 17.3, 16.2, 16.0, 100.0, 15.2, 14.3]
RAM usage: svmem(total=33615839232, available=18317582336, percent=45.5, used=14810636288, free=9997103104, active=18671177728, inactive=3601494016, buffers=945258496, cached=7862841344, shared=74240000)
SWAP usage: sswap(total=34263265280, used=0, free=34263265280, percent=0.0, sin=0, sout=0)
          types |   # objects |   total size
=============== | =========== | ============
  <class 'bytes |           8 |    817     B
iter = 968
CPU usage (% each core): [12.6, 100.0, 11.7, 13.5, 11.7, 11.6, 12.5, 13.5]
RAM usage: svmem(total=33615839232, available=18315927552, percent=45.5, used=14812291072, free=9995448320, active=18671476736, inactive=3601494016, buffers=945258496, cached=7862841344, shared=74240000)
SWAP usage: sswap(total=34263265280, used=0, free=34263265280, percent=0.0, sin=0, sout=0)
          types |   # objects |   total size
=============== | =========== | ============
  <class 'bytes |           7 |    740     B
   <class 'list |           0 |    224     B
iter = 969
CPU usage (% each core): [12.1, 100.0, 14.1, 12.2, 12.2, 10.2, 11.2, 10.3]
RAM usage: svmem(total=33615839232, available=18315300864, percent=45.5, used=14812917760, free=9994821632, active=18669129728, inactive=3601489920, buffers=945258496, cached=7862841344, shared=74240000)
SWAP usage: sswap(total=34263265280, used=0, free=34263265280, percent=0.0, sin=0, sout=0)
          types |   # objects |   total size
=============== | =========== | ============
  <class 'bytes |           8 |    817     B
   <class 'list |           0 |    256     B
iter = 970
CPU usage (% each core): [12.8, 100.0, 13.5, 14.6, 12.6, 13.4, 12.5, 12.5]
RAM usage: svmem(total=33615839232, available=18316025856, percent=45.5, used=14812192768, free=9995546624, active=18669125632, inactive=3601489920, buffers=945258496, cached=7862841344, shared=74240000)
SWAP usage: sswap(total=34263265280, used=0, free=34263265280, percent=0.0, sin=0, sout=0)
          types |   # objects |   total size
=============== | =========== | ============
  <class 'bytes |           8 |    817     B
iter = 971
CPU usage (% each core): [11.2, 100.0, 12.2, 14.4, 12.2, 11.2, 11.2, 11.3]
RAM usage: svmem(total=33615839232, available=18315763712, percent=45.5, used=14812454912, free=9995284480, active=18669125632, inactive=3601489920, buffers=945258496, cached=7862841344, shared=74240000)
SWAP usage: sswap(total=34263265280, used=0, free=34263265280, percent=0.0, sin=0, sout=0)
          types |   # objects |     total size
=============== | =========== | ==============
   <class 'list |           0 |    -1832     B
  <class 'bytes |        -109 |   -11252     B
iter = 972
CPU usage (% each core): [16.0, 100.0, 15.0, 15.8, 14.0, 14.0, 14.0, 14.9]
RAM usage: svmem(total=33615839232, available=18316660736, percent=45.5, used=14811549696, free=9996181504, active=18669424640, inactive=3601489920, buffers=945258496, cached=7862849536, shared=74240000)
SWAP usage: sswap(total=34263265280, used=0, free=34263265280, percent=0.0, sin=0, sout=0)
          types |   # objects |   total size
=============== | =========== | ============
  <class 'bytes |           8 |    825     B
   <class 'list |           0 |    168     B
    <class 'int |          -1 |    -28     B
iter = 973
CPU usage (% each core): [13.7, 12.5, 14.6, 13.7, 14.6, 100.0, 13.7, 13.5]
RAM usage: svmem(total=33615839232, available=18316271616, percent=45.5, used=14811947008, free=9995784192, active=18669137920, inactive=3601494016, buffers=945258496, cached=7862849536, shared=74240000)
SWAP usage: sswap(total=34263265280, used=0, free=34263265280, percent=0.0, sin=0, sout=0)
          types |   # objects |   total size
=============== | =========== | ============
  <class 'bytes |           9 |    894     B
   <class 'list |           0 |     80     B
iter = 974
CPU usage (% each core): [20.2, 16.3, 24.7, 19.6, 20.4, 100.0, 20.0, 18.2]
RAM usage: svmem(total=33615839232, available=18316038144, percent=45.5, used=14812180480, free=9995550720, active=18669137920, inactive=3601494016, buffers=945258496, cached=7862849536, shared=74240000)
SWAP usage: sswap(total=34263265280, used=0, free=34263265280, percent=0.0, sin=0, sout=0)
          types |   # objects |   total size
=============== | =========== | ============
  <class 'bytes |           8 |    817     B
   <class 'list |           0 |    184     B
    <class 'int |           1 |     28     B
iter = 975
CPU usage (% each core): [27.6, 19.0, 31.3, 42.1, 21.4, 100.0, 35.4, 24.5]
RAM usage: svmem(total=33615839232, available=18316660736, percent=45.5, used=14811557888, free=9996173312, active=18668838912, inactive=3601494016, buffers=945258496, cached=7862849536, shared=74240000)
SWAP usage: sswap(total=34263265280, used=0, free=34263265280, percent=0.0, sin=0, sout=0)
          types |   # objects |   total size
=============== | =========== | ============
  <class 'bytes |           9 |    894     B
   <class 'list |           0 |    112     B
iter = 976
CPU usage (% each core): [21.2, 25.5, 25.7, 29.2, 21.0, 100.0, 20.0, 22.6]
RAM usage: svmem(total=33615839232, available=18316017664, percent=45.5, used=14812200960, free=9995530240, active=18668945408, inactive=3601494016, buffers=945258496, cached=7862849536, shared=74240000)
SWAP usage: sswap(total=34263265280, used=0, free=34263265280, percent=0.0, sin=0, sout=0)
          types |   # objects |   total size
=============== | =========== | ============
  <class 'bytes |           8 |    817     B
   <class 'list |           0 |    128     B
    <class 'int |          -1 |    -28     B
iter = 977
CPU usage (% each core): [28.7, 19.6, 35.1, 22.5, 30.7, 100.0, 22.3, 25.5]
RAM usage: svmem(total=33615839232, available=18316644352, percent=45.5, used=14811574272, free=9996156928, active=18670874624, inactive=3601494016, buffers=945258496, cached=7862849536, shared=74240000)
SWAP usage: sswap(total=34263265280, used=0, free=34263265280, percent=0.0, sin=0, sout=0)
          types |   # objects |   total size
=============== | =========== | ============
  <class 'bytes |           9 |    894     B
   <class 'list |           0 |    144     B
iter = 978
CPU usage (% each core): [23.5, 17.0, 21.0, 18.4, 20.0, 100.0, 17.3, 18.0]
RAM usage: svmem(total=33615839232, available=18317656064, percent=45.5, used=14810562560, free=9997168640, active=18671120384, inactive=3601494016, buffers=945258496, cached=7862849536, shared=74240000)
SWAP usage: sswap(total=34263265280, used=0, free=34263265280, percent=0.0, sin=0, sout=0)
          types |   # objects |   total size
=============== | =========== | ============
  <class 'bytes |           8 |    817     B
   <class 'list |           0 |    160     B
iter = 979
CPU usage (% each core): [10.8, 10.6, 15.8, 14.9, 10.8, 100.0, 10.8, 10.9]
RAM usage: svmem(total=33615839232, available=18316357632, percent=45.5, used=14811860992, free=9995870208, active=18671390720, inactive=3601494016, buffers=945258496, cached=7862849536, shared=74240000)
SWAP usage: sswap(total=34263265280, used=0, free=34263265280, percent=0.0, sin=0, sout=0)
          types |   # objects |   total size
=============== | =========== | ============
  <class 'bytes |           8 |    817     B
   <class 'list |           0 |    176     B
    <class 'int |           1 |     28     B
iter = 980
CPU usage (% each core): [19.0, 14.9, 12.2, 16.0, 13.9, 100.0, 15.7, 15.8]
RAM usage: svmem(total=33615839232, available=18316083200, percent=45.5, used=14812135424, free=9995595776, active=18670981120, inactive=3601494016, buffers=945258496, cached=7862849536, shared=74240000)
SWAP usage: sswap(total=34263265280, used=0, free=34263265280, percent=0.0, sin=0, sout=0)
          types |   # objects |   total size
=============== | =========== | ============
  <class 'bytes |           9 |    894     B
   <class 'list |           0 |    200     B
iter = 981
CPU usage (% each core): [11.3, 10.4, 9.4, 13.3, 11.3, 100.0, 11.5, 11.3]
RAM usage: svmem(total=33615839232, available=18316156928, percent=45.5, used=14812061696, free=9995669504, active=18670997504, inactive=3601494016, buffers=945258496, cached=7862849536, shared=74240000)
SWAP usage: sswap(total=34263265280, used=0, free=34263265280, percent=0.0, sin=0, sout=0)
          types |   # objects |   total size
=============== | =========== | ============
  <class 'bytes |           8 |    816     B
    <class 'int |          -1 |    -28     B
iter = 982
CPU usage (% each core): [14.4, 12.2, 14.3, 12.6, 12.5, 100.0, 12.5, 12.4]
RAM usage: svmem(total=33615839232, available=18316087296, percent=45.5, used=14812131328, free=9995599872, active=18670972928, inactive=3601494016, buffers=945258496, cached=7862849536, shared=74240000)
SWAP usage: sswap(total=34263265280, used=0, free=34263265280, percent=0.0, sin=0, sout=0)
          types |   # objects |   total size
=============== | =========== | ============
  <class 'bytes |           8 |    817     B
   <class 'list |           0 |    224     B
iter = 983
CPU usage (% each core): [13.4, 7.3, 12.5, 13.3, 11.3, 100.0, 11.3, 13.4]
RAM usage: svmem(total=33615839232, available=18315669504, percent=45.5, used=14812549120, free=9995182080, active=18670972928, inactive=3601494016, buffers=945258496, cached=7862849536, shared=74240000)
SWAP usage: sswap(total=34263265280, used=0, free=34263265280, percent=0.0, sin=0, sout=0)
          types |   # objects |   total size
=============== | =========== | ============
  <class 'bytes |           8 |    816     B
    <class 'int |           1 |     28     B
iter = 984
CPU usage (% each core): [12.5, 8.3, 10.4, 14.4, 11.5, 100.0, 11.6, 11.6]
RAM usage: svmem(total=33615839232, available=18315870208, percent=45.5, used=14812348416, free=9995382784, active=18671271936, inactive=3601494016, buffers=945258496, cached=7862849536, shared=74240000)
SWAP usage: sswap(total=34263265280, used=0, free=34263265280, percent=0.0, sin=0, sout=0)
          types |   # objects |   total size
=============== | =========== | ============
  <class 'bytes |           8 |    816     B
   <class 'list |           0 |    256     B
iter = 985
CPU usage (% each core): [13.8, 11.6, 12.6, 12.6, 11.7, 100.0, 12.5, 12.5]
RAM usage: svmem(total=33615839232, available=18315624448, percent=45.5, used=14812594176, free=9995137024, active=18671022080, inactive=3601494016, buffers=945258496, cached=7862849536, shared=74240000)
SWAP usage: sswap(total=34263265280, used=0, free=34263265280, percent=0.0, sin=0, sout=0)
          types |   # objects |   total size
=============== | =========== | ============
  <class 'bytes |           8 |    817     B
iter = 986
CPU usage (% each core): [9.4, 11.3, 14.6, 12.5, 13.3, 100.0, 13.3, 12.5]
RAM usage: svmem(total=33615839232, available=18316677120, percent=45.5, used=14811541504, free=9996189696, active=18671022080, inactive=3601494016, buffers=945258496, cached=7862849536, shared=74240000)
SWAP usage: sswap(total=34263265280, used=0, free=34263265280, percent=0.0, sin=0, sout=0)
          types |   # objects |     total size
=============== | =========== | ==============
   <class 'list |           0 |    -1800     B
  <class 'bytes |        -114 |   -11392     B
iter = 987
CPU usage (% each core): [10.6, 9.5, 12.5, 15.8, 11.6, 100.0, 11.7, 12.5]
RAM usage: svmem(total=33615839232, available=18316423168, percent=45.5, used=14811787264, free=9995935744, active=18671030272, inactive=3601494016, buffers=945258496, cached=7862857728, shared=74240000)
SWAP usage: sswap(total=34263265280, used=0, free=34263265280, percent=0.0, sin=0, sout=0)
          types |   # objects |   total size
=============== | =========== | ============
  <class 'bytes |           8 |    824     B
   <class 'list |           0 |    136     B
    <class 'int |          -1 |    -28     B
iter = 988
CPU usage (% each core): [13.7, 11.6, 12.8, 13.7, 11.7, 100.0, 12.8, 10.8]
RAM usage: svmem(total=33615839232, available=18316750848, percent=45.5, used=14811467776, free=9996255232, active=18671308800, inactive=3601498112, buffers=945258496, cached=7862857728, shared=74240000)
SWAP usage: sswap(total=34263265280, used=0, free=34263265280, percent=0.0, sin=0, sout=0)
          types |   # objects |   total size
=============== | =========== | ============
  <class 'bytes |           9 |    894     B
   <class 'list |           0 |    168     B
iter = 989
CPU usage (% each core): [14.9, 12.5, 16.7, 15.6, 15.6, 100.0, 14.7, 13.5]
RAM usage: svmem(total=33615839232, available=18316419072, percent=45.5, used=14811799552, free=9995923456, active=18671407104, inactive=3601498112, buffers=945258496, cached=7862857728, shared=74240000)
SWAP usage: sswap(total=34263265280, used=0, free=34263265280, percent=0.0, sin=0, sout=0)
          types |   # objects |   total size
=============== | =========== | ============
  <class 'bytes |           8 |    817     B
   <class 'list |           0 |     96     B
    <class 'int |           1 |     28     B
iter = 990
CPU usage (% each core): [13.4, 12.5, 12.5, 13.7, 12.5, 100.0, 13.4, 11.5]
RAM usage: svmem(total=33615839232, available=18316541952, percent=45.5, used=14811676672, free=9996046336, active=18671439872, inactive=3601498112, buffers=945258496, cached=7862857728, shared=74240000)
SWAP usage: sswap(total=34263265280, used=0, free=34263265280, percent=0.0, sin=0, sout=0)
          types |   # objects |   total size
=============== | =========== | ============
  <class 'bytes |           9 |    894     B
   <class 'list |           0 |    240     B
iter = 991
CPU usage (% each core): [12.4, 10.4, 14.4, 13.4, 12.4, 100.0, 11.5, 12.4]
RAM usage: svmem(total=33615839232, available=18316800000, percent=45.5, used=14811418624, free=9996304384, active=18671456256, inactive=3601498112, buffers=945258496, cached=7862857728, shared=74240000)
SWAP usage: sswap(total=34263265280, used=0, free=34263265280, percent=0.0, sin=0, sout=0)
          types |   # objects |   total size
=============== | =========== | ============
  <class 'bytes |           8 |    817     B
   <class 'list |           0 |    144     B
    <class 'int |          -1 |    -28     B
iter = 992
CPU usage (% each core): [16.7, 13.9, 15.0, 16.8, 14.9, 100.0, 15.7, 17.6]
RAM usage: svmem(total=33615839232, available=18316226560, percent=45.5, used=14811992064, free=9995730944, active=18671738880, inactive=3601498112, buffers=945258496, cached=7862857728, shared=74240000)
SWAP usage: sswap(total=34263265280, used=0, free=34263265280, percent=0.0, sin=0, sout=0)
          types |   # objects |   total size
=============== | =========== | ============
  <class 'bytes |           9 |    894     B
   <class 'list |           0 |    160     B
iter = 993
CPU usage (% each core): [16.2, 14.1, 16.2, 17.2, 15.2, 100.0, 15.2, 15.2]
RAM usage: svmem(total=33615839232, available=18316427264, percent=45.5, used=14811791360, free=9995923456, active=18671460352, inactive=3601498112, buffers=945266688, cached=7862857728, shared=74240000)
SWAP usage: sswap(total=34263265280, used=0, free=34263265280, percent=0.0, sin=0, sout=0)
          types |   # objects |   total size
=============== | =========== | ============
  <class 'bytes |           8 |    817     B
iter = 994
CPU usage (% each core): [12.2, 12.1, 14.1, 14.1, 13.1, 100.0, 12.2, 12.2]
RAM usage: svmem(total=33615839232, available=18316681216, percent=45.5, used=14811537408, free=9996177408, active=18671460352, inactive=3601498112, buffers=945266688, cached=7862857728, shared=74240000)
SWAP usage: sswap(total=34263265280, used=0, free=34263265280, percent=0.0, sin=0, sout=0)
          types |   # objects |   total size
=============== | =========== | ============
  <class 'bytes |           7 |    740     B
   <class 'list |           0 |    176     B
    <class 'int |           1 |     28     B
iter = 995
CPU usage (% each core): [13.3, 11.2, 10.3, 12.4, 11.3, 100.0, 11.2, 11.3]
RAM usage: svmem(total=33615839232, available=18316554240, percent=45.5, used=14811664384, free=9996050432, active=18671464448, inactive=3601498112, buffers=945266688, cached=7862857728, shared=74240000)
SWAP usage: sswap(total=34263265280, used=0, free=34263265280, percent=0.0, sin=0, sout=0)
          types |   # objects |   total size
=============== | =========== | ============
  <class 'bytes |           9 |    894     B
   <class 'list |           0 |    200     B
iter = 996
CPU usage (% each core): [20.8, 16.0, 18.8, 21.6, 18.8, 100.0, 19.8, 19.6]
RAM usage: svmem(total=33615839232, available=18316300288, percent=45.5, used=14811918336, free=9995796480, active=18671464448, inactive=3601498112, buffers=945266688, cached=7862857728, shared=74240000)
SWAP usage: sswap(total=34263265280, used=0, free=34263265280, percent=0.0, sin=0, sout=0)
          types |   # objects |   total size
=============== | =========== | ============
  <class 'bytes |           8 |    817     B
iter = 997
CPU usage (% each core): [15.2, 100.0, 14.4, 12.5, 13.1, 11.2, 11.3, 12.1]
RAM usage: svmem(total=33615839232, available=18315980800, percent=45.5, used=14812237824, free=9995476992, active=18671464448, inactive=3601498112, buffers=945266688, cached=7862857728, shared=74240000)
SWAP usage: sswap(total=34263265280, used=0, free=34263265280, percent=0.0, sin=0, sout=0)
          types |   # objects |   total size
=============== | =========== | ============
  <class 'bytes |           7 |    740     B
   <class 'list |           0 |    224     B
iter = 998
CPU usage (% each core): [12.5, 100.0, 11.3, 13.4, 11.6, 10.4, 12.4, 12.5]
RAM usage: svmem(total=33615839232, available=18316410880, percent=45.5, used=14811807744, free=9995907072, active=18671464448, inactive=3601498112, buffers=945270784, cached=7862853632, shared=74240000)
SWAP usage: sswap(total=34263265280, used=0, free=34263265280, percent=0.0, sin=0, sout=0)
          types |   # objects |   total size
=============== | =========== | ============
  <class 'bytes |           8 |    817     B
iter = 999
CPU usage (% each core): [19.4, 100.0, 17.5, 17.5, 17.5, 5.9, 17.5, 16.7]
RAM usage: svmem(total=33615839232, available=18316640256, percent=45.5, used=14811574272, free=9996136448, active=18671464448, inactive=3601498112, buffers=945270784, cached=7862857728, shared=74240000)
SWAP usage: sswap(total=34263265280, used=0, free=34263265280, percent=0.0, sin=0, sout=0)
          types |   # objects |   total size
=============== | =========== | ============
  <class 'bytes |           7 |    739     B
   <class 'list |           0 |    256     B
iter = 1000
CPU usage (% each core): [11.3, 100.0, 13.5, 11.5, 11.3, 9.2, 12.2, 12.2]
RAM usage: svmem(total=33615839232, available=18316554240, percent=45.5, used=14811660288, free=9996050432, active=18671472640, inactive=3601498112, buffers=945270784, cached=7862857728, shared=74240000)
SWAP usage: sswap(total=34263265280, used=0, free=34263265280, percent=0.0, sin=0, sout=0)
          types |   # objects |     total size
=============== | =========== | ==============
   <class 'list |           0 |    -1832     B
  <class 'bytes |        -107 |   -11063     B
iter = 1001
CPU usage (% each core): [13.4, 100.0, 14.4, 15.5, 14.4, 12.2, 15.2, 14.3]
RAM usage: svmem(total=33615839232, available=18316132352, percent=45.5, used=14812086272, free=9995616256, active=18671484928, inactive=3601502208, buffers=945270784, cached=7862865920, shared=74240000)
SWAP usage: sswap(total=34263265280, used=0, free=34263265280, percent=0.0, sin=0, sout=0)
          types |   # objects |   total size
=============== | =========== | ============
  <class 'bytes |           8 |    826     B
   <class 'list |           0 |    168     B
    <class 'int |          -1 |    -28     B
iter = 1002
CPU usage (% each core): [14.3, 100.0, 13.4, 10.2, 12.2, 10.4, 15.3, 11.3]
RAM usage: svmem(total=33615839232, available=18316439552, percent=45.5, used=14811779072, free=9995923456, active=18671472640, inactive=3601502208, buffers=945270784, cached=7862865920, shared=74240000)
SWAP usage: sswap(total=34263265280, used=0, free=34263265280, percent=0.0, sin=0, sout=0)
          types |   # objects |   total size
=============== | =========== | ============
  <class 'bytes |           9 |    895     B
   <class 'list |           0 |     80     B
iter = 1003
CPU usage (% each core): [16.5, 100.0, 13.7, 14.6, 14.6, 11.3, 14.6, 14.6]
RAM usage: svmem(total=33615839232, available=18316361728, percent=45.5, used=14811856896, free=9995845632, active=18671489024, inactive=3601502208, buffers=945270784, cached=7862865920, shared=74240000)
SWAP usage: sswap(total=34263265280, used=0, free=34263265280, percent=0.0, sin=0, sout=0)
          types |   # objects |   total size
=============== | =========== | ============
  <class 'bytes |           8 |    818     B
   <class 'list |           0 |    184     B
    <class 'int |           1 |     28     B
iter = 1004
CPU usage (% each core): [27.4, 54.6, 29.5, 30.5, 23.4, 67.6, 25.5, 25.5]
RAM usage: svmem(total=33615839232, available=18317864960, percent=45.5, used=14810308608, free=9997348864, active=18671489024, inactive=3601502208, buffers=945270784, cached=7862910976, shared=74285056)
SWAP usage: sswap(total=34263265280, used=0, free=34263265280, percent=0.0, sin=0, sout=0)
          types |   # objects |   total size
=============== | =========== | ============
  <class 'bytes |           9 |    894     B
   <class 'list |           0 |    112     B
iter = 1005
CPU usage (% each core): [100.0, 21.7, 25.5, 22.2, 20.8, 20.2, 18.9, 19.6]
RAM usage: svmem(total=33615839232, available=18317062144, percent=45.5, used=14811156480, free=9996546048, active=18671476736, inactive=3601502208, buffers=945274880, cached=7862861824, shared=74240000)
SWAP usage: sswap(total=34263265280, used=0, free=34263265280, percent=0.0, sin=0, sout=0)
          types |   # objects |   total size
=============== | =========== | ============
  <class 'bytes |           8 |    818     B
   <class 'list |           0 |    128     B
    <class 'int |          -1 |    -28     B
iter = 1006
CPU usage (% each core): [100.0, 27.6, 37.7, 29.5, 25.5, 32.7, 30.8, 26.7]
RAM usage: svmem(total=33615839232, available=18315362304, percent=45.5, used=14812127232, free=9994838016, active=18673324032, inactive=3602141184, buffers=945274880, cached=7863599104, shared=74969088)
SWAP usage: sswap(total=34263265280, used=0, free=34263265280, percent=0.0, sin=0, sout=0)
          types |   # objects |   total size
=============== | =========== | ============
  <class 'bytes |           9 |    895     B
   <class 'list |           0 |    144     B
iter = 1007
CPU usage (% each core): [100.0, 14.3, 13.4, 13.5, 12.5, 13.4, 14.4, 12.5]
RAM usage: svmem(total=33615839232, available=18314899456, percent=45.5, used=14812659712, free=9994375168, active=18673201152, inactive=3602083840, buffers=945274880, cached=7863529472, shared=74899456)
SWAP usage: sswap(total=34263265280, used=0, free=34263265280, percent=0.0, sin=0, sout=0)
          types |   # objects |   total size
=============== | =========== | ============
  <class 'bytes |           8 |    818     B
   <class 'list |           0 |    160     B
iter = 1008
CPU usage (% each core): [100.0, 10.5, 11.8, 12.8, 6.5, 11.7, 10.8, 11.7]
RAM usage: svmem(total=33615839232, available=18315194368, percent=45.5, used=14812364800, free=9994670080, active=18672844800, inactive=3602108416, buffers=945274880, cached=7863529472, shared=74899456)
SWAP usage: sswap(total=34263265280, used=0, free=34263265280, percent=0.0, sin=0, sout=0)
          types |   # objects |   total size
=============== | =========== | ============
  <class 'bytes |           8 |    817     B
   <class 'list |           0 |    176     B
    <class 'int |           1 |     28     B
iter = 1009
CPU usage (% each core): [100.0, 10.4, 14.4, 13.4, 13.4, 12.4, 13.3, 12.4]
RAM usage: svmem(total=33615839232, available=18315132928, percent=45.5, used=14812426240, free=9994608640, active=18672812032, inactive=3602165760, buffers=945274880, cached=7863529472, shared=74899456)
SWAP usage: sswap(total=34263265280, used=0, free=34263265280, percent=0.0, sin=0, sout=0)
          types |   # objects |   total size
=============== | =========== | ============
  <class 'bytes |           9 |    895     B
   <class 'list |           0 |    200     B
iter = 1010
CPU usage (% each core): [100.0, 28.9, 49.0, 39.6, 18.8, 48.5, 30.3, 30.3]
RAM usage: svmem(total=33615839232, available=18947751936, percent=43.6, used=14203494400, free=10630631424, active=18067681280, inactive=3574812672, buffers=945278976, cached=7836434432, shared=51208192)
SWAP usage: sswap(total=34263265280, used=0, free=34263265280, percent=0.0, sin=0, sout=0)
          types |   # objects |   total size
=============== | =========== | ============
  <class 'bytes |           8 |    819     B
    <class 'int |          -1 |    -28     B
iter = 1011
CPU usage (% each core): [100.0, 13.4, 11.5, 13.4, 11.3, 12.4, 13.4, 12.4]
RAM usage: svmem(total=33615839232, available=18948276224, percent=43.6, used=14202974208, free=10631630848, active=18066419712, inactive=3574308864, buffers=945278976, cached=7835955200, shared=51208192)
SWAP usage: sswap(total=34263265280, used=0, free=34263265280, percent=0.0, sin=0, sout=0)
          types |   # objects |   total size
=============== | =========== | ============
  <class 'bytes |           8 |    819     B
   <class 'list |           0 |    224     B
iter = 1012
CPU usage (% each core): [100.0, 14.6, 13.5, 18.4, 14.6, 14.6, 14.4, 13.5]
RAM usage: svmem(total=33615839232, available=18948403200, percent=43.6, used=14202900480, free=10631757824, active=18066403328, inactive=3574267904, buffers=945278976, cached=7835901952, shared=51154944)
SWAP usage: sswap(total=34263265280, used=0, free=34263265280, percent=0.0, sin=0, sout=0)
          types |   # objects |   total size
=============== | =========== | ============
  <class 'bytes |           8 |    819     B
    <class 'int |           1 |     28     B
iter = 1013
CPU usage (% each core): [100.0, 18.0, 17.0, 16.8, 15.0, 15.2, 16.0, 16.0]
RAM usage: svmem(total=33615839232, available=18948403200, percent=43.6, used=14202900480, free=10631757824, active=18066403328, inactive=3574267904, buffers=945278976, cached=7835901952, shared=51154944)
SWAP usage: sswap(total=34263265280, used=0, free=34263265280, percent=0.0, sin=0, sout=0)
          types |   # objects |   total size
=============== | =========== | ============
  <class 'bytes |           8 |    819     B
   <class 'list |           0 |    256     B
iter = 1014
CPU usage (% each core): [14.3, 16.0, 15.2, 16.2, 100.0, 17.2, 16.0, 14.3]
RAM usage: svmem(total=33615839232, available=18948022272, percent=43.6, used=14203281408, free=10631376896, active=18066403328, inactive=3574267904, buffers=945278976, cached=7835901952, shared=51154944)
SWAP usage: sswap(total=34263265280, used=0, free=34263265280, percent=0.0, sin=0, sout=0)
          types |   # objects |   total size
=============== | =========== | ============
  <class 'bytes |           8 |    819     B
iter = 1015
CPU usage (% each core): [11.2, 12.2, 12.2, 12.1, 100.0, 11.2, 12.2, 12.1]
RAM usage: svmem(total=33615839232, available=18947862528, percent=43.6, used=14203441152, free=10631217152, active=18066403328, inactive=3574267904, buffers=945278976, cached=7835901952, shared=51154944)
SWAP usage: sswap(total=34263265280, used=0, free=34263265280, percent=0.0, sin=0, sout=0)
          types |   # objects |     total size
=============== | =========== | ==============
   <class 'list |           0 |    -1736     B
  <class 'bytes |        -112 |   -11260     B
iter = 1016
CPU usage (% each core): [11.0, 12.2, 13.0, 12.2, 100.0, 12.0, 11.1, 12.1]
RAM usage: svmem(total=33615839232, available=18947870720, percent=43.6, used=14203432960, free=10631217152, active=18066407424, inactive=3574272000, buffers=945278976, cached=7835910144, shared=51154944)
SWAP usage: sswap(total=34263265280, used=0, free=34263265280, percent=0.0, sin=0, sout=0)
          types |   # objects |   total size
=============== | =========== | ============
  <class 'bytes |           8 |    827     B
   <class 'list |           0 |     72     B
    <class 'int |          -1 |    -28     B
iter = 1017
CPU usage (% each core): [12.5, 13.5, 12.6, 14.6, 100.0, 13.5, 12.8, 12.5]
RAM usage: svmem(total=33615839232, available=18947870720, percent=43.6, used=14203432960, free=10631217152, active=18066407424, inactive=3574272000, buffers=945278976, cached=7835910144, shared=51154944)
SWAP usage: sswap(total=34263265280, used=0, free=34263265280, percent=0.0, sin=0, sout=0)
          types |   # objects |   total size
=============== | =========== | ============
  <class 'bytes |           9 |    896     B
   <class 'list |           0 |    168     B
iter = 1018
CPU usage (% each core): [11.5, 14.6, 13.5, 15.6, 100.0, 13.5, 14.4, 14.7]
RAM usage: svmem(total=33615839232, available=18948157440, percent=43.6, used=14203146240, free=10631503872, active=18066407424, inactive=3574272000, buffers=945278976, cached=7835910144, shared=51154944)
SWAP usage: sswap(total=34263265280, used=0, free=34263265280, percent=0.0, sin=0, sout=0)
          types |   # objects |   total size
=============== | =========== | ============
  <class 'bytes |           8 |    819     B
   <class 'list |           0 |    208     B
    <class 'int |           1 |     28     B
iter = 1019
CPU usage (% each core): [10.5, 14.6, 12.5, 11.6, 100.0, 11.6, 12.5, 12.4]
RAM usage: svmem(total=33615839232, available=18948210688, percent=43.6, used=14203092992, free=10631557120, active=18066407424, inactive=3574272000, buffers=945278976, cached=7835910144, shared=51154944)
SWAP usage: sswap(total=34263265280, used=0, free=34263265280, percent=0.0, sin=0, sout=0)
          types |   # objects |   total size
=============== | =========== | ============
  <class 'bytes |           9 |    896     B
   <class 'list |           0 |    128     B
iter = 1020
CPU usage (% each core): [11.2, 13.3, 14.4, 12.2, 100.0, 12.1, 12.1, 11.3]
RAM usage: svmem(total=33615839232, available=18948284416, percent=43.6, used=14203019264, free=10631630848, active=18066407424, inactive=3574272000, buffers=945278976, cached=7835910144, shared=51154944)
SWAP usage: sswap(total=34263265280, used=0, free=34263265280, percent=0.0, sin=0, sout=0)
          types |   # objects |   total size
=============== | =========== | ============
  <class 'bytes |           8 |    819     B
   <class 'list |           0 |    144     B
iter = 1021
CPU usage (% each core): [12.0, 12.2, 13.1, 21.4, 100.0, 12.1, 12.2, 13.1]
RAM usage: svmem(total=33615839232, available=18948411392, percent=43.6, used=14202892288, free=10631757824, active=18066407424, inactive=3574272000, buffers=945278976, cached=7835910144, shared=51154944)
SWAP usage: sswap(total=34263265280, used=0, free=34263265280, percent=0.0, sin=0, sout=0)
          types |   # objects |   total size
=============== | =========== | ============
  <class 'bytes |           8 |    819     B
   <class 'list |           0 |    160     B
iter = 1022
CPU usage (% each core): [11.5, 15.5, 12.5, 8.3, 100.0, 11.5, 12.4, 13.4]
RAM usage: svmem(total=33615839232, available=18948698112, percent=43.6, used=14202605568, free=10632044544, active=18066407424, inactive=3574272000, buffers=945278976, cached=7835910144, shared=51154944)
SWAP usage: sswap(total=34263265280, used=0, free=34263265280, percent=0.0, sin=0, sout=0)
          types |   # objects |   total size
=============== | =========== | ============
  <class 'bytes |           8 |    818     B
    <class 'int |          -1 |    -28     B
iter = 1023
CPU usage (% each core): [11.1, 12.1, 14.0, 11.1, 100.0, 12.1, 12.1, 11.2]
RAM usage: svmem(total=33615839232, available=18948571136, percent=43.6, used=14202732544, free=10631917568, active=18066407424, inactive=3574272000, buffers=945278976, cached=7835910144, shared=51154944)
SWAP usage: sswap(total=34263265280, used=0, free=34263265280, percent=0.0, sin=0, sout=0)
          types |   # objects |   total size
=============== | =========== | ============
  <class 'bytes |           8 |    819     B
   <class 'list |           0 |    176     B
    <class 'int |           1 |     28     B
iter = 1024
CPU usage (% each core): [15.5, 18.3, 17.5, 16.5, 100.0, 17.5, 16.5, 17.1]
RAM usage: svmem(total=33615839232, available=18948698112, percent=43.6, used=14202605568, free=10632044544, active=18066407424, inactive=3574272000, buffers=945278976, cached=7835910144, shared=51154944)
SWAP usage: sswap(total=34263265280, used=0, free=34263265280, percent=0.0, sin=0, sout=0)
          types |   # objects |   total size
=============== | =========== | ============
  <class 'bytes |           9 |    896     B
   <class 'list |           0 |    200     B
    <class 'int |          -1 |    -28     B
iter = 1025
CPU usage (% each core): [100.0, 13.3, 15.2, 13.1, 12.1, 13.1, 13.0, 9.2]
RAM usage: svmem(total=33615839232, available=18948825088, percent=43.6, used=14202478592, free=10632171520, active=18066407424, inactive=3574272000, buffers=945278976, cached=7835910144, shared=51154944)
SWAP usage: sswap(total=34263265280, used=0, free=34263265280, percent=0.0, sin=0, sout=0)
          types |   # objects |   total size
=============== | =========== | ============
  <class 'bytes |           9 |    895     B
   <class 'list |           0 |    224     B
    <class 'int |           1 |     28     B
iter = 1026
CPU usage (% each core): [100.0, 11.6, 16.7, 15.8, 12.5, 13.7, 13.7, 12.8]
RAM usage: svmem(total=33615839232, available=18948505600, percent=43.6, used=14202798080, free=10631852032, active=18066407424, inactive=3574272000, buffers=945278976, cached=7835910144, shared=51154944)
SWAP usage: sswap(total=34263265280, used=0, free=34263265280, percent=0.0, sin=0, sout=0)
          types |   # objects |   total size
=============== | =========== | ============
  <class 'bytes |           9 |    896     B
iter = 1027
CPU usage (% each core): [100.0, 12.8, 13.8, 10.6, 8.6, 12.8, 11.7, 12.8]
RAM usage: svmem(total=33615839232, available=18948706304, percent=43.6, used=14202597376, free=10632052736, active=18066407424, inactive=3574272000, buffers=945278976, cached=7835910144, shared=51154944)
SWAP usage: sswap(total=34263265280, used=0, free=34263265280, percent=0.0, sin=0, sout=0)
          types |   # objects |   total size
=============== | =========== | ============
  <class 'bytes |           7 |    741     B
   <class 'list |           0 |    256     B
iter = 1028
CPU usage (% each core): [100.0, 13.5, 10.5, 11.6, 6.3, 12.5, 11.6, 11.6]
RAM usage: svmem(total=33615839232, available=18948829184, percent=43.6, used=14202474496, free=10632175616, active=18066407424, inactive=3574272000, buffers=945278976, cached=7835910144, shared=51154944)
SWAP usage: sswap(total=34263265280, used=0, free=34263265280, percent=0.0, sin=0, sout=0)
          types |   # objects |   total size
=============== | =========== | ============
  <class 'bytes |           8 |    818     B
    <class 'int |          -1 |    -28     B
iter = 1029
CPU usage (% each core): [100.0, 13.5, 13.5, 13.4, 9.4, 12.5, 13.5, 13.4]
RAM usage: svmem(total=33615839232, available=18948767744, percent=43.6, used=14202535936, free=10632114176, active=18066407424, inactive=3574272000, buffers=945278976, cached=7835910144, shared=51154944)
SWAP usage: sswap(total=34263265280, used=0, free=34263265280, percent=0.0, sin=0, sout=0)
          types |   # objects |     total size
=============== | =========== | ==============
    <class 'int |           1 |       28     B
   <class 'list |           0 |    -1832     B
  <class 'bytes |        -111 |   -11347     B
iter = 1030
CPU usage (% each core): [100.0, 15.5, 13.4, 12.6, 14.4, 13.4, 13.3, 13.4]
RAM usage: svmem(total=33615839232, available=18948521984, percent=43.6, used=14202773504, free=10631868416, active=18066407424, inactive=3574272000, buffers=945278976, cached=7835918336, shared=51154944)
SWAP usage: sswap(total=34263265280, used=0, free=34263265280, percent=0.0, sin=0, sout=0)
          types |   # objects |   total size
=============== | =========== | ============
  <class 'bytes |           9 |    906     B
   <class 'list |           0 |    168     B
    <class 'int |          -1 |    -28     B
iter = 1031
CPU usage (% each core): [100.0, 16.3, 13.4, 12.4, 8.2, 12.4, 12.5, 12.5]
RAM usage: svmem(total=33615839232, available=18948886528, percent=43.6, used=14202417152, free=10632224768, active=18066411520, inactive=3574276096, buffers=945278976, cached=7835918336, shared=51154944)
SWAP usage: sswap(total=34263265280, used=0, free=34263265280, percent=0.0, sin=0, sout=0)
          types |   # objects |   total size
=============== | =========== | ============
  <class 'bytes |           9 |    895     B
   <class 'list |           0 |    168     B
iter = 1032
CPU usage (% each core): [100.0, 16.5, 17.5, 14.6, 12.5, 15.5, 16.3, 10.4]
RAM usage: svmem(total=33615839232, available=18949218304, percent=43.6, used=14202085376, free=10632556544, active=18066411520, inactive=3574276096, buffers=945278976, cached=7835918336, shared=51154944)
SWAP usage: sswap(total=34263265280, used=0, free=34263265280, percent=0.0, sin=0, sout=0)
          types |   # objects |   total size
=============== | =========== | ============
  <class 'bytes |           8 |    819     B
   <class 'list |           0 |     96     B
    <class 'int |           1 |     28     B
iter = 1033
CPU usage (% each core): [100.0, 11.5, 12.6, 11.7, 10.6, 11.6, 11.7, 11.7]
RAM usage: svmem(total=33615839232, available=18947330048, percent=43.6, used=14203973632, free=10630668288, active=18067009536, inactive=3574276096, buffers=945278976, cached=7835918336, shared=51154944)
SWAP usage: sswap(total=34263265280, used=0, free=34263265280, percent=0.0, sin=0, sout=0)
          types |   # objects |   total size
=============== | =========== | ============
  <class 'bytes |           9 |    896     B
   <class 'list |           0 |    240     B
iter = 1034
CPU usage (% each core): [100.0, 13.3, 17.3, 16.2, 9.1, 16.0, 15.2, 16.0]
RAM usage: svmem(total=33615839232, available=18946723840, percent=43.6, used=14204571648, free=10630062080, active=18067394560, inactive=3574276096, buffers=945278976, cached=7835926528, shared=51163136)
SWAP usage: sswap(total=34263265280, used=0, free=34263265280, percent=0.0, sin=0, sout=0)
          types |   # objects |   total size
=============== | =========== | ============
  <class 'bytes |           8 |    818     B
   <class 'list |           0 |    144     B
    <class 'int |          -1 |    -28     B
iter = 1035
CPU usage (% each core): [100.0, 14.7, 16.5, 13.5, 12.5, 13.7, 13.7, 13.5]
RAM usage: svmem(total=33615839232, available=18948284416, percent=43.6, used=14203015168, free=10631622656, active=18066898944, inactive=3574272000, buffers=945283072, cached=7835918336, shared=51159040)
SWAP usage: sswap(total=34263265280, used=0, free=34263265280, percent=0.0, sin=0, sout=0)
          types |   # objects |   total size
=============== | =========== | ============
  <class 'bytes |           9 |    896     B
   <class 'list |           0 |    160     B
iter = 1036
CPU usage (% each core): [100.0, 12.9, 12.9, 12.8, 10.8, 11.8, 12.6, 12.8]
RAM usage: svmem(total=33615839232, available=18948300800, percent=43.6, used=14202994688, free=10631639040, active=18067128320, inactive=3574272000, buffers=945283072, cached=7835922432, shared=51159040)
SWAP usage: sswap(total=34263265280, used=0, free=34263265280, percent=0.0, sin=0, sout=0)
          types |   # objects |   total size
=============== | =========== | ============
  <class 'bytes |           8 |    819     B
iter = 1037
CPU usage (% each core): [100.0, 16.7, 14.3, 16.2, 15.0, 14.0, 14.1, 14.1]
RAM usage: svmem(total=33615839232, available=18947911680, percent=43.6, used=14203387904, free=10631245824, active=18067058688, inactive=3574276096, buffers=945283072, cached=7835922432, shared=51159040)
SWAP usage: sswap(total=34263265280, used=0, free=34263265280, percent=0.0, sin=0, sout=0)
          types |   # objects |   total size
=============== | =========== | ============
  <class 'bytes |           7 |    742     B
   <class 'list |           0 |    176     B
    <class 'int |           1 |     28     B
iter = 1038
CPU usage (% each core): [100.0, 11.7, 13.5, 13.7, 11.6, 12.6, 11.7, 12.5]
RAM usage: svmem(total=33615839232, available=18947911680, percent=43.6, used=14203387904, free=10631245824, active=18066997248, inactive=3574276096, buffers=945283072, cached=7835922432, shared=51159040)
SWAP usage: sswap(total=34263265280, used=0, free=34263265280, percent=0.0, sin=0, sout=0)
          types |   # objects |   total size
=============== | =========== | ============
  <class 'bytes |           9 |    896     B
   <class 'list |           0 |    200     B
iter = 1039
CPU usage (% each core): [100.0, 12.5, 11.6, 13.5, 11.3, 12.5, 11.5, 10.5]
RAM usage: svmem(total=33615839232, available=18947932160, percent=43.6, used=14203367424, free=10631266304, active=18066952192, inactive=3574276096, buffers=945283072, cached=7835922432, shared=51159040)
SWAP usage: sswap(total=34263265280, used=0, free=34263265280, percent=0.0, sin=0, sout=0)
          types |   # objects |   total size
=============== | =========== | ============
  <class 'bytes |           8 |    819     B
iter = 1040
CPU usage (% each core): [100.0, 12.5, 13.4, 12.5, 11.5, 12.5, 12.4, 13.4]
RAM usage: svmem(total=33615839232, available=18947833856, percent=43.6, used=14203465728, free=10631168000, active=18066952192, inactive=3574276096, buffers=945283072, cached=7835922432, shared=51159040)
SWAP usage: sswap(total=34263265280, used=0, free=34263265280, percent=0.0, sin=0, sout=0)
          types |   # objects |   total size
=============== | =========== | ============
  <class 'bytes |           7 |    742     B
   <class 'list |           0 |    224     B
iter = 1041
CPU usage (% each core): [100.0, 13.5, 17.2, 22.3, 11.5, 12.8, 16.7, 13.4]
RAM usage: svmem(total=33615839232, available=18947829760, percent=43.6, used=14203465728, free=10631163904, active=18066956288, inactive=3574272000, buffers=945287168, cached=7835922432, shared=51159040)
SWAP usage: sswap(total=34263265280, used=0, free=34263265280, percent=0.0, sin=0, sout=0)
          types |   # objects |   total size
=============== | =========== | ============
  <class 'bytes |           8 |    819     B
iter = 1042
CPU usage (% each core): [100.0, 13.7, 13.8, 11.5, 11.3, 11.5, 11.5, 11.5]
RAM usage: svmem(total=33615839232, available=18947653632, percent=43.6, used=14203641856, free=10630987776, active=18066956288, inactive=3574272000, buffers=945287168, cached=7835922432, shared=51159040)
SWAP usage: sswap(total=34263265280, used=0, free=34263265280, percent=0.0, sin=0, sout=0)
<built-in method close of _io.TextIOWrapper object at 0x7f0ca25eeea0>
