Norm of the product space operator: 189.01224397306683
iter = 0
CPU usage (% each core): [5.8, 5.0, 4.0, 97.9, 4.2, 7.1, 2.7, 3.1]
RAM usage: svmem(total=67514511360, available=59393052672, percent=12.0, used=6757015552, free=28873420800, active=16808337408, inactive=19998638080, buffers=1069158400, cached=30814916608, shared=610893824)
SWAP usage: sswap(total=4294963200, used=1484582912, free=2810380288, percent=34.6, sin=33061576704, sout=53113171968)
                                    types |   # objects |   total size
========================================= | =========== | ============
                    <class 'numpy.ndarray |          12 |    116.73 MB
                             <class 'list |        8700 |    823.52 KB
                              <class 'str |        8728 |    622.64 KB
             <class 'sip.methoddescriptor |        2218 |    121.30 KB
                              <class 'int |        1771 |     48.48 KB
                             <class 'dict |          99 |     33.58 KB
              <class 'PyQt5.QtCore.Qt.Key |         439 |     22.29 KB
    <class 'PyQt5.QtCore.QLocale.Language |         355 |     18.02 KB
     <class 'PyQt5.QtCore.QLocale.Country |         265 |     13.45 KB
         <class 'PyQt5.QtCore.QEvent.Type |         147 |      7.46 KB
      <class 'PyQt5.QtCore.QLocale.Script |         130 |      6.60 KB
  <class 'PyQt5.QtCore.Qt.WidgetAttribute |         101 |      5.12 KB
      <class 'PyQt5.QtCore.QMetaType.Type |          78 |      3.96 KB
                             <class 'type |           2 |      3.31 KB
                            <class 'tuple |          50 |      3.12 KB
iter = 1
CPU usage (% each core): [21.0, 22.0, 100.0, 20.5, 20.8, 20.8, 19.8, 20.7]
RAM usage: svmem(total=67514511360, available=59332435968, percent=12.1, used=6817632256, free=28812804096, active=16868995072, inactive=19998638080, buffers=1069158400, cached=30814916608, shared=610893824)
SWAP usage: sswap(total=4294963200, used=1484582912, free=2810380288, percent=34.6, sin=33061576704, sout=53113171968)
                                                 types |   # objects |   total size
====================================================== | =========== | ============
                                 <class 'numpy.ndarray |           1 |     27.47 MB
                                          <class 'list |         207 |     18.09 KB
                                           <class 'str |         203 |     17.89 KB
                                          <class 'dict |          15 |      2.41 KB
                                         <class 'bytes |          21 |      2.24 KB
                                           <class 'int |          76 |      2.08 KB
                                          <class 'type |           2 |      2.06 KB
                                         <class 'tuple |          12 |    784     B
                                          <class 'cell |           9 |    432     B
                      <class 'functools._lru_list_elem |           4 |    320     B
                                      function (_call) |           2 |    272     B
                                   function (__init__) |           2 |    272     B
                           <class 'inspect.FullArgSpec |           2 |    208     B
                                         <class 'float |           8 |    192     B
  <class 'odl.operator.operator.OperatorLeftScalarMult |           3 |    168     B
iter = 2
CPU usage (% each core): [18.1, 77.1, 13.1, 16.6, 19.7, 17.6, 100.0, 82.3]
RAM usage: svmem(total=67514511360, available=59304108032, percent=12.2, used=6845960192, free=28784476160, active=16897761280, inactive=19998638080, buffers=1069158400, cached=30814916608, shared=610893824)
SWAP usage: sswap(total=4294963200, used=1484582912, free=2810380288, percent=34.6, sin=33061576704, sout=53113171968)
                                                 types |   # objects |   total size
====================================================== | =========== | ============
                                 <class 'numpy.ndarray |           1 |     27.47 MB
                                         <class 'bytes |          21 |      2.45 KB
                                          <class 'dict |          15 |      2.41 KB
                                          <class 'type |           2 |      2.06 KB
                                         <class 'tuple |          12 |    784     B
                                          <class 'list |           4 |    704     B
                                          <class 'cell |           9 |    432     B
                      <class 'functools._lru_list_elem |           4 |    320     B
                                      function (_call) |           2 |    272     B
                                   function (__init__) |           2 |    272     B
                           <class 'inspect.FullArgSpec |           2 |    208     B
                                         <class 'float |           8 |    192     B
  <class 'odl.operator.operator.OperatorLeftScalarMult |           3 |    168     B
                                       <class 'weakref |           2 |    160     B
                                           <class 'int |           3 |     84     B
iter = 3
CPU usage (% each core): [20.4, 22.6, 20.2, 20.4, 21.1, 20.2, 100.0, 20.2]
RAM usage: svmem(total=67514511360, available=59274919936, percent=12.2, used=6875148288, free=28755288064, active=16926875648, inactive=19998638080, buffers=1069158400, cached=30814916608, shared=610893824)
SWAP usage: sswap(total=4294963200, used=1484582912, free=2810380288, percent=34.6, sin=33061576704, sout=53113171968)
                                                  types |   # objects |   total size
======================================================= | =========== | ============
                                  <class 'numpy.ndarray |           1 |     27.47 MB
                                          <class 'bytes |          21 |      2.45 KB
                                           <class 'dict |          15 |      2.41 KB
                                           <class 'type |           2 |      2.06 KB
                                          <class 'tuple |          12 |    784     B
                                           <class 'list |           4 |    656     B
                                           <class 'cell |           9 |    432     B
                       <class 'functools._lru_list_elem |           4 |    320     B
                                       function (_call) |           2 |    272     B
                                    function (__init__) |           2 |    272     B
                            <class 'inspect.FullArgSpec |           2 |    208     B
                                          <class 'float |           8 |    192     B
   <class 'odl.operator.operator.OperatorLeftScalarMult |           3 |    168     B
                                        <class 'weakref |           2 |    160     B
  <class 'odl.operator.operator.OperatorRightScalarMult |           1 |     56     B
iter = 4
CPU usage (% each core): [21.9, 21.1, 100.0, 21.7, 21.9, 19.5, 20.0, 20.2]
RAM usage: svmem(total=67514511360, available=59246612480, percent=12.2, used=6903455744, free=28726980608, active=16955310080, inactive=19998638080, buffers=1069158400, cached=30814916608, shared=610893824)
SWAP usage: sswap(total=4294963200, used=1484582912, free=2810380288, percent=34.6, sin=33061576704, sout=53113171968)
                                                  types |   # objects |   total size
======================================================= | =========== | ============
                                  <class 'numpy.ndarray |           1 |     27.47 MB
                                          <class 'bytes |          21 |      2.47 KB
                                           <class 'dict |          15 |      2.41 KB
                                           <class 'type |           2 |      2.06 KB
                                          <class 'tuple |          12 |    784     B
                                           <class 'list |           4 |    744     B
                                           <class 'cell |           9 |    432     B
                       <class 'functools._lru_list_elem |           4 |    320     B
                                       function (_call) |           2 |    272     B
                                    function (__init__) |           2 |    272     B
                            <class 'inspect.FullArgSpec |           2 |    208     B
                                          <class 'float |           8 |    192     B
   <class 'odl.operator.operator.OperatorLeftScalarMult |           3 |    168     B
                                        <class 'weakref |           2 |    160     B
  <class 'odl.operator.operator.OperatorRightScalarMult |           1 |     56     B
iter = 5
CPU usage (% each core): [22.6, 20.9, 20.0, 21.9, 21.1, 21.6, 100.0, 20.7]
RAM usage: svmem(total=67514511360, available=59216949248, percent=12.3, used=6933118976, free=28697305088, active=16984989696, inactive=19998646272, buffers=1069158400, cached=30814928896, shared=610893824)
SWAP usage: sswap(total=4294963200, used=1484582912, free=2810380288, percent=34.6, sin=33061576704, sout=53113171968)
                                                                                        types |   # objects |   total size
============================================================================================= | =========== | ============
                                                                        <class 'numpy.ndarray |           1 |     27.47 MB
                                                                                 <class 'dict |          15 |      2.66 KB
                                                                                 <class 'type |           2 |      2.06 KB
                                                                                <class 'tuple |          12 |    784     B
                                                                                 <class 'cell |           9 |    432     B
                                                                                  <class 'int |          12 |    336     B
                                                             <class 'functools._lru_list_elem |           4 |    320     B
                                                                             function (_call) |           2 |    272     B
                                                                          function (__init__) |           2 |    272     B
                                                                  <class 'inspect.FullArgSpec |           2 |    208     B
                                                                                <class 'float |           8 |    192     B
                                         <class 'odl.operator.operator.OperatorLeftScalarMult |           3 |    168     B
                                                                              <class 'weakref |           2 |    160     B
                                        <class 'odl.operator.operator.OperatorRightScalarMult |           1 |     56     B
  <class 'odl.solvers.nonsmooth.proximal_operators.proximal_cconj_l1.<locals>.ProximalCConjL1 |           1 |     56     B
iter = 6
CPU usage (% each core): [20.0, 23.9, 100.0, 20.5, 21.7, 20.0, 19.1, 19.8]
RAM usage: svmem(total=67514511360, available=59188572160, percent=12.3, used=6961496064, free=28668928000, active=17013559296, inactive=19998646272, buffers=1069158400, cached=30814928896, shared=610893824)
SWAP usage: sswap(total=4294963200, used=1484582912, free=2810380288, percent=34.6, sin=33061576704, sout=53113171968)
                                                  types |   # objects |   total size
======================================================= | =========== | ============
                                  <class 'numpy.ndarray |           1 |     27.47 MB
                                          <class 'bytes |          21 |      3.10 KB
                                           <class 'dict |          15 |      2.41 KB
                                           <class 'type |           2 |      2.06 KB
                                          <class 'tuple |          12 |    784     B
                                           <class 'list |           4 |    616     B
                                           <class 'cell |           9 |    432     B
                       <class 'functools._lru_list_elem |           4 |    320     B
                                       function (_call) |           2 |    272     B
                                    function (__init__) |           2 |    272     B
                            <class 'inspect.FullArgSpec |           2 |    208     B
                                          <class 'float |           8 |    192     B
   <class 'odl.operator.operator.OperatorLeftScalarMult |           3 |    168     B
                                        <class 'weakref |           2 |    160     B
  <class 'odl.operator.operator.OperatorRightScalarMult |           1 |     56     B
iter = 7
CPU usage (% each core): [21.7, 20.9, 20.7, 20.9, 22.4, 20.7, 100.0, 22.6]
RAM usage: svmem(total=67514511360, available=59159392256, percent=12.4, used=6990675968, free=28639748096, active=17042554880, inactive=19998646272, buffers=1069158400, cached=30814928896, shared=610893824)
SWAP usage: sswap(total=4294963200, used=1484582912, free=2810380288, percent=34.6, sin=33061576704, sout=53113171968)
                                                  types |   # objects |   total size
======================================================= | =========== | ============
                                  <class 'numpy.ndarray |           1 |     27.47 MB
                                           <class 'dict |          15 |      3.48 KB
                                          <class 'bytes |          21 |      2.47 KB
                                           <class 'type |           2 |      2.06 KB
                                          <class 'tuple |          12 |    784     B
                                           <class 'list |           4 |    752     B
                                           <class 'cell |           9 |    432     B
                       <class 'functools._lru_list_elem |           4 |    320     B
                                       function (_call) |           2 |    272     B
                                    function (__init__) |           2 |    272     B
                            <class 'inspect.FullArgSpec |           2 |    208     B
                                          <class 'float |           8 |    192     B
   <class 'odl.operator.operator.OperatorLeftScalarMult |           3 |    168     B
                                        <class 'weakref |           2 |    160     B
  <class 'odl.operator.operator.OperatorRightScalarMult |           1 |     56     B
iter = 8
CPU usage (% each core): [22.6, 20.0, 100.0, 20.9, 22.8, 20.9, 20.0, 20.7]
RAM usage: svmem(total=67514511360, available=59130327040, percent=12.4, used=7019741184, free=28610682880, active=17071456256, inactive=19998613504, buffers=1069158400, cached=30814928896, shared=610893824)
SWAP usage: sswap(total=4294963200, used=1484582912, free=2810380288, percent=34.6, sin=33061576704, sout=53113171968)
                                                 types |   # objects |   total size
====================================================== | =========== | ============
                                 <class 'numpy.ndarray |           1 |     27.47 MB
                                         <class 'bytes |          21 |      2.47 KB
                                          <class 'dict |          15 |      2.41 KB
                                          <class 'type |           2 |      2.06 KB
                                         <class 'tuple |          12 |    784     B
                                          <class 'list |           4 |    696     B
                                          <class 'cell |           9 |    432     B
                      <class 'functools._lru_list_elem |           4 |    320     B
                                      function (_call) |           2 |    272     B
                                   function (__init__) |           2 |    272     B
                           <class 'inspect.FullArgSpec |           2 |    208     B
                                         <class 'float |           8 |    192     B
  <class 'odl.operator.operator.OperatorLeftScalarMult |           3 |    168     B
                                       <class 'weakref |           2 |    160     B
                                           <class 'int |           3 |     84     B
iter = 9
CPU usage (% each core): [21.4, 23.5, 20.5, 20.9, 20.9, 20.7, 100.0, 20.7]
RAM usage: svmem(total=67514511360, available=59101757440, percent=12.5, used=7048310784, free=28582105088, active=17099980800, inactive=19998625792, buffers=1069158400, cached=30814937088, shared=610893824)
SWAP usage: sswap(total=4294963200, used=1484582912, free=2810380288, percent=34.6, sin=33061576704, sout=53113171968)
                                                                                        types |   # objects |   total size
============================================================================================= | =========== | ============
                                                                        <class 'numpy.ndarray |           1 |     27.47 MB
                                                                                 <class 'dict |          15 |      2.41 KB
                                                                                 <class 'type |           2 |      2.06 KB
                                                                                <class 'tuple |          12 |    784     B
                                                                                 <class 'cell |           9 |    432     B
                                                             <class 'functools._lru_list_elem |           4 |    320     B
                                                                             function (_call) |           2 |    272     B
                                                                          function (__init__) |           2 |    272     B
                                                                  <class 'inspect.FullArgSpec |           2 |    208     B
                                                                                <class 'float |           8 |    192     B
                                         <class 'odl.operator.operator.OperatorLeftScalarMult |           3 |    168     B
                                                                              <class 'weakref |           2 |    160     B
                                        <class 'odl.operator.operator.OperatorRightScalarMult |           1 |     56     B
  <class 'odl.solvers.nonsmooth.proximal_operators.proximal_cconj_l1.<locals>.ProximalCConjL1 |           1 |     56     B
                                                   <class 'odl.operator.operator.OperatorComp |           1 |     56     B
iter = 10
CPU usage (% each core): [19.0, 19.6, 16.5, 19.5, 19.9, 79.8, 100.0, 82.2]
RAM usage: svmem(total=67514511360, available=59072843776, percent=12.5, used=7077224448, free=28553191424, active=17129054208, inactive=19998621696, buffers=1069158400, cached=30814937088, shared=610893824)
SWAP usage: sswap(total=4294963200, used=1484582912, free=2810380288, percent=34.6, sin=33061576704, sout=53113171968)
                                                  types |   # objects |   total size
======================================================= | =========== | ============
                                  <class 'numpy.ndarray |           1 |     27.47 MB
                                          <class 'bytes |          21 |      3.10 KB
                                           <class 'dict |          15 |      2.96 KB
                                           <class 'type |           2 |      2.06 KB
                                          <class 'tuple |          12 |    784     B
                                           <class 'list |           4 |    696     B
                                           <class 'cell |           9 |    432     B
                       <class 'functools._lru_list_elem |           4 |    320     B
                                       function (_call) |           2 |    272     B
                                    function (__init__) |           2 |    272     B
                            <class 'inspect.FullArgSpec |           2 |    208     B
                                          <class 'float |           8 |    192     B
   <class 'odl.operator.operator.OperatorLeftScalarMult |           3 |    168     B
                                        <class 'weakref |           2 |    160     B
  <class 'odl.operator.operator.OperatorRightScalarMult |           1 |     56     B
iter = 11
CPU usage (% each core): [19.3, 19.8, 100.0, 19.8, 23.1, 20.0, 12.9, 20.0]
RAM usage: svmem(total=67514511360, available=59044093952, percent=12.5, used=7105974272, free=28524441600, active=17157603328, inactive=19998625792, buffers=1069158400, cached=30814937088, shared=610893824)
SWAP usage: sswap(total=4294963200, used=1484582912, free=2810380288, percent=34.6, sin=33061576704, sout=53113171968)
                                                  types |   # objects |   total size
======================================================= | =========== | ============
                                  <class 'numpy.ndarray |           1 |     27.47 MB
                                          <class 'bytes |          21 |      2.47 KB
                                           <class 'dict |          15 |      2.41 KB
                                           <class 'type |           2 |      2.06 KB
                                          <class 'tuple |          12 |    784     B
                                           <class 'list |           4 |    752     B
                                           <class 'cell |           9 |    432     B
                       <class 'functools._lru_list_elem |           4 |    320     B
                                       function (_call) |           2 |    272     B
                                    function (__init__) |           2 |    272     B
                            <class 'inspect.FullArgSpec |           2 |    208     B
                                          <class 'float |           8 |    192     B
   <class 'odl.operator.operator.OperatorLeftScalarMult |           3 |    168     B
                                        <class 'weakref |           2 |    160     B
  <class 'odl.operator.operator.OperatorRightScalarMult |           1 |     56     B
iter = 12
CPU usage (% each core): [20.9, 21.7, 100.0, 23.5, 20.2, 20.7, 20.7, 21.6]
RAM usage: svmem(total=67514511360, available=59015008256, percent=12.6, used=7135059968, free=28495355904, active=17186713600, inactive=19998625792, buffers=1069158400, cached=30814937088, shared=610893824)
SWAP usage: sswap(total=4294963200, used=1484582912, free=2810380288, percent=34.6, sin=33061576704, sout=53113171968)
                                                 types |   # objects |   total size
====================================================== | =========== | ============
                                 <class 'numpy.ndarray |           1 |     27.47 MB
                                         <class 'bytes |          21 |      2.47 KB
                                          <class 'dict |          15 |      2.41 KB
                                          <class 'type |           2 |      2.06 KB
                                         <class 'tuple |          12 |    784     B
                                          <class 'list |           4 |    696     B
                                          <class 'cell |           9 |    432     B
                      <class 'functools._lru_list_elem |           4 |    320     B
                                      function (_call) |           2 |    272     B
                                   function (__init__) |           2 |    272     B
                           <class 'inspect.FullArgSpec |           2 |    208     B
                                         <class 'float |           8 |    192     B
  <class 'odl.operator.operator.OperatorLeftScalarMult |           3 |    168     B
                                       <class 'weakref |           2 |    160     B
                                           <class 'int |           4 |    112     B
iter = 13
CPU usage (% each core): [24.4, 24.4, 22.5, 23.5, 22.5, 23.3, 100.0, 22.9]
RAM usage: svmem(total=67514511360, available=58986061824, percent=12.6, used=7164006400, free=28466409472, active=17215381504, inactive=19998625792, buffers=1069158400, cached=30814937088, shared=610893824)
SWAP usage: sswap(total=4294963200, used=1484582912, free=2810380288, percent=34.6, sin=33061576704, sout=53113171968)
                                                                                        types |   # objects |   total size
============================================================================================= | =========== | ============
                                                                        <class 'numpy.ndarray |           1 |     27.47 MB
                                                                                 <class 'dict |          15 |      2.41 KB
                                                                                 <class 'type |           2 |      2.06 KB
                                                                                <class 'tuple |          12 |    784     B
                                                                                 <class 'cell |           9 |    432     B
                                                             <class 'functools._lru_list_elem |           4 |    320     B
                                                                             function (_call) |           2 |    272     B
                                                                          function (__init__) |           2 |    272     B
                                                                  <class 'inspect.FullArgSpec |           2 |    208     B
                                                                                <class 'float |           8 |    192     B
                                         <class 'odl.operator.operator.OperatorLeftScalarMult |           3 |    168     B
                                                                              <class 'weakref |           2 |    160     B
                                        <class 'odl.operator.operator.OperatorRightScalarMult |           1 |     56     B
  <class 'odl.solvers.nonsmooth.proximal_operators.proximal_cconj_l1.<locals>.ProximalCConjL1 |           1 |     56     B
                                                   <class 'odl.operator.operator.OperatorComp |           1 |     56     B
iter = 14
CPU usage (% each core): [22.2, 22.2, 100.0, 22.2, 20.5, 20.0, 19.0, 19.8]
RAM usage: svmem(total=67514511360, available=58957017088, percent=12.7, used=7193051136, free=28437356544, active=17244438528, inactive=19998633984, buffers=1069158400, cached=30814945280, shared=610893824)
SWAP usage: sswap(total=4294963200, used=1484582912, free=2810380288, percent=34.6, sin=33061576704, sout=53113171968)
                                                  types |   # objects |   total size
======================================================= | =========== | ============
                                  <class 'numpy.ndarray |           1 |     27.47 MB
                                          <class 'bytes |          21 |      3.10 KB
                                           <class 'dict |          15 |      2.41 KB
                                           <class 'type |           2 |      2.06 KB
                                          <class 'tuple |          12 |    784     B
                                           <class 'list |           4 |    696     B
                                           <class 'cell |           9 |    432     B
                       <class 'functools._lru_list_elem |           4 |    320     B
                                       function (_call) |           2 |    272     B
                                    function (__init__) |           2 |    272     B
                            <class 'inspect.FullArgSpec |           2 |    208     B
                                          <class 'float |           8 |    192     B
   <class 'odl.operator.operator.OperatorLeftScalarMult |           3 |    168     B
                                        <class 'weakref |           2 |    160     B
  <class 'odl.operator.operator.OperatorRightScalarMult |           1 |     56     B
iter = 15
CPU usage (% each core): [20.7, 20.0, 19.8, 19.3, 21.7, 19.3, 94.9, 22.4]
RAM usage: svmem(total=67514511360, available=58928218112, percent=12.7, used=7221850112, free=28408557568, active=17273049088, inactive=19998633984, buffers=1069158400, cached=30814945280, shared=610893824)
SWAP usage: sswap(total=4294963200, used=1484582912, free=2810380288, percent=34.6, sin=33061576704, sout=53113171968)
                                                  types |   # objects |   total size
======================================================= | =========== | ============
                                  <class 'numpy.ndarray |           1 |     27.47 MB
                                          <class 'bytes |          21 |      2.47 KB
                                           <class 'dict |          15 |      2.41 KB
                                           <class 'type |           2 |      2.06 KB
                                          <class 'tuple |          12 |    784     B
                                           <class 'list |           4 |    592     B
                                           <class 'cell |           9 |    432     B
                       <class 'functools._lru_list_elem |           4 |    320     B
                                       function (_call) |           2 |    272     B
                                    function (__init__) |           2 |    272     B
                            <class 'inspect.FullArgSpec |           2 |    208     B
                                          <class 'float |           8 |    192     B
   <class 'odl.operator.operator.OperatorLeftScalarMult |           3 |    168     B
                                        <class 'weakref |           2 |    160     B
  <class 'odl.operator.operator.OperatorRightScalarMult |           1 |     56     B
iter = 16
CPU usage (% each core): [21.6, 21.6, 20.7, 19.8, 20.5, 21.2, 22.6, 100.0]
RAM usage: svmem(total=67514511360, available=58897014784, percent=12.8, used=7253053440, free=28377354240, active=17303810048, inactive=19998633984, buffers=1069158400, cached=30814945280, shared=610893824)
SWAP usage: sswap(total=4294963200, used=1484582912, free=2810380288, percent=34.6, sin=33061576704, sout=53113171968)
                                                 types |   # objects |   total size
====================================================== | =========== | ============
                                 <class 'numpy.ndarray |           1 |     27.47 MB
                                         <class 'bytes |          21 |      2.47 KB
                                          <class 'dict |          15 |      2.41 KB
                                          <class 'type |           2 |      2.06 KB
                                         <class 'tuple |          12 |    784     B
                                          <class 'list |           4 |    656     B
                                          <class 'cell |           9 |    432     B
                      <class 'functools._lru_list_elem |           4 |    320     B
                                      function (_call) |           2 |    272     B
                                   function (__init__) |           2 |    272     B
                           <class 'inspect.FullArgSpec |           2 |    208     B
                                         <class 'float |           8 |    192     B
  <class 'odl.operator.operator.OperatorLeftScalarMult |           3 |    168     B
                                       <class 'weakref |           2 |    160     B
                                           <class 'int |           4 |    112     B
iter = 17
CPU usage (% each core): [23.3, 21.7, 21.1, 20.0, 20.0, 20.9, 19.8, 100.0]
RAM usage: svmem(total=67514511360, available=58868371456, percent=12.8, used=7281696768, free=28348702720, active=17332506624, inactive=19998642176, buffers=1069158400, cached=30814953472, shared=610893824)
SWAP usage: sswap(total=4294963200, used=1484582912, free=2810380288, percent=34.6, sin=33061576704, sout=53113171968)
                                                                                        types |   # objects |   total size
============================================================================================= | =========== | ============
                                                                        <class 'numpy.ndarray |           1 |     27.47 MB
                                                                                 <class 'dict |          15 |      2.41 KB
                                                                                 <class 'type |           2 |      2.06 KB
                                                                                <class 'tuple |          12 |    784     B
                                                                                 <class 'cell |           9 |    432     B
                                                             <class 'functools._lru_list_elem |           4 |    320     B
                                                                             function (_call) |           2 |    272     B
                                                                          function (__init__) |           2 |    272     B
                                                                  <class 'inspect.FullArgSpec |           2 |    208     B
                                                                                <class 'float |           8 |    192     B
                                         <class 'odl.operator.operator.OperatorLeftScalarMult |           3 |    168     B
                                                                              <class 'weakref |           2 |    160     B
                                        <class 'odl.operator.operator.OperatorRightScalarMult |           1 |     56     B
  <class 'odl.solvers.nonsmooth.proximal_operators.proximal_cconj_l1.<locals>.ProximalCConjL1 |           1 |     56     B
                                                   <class 'odl.operator.operator.OperatorComp |           1 |     56     B
iter = 18
CPU usage (% each core): [63.7, 15.5, 17.3, 100.0, 16.1, 75.3, 14.9, 29.4]
RAM usage: svmem(total=67514511360, available=58839711744, percent=12.8, used=7310356480, free=28320043008, active=17361428480, inactive=19998642176, buffers=1069158400, cached=30814953472, shared=610893824)
SWAP usage: sswap(total=4294963200, used=1484582912, free=2810380288, percent=34.6, sin=33061576704, sout=53113171968)
                                                  types |   # objects |   total size
======================================================= | =========== | ============
                                  <class 'numpy.ndarray |           1 |     27.47 MB
                                          <class 'bytes |          21 |      3.10 KB
                                           <class 'dict |          15 |      2.41 KB
                                           <class 'type |           2 |      2.06 KB
                                          <class 'tuple |          12 |    784     B
                                           <class 'list |           4 |    696     B
                                           <class 'cell |           9 |    432     B
                       <class 'functools._lru_list_elem |           4 |    320     B
                                       function (_call) |           2 |    272     B
                                    function (__init__) |           2 |    272     B
                            <class 'inspect.FullArgSpec |           2 |    208     B
                                          <class 'float |           8 |    192     B
   <class 'odl.operator.operator.OperatorLeftScalarMult |           3 |    168     B
                                        <class 'weakref |           2 |    160     B
  <class 'odl.operator.operator.OperatorRightScalarMult |           1 |     56     B
iter = 19
CPU usage (% each core): [23.7, 20.3, 23.1, 100.0, 20.5, 19.7, 19.8, 19.7]
RAM usage: svmem(total=67514511360, available=58810707968, percent=12.9, used=7339360256, free=28291039232, active=17390125056, inactive=19998642176, buffers=1069158400, cached=30814953472, shared=610893824)
SWAP usage: sswap(total=4294963200, used=1484582912, free=2810380288, percent=34.6, sin=33061576704, sout=53113171968)
                                                  types |   # objects |   total size
======================================================= | =========== | ============
                                  <class 'numpy.ndarray |           1 |     27.47 MB
                                          <class 'bytes |          21 |      2.47 KB
                                           <class 'dict |          15 |      2.41 KB
                                           <class 'type |           2 |      2.06 KB
                                          <class 'tuple |          12 |    784     B
                                           <class 'list |           4 |    592     B
                                           <class 'cell |           9 |    432     B
                       <class 'functools._lru_list_elem |           4 |    320     B
                                       function (_call) |           2 |    272     B
                                    function (__init__) |           2 |    272     B
                            <class 'inspect.FullArgSpec |           2 |    208     B
                                          <class 'float |           8 |    192     B
   <class 'odl.operator.operator.OperatorLeftScalarMult |           3 |    168     B
                                        <class 'weakref |           2 |    160     B
  <class 'odl.operator.operator.OperatorRightScalarMult |           1 |     56     B
iter = 20
CPU usage (% each core): [21.7, 20.0, 21.6, 20.5, 23.7, 20.7, 19.8, 100.0]
RAM usage: svmem(total=67514511360, available=58781986816, percent=12.9, used=7368081408, free=28262318080, active=17419153408, inactive=19998642176, buffers=1069158400, cached=30814953472, shared=610893824)
SWAP usage: sswap(total=4294963200, used=1484582912, free=2810380288, percent=34.6, sin=33061576704, sout=53113171968)
                                                 types |   # objects |   total size
====================================================== | =========== | ============
                                 <class 'numpy.ndarray |           1 |     27.47 MB
                                         <class 'bytes |          21 |      2.47 KB
                                          <class 'dict |          15 |      2.41 KB
                                          <class 'type |           2 |      2.06 KB
                                         <class 'tuple |          12 |    784     B
                                          <class 'list |           4 |    656     B
                                          <class 'cell |           9 |    432     B
                      <class 'functools._lru_list_elem |           4 |    320     B
                                      function (_call) |           2 |    272     B
                                   function (__init__) |           2 |    272     B
                           <class 'inspect.FullArgSpec |           2 |    208     B
                                         <class 'float |           8 |    192     B
  <class 'odl.operator.operator.OperatorLeftScalarMult |           3 |    168     B
                                       <class 'weakref |           2 |    160     B
                                           <class 'int |           3 |     84     B
iter = 21
CPU usage (% each core): [19.8, 23.7, 21.2, 100.0, 21.6, 20.3, 20.3, 20.5]
RAM usage: svmem(total=67514511360, available=58754408448, percent=13.0, used=7395659776, free=28234739712, active=17446535168, inactive=19998642176, buffers=1069158400, cached=30814953472, shared=610893824)
SWAP usage: sswap(total=4294963200, used=1484582912, free=2810380288, percent=34.6, sin=33061576704, sout=53113171968)
                                                                                        types |   # objects |   total size
============================================================================================= | =========== | ============
                                                                        <class 'numpy.ndarray |           1 |     27.47 MB
                                                                                 <class 'dict |          15 |      3.46 KB
                                                                                 <class 'type |           2 |      2.06 KB
                                                                                <class 'tuple |          12 |    784     B
                                                                                 <class 'cell |           9 |    432     B
                                                             <class 'functools._lru_list_elem |           4 |    320     B
                                                                             function (_call) |           2 |    272     B
                                                                          function (__init__) |           2 |    272     B
                                                                  <class 'inspect.FullArgSpec |           2 |    208     B
                                                                                <class 'float |           8 |    192     B
                                         <class 'odl.operator.operator.OperatorLeftScalarMult |           3 |    168     B
                                                                              <class 'weakref |           2 |    160     B
                                                                                  <class 'int |           3 |     84     B
                                        <class 'odl.operator.operator.OperatorRightScalarMult |           1 |     56     B
  <class 'odl.solvers.nonsmooth.proximal_operators.proximal_cconj_l1.<locals>.ProximalCConjL1 |           1 |     56     B
iter = 22
CPU usage (% each core): [21.5, 21.0, 21.0, 99.2, 25.2, 25.0, 20.7, 19.3]
RAM usage: svmem(total=67514511360, available=58725220352, percent=13.0, used=7424847872, free=28205543424, active=17475543040, inactive=19998646272, buffers=1069158400, cached=30814961664, shared=610893824)
SWAP usage: sswap(total=4294963200, used=1484582912, free=2810380288, percent=34.6, sin=33061576704, sout=53113171968)
                                                  types |   # objects |   total size
======================================================= | =========== | ============
                                  <class 'numpy.ndarray |           1 |     27.47 MB
                                          <class 'bytes |          21 |      3.10 KB
                                           <class 'dict |          15 |      2.41 KB
                                           <class 'type |           2 |      2.06 KB
                                          <class 'tuple |          12 |    784     B
                                           <class 'list |           4 |    656     B
                                           <class 'cell |           9 |    432     B
                       <class 'functools._lru_list_elem |           4 |    320     B
                                       function (_call) |           2 |    272     B
                                    function (__init__) |           2 |    272     B
                            <class 'inspect.FullArgSpec |           2 |    208     B
                                          <class 'float |           8 |    192     B
   <class 'odl.operator.operator.OperatorLeftScalarMult |           3 |    168     B
                                        <class 'weakref |           2 |    160     B
  <class 'odl.operator.operator.OperatorRightScalarMult |           1 |     56     B
iter = 23
CPU usage (% each core): [21.6, 20.7, 22.2, 20.5, 20.5, 22.0, 23.7, 100.0]
RAM usage: svmem(total=67514511360, available=58696261632, percent=13.1, used=7453806592, free=28176584704, active=17504399360, inactive=19998646272, buffers=1069158400, cached=30814961664, shared=610893824)
SWAP usage: sswap(total=4294963200, used=1484582912, free=2810380288, percent=34.6, sin=33061576704, sout=53113171968)
                                                  types |   # objects |   total size
======================================================= | =========== | ============
                                  <class 'numpy.ndarray |           1 |     27.47 MB
                                          <class 'bytes |          21 |      2.47 KB
                                           <class 'dict |          15 |      2.41 KB
                                           <class 'type |           2 |      2.06 KB
                                          <class 'tuple |          12 |    784     B
                                           <class 'list |           4 |    704     B
                                           <class 'cell |           9 |    432     B
                       <class 'functools._lru_list_elem |           4 |    320     B
                                       function (_call) |           2 |    272     B
                                    function (__init__) |           2 |    272     B
                            <class 'inspect.FullArgSpec |           2 |    208     B
                                          <class 'float |           8 |    192     B
   <class 'odl.operator.operator.OperatorLeftScalarMult |           3 |    168     B
                                        <class 'weakref |           2 |    160     B
  <class 'odl.operator.operator.OperatorRightScalarMult |           1 |     56     B
iter = 24
CPU usage (% each core): [21.4, 22.0, 22.7, 25.4, 21.2, 97.4, 20.7, 21.4]
RAM usage: svmem(total=67514511360, available=58666770432, percent=13.1, used=7483297792, free=28147093504, active=17532956672, inactive=19998646272, buffers=1069158400, cached=30814961664, shared=610893824)
SWAP usage: sswap(total=4294963200, used=1484582912, free=2810380288, percent=34.6, sin=33061576704, sout=53113171968)
                                                 types |   # objects |   total size
====================================================== | =========== | ============
                                 <class 'numpy.ndarray |           1 |     27.47 MB
                                         <class 'bytes |          21 |      2.47 KB
                                          <class 'dict |          15 |      2.41 KB
                                          <class 'type |           2 |      2.06 KB
                                         <class 'tuple |          12 |    784     B
                                          <class 'list |           4 |    656     B
                                          <class 'cell |           9 |    432     B
                      <class 'functools._lru_list_elem |           4 |    320     B
                                      function (_call) |           2 |    272     B
                                   function (__init__) |           2 |    272     B
                           <class 'inspect.FullArgSpec |           2 |    208     B
                                         <class 'float |           8 |    192     B
  <class 'odl.operator.operator.OperatorLeftScalarMult |           3 |    168     B
                                       <class 'weakref |           2 |    160     B
                                           <class 'int |           3 |     84     B
iter = 25
CPU usage (% each core): [21.4, 22.4, 22.2, 100.0, 19.8, 20.5, 20.3, 19.7]
RAM usage: svmem(total=67514511360, available=58638319616, percent=13.1, used=7511748608, free=28118634496, active=17561985024, inactive=19998654464, buffers=1069158400, cached=30814969856, shared=610893824)
SWAP usage: sswap(total=4294963200, used=1484582912, free=2810380288, percent=34.6, sin=33061576704, sout=53113171968)
                                                                                        types |   # objects |   total size
============================================================================================= | =========== | ============
                                                                        <class 'numpy.ndarray |           1 |     27.47 MB
                                                                                 <class 'dict |          15 |      6.92 KB
                                                                                 <class 'type |           2 |      2.06 KB
                                                                                <class 'tuple |          12 |    784     B
                                                                                 <class 'cell |           9 |    432     B
                                                             <class 'functools._lru_list_elem |           4 |    320     B
                                                                             function (_call) |           2 |    272     B
                                                                          function (__init__) |           2 |    272     B
                                                                  <class 'inspect.FullArgSpec |           2 |    208     B
                                                                                <class 'float |           8 |    192     B
                                         <class 'odl.operator.operator.OperatorLeftScalarMult |           3 |    168     B
                                                                              <class 'weakref |           2 |    160     B
                                        <class 'odl.operator.operator.OperatorRightScalarMult |           1 |     56     B
  <class 'odl.solvers.nonsmooth.proximal_operators.proximal_cconj_l1.<locals>.ProximalCConjL1 |           1 |     56     B
                                                   <class 'odl.operator.operator.OperatorComp |           1 |     56     B
iter = 26
CPU usage (% each core): [22.7, 20.3, 21.4, 19.5, 20.2, 20.2, 19.5, 100.0]
RAM usage: svmem(total=67514511360, available=58609405952, percent=13.2, used=7540658176, free=28089720832, active=17590816768, inactive=19998654464, buffers=1069158400, cached=30814973952, shared=610893824)
SWAP usage: sswap(total=4294963200, used=1484582912, free=2810380288, percent=34.6, sin=33061576704, sout=53113171968)
                                                  types |   # objects |   total size
======================================================= | =========== | ============
                                  <class 'numpy.ndarray |           1 |     27.47 MB
                                          <class 'bytes |          21 |      3.10 KB
                                           <class 'dict |          15 |      2.41 KB
                                           <class 'type |           2 |      2.06 KB
                                          <class 'tuple |          12 |    784     B
                                           <class 'list |           4 |    656     B
                                           <class 'cell |           9 |    432     B
                       <class 'functools._lru_list_elem |           4 |    320     B
                                       function (_call) |           2 |    272     B
                                    function (__init__) |           2 |    272     B
                            <class 'inspect.FullArgSpec |           2 |    208     B
                                          <class 'float |           8 |    192     B
   <class 'odl.operator.operator.OperatorLeftScalarMult |           3 |    168     B
                                        <class 'weakref |           2 |    160     B
  <class 'odl.operator.operator.OperatorRightScalarMult |           1 |     56     B
iter = 27
CPU usage (% each core): [19.8, 19.7, 22.9, 100.0, 20.5, 20.9, 19.8, 19.7]
RAM usage: svmem(total=67514511360, available=58580639744, percent=13.2, used=7569424384, free=28060954624, active=17619607552, inactive=19998654464, buffers=1069158400, cached=30814973952, shared=610893824)
SWAP usage: sswap(total=4294963200, used=1484582912, free=2810380288, percent=34.6, sin=33061576704, sout=53113171968)
                                                  types |   # objects |   total size
======================================================= | =========== | ============
                                  <class 'numpy.ndarray |           1 |     27.47 MB
                                          <class 'bytes |          21 |      2.47 KB
                                           <class 'dict |          15 |      2.41 KB
                                           <class 'type |           2 |      2.06 KB
                                          <class 'tuple |          12 |    784     B
                                           <class 'list |           4 |    704     B
                                           <class 'cell |           9 |    432     B
                       <class 'functools._lru_list_elem |           4 |    320     B
                                       function (_call) |           2 |    272     B
                                    function (__init__) |           2 |    272     B
                            <class 'inspect.FullArgSpec |           2 |    208     B
                                          <class 'float |           8 |    192     B
   <class 'odl.operator.operator.OperatorLeftScalarMult |           3 |    168     B
                                        <class 'weakref |           2 |    160     B
  <class 'odl.operator.operator.OperatorRightScalarMult |           1 |     56     B
iter = 28
CPU usage (% each core): [19.7, 42.5, 18.5, 15.5, 80.3, 53.5, 19.2, 100.0]
RAM usage: svmem(total=67514511360, available=58551697408, percent=13.3, used=7598366720, free=28032012288, active=17648304128, inactive=19998654464, buffers=1069158400, cached=30814973952, shared=610893824)
SWAP usage: sswap(total=4294963200, used=1484582912, free=2810380288, percent=34.6, sin=33061576704, sout=53113171968)
                                                 types |   # objects |   total size
====================================================== | =========== | ============
                                 <class 'numpy.ndarray |           1 |     27.47 MB
                                         <class 'bytes |          21 |      2.47 KB
                                          <class 'dict |          15 |      2.41 KB
                                          <class 'type |           2 |      2.06 KB
                                         <class 'tuple |          12 |    784     B
                                          <class 'list |           4 |    656     B
                                          <class 'cell |           9 |    432     B
                      <class 'functools._lru_list_elem |           4 |    320     B
                                      function (_call) |           2 |    272     B
                                   function (__init__) |           2 |    272     B
                           <class 'inspect.FullArgSpec |           2 |    208     B
                                         <class 'float |           8 |    192     B
  <class 'odl.operator.operator.OperatorLeftScalarMult |           3 |    168     B
                                       <class 'weakref |           2 |    160     B
                                           <class 'int |           4 |    112     B
iter = 29
CPU usage (% each core): [23.0, 18.7, 21.1, 100.0, 19.2, 20.3, 18.7, 18.7]
RAM usage: svmem(total=67514511360, available=58522599424, percent=13.3, used=7627468800, free=28002910208, active=17677381632, inactive=19998654464, buffers=1069158400, cached=30814973952, shared=610893824)
SWAP usage: sswap(total=4294963200, used=1484582912, free=2810380288, percent=34.6, sin=33061576704, sout=53113171968)
                                                                                        types |   # objects |   total size
============================================================================================= | =========== | ============
                                                                        <class 'numpy.ndarray |           1 |     27.47 MB
                                                                                 <class 'dict |          15 |      4.78 KB
                                                                                 <class 'type |           2 |      2.06 KB
                                                                                <class 'tuple |          12 |    784     B
                                                                                 <class 'cell |           9 |    432     B
                                                             <class 'functools._lru_list_elem |           4 |    320     B
                                                                             function (_call) |           2 |    272     B
                                                                          function (__init__) |           2 |    272     B
                                                                  <class 'inspect.FullArgSpec |           2 |    208     B
                                                                                <class 'float |           8 |    192     B
                                         <class 'odl.operator.operator.OperatorLeftScalarMult |           3 |    168     B
                                                                              <class 'weakref |           2 |    160     B
                                        <class 'odl.operator.operator.OperatorRightScalarMult |           1 |     56     B
  <class 'odl.solvers.nonsmooth.proximal_operators.proximal_cconj_l1.<locals>.ProximalCConjL1 |           1 |     56     B
                                                   <class 'odl.operator.operator.OperatorComp |           1 |     56     B
iter = 30
CPU usage (% each core): [21.8, 20.2, 22.2, 100.0, 20.3, 20.2, 19.5, 19.5]
RAM usage: svmem(total=67514511360, available=58493587456, percent=13.4, used=7656480768, free=27973890048, active=17706078208, inactive=19998662656, buffers=1069158400, cached=30814982144, shared=610893824)
SWAP usage: sswap(total=4294963200, used=1484582912, free=2810380288, percent=34.6, sin=33061576704, sout=53113171968)
                                                  types |   # objects |   total size
======================================================= | =========== | ============
                                  <class 'numpy.ndarray |           1 |     27.47 MB
                                          <class 'bytes |          21 |      3.10 KB
                                           <class 'dict |          15 |      2.41 KB
                                           <class 'type |           2 |      2.06 KB
                                          <class 'tuple |          12 |    784     B
                                           <class 'list |           4 |    656     B
                                           <class 'cell |           9 |    432     B
                       <class 'functools._lru_list_elem |           4 |    320     B
                                       function (_call) |           2 |    272     B
                                    function (__init__) |           2 |    272     B
                            <class 'inspect.FullArgSpec |           2 |    208     B
                                          <class 'float |           8 |    192     B
   <class 'odl.operator.operator.OperatorLeftScalarMult |           3 |    168     B
                                        <class 'weakref |           2 |    160     B
  <class 'odl.operator.operator.OperatorRightScalarMult |           1 |     56     B
iter = 31
CPU usage (% each core): [22.9, 20.5, 21.8, 19.5, 19.5, 20.2, 21.0, 100.0]
RAM usage: svmem(total=67514511360, available=58462879744, percent=13.4, used=7687188480, free=27943182336, active=17736949760, inactive=19998662656, buffers=1069158400, cached=30814982144, shared=610893824)
SWAP usage: sswap(total=4294963200, used=1484582912, free=2810380288, percent=34.6, sin=33061576704, sout=53113171968)
                                                 types |   # objects |   total size
====================================================== | =========== | ============
                                 <class 'numpy.ndarray |           1 |     27.47 MB
                                         <class 'bytes |          21 |      2.47 KB
                                          <class 'dict |          15 |      2.41 KB
                                          <class 'type |           2 |      2.06 KB
                                         <class 'tuple |          12 |    784     B
                                          <class 'list |           4 |    656     B
                                          <class 'cell |           9 |    432     B
                      <class 'functools._lru_list_elem |           4 |    320     B
                                      function (_call) |           2 |    272     B
                                   function (__init__) |           2 |    272     B
                           <class 'inspect.FullArgSpec |           2 |    208     B
                                         <class 'float |           8 |    192     B
  <class 'odl.operator.operator.OperatorLeftScalarMult |           3 |    168     B
                                       <class 'weakref |           2 |    160     B
                                           <class 'int |           2 |     60     B
iter = 32
CPU usage (% each core): [18.7, 74.4, 19.5, 15.4, 77.6, 16.3, 18.3, 100.0]
RAM usage: svmem(total=67514511360, available=58433875968, percent=13.4, used=7716192256, free=27914178560, active=17766010880, inactive=19998662656, buffers=1069158400, cached=30814982144, shared=610893824)
SWAP usage: sswap(total=4294963200, used=1484582912, free=2810380288, percent=34.6, sin=33061576704, sout=53113171968)
                                                 types |   # objects |   total size
====================================================== | =========== | ============
                                 <class 'numpy.ndarray |           1 |     27.47 MB
                                         <class 'bytes |          21 |      2.45 KB
                                          <class 'dict |          15 |      2.41 KB
                                          <class 'type |           2 |      2.06 KB
                                          <class 'list |           4 |    800     B
                                         <class 'tuple |          12 |    784     B
                                          <class 'cell |           9 |    432     B
                      <class 'functools._lru_list_elem |           4 |    320     B
                                      function (_call) |           2 |    272     B
                                   function (__init__) |           2 |    272     B
                           <class 'inspect.FullArgSpec |           2 |    208     B
                                         <class 'float |           8 |    192     B
  <class 'odl.operator.operator.OperatorLeftScalarMult |           3 |    168     B
                                       <class 'weakref |           2 |    160     B
                                           <class 'int |           3 |     84     B
iter = 33
CPU usage (% each core): [23.5, 21.4, 23.7, 100.0, 21.2, 20.3, 21.0, 20.3]
RAM usage: svmem(total=67514511360, available=58404708352, percent=13.5, used=7745359872, free=27885010944, active=17794744320, inactive=19998662656, buffers=1069158400, cached=30814982144, shared=610893824)
SWAP usage: sswap(total=4294963200, used=1484582912, free=2810380288, percent=34.6, sin=33061576704, sout=53113171968)
                                                  types |   # objects |   total size
======================================================= | =========== | ============
                                  <class 'numpy.ndarray |           1 |     27.47 MB
                                          <class 'bytes |          21 |      2.45 KB
                                           <class 'dict |          15 |      2.41 KB
                                           <class 'type |           2 |      2.06 KB
                                          <class 'tuple |          12 |    784     B
                                           <class 'list |           4 |    520     B
                                           <class 'cell |           9 |    432     B
                       <class 'functools._lru_list_elem |           4 |    320     B
                                       function (_call) |           2 |    272     B
                                    function (__init__) |           2 |    272     B
                            <class 'inspect.FullArgSpec |           2 |    208     B
                                          <class 'float |           8 |    192     B
   <class 'odl.operator.operator.OperatorLeftScalarMult |           3 |    168     B
                                        <class 'weakref |           2 |    160     B
  <class 'odl.operator.operator.OperatorRightScalarMult |           1 |     56     B
iter = 34
CPU usage (% each core): [49.0, 75.3, 17.8, 14.3, 44.2, 18.1, 19.6, 100.0]
RAM usage: svmem(total=67514511360, available=58376089600, percent=13.5, used=7773978624, free=27856384000, active=17823490048, inactive=19998666752, buffers=1069158400, cached=30814990336, shared=610893824)
SWAP usage: sswap(total=4294963200, used=1484582912, free=2810380288, percent=34.6, sin=33061576704, sout=53113171968)
                                                                                        types |   # objects |   total size
============================================================================================= | =========== | ============
                                                                        <class 'numpy.ndarray |           1 |     27.47 MB
                                                                                 <class 'dict |          15 |      2.41 KB
                                                                                 <class 'type |           2 |      2.06 KB
                                                                                <class 'tuple |          12 |    784     B
                                                                                 <class 'cell |           9 |    432     B
                                                             <class 'functools._lru_list_elem |           4 |    320     B
                                                                             function (_call) |           2 |    272     B
                                                                          function (__init__) |           2 |    272     B
                                                                  <class 'inspect.FullArgSpec |           2 |    208     B
                                                                                <class 'float |           8 |    192     B
                                         <class 'odl.operator.operator.OperatorLeftScalarMult |           3 |    168     B
                                                                              <class 'weakref |           2 |    160     B
                                                                                  <class 'int |           3 |     84     B
                                        <class 'odl.operator.operator.OperatorRightScalarMult |           1 |     56     B
  <class 'odl.solvers.nonsmooth.proximal_operators.proximal_cconj_l1.<locals>.ProximalCConjL1 |           1 |     56     B
iter = 35
CPU usage (% each core): [21.4, 20.3, 23.1, 21.2, 20.5, 21.6, 22.0, 99.2]
RAM usage: svmem(total=67514511360, available=58346913792, percent=13.6, used=7803154432, free=27827208192, active=17852542976, inactive=19998666752, buffers=1069158400, cached=30814990336, shared=610893824)
SWAP usage: sswap(total=4294963200, used=1484582912, free=2810380288, percent=34.6, sin=33061576704, sout=53113171968)
                                                  types |   # objects |   total size
======================================================= | =========== | ============
                                  <class 'numpy.ndarray |           1 |     27.47 MB
                                          <class 'bytes |          21 |      3.10 KB
                                           <class 'dict |          15 |      2.41 KB
                                           <class 'type |           2 |      2.06 KB
                                          <class 'tuple |          12 |    784     B
                                           <class 'list |           4 |    656     B
                                           <class 'cell |           9 |    432     B
                       <class 'functools._lru_list_elem |           4 |    320     B
                                       function (_call) |           2 |    272     B
                                    function (__init__) |           2 |    272     B
                            <class 'inspect.FullArgSpec |           2 |    208     B
                                          <class 'float |           8 |    192     B
   <class 'odl.operator.operator.OperatorLeftScalarMult |           3 |    168     B
                                        <class 'weakref |           2 |    160     B
  <class 'odl.operator.operator.OperatorRightScalarMult |           1 |     56     B
iter = 36
CPU usage (% each core): [21.8, 20.2, 20.8, 100.0, 19.2, 19.3, 19.3, 18.6]
RAM usage: svmem(total=67514511360, available=58318340096, percent=13.6, used=7831728128, free=27798634496, active=17881223168, inactive=19998666752, buffers=1069158400, cached=30814990336, shared=610893824)
SWAP usage: sswap(total=4294963200, used=1484582912, free=2810380288, percent=34.6, sin=33061576704, sout=53113171968)
                                                 types |   # objects |   total size
====================================================== | =========== | ============
                                 <class 'numpy.ndarray |           1 |     27.47 MB
                                         <class 'bytes |          21 |      2.47 KB
                                          <class 'dict |          15 |      2.41 KB
                                          <class 'type |           2 |      2.06 KB
                                         <class 'tuple |          12 |    784     B
                                          <class 'list |           4 |    624     B
                                          <class 'cell |           9 |    432     B
                      <class 'functools._lru_list_elem |           4 |    320     B
                                      function (_call) |           2 |    272     B
                                   function (__init__) |           2 |    272     B
                           <class 'inspect.FullArgSpec |           2 |    208     B
                                         <class 'float |           8 |    192     B
  <class 'odl.operator.operator.OperatorLeftScalarMult |           3 |    168     B
                                       <class 'weakref |           2 |    160     B
                                           <class 'int |           4 |    112     B
iter = 37
CPU usage (% each core): [21.0, 21.8, 21.8, 100.0, 19.5, 20.8, 19.3, 19.3]
RAM usage: svmem(total=67514511360, available=58289180672, percent=13.7, used=7860887552, free=27769475072, active=17910145024, inactive=19998666752, buffers=1069158400, cached=30814990336, shared=610893824)
SWAP usage: sswap(total=4294963200, used=1484582912, free=2810380288, percent=34.6, sin=33061576704, sout=53113171968)
                                                  types |   # objects |   total size
======================================================= | =========== | ============
                                  <class 'numpy.ndarray |           1 |     27.47 MB
                                          <class 'bytes |          21 |      2.45 KB
                                           <class 'dict |          15 |      2.41 KB
                                           <class 'type |           2 |      2.06 KB
                                          <class 'tuple |          12 |    784     B
                                           <class 'list |           4 |    696     B
                                           <class 'cell |           9 |    432     B
                       <class 'functools._lru_list_elem |           4 |    320     B
                                       function (_call) |           2 |    272     B
                                    function (__init__) |           2 |    272     B
                            <class 'inspect.FullArgSpec |           2 |    208     B
                                          <class 'float |           8 |    192     B
   <class 'odl.operator.operator.OperatorLeftScalarMult |           3 |    168     B
                                        <class 'weakref |           2 |    160     B
  <class 'odl.operator.operator.OperatorRightScalarMult |           1 |     56     B
iter = 38
CPU usage (% each core): [22.0, 21.4, 22.0, 99.2, 19.7, 20.5, 20.5, 20.3]
RAM usage: svmem(total=67514511360, available=58260213760, percent=13.7, used=7889850368, free=27740499968, active=17938989056, inactive=19998674944, buffers=1069158400, cached=30815002624, shared=610893824)
SWAP usage: sswap(total=4294963200, used=1484582912, free=2810380288, percent=34.6, sin=33061576704, sout=53113171968)
                                                                                        types |   # objects |   total size
============================================================================================= | =========== | ============
                                                                        <class 'numpy.ndarray |           1 |     27.47 MB
                                                                                 <class 'dict |          15 |      2.41 KB
                                                                                 <class 'type |           2 |      2.06 KB
                                                                                <class 'tuple |          12 |    784     B
                                                                                 <class 'cell |           9 |    432     B
                                                             <class 'functools._lru_list_elem |           4 |    320     B
                                                                             function (_call) |           2 |    272     B
                                                                          function (__init__) |           2 |    272     B
                                                                  <class 'inspect.FullArgSpec |           2 |    208     B
                                                                                <class 'float |           8 |    192     B
                                         <class 'odl.operator.operator.OperatorLeftScalarMult |           3 |    168     B
                                                                              <class 'weakref |           2 |    160     B
                                                                                  <class 'int |           3 |     84     B
                                        <class 'odl.operator.operator.OperatorRightScalarMult |           1 |     56     B
  <class 'odl.solvers.nonsmooth.proximal_operators.proximal_cconj_l1.<locals>.ProximalCConjL1 |           1 |     56     B
iter = 39
CPU usage (% each core): [23.1, 20.5, 20.7, 19.7, 21.2, 20.5, 20.3, 99.2]
RAM usage: svmem(total=67514511360, available=58231586816, percent=13.7, used=7918477312, free=27711873024, active=17967788032, inactive=19998674944, buffers=1069158400, cached=30815002624, shared=610893824)
SWAP usage: sswap(total=4294963200, used=1484582912, free=2810380288, percent=34.6, sin=33061576704, sout=53113171968)
                                                  types |   # objects |   total size
======================================================= | =========== | ============
                                  <class 'numpy.ndarray |           1 |     27.47 MB
                                          <class 'bytes |          21 |      3.10 KB
                                           <class 'dict |          15 |      2.41 KB
                                           <class 'type |           2 |      2.06 KB
                                          <class 'tuple |          12 |    784     B
                                           <class 'list |           4 |    656     B
                                           <class 'cell |           9 |    432     B
                       <class 'functools._lru_list_elem |           4 |    320     B
                                       function (_call) |           2 |    272     B
                                    function (__init__) |           2 |    272     B
                            <class 'inspect.FullArgSpec |           2 |    208     B
                                          <class 'float |           8 |    192     B
   <class 'odl.operator.operator.OperatorLeftScalarMult |           3 |    168     B
                                        <class 'weakref |           2 |    160     B
  <class 'odl.operator.operator.OperatorRightScalarMult |           1 |     56     B
iter = 40
CPU usage (% each core): [21.4, 21.8, 21.8, 100.0, 21.7, 20.2, 20.3, 20.2]
RAM usage: svmem(total=67514511360, available=58202578944, percent=13.8, used=7947485184, free=27682865152, active=17996587008, inactive=19998674944, buffers=1069158400, cached=30815002624, shared=610893824)
SWAP usage: sswap(total=4294963200, used=1484582912, free=2810380288, percent=34.6, sin=33061576704, sout=53113171968)
                                                  types |   # objects |   total size
======================================================= | =========== | ============
                                  <class 'numpy.ndarray |           1 |     27.47 MB
                                          <class 'bytes |          21 |      2.47 KB
                                           <class 'dict |          15 |      2.41 KB
                                           <class 'type |           2 |      2.06 KB
                                          <class 'tuple |          12 |    784     B
                                           <class 'list |           4 |    624     B
                                           <class 'cell |           9 |    432     B
                       <class 'functools._lru_list_elem |           4 |    320     B
                                       function (_call) |           2 |    272     B
                                    function (__init__) |           2 |    272     B
                            <class 'inspect.FullArgSpec |           2 |    208     B
                                          <class 'float |           8 |    192     B
   <class 'odl.operator.operator.OperatorLeftScalarMult |           3 |    168     B
                                        <class 'weakref |           2 |    160     B
  <class 'odl.operator.operator.OperatorRightScalarMult |           1 |     56     B
iter = 41
CPU usage (% each core): [46.7, 21.5, 21.7, 19.0, 19.8, 20.5, 23.0, 99.2]
RAM usage: svmem(total=67514511360, available=58144788480, percent=13.9, used=8005279744, free=27625062400, active=18052874240, inactive=19998691328, buffers=1069158400, cached=30815010816, shared=610893824)
SWAP usage: sswap(total=4294963200, used=1484582912, free=2810380288, percent=34.6, sin=33061576704, sout=53113171968)
                                                  types |   # objects |   total size
======================================================= | =========== | ============
                                  <class 'numpy.ndarray |           1 |     27.47 MB
                                          <class 'bytes |          21 |      2.47 KB
                                           <class 'dict |          15 |      2.41 KB
                                           <class 'type |           2 |      2.06 KB
                                          <class 'tuple |          12 |    784     B
                                           <class 'list |           4 |    696     B
                                           <class 'cell |           9 |    432     B
                       <class 'functools._lru_list_elem |           4 |    320     B
                                       function (_call) |           2 |    272     B
                                    function (__init__) |           2 |    272     B
                            <class 'inspect.FullArgSpec |           2 |    208     B
                                          <class 'float |           8 |    192     B
   <class 'odl.operator.operator.OperatorLeftScalarMult |           3 |    168     B
                                        <class 'weakref |           2 |    160     B
  <class 'odl.operator.operator.OperatorRightScalarMult |           1 |     56     B
iter = 42
CPU usage (% each core): [45.0, 71.6, 75.2, 100.0, 74.8, 19.6, 19.8, 19.9]
RAM usage: svmem(total=67514511360, available=58143703040, percent=13.9, used=8006365184, free=27623821312, active=18099838976, inactive=19953168384, buffers=1069158400, cached=30815166464, shared=610893824)
SWAP usage: sswap(total=4294963200, used=1484582912, free=2810380288, percent=34.6, sin=33061576704, sout=53113171968)
                                                                                        types |   # objects |   total size
============================================================================================= | =========== | ============
                                                                        <class 'numpy.ndarray |           1 |     27.47 MB
                                                                                 <class 'dict |          15 |      4.55 KB
                                                                                 <class 'type |           2 |      2.06 KB
                                                                                <class 'tuple |          12 |    784     B
                                                                                 <class 'cell |           9 |    432     B
                                                             <class 'functools._lru_list_elem |           4 |    320     B
                                                                             function (_call) |           2 |    272     B
                                                                          function (__init__) |           2 |    272     B
                                                                  <class 'inspect.FullArgSpec |           2 |    208     B
                                                                                <class 'float |           8 |    192     B
                                         <class 'odl.operator.operator.OperatorLeftScalarMult |           3 |    168     B
                                                                              <class 'weakref |           2 |    160     B
                                                                                  <class 'int |           3 |     84     B
                                        <class 'odl.operator.operator.OperatorRightScalarMult |           1 |     56     B
  <class 'odl.solvers.nonsmooth.proximal_operators.proximal_cconj_l1.<locals>.ProximalCConjL1 |           1 |     56     B
iter = 43
CPU usage (% each core): [26.1, 21.0, 26.7, 18.6, 20.0, 22.0, 18.8, 100.0]
RAM usage: svmem(total=67514511360, available=58115792896, percent=13.9, used=8034275328, free=27595911168, active=18128470016, inactive=19953164288, buffers=1069158400, cached=30815166464, shared=610893824)
SWAP usage: sswap(total=4294963200, used=1484578816, free=2810384384, percent=34.6, sin=33061576704, sout=53113171968)
                                                  types |   # objects |   total size
======================================================= | =========== | ============
                                  <class 'numpy.ndarray |           1 |     27.47 MB
                                          <class 'bytes |          21 |      3.10 KB
                                           <class 'dict |          15 |      2.41 KB
                                           <class 'type |           2 |      2.06 KB
                                          <class 'tuple |          12 |    784     B
                                           <class 'list |           4 |    744     B
                                           <class 'cell |           9 |    432     B
                       <class 'functools._lru_list_elem |           4 |    320     B
                                       function (_call) |           2 |    272     B
                                    function (__init__) |           2 |    272     B
                            <class 'inspect.FullArgSpec |           2 |    208     B
                                          <class 'float |           8 |    192     B
   <class 'odl.operator.operator.OperatorLeftScalarMult |           3 |    168     B
                                        <class 'weakref |           2 |    160     B
  <class 'odl.operator.operator.OperatorRightScalarMult |           1 |     56     B
iter = 44
CPU usage (% each core): [21.8, 20.2, 21.8, 100.0, 20.8, 20.0, 20.0, 19.3]
RAM usage: svmem(total=67514511360, available=58086363136, percent=14.0, used=8063705088, free=27566481408, active=18157494272, inactive=19953164288, buffers=1069158400, cached=30815166464, shared=610893824)
SWAP usage: sswap(total=4294963200, used=1484578816, free=2810384384, percent=34.6, sin=33061576704, sout=53113171968)
                                                  types |   # objects |   total size
======================================================= | =========== | ============
                                  <class 'numpy.ndarray |           1 |     27.47 MB
                                          <class 'bytes |          21 |      2.47 KB
                                           <class 'dict |          15 |      2.41 KB
                                           <class 'type |           2 |      2.06 KB
                                          <class 'tuple |          12 |    784     B
                                           <class 'list |           4 |    624     B
                                           <class 'cell |           9 |    432     B
                       <class 'functools._lru_list_elem |           4 |    320     B
                                       function (_call) |           2 |    272     B
                                    function (__init__) |           2 |    272     B
                            <class 'inspect.FullArgSpec |           2 |    208     B
                                          <class 'float |           8 |    192     B
   <class 'odl.operator.operator.OperatorLeftScalarMult |           3 |    168     B
                                        <class 'weakref |           2 |    160     B
  <class 'odl.operator.operator.OperatorRightScalarMult |           1 |     56     B
iter = 45
CPU usage (% each core): [23.0, 19.2, 20.8, 100.0, 19.2, 20.0, 19.2, 19.2]
RAM usage: svmem(total=67514511360, available=58058350592, percent=14.0, used=8091717632, free=27538468864, active=18186088448, inactive=19953164288, buffers=1069158400, cached=30815166464, shared=610893824)
SWAP usage: sswap(total=4294963200, used=1484578816, free=2810384384, percent=34.6, sin=33061576704, sout=53113171968)
                                                  types |   # objects |   total size
======================================================= | =========== | ============
                                  <class 'numpy.ndarray |           1 |     27.47 MB
                                          <class 'bytes |          21 |      2.47 KB
                                           <class 'dict |          15 |      2.41 KB
                                           <class 'type |           2 |      2.06 KB
                                          <class 'tuple |          12 |    784     B
                                           <class 'list |           4 |    696     B
                                           <class 'cell |           9 |    432     B
                       <class 'functools._lru_list_elem |           4 |    320     B
                                       function (_call) |           2 |    272     B
                                    function (__init__) |           2 |    272     B
                            <class 'inspect.FullArgSpec |           2 |    208     B
                                          <class 'float |           8 |    192     B
   <class 'odl.operator.operator.OperatorLeftScalarMult |           3 |    168     B
                                        <class 'weakref |           2 |    160     B
  <class 'odl.operator.operator.OperatorRightScalarMult |           1 |     56     B
iter = 46
CPU usage (% each core): [22.9, 20.2, 22.0, 19.5, 20.2, 19.5, 19.7, 100.0]
RAM usage: svmem(total=67514511360, available=58027225088, percent=14.1, used=8122843136, free=27507335168, active=18216878080, inactive=19953168384, buffers=1069158400, cached=30815174656, shared=610893824)
SWAP usage: sswap(total=4294963200, used=1484578816, free=2810384384, percent=34.6, sin=33061576704, sout=53113171968)
                                                                                        types |   # objects |   total size
============================================================================================= | =========== | ============
                                                                        <class 'numpy.ndarray |           1 |     27.47 MB
                                                                                 <class 'dict |          15 |      2.41 KB
                                                                                 <class 'type |           2 |      2.06 KB
                                                                                <class 'tuple |          12 |    784     B
                                                                                 <class 'cell |           9 |    432     B
                                                             <class 'functools._lru_list_elem |           4 |    320     B
                                                                             function (_call) |           2 |    272     B
                                                                          function (__init__) |           2 |    272     B
                                                                  <class 'inspect.FullArgSpec |           2 |    208     B
                                                                                <class 'float |           8 |    192     B
                                         <class 'odl.operator.operator.OperatorLeftScalarMult |           3 |    168     B
                                                                              <class 'weakref |           2 |    160     B
                                                                                  <class 'int |           3 |     84     B
                                        <class 'odl.operator.operator.OperatorRightScalarMult |           1 |     56     B
  <class 'odl.solvers.nonsmooth.proximal_operators.proximal_cconj_l1.<locals>.ProximalCConjL1 |           1 |     56     B
iter = 47
CPU usage (% each core): [22.7, 21.8, 20.3, 100.0, 19.5, 20.2, 19.3, 19.5]
RAM usage: svmem(total=67514511360, available=57998741504, percent=14.1, used=8151326720, free=27478851584, active=18245574656, inactive=19953168384, buffers=1069158400, cached=30815174656, shared=610893824)
SWAP usage: sswap(total=4294963200, used=1484578816, free=2810384384, percent=34.6, sin=33061576704, sout=53113171968)
                                                  types |   # objects |   total size
======================================================= | =========== | ============
                                  <class 'numpy.ndarray |           1 |     27.47 MB
                                          <class 'bytes |          21 |      3.10 KB
                                           <class 'dict |          15 |      2.41 KB
                                           <class 'type |           2 |      2.06 KB
                                          <class 'tuple |          12 |    784     B
                                           <class 'list |           4 |    616     B
                                           <class 'cell |           9 |    432     B
                       <class 'functools._lru_list_elem |           4 |    320     B
                                       function (_call) |           2 |    272     B
                                    function (__init__) |           2 |    272     B
                            <class 'inspect.FullArgSpec |           2 |    208     B
                                          <class 'float |           8 |    192     B
   <class 'odl.operator.operator.OperatorLeftScalarMult |           3 |    168     B
                                        <class 'weakref |           2 |    160     B
  <class 'odl.operator.operator.OperatorRightScalarMult |           1 |     56     B
iter = 48
CPU usage (% each core): [21.7, 21.0, 21.0, 100.0, 19.3, 19.3, 21.7, 20.0]
RAM usage: svmem(total=67514511360, available=57969831936, percent=14.1, used=8180236288, free=27449942016, active=18274496512, inactive=19953168384, buffers=1069158400, cached=30815174656, shared=610893824)
SWAP usage: sswap(total=4294963200, used=1484578816, free=2810384384, percent=34.6, sin=33061576704, sout=53113171968)
                                                  types |   # objects |   total size
======================================================= | =========== | ============
                                  <class 'numpy.ndarray |           1 |     27.47 MB
                                          <class 'bytes |          21 |      2.47 KB
                                           <class 'dict |          15 |      2.41 KB
                                           <class 'type |           2 |      2.06 KB
                                          <class 'tuple |          12 |    784     B
                                           <class 'list |           4 |    752     B
                                           <class 'cell |           9 |    432     B
                       <class 'functools._lru_list_elem |           4 |    320     B
                                       function (_call) |           2 |    272     B
                                    function (__init__) |           2 |    272     B
                            <class 'inspect.FullArgSpec |           2 |    208     B
                                          <class 'float |           8 |    192     B
   <class 'odl.operator.operator.OperatorLeftScalarMult |           3 |    168     B
                                        <class 'weakref |           2 |    160     B
  <class 'odl.operator.operator.OperatorRightScalarMult |           1 |     56     B
iter = 49
CPU usage (% each core): [19.0, 21.8, 22.7, 19.2, 20.0, 18.8, 17.6, 100.0]
RAM usage: svmem(total=67514511360, available=57940955136, percent=14.2, used=8209113088, free=27421065216, active=18303193088, inactive=19953168384, buffers=1069158400, cached=30815174656, shared=610893824)
SWAP usage: sswap(total=4294963200, used=1484578816, free=2810384384, percent=34.6, sin=33061576704, sout=53113171968)
                                                 types |   # objects |   total size
====================================================== | =========== | ============
                                 <class 'numpy.ndarray |           1 |     27.47 MB
                                         <class 'bytes |          21 |      2.47 KB
                                          <class 'dict |          15 |      2.41 KB
                                          <class 'type |           2 |      2.06 KB
                                         <class 'tuple |          12 |    784     B
                                          <class 'list |           4 |    696     B
                                          <class 'cell |           9 |    432     B
                      <class 'functools._lru_list_elem |           4 |    320     B
                                      function (_call) |           2 |    272     B
                                   function (__init__) |           2 |    272     B
                           <class 'inspect.FullArgSpec |           2 |    208     B
                                         <class 'float |           8 |    192     B
  <class 'odl.operator.operator.OperatorLeftScalarMult |           3 |    168     B
                                       <class 'weakref |           2 |    160     B
                                           <class 'int |           3 |     84     B
iter = 50
CPU usage (% each core): [100.0, 15.6, 77.0, 20.1, 16.2, 69.8, 17.0, 20.4]
RAM usage: svmem(total=67514511360, available=57911951360, percent=14.2, used=8238116864, free=27392053248, active=18332225536, inactive=19953180672, buffers=1069158400, cached=30815182848, shared=610893824)
SWAP usage: sswap(total=4294963200, used=1484578816, free=2810384384, percent=34.6, sin=33061576704, sout=53113171968)
                                                                                        types |   # objects |   total size
============================================================================================= | =========== | ============
                                                                        <class 'numpy.ndarray |           1 |     27.47 MB
                                                                                 <class 'dict |          15 |      2.41 KB
                                                                                 <class 'type |           2 |      2.06 KB
                                                                                <class 'tuple |          10 |    656     B
                                                                                 <class 'cell |           9 |    432     B
                                                                             function (_call) |           2 |    272     B
                                                                          function (__init__) |           2 |    272     B
                                                             <class 'functools._lru_list_elem |           3 |    240     B
                                                                                <class 'float |           8 |    192     B
                                         <class 'odl.operator.operator.OperatorLeftScalarMult |           3 |    168     B
                                                                              <class 'weakref |           2 |    160     B
                                                                  <class 'inspect.FullArgSpec |           1 |    104     B
                                        <class 'odl.operator.operator.OperatorRightScalarMult |           1 |     56     B
  <class 'odl.solvers.nonsmooth.proximal_operators.proximal_cconj_l1.<locals>.ProximalCConjL1 |           1 |     56     B
                                                   <class 'odl.operator.operator.OperatorComp |           1 |     56     B
iter = 51
CPU usage (% each core): [20.0, 21.2, 21.2, 20.2, 100.0, 20.2, 20.8, 21.7]
RAM usage: svmem(total=67514511360, available=57883611136, percent=14.3, used=8266457088, free=27363713024, active=18360922112, inactive=19953180672, buffers=1069158400, cached=30815182848, shared=610893824)
SWAP usage: sswap(total=4294963200, used=1484578816, free=2810384384, percent=34.6, sin=33061576704, sout=53113171968)
                                                                                        types |   # objects |   total size
============================================================================================= | =========== | ============
                                                                        <class 'numpy.ndarray |           1 |     27.47 MB
                                                                                <class 'bytes |          21 |      3.10 KB
                                                                                 <class 'dict |          15 |      2.41 KB
                                                                                 <class 'type |           2 |      2.06 KB
                                                                                <class 'tuple |           8 |    528     B
                                                                                 <class 'cell |           9 |    432     B
                                                                                 <class 'list |           0 |    376     B
                                                                             function (_call) |           2 |    272     B
                                                                          function (__init__) |           2 |    272     B
                                                                                <class 'float |           8 |    192     B
                                         <class 'odl.operator.operator.OperatorLeftScalarMult |           3 |    168     B
                                                             <class 'functools._lru_list_elem |           2 |    160     B
                                                                              <class 'weakref |           2 |    160     B
                                        <class 'odl.operator.operator.OperatorRightScalarMult |           1 |     56     B
  <class 'odl.solvers.nonsmooth.proximal_operators.proximal_cconj_l1.<locals>.ProximalCConjL1 |           1 |     56     B
iter = 52
CPU usage (% each core): [19.0, 20.3, 21.7, 19.7, 100.0, 20.7, 20.5, 19.7]
RAM usage: svmem(total=67514511360, available=57854640128, percent=14.3, used=8295428096, free=27334742016, active=18389843968, inactive=19953180672, buffers=1069158400, cached=30815182848, shared=610893824)
SWAP usage: sswap(total=4294963200, used=1484578816, free=2810384384, percent=34.6, sin=33061576704, sout=53113171968)
                                                                                        types |   # objects |   total size
============================================================================================= | =========== | ============
                                                                        <class 'numpy.ndarray |           1 |     27.47 MB
                                                                                <class 'bytes |          21 |      3.10 KB
                                                                                 <class 'dict |          15 |      2.41 KB
                                                                                 <class 'type |           2 |      2.06 KB
                                                                                <class 'tuple |           8 |    528     B
                                                                                 <class 'list |           0 |    432     B
                                                                                 <class 'cell |           9 |    432     B
                                                                             function (_call) |           2 |    272     B
                                                                          function (__init__) |           2 |    272     B
                                                                                <class 'float |           8 |    192     B
                                         <class 'odl.operator.operator.OperatorLeftScalarMult |           3 |    168     B
                                                             <class 'functools._lru_list_elem |           2 |    160     B
                                                                              <class 'weakref |           2 |    160     B
                                        <class 'odl.operator.operator.OperatorRightScalarMult |           1 |     56     B
  <class 'odl.solvers.nonsmooth.proximal_operators.proximal_cconj_l1.<locals>.ProximalCConjL1 |           1 |     56     B
iter = 53
CPU usage (% each core): [99.2, 20.3, 22.4, 23.2, 20.2, 20.2, 20.2, 21.0]
RAM usage: svmem(total=67514511360, available=57825730560, percent=14.4, used=8324337664, free=27305832448, active=18418696192, inactive=19953176576, buffers=1069158400, cached=30815182848, shared=610893824)
SWAP usage: sswap(total=4294963200, used=1484578816, free=2810384384, percent=34.6, sin=33061576704, sout=53113171968)
                                                                                        types |   # objects |   total size
============================================================================================= | =========== | ============
                                                                        <class 'numpy.ndarray |           1 |     27.47 MB
                                                                                 <class 'dict |          15 |      2.41 KB
                                                                                 <class 'type |           2 |      2.06 KB
                                                                                <class 'tuple |           8 |    528     B
                                                                                 <class 'cell |           9 |    432     B
                                                                             function (_call) |           2 |    272     B
                                                                          function (__init__) |           2 |    272     B
                                                                                <class 'float |           8 |    192     B
                                         <class 'odl.operator.operator.OperatorLeftScalarMult |           3 |    168     B
                                                             <class 'functools._lru_list_elem |           2 |    160     B
                                                                              <class 'weakref |           2 |    160     B
                                                                                  <class 'int |           4 |    112     B
                                        <class 'odl.operator.operator.OperatorRightScalarMult |           1 |     56     B
  <class 'odl.solvers.nonsmooth.proximal_operators.proximal_cconj_l1.<locals>.ProximalCConjL1 |           1 |     56     B
                                                   <class 'odl.operator.operator.OperatorComp |           1 |     56     B
iter = 54
CPU usage (% each core): [19.8, 19.7, 21.5, 21.7, 99.2, 19.8, 20.5, 19.0]
RAM usage: svmem(total=67514511360, available=57796673536, percent=14.4, used=8353394688, free=27276767232, active=18447446016, inactive=19953184768, buffers=1069158400, cached=30815191040, shared=610893824)
SWAP usage: sswap(total=4294963200, used=1484578816, free=2810384384, percent=34.6, sin=33061576704, sout=53113171968)
                                                                                        types |   # objects |   total size
============================================================================================= | =========== | ============
                                                                        <class 'numpy.ndarray |           1 |     27.47 MB
                                                                                <class 'bytes |          21 |      3.10 KB
                                                                                 <class 'dict |          15 |      2.41 KB
                                                                                 <class 'type |           2 |      2.06 KB
                                                                                <class 'tuple |           8 |    528     B
                                                                                 <class 'cell |           9 |    432     B
                                                                                 <class 'list |           0 |    400     B
                                                                             function (_call) |           2 |    272     B
                                                                          function (__init__) |           2 |    272     B
                                                                                <class 'float |           8 |    192     B
                                         <class 'odl.operator.operator.OperatorLeftScalarMult |           3 |    168     B
                                                             <class 'functools._lru_list_elem |           2 |    160     B
                                                                              <class 'weakref |           2 |    160     B
                                        <class 'odl.operator.operator.OperatorRightScalarMult |           1 |     56     B
  <class 'odl.solvers.nonsmooth.proximal_operators.proximal_cconj_l1.<locals>.ProximalCConjL1 |           1 |     56     B
iter = 55
CPU usage (% each core): [21.7, 18.8, 19.7, 20.7, 21.2, 100.0, 19.5, 19.5]
RAM usage: svmem(total=67514511360, available=57768394752, percent=14.4, used=8381673472, free=27248488448, active=18476294144, inactive=19953184768, buffers=1069158400, cached=30815191040, shared=610893824)
SWAP usage: sswap(total=4294963200, used=1484578816, free=2810384384, percent=34.6, sin=33061576704, sout=53113171968)
                                                                                        types |   # objects |   total size
============================================================================================= | =========== | ============
                                                                        <class 'numpy.ndarray |           1 |     27.47 MB
                                                                                <class 'bytes |          21 |      3.10 KB
                                                                                 <class 'dict |          15 |      2.41 KB
                                                                                 <class 'type |           2 |      2.06 KB
                                                                                <class 'tuple |           8 |    528     B
                                                                                 <class 'cell |           9 |    432     B
                                                                                 <class 'list |           0 |    384     B
                                                                             function (_call) |           2 |    272     B
                                                                          function (__init__) |           2 |    272     B
                                                                                <class 'float |           8 |    192     B
                                         <class 'odl.operator.operator.OperatorLeftScalarMult |           3 |    168     B
                                                             <class 'functools._lru_list_elem |           2 |    160     B
                                                                              <class 'weakref |           2 |    160     B
                                        <class 'odl.operator.operator.OperatorRightScalarMult |           1 |     56     B
  <class 'odl.solvers.nonsmooth.proximal_operators.proximal_cconj_l1.<locals>.ProximalCConjL1 |           1 |     56     B
iter = 56
CPU usage (% each core): [21.2, 82.5, 21.7, 21.0, 19.5, 29.1, 19.3, 19.5]
RAM usage: svmem(total=67514511360, available=57739776000, percent=14.5, used=8410292224, free=27219869696, active=18505072640, inactive=19953184768, buffers=1069158400, cached=30815191040, shared=610893824)
SWAP usage: sswap(total=4294963200, used=1484578816, free=2810384384, percent=34.6, sin=33061576704, sout=53113171968)
                                                  types |   # objects |   total size
======================================================= | =========== | ============
                                  <class 'numpy.ndarray |           1 |     27.47 MB
                                          <class 'bytes |          21 |      3.10 KB
                                           <class 'dict |          15 |      2.41 KB
                                           <class 'type |           2 |      2.06 KB
                                          <class 'tuple |           8 |    528     B
                                           <class 'cell |           9 |    432     B
                                           <class 'list |           0 |    336     B
                                       function (_call) |           2 |    272     B
                                    function (__init__) |           2 |    272     B
                                          <class 'float |           8 |    192     B
   <class 'odl.operator.operator.OperatorLeftScalarMult |           3 |    168     B
                       <class 'functools._lru_list_elem |           2 |    160     B
                                        <class 'weakref |           2 |    160     B
                                            <class 'int |           3 |     84     B
  <class 'odl.operator.operator.OperatorRightScalarMult |           1 |     56     B
iter = 57
CPU usage (% each core): [20.8, 100.0, 21.0, 20.8, 19.3, 19.3, 18.5, 19.2]
RAM usage: svmem(total=67514511360, available=57710788608, percent=14.5, used=8439279616, free=27190874112, active=18533662720, inactive=19953192960, buffers=1069158400, cached=30815199232, shared=610893824)
SWAP usage: sswap(total=4294963200, used=1484578816, free=2810384384, percent=34.6, sin=33061576704, sout=53113171968)
                                                                                        types |   # objects |   total size
============================================================================================= | =========== | ============
                                                                        <class 'numpy.ndarray |           1 |     27.47 MB
                                                                                 <class 'dict |          15 |      2.41 KB
                                                                                 <class 'type |           2 |      2.06 KB
                                                                                <class 'tuple |           8 |    528     B
                                                                                 <class 'cell |           9 |    432     B
                                                                             function (_call) |           2 |    272     B
                                                                          function (__init__) |           2 |    272     B
                                                                                <class 'float |           8 |    192     B
                                         <class 'odl.operator.operator.OperatorLeftScalarMult |           3 |    168     B
                                                             <class 'functools._lru_list_elem |           2 |    160     B
                                                                              <class 'weakref |           2 |    160     B
                                        <class 'odl.operator.operator.OperatorRightScalarMult |           1 |     56     B
  <class 'odl.solvers.nonsmooth.proximal_operators.proximal_cconj_l1.<locals>.ProximalCConjL1 |           1 |     56     B
                                                   <class 'odl.operator.operator.OperatorComp |           1 |     56     B
                                                 <class 'odl.discr.lp_discr.DiscreteLpElement |           1 |     56     B
iter = 58
CPU usage (% each core): [21.8, 100.0, 22.9, 20.3, 20.2, 20.2, 21.0, 19.5]
RAM usage: svmem(total=67514511360, available=57681842176, percent=14.6, used=8468230144, free=27161927680, active=18562768896, inactive=19953188864, buffers=1069158400, cached=30815195136, shared=610889728)
SWAP usage: sswap(total=4294963200, used=1484578816, free=2810384384, percent=34.6, sin=33061576704, sout=53113171968)
                                                                                        types |   # objects |   total size
============================================================================================= | =========== | ============
                                                                        <class 'numpy.ndarray |           1 |     27.47 MB
                                                                                <class 'bytes |          21 |      3.10 KB
                                                                                 <class 'dict |          15 |      2.41 KB
                                                                                 <class 'type |           2 |      2.06 KB
                                                                                <class 'tuple |           8 |    528     B
                                                                                 <class 'cell |           9 |    432     B
                                                                                 <class 'list |           0 |    424     B
                                                                             function (_call) |           2 |    272     B
                                                                          function (__init__) |           2 |    272     B
                                                                                <class 'float |           8 |    192     B
                                         <class 'odl.operator.operator.OperatorLeftScalarMult |           3 |    168     B
                                                             <class 'functools._lru_list_elem |           2 |    160     B
                                                                              <class 'weakref |           2 |    160     B
                                        <class 'odl.operator.operator.OperatorRightScalarMult |           1 |     56     B
  <class 'odl.solvers.nonsmooth.proximal_operators.proximal_cconj_l1.<locals>.ProximalCConjL1 |           1 |     56     B
iter = 59
CPU usage (% each core): [22.3, 19.2, 20.8, 21.7, 19.8, 100.0, 20.2, 16.0]
RAM usage: svmem(total=67514511360, available=57652252672, percent=14.6, used=8497815552, free=27132338176, active=18591735808, inactive=19953188864, buffers=1069158400, cached=30815199232, shared=610893824)
SWAP usage: sswap(total=4294963200, used=1484578816, free=2810384384, percent=34.6, sin=33061576704, sout=53113171968)
                                                  types |   # objects |   total size
======================================================= | =========== | ============
                                  <class 'numpy.ndarray |           1 |     27.47 MB
                                          <class 'bytes |          21 |      3.10 KB
                                           <class 'dict |          15 |      2.41 KB
                                           <class 'type |           2 |      2.06 KB
                                          <class 'tuple |           8 |    528     B
                                           <class 'cell |           9 |    432     B
                                           <class 'list |           0 |    304     B
                                       function (_call) |           2 |    272     B
                                    function (__init__) |           2 |    272     B
                                          <class 'float |           8 |    192     B
   <class 'odl.operator.operator.OperatorLeftScalarMult |           3 |    168     B
                       <class 'functools._lru_list_elem |           2 |    160     B
                                        <class 'weakref |           2 |    160     B
                                            <class 'int |           3 |     84     B
  <class 'odl.operator.operator.OperatorRightScalarMult |           1 |     56     B
iter = 60
CPU usage (% each core): [20.5, 71.2, 74.3, 88.8, 20.0, 28.7, 21.1, 17.4]
RAM usage: svmem(total=67514511360, available=57624223744, percent=14.6, used=8525844480, free=27104309248, active=18620293120, inactive=19953197056, buffers=1069158400, cached=30815199232, shared=610893824)
SWAP usage: sswap(total=4294963200, used=1484578816, free=2810384384, percent=34.6, sin=33061576704, sout=53113171968)
                                                                                        types |   # objects |   total size
============================================================================================= | =========== | ============
                                                                        <class 'numpy.ndarray |           1 |     27.47 MB
                                                                                 <class 'dict |          15 |      2.41 KB
                                                                                 <class 'type |           2 |      2.06 KB
                                                                                <class 'tuple |           8 |    528     B
                                                                                 <class 'cell |           9 |    432     B
                                                                             function (_call) |           2 |    272     B
                                                                          function (__init__) |           2 |    272     B
                                                                                <class 'float |           8 |    192     B
                                         <class 'odl.operator.operator.OperatorLeftScalarMult |           3 |    168     B
                                                             <class 'functools._lru_list_elem |           2 |    160     B
                                                                              <class 'weakref |           2 |    160     B
                                                                                  <class 'int |           3 |     84     B
                                        <class 'odl.operator.operator.OperatorRightScalarMult |           1 |     56     B
  <class 'odl.solvers.nonsmooth.proximal_operators.proximal_cconj_l1.<locals>.ProximalCConjL1 |           1 |     56     B
                                                   <class 'odl.operator.operator.OperatorComp |           1 |     56     B
iter = 61
CPU usage (% each core): [22.3, 23.1, 23.8, 20.8, 21.3, 23.1, 21.3, 100.0]
RAM usage: svmem(total=67514511360, available=57594765312, percent=14.7, used=8555302912, free=27074842624, active=18649214976, inactive=19953205248, buffers=1069158400, cached=30815207424, shared=610893824)
SWAP usage: sswap(total=4294963200, used=1484578816, free=2810384384, percent=34.6, sin=33061576704, sout=53113171968)
                                                                                        types |   # objects |   total size
============================================================================================= | =========== | ============
                                                                        <class 'numpy.ndarray |           1 |     27.47 MB
                                                                                <class 'bytes |          21 |      3.10 KB
                                                                                 <class 'dict |          15 |      2.41 KB
                                                                                 <class 'type |           2 |      2.06 KB
                                                                                <class 'tuple |           8 |    528     B
                                                                                 <class 'cell |           9 |    432     B
                                                                                 <class 'list |           0 |    336     B
                                                                             function (_call) |           2 |    272     B
                                                                          function (__init__) |           2 |    272     B
                                                                                <class 'float |           8 |    192     B
                                         <class 'odl.operator.operator.OperatorLeftScalarMult |           3 |    168     B
                                                             <class 'functools._lru_list_elem |           2 |    160     B
                                                                              <class 'weakref |           2 |    160     B
                                        <class 'odl.operator.operator.OperatorRightScalarMult |           1 |     56     B
  <class 'odl.solvers.nonsmooth.proximal_operators.proximal_cconj_l1.<locals>.ProximalCConjL1 |           1 |     56     B
iter = 62
CPU usage (% each core): [22.3, 20.5, 22.5, 20.5, 18.0, 20.0, 20.7, 100.0]
RAM usage: svmem(total=67514511360, available=57566064640, percent=14.7, used=8584003584, free=27046141952, active=18677739520, inactive=19953205248, buffers=1069158400, cached=30815207424, shared=610893824)
SWAP usage: sswap(total=4294963200, used=1484578816, free=2810384384, percent=34.6, sin=33061576704, sout=53113171968)
                                                                                        types |   # objects |   total size
============================================================================================= | =========== | ============
                                                                        <class 'numpy.ndarray |           1 |     27.47 MB
                                                                                <class 'bytes |          21 |      3.10 KB
                                                                                 <class 'dict |          15 |      2.41 KB
                                                                                 <class 'type |           2 |      2.06 KB
                                                                                <class 'tuple |           8 |    528     B
                                                                                 <class 'cell |           9 |    432     B
                                                                                 <class 'list |           0 |    336     B
                                                                             function (_call) |           2 |    272     B
                                                                          function (__init__) |           2 |    272     B
                                                                                <class 'float |           8 |    192     B
                                         <class 'odl.operator.operator.OperatorLeftScalarMult |           3 |    168     B
                                                             <class 'functools._lru_list_elem |           2 |    160     B
                                                                              <class 'weakref |           2 |    160     B
                                        <class 'odl.operator.operator.OperatorRightScalarMult |           1 |     56     B
  <class 'odl.solvers.nonsmooth.proximal_operators.proximal_cconj_l1.<locals>.ProximalCConjL1 |           1 |     56     B
iter = 63
CPU usage (% each core): [22.1, 21.5, 21.5, 100.0, 19.3, 20.5, 19.8, 21.5]
RAM usage: svmem(total=67514511360, available=57537183744, percent=14.8, used=8612884480, free=27017261056, active=18706857984, inactive=19953205248, buffers=1069158400, cached=30815207424, shared=610893824)
SWAP usage: sswap(total=4294963200, used=1484578816, free=2810384384, percent=34.6, sin=33061576704, sout=53113171968)
                                                  types |   # objects |   total size
======================================================= | =========== | ============
                                  <class 'numpy.ndarray |           1 |     27.47 MB
                                          <class 'bytes |          21 |      3.10 KB
                                           <class 'dict |          15 |      2.41 KB
                                           <class 'type |           2 |      2.06 KB
                                          <class 'tuple |           8 |    528     B
                                           <class 'list |           0 |    480     B
                                           <class 'cell |           9 |    432     B
                                       function (_call) |           2 |    272     B
                                    function (__init__) |           2 |    272     B
                                          <class 'float |           8 |    192     B
   <class 'odl.operator.operator.OperatorLeftScalarMult |           3 |    168     B
                       <class 'functools._lru_list_elem |           2 |    160     B
                                        <class 'weakref |           2 |    160     B
                                            <class 'int |           4 |    112     B
  <class 'odl.operator.operator.OperatorRightScalarMult |           1 |     56     B
iter = 64
CPU usage (% each core): [20.0, 21.8, 22.0, 19.2, 19.8, 19.5, 19.3, 100.0]
RAM usage: svmem(total=67514511360, available=57508220928, percent=14.8, used=8641847296, free=26988290048, active=18735697920, inactive=19953213440, buffers=1069158400, cached=30815215616, shared=610893824)
SWAP usage: sswap(total=4294963200, used=1484578816, free=2810384384, percent=34.6, sin=33061576704, sout=53113171968)
                                                                                        types |   # objects |   total size
============================================================================================= | =========== | ============
                                                                        <class 'numpy.ndarray |           1 |     27.47 MB
                                                                                 <class 'dict |          15 |      2.41 KB
                                                                                 <class 'type |           2 |      2.06 KB
                                                                                <class 'tuple |           8 |    528     B
                                                                                 <class 'cell |           9 |    432     B
                                                                             function (_call) |           2 |    272     B
                                                                          function (__init__) |           2 |    272     B
                                                                                <class 'float |           8 |    192     B
                                         <class 'odl.operator.operator.OperatorLeftScalarMult |           3 |    168     B
                                                             <class 'functools._lru_list_elem |           2 |    160     B
                                                                              <class 'weakref |           2 |    160     B
                                        <class 'odl.operator.operator.OperatorRightScalarMult |           1 |     56     B
  <class 'odl.solvers.nonsmooth.proximal_operators.proximal_cconj_l1.<locals>.ProximalCConjL1 |           1 |     56     B
                                                   <class 'odl.operator.operator.OperatorComp |           1 |     56     B
                                                 <class 'odl.discr.lp_discr.DiscreteLpElement |           1 |     56     B
iter = 65
CPU usage (% each core): [22.0, 22.0, 22.0, 100.0, 20.3, 20.3, 20.2, 19.5]
RAM usage: svmem(total=67514511360, available=57479630848, percent=14.9, used=8670437376, free=26959699968, active=18764464128, inactive=19953213440, buffers=1069158400, cached=30815215616, shared=610893824)
SWAP usage: sswap(total=4294963200, used=1484578816, free=2810384384, percent=34.6, sin=33061576704, sout=53113171968)
                                                  types |   # objects |   total size
======================================================= | =========== | ============
                                  <class 'numpy.ndarray |           1 |     27.47 MB
                                          <class 'bytes |          21 |      3.10 KB
                                           <class 'dict |          15 |      2.41 KB
                                           <class 'type |           2 |      2.06 KB
                                          <class 'tuple |           8 |    528     B
                                           <class 'cell |           9 |    432     B
                                           <class 'list |           0 |    376     B
                                       function (_call) |           2 |    272     B
                                    function (__init__) |           2 |    272     B
                                          <class 'float |           8 |    192     B
   <class 'odl.operator.operator.OperatorLeftScalarMult |           3 |    168     B
                       <class 'functools._lru_list_elem |           2 |    160     B
                                        <class 'weakref |           2 |    160     B
                                            <class 'int |           3 |     84     B
  <class 'odl.operator.operator.OperatorRightScalarMult |           1 |     56     B
iter = 66
CPU usage (% each core): [20.3, 21.2, 43.2, 100.0, 16.4, 70.5, 43.8, 16.3]
RAM usage: svmem(total=67514511360, available=57450307584, percent=14.9, used=8699760640, free=26930376704, active=18793267200, inactive=19953213440, buffers=1069158400, cached=30815215616, shared=610893824)
SWAP usage: sswap(total=4294963200, used=1484578816, free=2810384384, percent=34.6, sin=33061576704, sout=53113171968)
                                                                                        types |   # objects |   total size
============================================================================================= | =========== | ============
                                                                        <class 'numpy.ndarray |           1 |     27.47 MB
                                                                                <class 'bytes |          21 |      2.47 KB
                                                                                 <class 'dict |          15 |      2.41 KB
                                                                                 <class 'type |           2 |      2.06 KB
                                                                                <class 'tuple |           8 |    528     B
                                                                                 <class 'list |           0 |    432     B
                                                                                 <class 'cell |           9 |    432     B
                                                                             function (_call) |           2 |    272     B
                                                                          function (__init__) |           2 |    272     B
                                                                                <class 'float |           8 |    192     B
                                         <class 'odl.operator.operator.OperatorLeftScalarMult |           3 |    168     B
                                                             <class 'functools._lru_list_elem |           2 |    160     B
                                                                              <class 'weakref |           2 |    160     B
                                        <class 'odl.operator.operator.OperatorRightScalarMult |           1 |     56     B
  <class 'odl.solvers.nonsmooth.proximal_operators.proximal_cconj_l1.<locals>.ProximalCConjL1 |           1 |     56     B
iter = 67
CPU usage (% each core): [21.8, 19.3, 21.8, 19.3, 20.8, 21.0, 20.0, 100.0]
RAM usage: svmem(total=67514511360, available=57421611008, percent=14.9, used=8728457216, free=26901680128, active=18822311936, inactive=19953213440, buffers=1069158400, cached=30815215616, shared=610893824)
SWAP usage: sswap(total=4294963200, used=1484578816, free=2810384384, percent=34.6, sin=33061576704, sout=53113171968)
                                                                                        types |   # objects |   total size
============================================================================================= | =========== | ============
                                                                        <class 'numpy.ndarray |           1 |     27.47 MB
                                                                                <class 'bytes |          21 |      3.10 KB
                                                                                 <class 'dict |          15 |      2.41 KB
                                                                                 <class 'type |           2 |      2.06 KB
                                                                                <class 'tuple |           8 |    528     B
                                                                                 <class 'cell |           9 |    432     B
                                                                                 <class 'list |           0 |    376     B
                                                                             function (_call) |           2 |    272     B
                                                                          function (__init__) |           2 |    272     B
                                                                                <class 'float |           8 |    192     B
                                         <class 'odl.operator.operator.OperatorLeftScalarMult |           3 |    168     B
                                                             <class 'functools._lru_list_elem |           2 |    160     B
                                                                              <class 'weakref |           2 |    160     B
                                        <class 'odl.operator.operator.OperatorRightScalarMult |           1 |     56     B
  <class 'odl.solvers.nonsmooth.proximal_operators.proximal_cconj_l1.<locals>.ProximalCConjL1 |           1 |     56     B
iter = 68
CPU usage (% each core): [22.5, 22.9, 19.5, 19.3, 19.5, 21.0, 19.5, 99.2]
RAM usage: svmem(total=67514511360, available=57392902144, percent=15.0, used=8757166080, free=26872963072, active=18851012608, inactive=19953221632, buffers=1069158400, cached=30815223808, shared=610893824)
SWAP usage: sswap(total=4294963200, used=1484578816, free=2810384384, percent=34.6, sin=33061576704, sout=53113171968)
                                                                                        types |   # objects |   total size
============================================================================================= | =========== | ============
                                                                        <class 'numpy.ndarray |           1 |     27.47 MB
                                                                                 <class 'dict |          15 |      2.41 KB
                                                                                 <class 'type |           2 |      2.06 KB
                                                                                <class 'tuple |           8 |    528     B
                                                                                 <class 'cell |           9 |    432     B
                                                                             function (_call) |           2 |    272     B
                                                                          function (__init__) |           2 |    272     B
                                                                                <class 'float |           8 |    192     B
                                         <class 'odl.operator.operator.OperatorLeftScalarMult |           3 |    168     B
                                                             <class 'functools._lru_list_elem |           2 |    160     B
                                                                              <class 'weakref |           2 |    160     B
                                        <class 'odl.operator.operator.OperatorRightScalarMult |           1 |     56     B
  <class 'odl.solvers.nonsmooth.proximal_operators.proximal_cconj_l1.<locals>.ProximalCConjL1 |           1 |     56     B
                                                   <class 'odl.operator.operator.OperatorComp |           1 |     56     B
                                                 <class 'odl.discr.lp_discr.DiscreteLpElement |           1 |     56     B
iter = 69
CPU usage (% each core): [21.4, 20.8, 21.8, 100.0, 19.3, 15.3, 19.5, 16.9]
RAM usage: svmem(total=67514511360, available=57363922944, percent=15.0, used=8786145280, free=26843983872, active=18879709184, inactive=19953221632, buffers=1069158400, cached=30815223808, shared=610893824)
SWAP usage: sswap(total=4294963200, used=1484578816, free=2810384384, percent=34.6, sin=33061576704, sout=53113171968)
                                                                                        types |   # objects |   total size
============================================================================================= | =========== | ============
                                                                        <class 'numpy.ndarray |           1 |     27.47 MB
                                                                                <class 'bytes |          21 |      3.10 KB
                                                                                 <class 'dict |          15 |      2.41 KB
                                                                                 <class 'type |           2 |      2.06 KB
                                                                                <class 'tuple |           8 |    528     B
                                                                                 <class 'cell |           9 |    432     B
                                                                                 <class 'list |           0 |    336     B
                                                                             function (_call) |           2 |    272     B
                                                                          function (__init__) |           2 |    272     B
                                                                                <class 'float |           8 |    192     B
                                         <class 'odl.operator.operator.OperatorLeftScalarMult |           3 |    168     B
                                                             <class 'functools._lru_list_elem |           2 |    160     B
                                                                              <class 'weakref |           2 |    160     B
                                        <class 'odl.operator.operator.OperatorRightScalarMult |           1 |     56     B
  <class 'odl.solvers.nonsmooth.proximal_operators.proximal_cconj_l1.<locals>.ProximalCConjL1 |           1 |     56     B
iter = 70
CPU usage (% each core): [21.3, 20.8, 20.0, 100.0, 18.3, 19.8, 19.8, 19.8]
RAM usage: svmem(total=67514511360, available=57334628352, percent=15.1, used=8815439872, free=26814689280, active=18908745728, inactive=19953217536, buffers=1069158400, cached=30815223808, shared=610893824)
SWAP usage: sswap(total=4294963200, used=1484578816, free=2810384384, percent=34.6, sin=33061576704, sout=53113171968)
                                                  types |   # objects |   total size
======================================================= | =========== | ============
                                  <class 'numpy.ndarray |           1 |     27.47 MB
                                          <class 'bytes |          21 |      3.10 KB
                                           <class 'dict |          15 |      2.41 KB
                                           <class 'type |           2 |      2.06 KB
                                          <class 'tuple |           8 |    528     B
                                           <class 'cell |           9 |    432     B
                                           <class 'list |           0 |    304     B
                                       function (_call) |           2 |    272     B
                                    function (__init__) |           2 |    272     B
                                          <class 'float |           8 |    192     B
   <class 'odl.operator.operator.OperatorLeftScalarMult |           3 |    168     B
                       <class 'functools._lru_list_elem |           2 |    160     B
                                        <class 'weakref |           2 |    160     B
                                            <class 'int |           4 |    112     B
  <class 'odl.operator.operator.OperatorRightScalarMult |           1 |     56     B
iter = 71
CPU usage (% each core): [21.0, 20.0, 23.3, 20.0, 20.8, 21.7, 20.8, 100.0]
RAM usage: svmem(total=67514511360, available=57306071040, percent=15.1, used=8843993088, free=26786123776, active=18937339904, inactive=19953225728, buffers=1069158400, cached=30815236096, shared=610893824)
SWAP usage: sswap(total=4294963200, used=1484578816, free=2810384384, percent=34.6, sin=33061576704, sout=53113171968)
                                                                                        types |   # objects |   total size
============================================================================================= | =========== | ============
                                                                        <class 'numpy.ndarray |           1 |     27.47 MB
                                                                                 <class 'dict |          15 |      6.92 KB
                                                                                 <class 'type |           2 |      2.06 KB
                                                                                <class 'tuple |           8 |    528     B
                                                                                 <class 'cell |           9 |    432     B
                                                                             function (_call) |           2 |    272     B
                                                                          function (__init__) |           2 |    272     B
                                                                                <class 'float |           8 |    192     B
                                         <class 'odl.operator.operator.OperatorLeftScalarMult |           3 |    168     B
                                                             <class 'functools._lru_list_elem |           2 |    160     B
                                                                              <class 'weakref |           2 |    160     B
                                        <class 'odl.operator.operator.OperatorRightScalarMult |           1 |     56     B
  <class 'odl.solvers.nonsmooth.proximal_operators.proximal_cconj_l1.<locals>.ProximalCConjL1 |           1 |     56     B
                                                   <class 'odl.operator.operator.OperatorComp |           1 |     56     B
                                                 <class 'odl.discr.lp_discr.DiscreteLpElement |           1 |     56     B
iter = 72
CPU usage (% each core): [21.7, 21.7, 21.7, 100.0, 20.0, 20.8, 20.2, 20.0]
RAM usage: svmem(total=67514511360, available=57275359232, percent=15.2, used=8874704896, free=26755411968, active=18968027136, inactive=19953225728, buffers=1069158400, cached=30815236096, shared=610893824)
SWAP usage: sswap(total=4294963200, used=1484578816, free=2810384384, percent=34.6, sin=33061576704, sout=53113171968)
                                                                                        types |   # objects |   total size
============================================================================================= | =========== | ============
                                                                        <class 'numpy.ndarray |           1 |     27.47 MB
                                                                                <class 'bytes |          21 |      3.10 KB
                                                                                 <class 'dict |          15 |      2.41 KB
                                                                                 <class 'type |           2 |      2.06 KB
                                                                                <class 'tuple |           8 |    528     B
                                                                                 <class 'cell |           9 |    432     B
                                                                                 <class 'list |           0 |    376     B
                                                                             function (_call) |           2 |    272     B
                                                                          function (__init__) |           2 |    272     B
                                                                                <class 'float |           8 |    192     B
                                         <class 'odl.operator.operator.OperatorLeftScalarMult |           3 |    168     B
                                                             <class 'functools._lru_list_elem |           2 |    160     B
                                                                              <class 'weakref |           2 |    160     B
                                        <class 'odl.operator.operator.OperatorRightScalarMult |           1 |     56     B
  <class 'odl.solvers.nonsmooth.proximal_operators.proximal_cconj_l1.<locals>.ProximalCConjL1 |           1 |     56     B
iter = 73
CPU usage (% each core): [19.3, 21.0, 21.0, 100.0, 20.8, 20.0, 19.8, 19.2]
RAM usage: svmem(total=67514511360, available=57246425088, percent=15.2, used=8903643136, free=26726473728, active=18997075968, inactive=19953233920, buffers=1069158400, cached=30815236096, shared=610893824)
SWAP usage: sswap(total=4294963200, used=1484578816, free=2810384384, percent=34.6, sin=33061576704, sout=53113171968)
                                                  types |   # objects |   total size
======================================================= | =========== | ============
                                  <class 'numpy.ndarray |           1 |     27.47 MB
                                          <class 'bytes |          21 |      3.10 KB
                                           <class 'dict |          15 |      2.41 KB
                                           <class 'type |           2 |      2.06 KB
                                          <class 'tuple |           8 |    528     B
                                           <class 'cell |           9 |    432     B
                                       function (_call) |           2 |    272     B
                                           <class 'list |           0 |    272     B
                                    function (__init__) |           2 |    272     B
                                          <class 'float |           8 |    192     B
   <class 'odl.operator.operator.OperatorLeftScalarMult |           3 |    168     B
                       <class 'functools._lru_list_elem |           2 |    160     B
                                        <class 'weakref |           2 |    160     B
                                            <class 'int |           3 |     84     B
  <class 'odl.operator.operator.OperatorRightScalarMult |           1 |     56     B
iter = 74
CPU usage (% each core): [21.7, 23.8, 67.9, 16.5, 19.5, 63.5, 17.1, 100.0]
RAM usage: svmem(total=67514511360, available=57217454080, percent=15.3, used=8932614144, free=26697502720, active=19025666048, inactive=19953233920, buffers=1069158400, cached=30815236096, shared=610893824)
SWAP usage: sswap(total=4294963200, used=1484578816, free=2810384384, percent=34.6, sin=33061576704, sout=53113171968)
                                                  types |   # objects |   total size
======================================================= | =========== | ============
                                  <class 'numpy.ndarray |           1 |     27.47 MB
                                          <class 'bytes |          21 |      2.47 KB
                                           <class 'dict |          15 |      2.41 KB
                                           <class 'type |           2 |      2.06 KB
                                          <class 'tuple |           8 |    528     B
                                           <class 'cell |           9 |    432     B
                                           <class 'list |           0 |    336     B
                                       function (_call) |           2 |    272     B
                                    function (__init__) |           2 |    272     B
                                          <class 'float |           8 |    192     B
   <class 'odl.operator.operator.OperatorLeftScalarMult |           3 |    168     B
                       <class 'functools._lru_list_elem |           2 |    160     B
                                        <class 'weakref |           2 |    160     B
                                            <class 'int |           3 |     84     B
  <class 'odl.operator.operator.OperatorRightScalarMult |           1 |     56     B
iter = 75
CPU usage (% each core): [22.5, 20.0, 21.0, 100.0, 19.8, 19.3, 19.8, 19.8]
RAM usage: svmem(total=67514511360, available=57188548608, percent=15.3, used=8961519616, free=26668589056, active=19054694400, inactive=19953242112, buffers=1069158400, cached=30815244288, shared=610893824)
SWAP usage: sswap(total=4294963200, used=1484578816, free=2810384384, percent=34.6, sin=33061576704, sout=53113171968)
                                                                                        types |   # objects |   total size
============================================================================================= | =========== | ============
                                                                        <class 'numpy.ndarray |           1 |     27.47 MB
                                                                                 <class 'dict |          15 |      2.41 KB
                                                                                 <class 'type |           2 |      2.06 KB
                                                                                <class 'tuple |           8 |    528     B
                                                                                 <class 'cell |           9 |    432     B
                                                                             function (_call) |           2 |    272     B
                                                                          function (__init__) |           2 |    272     B
                                                                                <class 'float |           8 |    192     B
                                         <class 'odl.operator.operator.OperatorLeftScalarMult |           3 |    168     B
                                                             <class 'functools._lru_list_elem |           2 |    160     B
                                                                              <class 'weakref |           2 |    160     B
                                        <class 'odl.operator.operator.OperatorRightScalarMult |           1 |     56     B
  <class 'odl.solvers.nonsmooth.proximal_operators.proximal_cconj_l1.<locals>.ProximalCConjL1 |           1 |     56     B
                                                   <class 'odl.operator.operator.OperatorComp |           1 |     56     B
                                                 <class 'odl.discr.lp_discr.DiscreteLpElement |           1 |     56     B
iter = 76
CPU usage (% each core): [21.8, 18.6, 18.6, 13.4, 19.3, 19.3, 21.0, 100.0]
RAM usage: svmem(total=67514511360, available=57159426048, percent=15.3, used=8990642176, free=26639466496, active=19083390976, inactive=19953242112, buffers=1069158400, cached=30815244288, shared=610893824)
SWAP usage: sswap(total=4294963200, used=1484578816, free=2810384384, percent=34.6, sin=33061576704, sout=53113171968)
                                                                                        types |   # objects |   total size
============================================================================================= | =========== | ============
                                                                        <class 'numpy.ndarray |           1 |     27.47 MB
                                                                                <class 'bytes |          21 |      3.10 KB
                                                                                 <class 'dict |          15 |      2.41 KB
                                                                                 <class 'type |           2 |      2.06 KB
                                                                                <class 'tuple |           8 |    528     B
                                                                                 <class 'cell |           9 |    432     B
                                                                                 <class 'list |           0 |    424     B
                                                                             function (_call) |           2 |    272     B
                                                                          function (__init__) |           2 |    272     B
                                                                                <class 'float |           8 |    192     B
                                         <class 'odl.operator.operator.OperatorLeftScalarMult |           3 |    168     B
                                                             <class 'functools._lru_list_elem |           2 |    160     B
                                                                              <class 'weakref |           2 |    160     B
                                        <class 'odl.operator.operator.OperatorRightScalarMult |           1 |     56     B
  <class 'odl.solvers.nonsmooth.proximal_operators.proximal_cconj_l1.<locals>.ProximalCConjL1 |           1 |     56     B
iter = 77
CPU usage (% each core): [19.2, 21.5, 21.7, 18.3, 20.0, 19.8, 19.2, 100.0]
RAM usage: svmem(total=67514511360, available=57130930176, percent=15.4, used=9019138048, free=26610970624, active=19112103936, inactive=19953238016, buffers=1069158400, cached=30815244288, shared=610893824)
SWAP usage: sswap(total=4294963200, used=1484578816, free=2810384384, percent=34.6, sin=33061576704, sout=53113171968)
                                                                                        types |   # objects |   total size
============================================================================================= | =========== | ============
                                                                        <class 'numpy.ndarray |           1 |     27.47 MB
                                                                                <class 'bytes |          21 |      3.10 KB
                                                                                 <class 'dict |          15 |      2.41 KB
                                                                                 <class 'type |           2 |      2.06 KB
                                                                                <class 'tuple |           8 |    528     B
                                                                                 <class 'cell |           9 |    432     B
                                                                                 <class 'list |           0 |    304     B
                                                                             function (_call) |           2 |    272     B
                                                                          function (__init__) |           2 |    272     B
                                                                                <class 'float |           8 |    192     B
                                         <class 'odl.operator.operator.OperatorLeftScalarMult |           3 |    168     B
                                                             <class 'functools._lru_list_elem |           2 |    160     B
                                                                              <class 'weakref |           2 |    160     B
                                        <class 'odl.operator.operator.OperatorRightScalarMult |           1 |     56     B
  <class 'odl.solvers.nonsmooth.proximal_operators.proximal_cconj_l1.<locals>.ProximalCConjL1 |           1 |     56     B
iter = 78
CPU usage (% each core): [21.5, 21.5, 20.0, 19.2, 19.8, 19.8, 20.5, 100.0]
RAM usage: svmem(total=67514511360, available=57101967360, percent=15.4, used=9048100864, free=26581999616, active=19141148672, inactive=19953246208, buffers=1069158400, cached=30815252480, shared=610893824)
SWAP usage: sswap(total=4294963200, used=1484578816, free=2810384384, percent=34.6, sin=33061576704, sout=53113171968)
                                                                                        types |   # objects |   total size
============================================================================================= | =========== | ============
                                                                        <class 'numpy.ndarray |           1 |     27.47 MB
                                                                                 <class 'dict |          15 |      2.41 KB
                                                                                 <class 'type |           2 |      2.06 KB
                                                                                <class 'tuple |           8 |    528     B
                                                                                 <class 'cell |           9 |    432     B
                                                                             function (_call) |           2 |    272     B
                                                                          function (__init__) |           2 |    272     B
                                                                                <class 'float |           8 |    192     B
                                         <class 'odl.operator.operator.OperatorLeftScalarMult |           3 |    168     B
                                                             <class 'functools._lru_list_elem |           2 |    160     B
                                                                              <class 'weakref |           2 |    160     B
                                                                                  <class 'int |           3 |     84     B
                                        <class 'odl.operator.operator.OperatorRightScalarMult |           1 |     56     B
  <class 'odl.solvers.nonsmooth.proximal_operators.proximal_cconj_l1.<locals>.ProximalCConjL1 |           1 |     56     B
                                                   <class 'odl.operator.operator.OperatorComp |           1 |     56     B
iter = 79
CPU usage (% each core): [21.0, 21.0, 24.0, 20.7, 20.0, 20.2, 20.0, 99.2]
RAM usage: svmem(total=67514511360, available=57072996352, percent=15.5, used=9077071872, free=26553028608, active=19169935360, inactive=19953246208, buffers=1069158400, cached=30815252480, shared=610893824)
SWAP usage: sswap(total=4294963200, used=1484578816, free=2810384384, percent=34.6, sin=33061576704, sout=53113171968)
                                                                                        types |   # objects |   total size
============================================================================================= | =========== | ============
                                                                        <class 'numpy.ndarray |           1 |     27.47 MB
                                                                                <class 'bytes |          21 |      3.10 KB
                                                                                 <class 'dict |          15 |      2.41 KB
                                                                                 <class 'type |           2 |      2.06 KB
                                                                                <class 'tuple |           8 |    528     B
                                                                                 <class 'cell |           9 |    432     B
                                                                                 <class 'list |           0 |    336     B
                                                                             function (_call) |           2 |    272     B
                                                                          function (__init__) |           2 |    272     B
                                                                                <class 'float |           8 |    192     B
                                         <class 'odl.operator.operator.OperatorLeftScalarMult |           3 |    168     B
                                                             <class 'functools._lru_list_elem |           2 |    160     B
                                                                              <class 'weakref |           2 |    160     B
                                        <class 'odl.operator.operator.OperatorRightScalarMult |           1 |     56     B
  <class 'odl.solvers.nonsmooth.proximal_operators.proximal_cconj_l1.<locals>.ProximalCConjL1 |           1 |     56     B
iter = 80
CPU usage (% each core): [16.1, 18.5, 18.7, 100.0, 16.1, 16.6, 16.0, 15.4]
RAM usage: svmem(total=67514511360, available=57044279296, percent=15.5, used=9105788928, free=26524311552, active=19198763008, inactive=19953246208, buffers=1069158400, cached=30815252480, shared=610893824)
SWAP usage: sswap(total=4294963200, used=1484578816, free=2810384384, percent=34.6, sin=33061576704, sout=53113171968)
                                                                                        types |   # objects |   total size
============================================================================================= | =========== | ============
                                                                        <class 'numpy.ndarray |           1 |     27.47 MB
                                                                                <class 'bytes |          21 |      3.10 KB
                                                                                 <class 'dict |          15 |      2.41 KB
                                                                                 <class 'type |           2 |      2.06 KB
                                                                                <class 'tuple |           8 |    528     B
                                                                                 <class 'cell |           9 |    432     B
                                                                                 <class 'list |           0 |    384     B
                                                                             function (_call) |           2 |    272     B
                                                                          function (__init__) |           2 |    272     B
                                                                                <class 'float |           8 |    192     B
                                         <class 'odl.operator.operator.OperatorLeftScalarMult |           3 |    168     B
                                                             <class 'functools._lru_list_elem |           2 |    160     B
                                                                              <class 'weakref |           2 |    160     B
                                        <class 'odl.operator.operator.OperatorRightScalarMult |           1 |     56     B
  <class 'odl.solvers.nonsmooth.proximal_operators.proximal_cconj_l1.<locals>.ProximalCConjL1 |           1 |     56     B
iter = 81
CPU usage (% each core): [21.4, 70.6, 71.4, 17.8, 21.4, 18.8, 19.5, 100.0]
RAM usage: svmem(total=67514511360, available=57015308288, percent=15.6, used=9134759936, free=26495340544, active=19227459584, inactive=19953246208, buffers=1069158400, cached=30815252480, shared=610893824)
SWAP usage: sswap(total=4294963200, used=1484578816, free=2810384384, percent=34.6, sin=33061576704, sout=53113171968)
                                                  types |   # objects |   total size
======================================================= | =========== | ============
                                  <class 'numpy.ndarray |           1 |     27.47 MB
                                          <class 'bytes |          21 |      3.10 KB
                                           <class 'dict |          15 |      2.41 KB
                                           <class 'type |           2 |      2.06 KB
                                          <class 'tuple |           8 |    528     B
                                           <class 'cell |           9 |    432     B
                                           <class 'list |           0 |    336     B
                                       function (_call) |           2 |    272     B
                                    function (__init__) |           2 |    272     B
                                          <class 'float |           8 |    192     B
   <class 'odl.operator.operator.OperatorLeftScalarMult |           3 |    168     B
                       <class 'functools._lru_list_elem |           2 |    160     B
                                        <class 'weakref |           2 |    160     B
                                            <class 'int |           3 |     84     B
  <class 'odl.operator.operator.OperatorRightScalarMult |           1 |     56     B
iter = 82
CPU usage (% each core): [19.3, 16.0, 19.9, 100.0, 14.9, 74.1, 76.1, 16.7]
RAM usage: svmem(total=67514511360, available=56986718208, percent=15.6, used=9163350016, free=26466750464, active=19256397824, inactive=19953242112, buffers=1069158400, cached=30815252480, shared=610893824)
SWAP usage: sswap(total=4294963200, used=1484578816, free=2810384384, percent=34.6, sin=33061576704, sout=53113171968)
                                                                                        types |   # objects |   total size
============================================================================================= | =========== | ============
                                                                        <class 'numpy.ndarray |           1 |     27.47 MB
                                                                                 <class 'dict |          15 |      2.41 KB
                                                                                 <class 'type |           2 |      2.06 KB
                                                                                <class 'tuple |           8 |    528     B
                                                                                 <class 'cell |           9 |    432     B
                                                                             function (_call) |           2 |    272     B
                                                                          function (__init__) |           2 |    272     B
                                                                                <class 'float |           8 |    192     B
                                         <class 'odl.operator.operator.OperatorLeftScalarMult |           3 |    168     B
                                                             <class 'functools._lru_list_elem |           2 |    160     B
                                                                              <class 'weakref |           2 |    160     B
                                        <class 'odl.operator.operator.OperatorRightScalarMult |           1 |     56     B
  <class 'odl.solvers.nonsmooth.proximal_operators.proximal_cconj_l1.<locals>.ProximalCConjL1 |           1 |     56     B
                                                   <class 'odl.operator.operator.OperatorComp |           1 |     56     B
                                                 <class 'odl.discr.lp_discr.DiscreteLpElement |           1 |     56     B
iter = 83
CPU usage (% each core): [25.0, 24.4, 24.4, 20.6, 22.4, 45.2, 45.6, 99.3]
RAM usage: svmem(total=67514511360, available=56957607936, percent=15.6, used=9192460288, free=26437632000, active=19285188608, inactive=19953250304, buffers=1069158400, cached=30815260672, shared=610893824)
SWAP usage: sswap(total=4294963200, used=1484578816, free=2810384384, percent=34.6, sin=33061576704, sout=53113171968)
                                                  types |   # objects |   total size
======================================================= | =========== | ============
                                  <class 'numpy.ndarray |           1 |     27.47 MB
                                          <class 'bytes |          21 |      3.10 KB
                                           <class 'dict |          15 |      2.41 KB
                                           <class 'type |           2 |      2.06 KB
                                          <class 'tuple |           8 |    528     B
                                           <class 'cell |           9 |    432     B
                                           <class 'list |           0 |    336     B
                                       function (_call) |           2 |    272     B
                                    function (__init__) |           2 |    272     B
                                          <class 'float |           8 |    192     B
   <class 'odl.operator.operator.OperatorLeftScalarMult |           3 |    168     B
                       <class 'functools._lru_list_elem |           2 |    160     B
                                        <class 'weakref |           2 |    160     B
                                            <class 'int |           3 |     84     B
  <class 'odl.operator.operator.OperatorRightScalarMult |           1 |     56     B
iter = 84
CPU usage (% each core): [20.1, 46.6, 19.5, 100.0, 19.3, 45.5, 17.3, 12.9]
RAM usage: svmem(total=67514511360, available=56928911360, percent=15.7, used=9221152768, free=26408935424, active=19313790976, inactive=19953250304, buffers=1069158400, cached=30815264768, shared=610893824)
SWAP usage: sswap(total=4294963200, used=1484578816, free=2810384384, percent=34.6, sin=33061576704, sout=53113171968)
                                                                                        types |   # objects |   total size
============================================================================================= | =========== | ============
                                                                        <class 'numpy.ndarray |           1 |     27.47 MB
                                                                                <class 'bytes |          21 |      2.47 KB
                                                                                 <class 'dict |          15 |      2.41 KB
                                                                                 <class 'type |           2 |      2.06 KB
                                                                                <class 'tuple |           8 |    528     B
                                                                                 <class 'cell |           9 |    432     B
                                                                                 <class 'list |           0 |    304     B
                                                                             function (_call) |           2 |    272     B
                                                                          function (__init__) |           2 |    272     B
                                                                                <class 'float |           8 |    192     B
                                         <class 'odl.operator.operator.OperatorLeftScalarMult |           3 |    168     B
                                                             <class 'functools._lru_list_elem |           2 |    160     B
                                                                              <class 'weakref |           2 |    160     B
                                        <class 'odl.operator.operator.OperatorRightScalarMult |           1 |     56     B
  <class 'odl.solvers.nonsmooth.proximal_operators.proximal_cconj_l1.<locals>.ProximalCConjL1 |           1 |     56     B
iter = 85
CPU usage (% each core): [18.7, 16.4, 18.5, 100.0, 17.2, 16.9, 17.0, 17.5]
RAM usage: svmem(total=67514511360, available=56899670016, percent=15.7, used=9250394112, free=26379685888, active=19342815232, inactive=19953258496, buffers=1069158400, cached=30815272960, shared=610893824)
SWAP usage: sswap(total=4294963200, used=1484578816, free=2810384384, percent=34.6, sin=33061576704, sout=53113171968)
                                                                                        types |   # objects |   total size
============================================================================================= | =========== | ============
                                                                        <class 'numpy.ndarray |           1 |     27.47 MB
                                                                                 <class 'dict |          15 |      7.15 KB
                                                                                 <class 'type |           2 |      2.06 KB
                                                                                <class 'tuple |           8 |    528     B
                                                                                 <class 'cell |           9 |    432     B
                                                                             function (_call) |           2 |    272     B
                                                                          function (__init__) |           2 |    272     B
                                                                                <class 'float |           8 |    192     B
                                         <class 'odl.operator.operator.OperatorLeftScalarMult |           3 |    168     B
                                                             <class 'functools._lru_list_elem |           2 |    160     B
                                                                              <class 'weakref |           2 |    160     B
                                        <class 'odl.operator.operator.OperatorRightScalarMult |           1 |     56     B
  <class 'odl.solvers.nonsmooth.proximal_operators.proximal_cconj_l1.<locals>.ProximalCConjL1 |           1 |     56     B
                                                   <class 'odl.operator.operator.OperatorComp |           1 |     56     B
                                                 <class 'odl.discr.lp_discr.DiscreteLpElement |           1 |     56     B
iter = 86
CPU usage (% each core): [21.0, 21.0, 21.0, 19.3, 19.3, 20.2, 20.2, 100.0]
RAM usage: svmem(total=67514511360, available=56870973440, percent=15.8, used=9279090688, free=26350989312, active=19371573248, inactive=19953258496, buffers=1069158400, cached=30815272960, shared=610893824)
SWAP usage: sswap(total=4294963200, used=1484578816, free=2810384384, percent=34.6, sin=33061576704, sout=53113171968)
                                                  types |   # objects |   total size
======================================================= | =========== | ============
                                  <class 'numpy.ndarray |           1 |     27.47 MB
                                          <class 'bytes |          21 |      3.10 KB
                                           <class 'dict |          15 |      2.41 KB
                                           <class 'type |           2 |      2.06 KB
                                          <class 'tuple |           8 |    528     B
                                           <class 'cell |           9 |    432     B
                                           <class 'list |           0 |    336     B
                                       function (_call) |           2 |    272     B
                                    function (__init__) |           2 |    272     B
                                          <class 'float |           8 |    192     B
   <class 'odl.operator.operator.OperatorLeftScalarMult |           3 |    168     B
                       <class 'functools._lru_list_elem |           2 |    160     B
                                        <class 'weakref |           2 |    160     B
                                            <class 'int |           3 |     84     B
  <class 'odl.operator.operator.OperatorRightScalarMult |           1 |     56     B
iter = 87
CPU usage (% each core): [23.8, 20.5, 21.7, 100.0, 19.8, 19.8, 19.2, 19.2]
RAM usage: svmem(total=67514511360, available=56840417280, percent=15.8, used=9309646848, free=26320433152, active=19402088448, inactive=19953258496, buffers=1069158400, cached=30815272960, shared=610893824)
SWAP usage: sswap(total=4294963200, used=1484578816, free=2810384384, percent=34.6, sin=33061576704, sout=53113171968)
                                                                                        types |   # objects |   total size
============================================================================================= | =========== | ============
                                                                        <class 'numpy.ndarray |           1 |     27.47 MB
                                                                                <class 'bytes |          21 |      2.47 KB
                                                                                 <class 'dict |          15 |      2.41 KB
                                                                                 <class 'type |           2 |      2.06 KB
                                                                                <class 'tuple |           8 |    528     B
                                                                                 <class 'cell |           9 |    432     B
                                                                                 <class 'list |           0 |    384     B
                                                                             function (_call) |           2 |    272     B
                                                                          function (__init__) |           2 |    272     B
                                                                                <class 'float |           8 |    192     B
                                         <class 'odl.operator.operator.OperatorLeftScalarMult |           3 |    168     B
                                                             <class 'functools._lru_list_elem |           2 |    160     B
                                                                              <class 'weakref |           2 |    160     B
                                        <class 'odl.operator.operator.OperatorRightScalarMult |           1 |     56     B
  <class 'odl.solvers.nonsmooth.proximal_operators.proximal_cconj_l1.<locals>.ProximalCConjL1 |           1 |     56     B
iter = 88
CPU usage (% each core): [20.7, 19.3, 21.5, 100.0, 19.8, 18.3, 18.9, 18.9]
RAM usage: svmem(total=67514511360, available=56810897408, percent=15.9, used=9339166720, free=26290913280, active=19431116800, inactive=19953258496, buffers=1069158400, cached=30815272960, shared=610893824)
SWAP usage: sswap(total=4294963200, used=1484578816, free=2810384384, percent=34.6, sin=33061576704, sout=53113171968)
                                                  types |   # objects |   total size
======================================================= | =========== | ============
                                  <class 'numpy.ndarray |           1 |     27.47 MB
                                          <class 'bytes |          21 |      3.10 KB
                                           <class 'dict |          15 |      2.41 KB
                                           <class 'type |           2 |      2.06 KB
                                          <class 'tuple |           8 |    528     B
                                           <class 'cell |           9 |    432     B
                                           <class 'list |           0 |    336     B
                                       function (_call) |           2 |    272     B
                                    function (__init__) |           2 |    272     B
                                          <class 'float |           8 |    192     B
   <class 'odl.operator.operator.OperatorLeftScalarMult |           3 |    168     B
                       <class 'functools._lru_list_elem |           2 |    160     B
                                        <class 'weakref |           2 |    160     B
                                            <class 'int |           3 |     84     B
  <class 'odl.operator.operator.OperatorRightScalarMult |           1 |     56     B
iter = 89
CPU usage (% each core): [21.0, 23.8, 21.5, 19.3, 20.0, 20.8, 20.0, 100.0]
RAM usage: svmem(total=67514511360, available=56782168064, percent=15.9, used=9367896064, free=26262175744, active=19459706880, inactive=19953266688, buffers=1069158400, cached=30815281152, shared=610893824)
SWAP usage: sswap(total=4294963200, used=1484578816, free=2810384384, percent=34.6, sin=33061576704, sout=53113171968)
                                                                                        types |   # objects |   total size
============================================================================================= | =========== | ============
                                                                        <class 'numpy.ndarray |           1 |     27.47 MB
                                                                                 <class 'dict |          15 |      2.41 KB
                                                                                 <class 'type |           2 |      2.06 KB
                                                                                <class 'tuple |           8 |    528     B
                                                                                 <class 'cell |           9 |    432     B
                                                                             function (_call) |           2 |    272     B
                                                                          function (__init__) |           2 |    272     B
                                                                                <class 'float |           8 |    192     B
                                         <class 'odl.operator.operator.OperatorLeftScalarMult |           3 |    168     B
                                                             <class 'functools._lru_list_elem |           2 |    160     B
                                                                              <class 'weakref |           2 |    160     B
                                        <class 'odl.operator.operator.OperatorRightScalarMult |           1 |     56     B
  <class 'odl.solvers.nonsmooth.proximal_operators.proximal_cconj_l1.<locals>.ProximalCConjL1 |           1 |     56     B
                                                   <class 'odl.operator.operator.OperatorComp |           1 |     56     B
                                                 <class 'odl.discr.lp_discr.DiscreteLpElement |           1 |     56     B
iter = 90
CPU usage (% each core): [21.0, 18.5, 17.6, 11.7, 18.3, 20.0, 19.3, 100.0]
RAM usage: svmem(total=67514511360, available=56752947200, percent=15.9, used=9397116928, free=26232954880, active=19488784384, inactive=19953266688, buffers=1069158400, cached=30815281152, shared=610893824)
SWAP usage: sswap(total=4294963200, used=1484578816, free=2810384384, percent=34.6, sin=33061576704, sout=53113171968)
                                                                                        types |   # objects |   total size
============================================================================================= | =========== | ============
                                                                        <class 'numpy.ndarray |           1 |     27.47 MB
                                                                                <class 'bytes |          21 |      3.10 KB
                                                                                 <class 'dict |          15 |      2.41 KB
                                                                                 <class 'type |           2 |      2.06 KB
                                                                                <class 'tuple |           8 |    528     B
                                                                                 <class 'cell |           9 |    432     B
                                                                                 <class 'list |           0 |    376     B
                                                                             function (_call) |           2 |    272     B
                                                                          function (__init__) |           2 |    272     B
                                                                                <class 'float |           8 |    192     B
                                         <class 'odl.operator.operator.OperatorLeftScalarMult |           3 |    168     B
                                                             <class 'functools._lru_list_elem |           2 |    160     B
                                                                              <class 'weakref |           2 |    160     B
                                        <class 'odl.operator.operator.OperatorRightScalarMult |           1 |     56     B
  <class 'odl.solvers.nonsmooth.proximal_operators.proximal_cconj_l1.<locals>.ProximalCConjL1 |           1 |     56     B
iter = 91
CPU usage (% each core): [21.6, 22.0, 19.5, 16.4, 67.7, 20.0, 73.0, 100.0]
RAM usage: svmem(total=67514511360, available=56724197376, percent=16.0, used=9425870848, free=26204200960, active=19517575168, inactive=19953270784, buffers=1069158400, cached=30815281152, shared=610893824)
SWAP usage: sswap(total=4294963200, used=1484578816, free=2810384384, percent=34.6, sin=33061576704, sout=53113171968)
                                                                                        types |   # objects |   total size
============================================================================================= | =========== | ============
                                                                        <class 'numpy.ndarray |           1 |     27.47 MB
                                                                                <class 'bytes |          21 |      3.10 KB
                                                                                 <class 'dict |          15 |      2.41 KB
                                                                                 <class 'type |           2 |      2.06 KB
                                                                                <class 'tuple |           8 |    528     B
                                                                                 <class 'cell |           9 |    432     B
                                                                             function (_call) |           2 |    272     B
                                                                                 <class 'list |           0 |    272     B
                                                                          function (__init__) |           2 |    272     B
                                                                                <class 'float |           8 |    192     B
                                         <class 'odl.operator.operator.OperatorLeftScalarMult |           3 |    168     B
                                                             <class 'functools._lru_list_elem |           2 |    160     B
                                                                              <class 'weakref |           2 |    160     B
                                        <class 'odl.operator.operator.OperatorRightScalarMult |           1 |     56     B
  <class 'odl.solvers.nonsmooth.proximal_operators.proximal_cconj_l1.<locals>.ProximalCConjL1 |           1 |     56     B
iter = 92
CPU usage (% each core): [21.5, 21.1, 20.0, 100.0, 20.7, 20.7, 19.7, 19.7]
RAM usage: svmem(total=67514511360, available=56695767040, percent=16.0, used=9454301184, free=26175770624, active=19546169344, inactive=19953274880, buffers=1069158400, cached=30815281152, shared=610893824)
SWAP usage: sswap(total=4294963200, used=1484578816, free=2810384384, percent=34.6, sin=33061576704, sout=53113171968)
                                                                                        types |   # objects |   total size
============================================================================================= | =========== | ============
                                                                        <class 'numpy.ndarray |           1 |     27.47 MB
                                                                                 <class 'dict |          15 |      2.41 KB
                                                                                 <class 'type |           2 |      2.06 KB
                                                                                <class 'tuple |           8 |    528     B
                                                                                 <class 'cell |           9 |    432     B
                                                                             function (_call) |           2 |    272     B
                                                                          function (__init__) |           2 |    272     B
                                                                                <class 'float |           8 |    192     B
                                         <class 'odl.operator.operator.OperatorLeftScalarMult |           3 |    168     B
                                                             <class 'functools._lru_list_elem |           2 |    160     B
                                                                              <class 'weakref |           2 |    160     B
                                                                                  <class 'int |           3 |     84     B
                                        <class 'odl.operator.operator.OperatorRightScalarMult |           1 |     56     B
  <class 'odl.solvers.nonsmooth.proximal_operators.proximal_cconj_l1.<locals>.ProximalCConjL1 |           1 |     56     B
                                                   <class 'odl.operator.operator.OperatorComp |           1 |     56     B
iter = 93
CPU usage (% each core): [21.3, 20.7, 20.3, 19.5, 18.9, 19.7, 19.5, 100.0]
RAM usage: svmem(total=67514511360, available=56666923008, percent=16.1, used=9483132928, free=26146926592, active=19575095296, inactive=19953274880, buffers=1069158400, cached=30815293440, shared=610897920)
SWAP usage: sswap(total=4294963200, used=1484578816, free=2810384384, percent=34.6, sin=33061576704, sout=53113171968)
                                                                                        types |   # objects |   total size
============================================================================================= | =========== | ============
                                                                        <class 'numpy.ndarray |           1 |     27.47 MB
                                                                                <class 'bytes |          21 |      3.10 KB
                                                                                 <class 'dict |          15 |      2.41 KB
                                                                                 <class 'type |           2 |      2.06 KB
                                                                                <class 'tuple |           8 |    528     B
                                                                                 <class 'cell |           9 |    432     B
                                                                                 <class 'list |           0 |    336     B
                                                                             function (_call) |           2 |    272     B
                                                                          function (__init__) |           2 |    272     B
                                                                                <class 'float |           8 |    192     B
                                         <class 'odl.operator.operator.OperatorLeftScalarMult |           3 |    168     B
                                                             <class 'functools._lru_list_elem |           2 |    160     B
                                                                              <class 'weakref |           2 |    160     B
                                        <class 'odl.operator.operator.OperatorRightScalarMult |           1 |     56     B
  <class 'odl.solvers.nonsmooth.proximal_operators.proximal_cconj_l1.<locals>.ProximalCConjL1 |           1 |     56     B
iter = 94
CPU usage (% each core): [19.7, 20.5, 20.5, 100.0, 19.0, 18.2, 19.2, 21.3]
RAM usage: svmem(total=67514511360, available=56637833216, percent=16.1, used=9512235008, free=26117828608, active=19603791872, inactive=19953278976, buffers=1069158400, cached=30815289344, shared=610893824)
SWAP usage: sswap(total=4294963200, used=1484578816, free=2810384384, percent=34.6, sin=33061576704, sout=53113171968)
                                                                                        types |   # objects |   total size
============================================================================================= | =========== | ============
                                                                        <class 'numpy.ndarray |           1 |     27.47 MB
                                                                                <class 'bytes |          21 |      3.10 KB
                                                                                 <class 'dict |          15 |      2.41 KB
                                                                                 <class 'type |           2 |      2.06 KB
                                                                                <class 'tuple |           8 |    528     B
                                                                                 <class 'cell |           9 |    432     B
                                                                                 <class 'list |           0 |    336     B
                                                                             function (_call) |           2 |    272     B
                                                                          function (__init__) |           2 |    272     B
                                                                                <class 'float |           8 |    192     B
                                         <class 'odl.operator.operator.OperatorLeftScalarMult |           3 |    168     B
                                                             <class 'functools._lru_list_elem |           2 |    160     B
                                                                              <class 'weakref |           2 |    160     B
                                        <class 'odl.operator.operator.OperatorRightScalarMult |           1 |     56     B
  <class 'odl.solvers.nonsmooth.proximal_operators.proximal_cconj_l1.<locals>.ProximalCConjL1 |           1 |     56     B
iter = 95
CPU usage (% each core): [21.7, 21.5, 21.5, 19.8, 20.5, 20.0, 19.7, 100.0]
RAM usage: svmem(total=67514511360, available=56609243136, percent=16.2, used=9540825088, free=26089238528, active=19632836608, inactive=19953278976, buffers=1069158400, cached=30815289344, shared=610893824)
SWAP usage: sswap(total=4294963200, used=1484578816, free=2810384384, percent=34.6, sin=33061576704, sout=53113171968)
                                                                                        types |   # objects |   total size
============================================================================================= | =========== | ============
                                                                        <class 'numpy.ndarray |           1 |     27.47 MB
                                                                                <class 'bytes |          21 |      3.10 KB
                                                                                 <class 'dict |          15 |      2.41 KB
                                                                                 <class 'type |           2 |      2.06 KB
                                                                                <class 'tuple |           8 |    528     B
                                                                                 <class 'list |           0 |    480     B
                                                                                 <class 'cell |           9 |    432     B
                                                                             function (_call) |           2 |    272     B
                                                                          function (__init__) |           2 |    272     B
                                                                                <class 'float |           8 |    192     B
                                         <class 'odl.operator.operator.OperatorLeftScalarMult |           3 |    168     B
                                                             <class 'functools._lru_list_elem |           2 |    160     B
                                                                              <class 'weakref |           2 |    160     B
                                        <class 'odl.operator.operator.OperatorRightScalarMult |           1 |     56     B
  <class 'odl.solvers.nonsmooth.proximal_operators.proximal_cconj_l1.<locals>.ProximalCConjL1 |           1 |     56     B
iter = 96
CPU usage (% each core): [22.1, 20.7, 20.7, 100.0, 19.0, 20.5, 20.7, 19.7]
RAM usage: svmem(total=67514511360, available=56580849664, percent=16.2, used=9569218560, free=26060836864, active=19661524992, inactive=19953287168, buffers=1069158400, cached=30815297536, shared=610893824)
SWAP usage: sswap(total=4294963200, used=1484578816, free=2810384384, percent=34.6, sin=33061576704, sout=53113171968)
                                                                                        types |   # objects |   total size
============================================================================================= | =========== | ============
                                                                        <class 'numpy.ndarray |           1 |     27.47 MB
                                                                                 <class 'dict |          15 |      2.41 KB
                                                                                 <class 'type |           2 |      2.06 KB
                                                                                <class 'tuple |           8 |    528     B
                                                                                 <class 'cell |           9 |    432     B
                                                                             function (_call) |           2 |    272     B
                                                                          function (__init__) |           2 |    272     B
                                                                                <class 'float |           8 |    192     B
                                         <class 'odl.operator.operator.OperatorLeftScalarMult |           3 |    168     B
                                                             <class 'functools._lru_list_elem |           2 |    160     B
                                                                              <class 'weakref |           2 |    160     B
                                        <class 'odl.operator.operator.OperatorRightScalarMult |           1 |     56     B
  <class 'odl.solvers.nonsmooth.proximal_operators.proximal_cconj_l1.<locals>.ProximalCConjL1 |           1 |     56     B
                                                   <class 'odl.operator.operator.OperatorComp |           1 |     56     B
                                                 <class 'odl.discr.lp_discr.DiscreteLpElement |           1 |     56     B
iter = 97
CPU usage (% each core): [70.3, 21.0, 16.1, 15.4, 16.8, 18.1, 71.2, 100.0]
RAM usage: svmem(total=67514511360, available=56551690240, percent=16.2, used=9598377984, free=26031677440, active=19690438656, inactive=19953287168, buffers=1069158400, cached=30815297536, shared=610893824)
SWAP usage: sswap(total=4294963200, used=1484578816, free=2810384384, percent=34.6, sin=33061576704, sout=53113171968)
                                                                                        types |   # objects |   total size
============================================================================================= | =========== | ============
                                                                        <class 'numpy.ndarray |           1 |     27.47 MB
                                                                                <class 'bytes |          21 |      3.10 KB
                                                                                 <class 'dict |          15 |      2.41 KB
                                                                                 <class 'type |           2 |      2.06 KB
                                                                                <class 'tuple |           8 |    528     B
                                                                                 <class 'cell |           9 |    432     B
                                                                                 <class 'list |           0 |    424     B
                                                                             function (_call) |           2 |    272     B
                                                                          function (__init__) |           2 |    272     B
                                                                                <class 'float |           8 |    192     B
                                         <class 'odl.operator.operator.OperatorLeftScalarMult |           3 |    168     B
                                                             <class 'functools._lru_list_elem |           2 |    160     B
                                                                              <class 'weakref |           2 |    160     B
                                        <class 'odl.operator.operator.OperatorRightScalarMult |           1 |     56     B
  <class 'odl.solvers.nonsmooth.proximal_operators.proximal_cconj_l1.<locals>.ProximalCConjL1 |           1 |     56     B
iter = 98
CPU usage (% each core): [22.1, 20.7, 21.3, 100.0, 20.5, 20.3, 19.7, 18.9]
RAM usage: svmem(total=67514511360, available=56522829824, percent=16.3, used=9627238400, free=26002817024, active=19719237632, inactive=19953287168, buffers=1069158400, cached=30815297536, shared=610893824)
SWAP usage: sswap(total=4294963200, used=1484578816, free=2810384384, percent=34.6, sin=33061576704, sout=53113171968)
                                                                                        types |   # objects |   total size
============================================================================================= | =========== | ============
                                                                        <class 'numpy.ndarray |           1 |     27.47 MB
                                                                                <class 'bytes |          21 |      3.10 KB
                                                                                 <class 'dict |          15 |      2.41 KB
                                                                                 <class 'type |           2 |      2.06 KB
                                                                                <class 'tuple |           8 |    528     B
                                                                                 <class 'cell |           9 |    432     B
                                                                                 <class 'list |           0 |    304     B
                                                                             function (_call) |           2 |    272     B
                                                                          function (__init__) |           2 |    272     B
                                                                                <class 'float |           8 |    192     B
                                         <class 'odl.operator.operator.OperatorLeftScalarMult |           3 |    168     B
                                                             <class 'functools._lru_list_elem |           2 |    160     B
                                                                              <class 'weakref |           2 |    160     B
                                        <class 'odl.operator.operator.OperatorRightScalarMult |           1 |     56     B
  <class 'odl.solvers.nonsmooth.proximal_operators.proximal_cconj_l1.<locals>.ProximalCConjL1 |           1 |     56     B
iter = 99
CPU usage (% each core): [22.5, 23.1, 19.3, 19.2, 19.2, 19.3, 19.2, 100.0]
RAM usage: svmem(total=67514511360, available=56493744128, percent=16.3, used=9656324096, free=25973723136, active=19748036608, inactive=19953295360, buffers=1069158400, cached=30815305728, shared=610893824)
SWAP usage: sswap(total=4294963200, used=1484578816, free=2810384384, percent=34.6, sin=33061576704, sout=53113171968)
                                                                                        types |   # objects |   total size
============================================================================================= | =========== | ============
                                                                        <class 'numpy.ndarray |           1 |     27.47 MB
                                                                                 <class 'dict |          15 |      2.41 KB
                                                                                 <class 'type |           2 |      2.06 KB
                                                                                <class 'tuple |           8 |    528     B
                                                                                 <class 'cell |           9 |    432     B
                                                                             function (_call) |           2 |    272     B
                                                                          function (__init__) |           2 |    272     B
                                                                                <class 'float |           8 |    192     B
                                         <class 'odl.operator.operator.OperatorLeftScalarMult |           3 |    168     B
                                                             <class 'functools._lru_list_elem |           2 |    160     B
                                                                              <class 'weakref |           2 |    160     B
                                                                                  <class 'int |           3 |     84     B
                                        <class 'odl.operator.operator.OperatorRightScalarMult |           1 |     56     B
  <class 'odl.solvers.nonsmooth.proximal_operators.proximal_cconj_l1.<locals>.ProximalCConjL1 |           1 |     56     B
                                                   <class 'odl.operator.operator.OperatorComp |           1 |     56     B
iter = 100
CPU usage (% each core): [22.1, 21.7, 20.8, 99.2, 20.7, 20.5, 19.8, 19.2]
RAM usage: svmem(total=67514511360, available=56465002496, percent=16.4, used=9685065728, free=25944981504, active=19776872448, inactive=19953295360, buffers=1069158400, cached=30815305728, shared=610893824)
SWAP usage: sswap(total=4294963200, used=1484578816, free=2810384384, percent=34.6, sin=33061576704, sout=53113171968)
                                                                                        types |   # objects |   total size
============================================================================================= | =========== | ============
                                                                        <class 'numpy.ndarray |           1 |     27.47 MB
                                                                                <class 'bytes |          21 |      3.10 KB
                                                                                 <class 'dict |          15 |      2.41 KB
                                                                                 <class 'type |           2 |      2.06 KB
                                                                                <class 'tuple |           8 |    528     B
                                                                                 <class 'cell |           9 |    432     B
                                                                                 <class 'list |           0 |    376     B
                                                                             function (_call) |           2 |    272     B
                                                                          function (__init__) |           2 |    272     B
                                                                                <class 'float |           8 |    192     B
                                         <class 'odl.operator.operator.OperatorLeftScalarMult |           3 |    168     B
                                                             <class 'functools._lru_list_elem |           2 |    160     B
                                                                              <class 'weakref |           2 |    160     B
                                        <class 'odl.operator.operator.OperatorRightScalarMult |           1 |     56     B
  <class 'odl.solvers.nonsmooth.proximal_operators.proximal_cconj_l1.<locals>.ProximalCConjL1 |           1 |     56     B
iter = 101
CPU usage (% each core): [20.6, 20.6, 21.4, 100.0, 18.4, 19.2, 18.4, 19.0]
RAM usage: svmem(total=67514511360, available=56435859456, percent=16.4, used=9714208768, free=25915838464, active=19805646848, inactive=19953295360, buffers=1069158400, cached=30815305728, shared=610893824)
SWAP usage: sswap(total=4294963200, used=1484578816, free=2810384384, percent=34.6, sin=33061576704, sout=53113171968)
                                                                                        types |   # objects |   total size
============================================================================================= | =========== | ============
                                                                        <class 'numpy.ndarray |           1 |     27.47 MB
                                                                                <class 'bytes |          21 |      3.10 KB
                                                                                 <class 'dict |          15 |      2.41 KB
                                                                                 <class 'type |           2 |      2.06 KB
                                                                                <class 'tuple |           8 |    528     B
                                                                                 <class 'cell |           9 |    432     B
                                                                             function (_call) |           2 |    272     B
                                                                                 <class 'list |           0 |    272     B
                                                                          function (__init__) |           2 |    272     B
                                                                                <class 'float |           8 |    192     B
                                         <class 'odl.operator.operator.OperatorLeftScalarMult |           3 |    168     B
                                                             <class 'functools._lru_list_elem |           2 |    160     B
                                                                              <class 'weakref |           2 |    160     B
                                        <class 'odl.operator.operator.OperatorRightScalarMult |           1 |     56     B
  <class 'odl.solvers.nonsmooth.proximal_operators.proximal_cconj_l1.<locals>.ProximalCConjL1 |           1 |     56     B
iter = 102
CPU usage (% each core): [22.3, 21.0, 21.7, 19.3, 20.0, 20.0, 20.7, 100.0]
RAM usage: svmem(total=67514511360, available=56405118976, percent=16.5, used=9744949248, free=25885089792, active=19836157952, inactive=19953303552, buffers=1069158400, cached=30815313920, shared=610893824)
SWAP usage: sswap(total=4294963200, used=1484578816, free=2810384384, percent=34.6, sin=33061576704, sout=53113171968)
                                                                                        types |   # objects |   total size
============================================================================================= | =========== | ============
                                                                        <class 'numpy.ndarray |           1 |     27.47 MB
                                                                                 <class 'dict |          15 |      2.41 KB
                                                                                 <class 'type |           2 |      2.06 KB
                                                                                <class 'tuple |           8 |    528     B
                                                                                 <class 'cell |           9 |    432     B
                                                                             function (_call) |           2 |    272     B
                                                                          function (__init__) |           2 |    272     B
                                                                                <class 'float |           8 |    192     B
                                         <class 'odl.operator.operator.OperatorLeftScalarMult |           3 |    168     B
                                                             <class 'functools._lru_list_elem |           2 |    160     B
                                                                              <class 'weakref |           2 |    160     B
                                                                                  <class 'int |           3 |     84     B
                                        <class 'odl.operator.operator.OperatorRightScalarMult |           1 |     56     B
  <class 'odl.solvers.nonsmooth.proximal_operators.proximal_cconj_l1.<locals>.ProximalCConjL1 |           1 |     56     B
                                                   <class 'odl.operator.operator.OperatorComp |           1 |     56     B
iter = 103
CPU usage (% each core): [23.1, 20.0, 21.7, 19.8, 20.3, 20.0, 19.8, 99.2]
RAM usage: svmem(total=67514511360, available=56375697408, percent=16.5, used=9774370816, free=25855668224, active=19865239552, inactive=19953307648, buffers=1069158400, cached=30815313920, shared=610893824)
SWAP usage: sswap(total=4294963200, used=1484578816, free=2810384384, percent=34.6, sin=33061576704, sout=53113171968)
                                                                                        types |   # objects |   total size
============================================================================================= | =========== | ============
                                                                        <class 'numpy.ndarray |           1 |     27.47 MB
                                                                                <class 'bytes |          21 |      3.10 KB
                                                                                 <class 'dict |          15 |      2.41 KB
                                                                                 <class 'type |           2 |      2.06 KB
                                                                                <class 'tuple |           8 |    528     B
                                                                                 <class 'cell |           9 |    432     B
                                                                                 <class 'list |           0 |    336     B
                                                                             function (_call) |           2 |    272     B
                                                                          function (__init__) |           2 |    272     B
                                                                                <class 'float |           8 |    192     B
                                         <class 'odl.operator.operator.OperatorLeftScalarMult |           3 |    168     B
                                                             <class 'functools._lru_list_elem |           2 |    160     B
                                                                              <class 'weakref |           2 |    160     B
                                        <class 'odl.operator.operator.OperatorRightScalarMult |           1 |     56     B
  <class 'odl.solvers.nonsmooth.proximal_operators.proximal_cconj_l1.<locals>.ProximalCConjL1 |           1 |     56     B
iter = 104
CPU usage (% each core): [23.3, 20.0, 19.3, 95.9, 20.0, 19.0, 19.0, 19.0]
RAM usage: svmem(total=67514511360, available=56346607616, percent=16.5, used=9803460608, free=25826578432, active=19893776384, inactive=19953307648, buffers=1069158400, cached=30815313920, shared=610893824)
SWAP usage: sswap(total=4294963200, used=1484578816, free=2810384384, percent=34.6, sin=33061576704, sout=53113171968)
                                                                                        types |   # objects |   total size
============================================================================================= | =========== | ============
                                                                        <class 'numpy.ndarray |           1 |     27.47 MB
                                                                                <class 'bytes |          21 |      3.10 KB
                                                                                 <class 'dict |          15 |      2.41 KB
                                                                                 <class 'type |           2 |      2.06 KB
                                                                                <class 'tuple |           8 |    528     B
                                                                                 <class 'cell |           9 |    432     B
                                                                                 <class 'list |           0 |    384     B
                                                                             function (_call) |           2 |    272     B
                                                                          function (__init__) |           2 |    272     B
                                                                                <class 'float |           8 |    192     B
                                         <class 'odl.operator.operator.OperatorLeftScalarMult |           3 |    168     B
                                                             <class 'functools._lru_list_elem |           2 |    160     B
                                                                              <class 'weakref |           2 |    160     B
                                        <class 'odl.operator.operator.OperatorRightScalarMult |           1 |     56     B
  <class 'odl.solvers.nonsmooth.proximal_operators.proximal_cconj_l1.<locals>.ProximalCConjL1 |           1 |     56     B
iter = 105
CPU usage (% each core): [77.6, 18.9, 18.2, 22.3, 21.3, 18.7, 72.1, 87.3]
RAM usage: svmem(total=67514511360, available=56317714432, percent=16.6, used=9832353792, free=25797685248, active=19922804736, inactive=19953307648, buffers=1069158400, cached=30815313920, shared=610893824)
SWAP usage: sswap(total=4294963200, used=1484578816, free=2810384384, percent=34.6, sin=33061576704, sout=53113171968)
                                                  types |   # objects |   total size
======================================================= | =========== | ============
                                  <class 'numpy.ndarray |           1 |     27.47 MB
                                          <class 'bytes |          21 |      3.10 KB
                                           <class 'dict |          15 |      2.41 KB
                                           <class 'type |           2 |      2.06 KB
                                          <class 'tuple |           8 |    528     B
                                           <class 'cell |           9 |    432     B
                                           <class 'list |           0 |    336     B
                                       function (_call) |           2 |    272     B
                                    function (__init__) |           2 |    272     B
                                          <class 'float |           8 |    192     B
   <class 'odl.operator.operator.OperatorLeftScalarMult |           3 |    168     B
                       <class 'functools._lru_list_elem |           2 |    160     B
                                        <class 'weakref |           2 |    160     B
                                            <class 'int |           3 |     84     B
  <class 'odl.operator.operator.OperatorRightScalarMult |           1 |     56     B
iter = 106
CPU usage (% each core): [100.0, 20.8, 20.7, 22.5, 20.7, 20.7, 19.8, 20.0]
RAM usage: svmem(total=67514511360, available=56288587776, percent=16.6, used=9861480448, free=25768550400, active=19951501312, inactive=19953315840, buffers=1069158400, cached=30815322112, shared=610893824)
SWAP usage: sswap(total=4294963200, used=1484578816, free=2810384384, percent=34.6, sin=33061576704, sout=53113171968)
                                                                                        types |   # objects |   total size
============================================================================================= | =========== | ============
                                                                        <class 'numpy.ndarray |           1 |     27.47 MB
                                                                                 <class 'dict |          15 |      2.41 KB
                                                                                 <class 'type |           2 |      2.06 KB
                                                                                <class 'tuple |           8 |    528     B
                                                                                 <class 'cell |           9 |    432     B
                                                                             function (_call) |           2 |    272     B
                                                                          function (__init__) |           2 |    272     B
                                                                                <class 'float |           8 |    192     B
                                         <class 'odl.operator.operator.OperatorLeftScalarMult |           3 |    168     B
                                                             <class 'functools._lru_list_elem |           2 |    160     B
                                                                              <class 'weakref |           2 |    160     B
                                        <class 'odl.operator.operator.OperatorRightScalarMult |           1 |     56     B
  <class 'odl.solvers.nonsmooth.proximal_operators.proximal_cconj_l1.<locals>.ProximalCConjL1 |           1 |     56     B
                                                   <class 'odl.operator.operator.OperatorComp |           1 |     56     B
                                                 <class 'odl.discr.lp_discr.DiscreteLpElement |           1 |     56     B
iter = 107
CPU usage (% each core): [20.5, 23.3, 22.5, 20.8, 100.0, 20.8, 20.0, 20.5]
RAM usage: svmem(total=67514511360, available=56260542464, percent=16.7, used=9889525760, free=25740505088, active=19980214272, inactive=19953315840, buffers=1069158400, cached=30815322112, shared=610893824)
SWAP usage: sswap(total=4294963200, used=1484578816, free=2810384384, percent=34.6, sin=33061576704, sout=53113171968)
                                                                                        types |   # objects |   total size
============================================================================================= | =========== | ============
                                                                        <class 'numpy.ndarray |           1 |     27.47 MB
                                                                                <class 'bytes |          21 |      3.10 KB
                                                                                 <class 'dict |          15 |      2.41 KB
                                                                                 <class 'type |           2 |      2.06 KB
                                                                                <class 'tuple |           8 |    528     B
                                                                                 <class 'cell |           9 |    432     B
                                                                                 <class 'list |           0 |    424     B
                                                                             function (_call) |           2 |    272     B
                                                                          function (__init__) |           2 |    272     B
                                                                                <class 'float |           8 |    192     B
                                         <class 'odl.operator.operator.OperatorLeftScalarMult |           3 |    168     B
                                                             <class 'functools._lru_list_elem |           2 |    160     B
                                                                              <class 'weakref |           2 |    160     B
                                        <class 'odl.operator.operator.OperatorRightScalarMult |           1 |     56     B
  <class 'odl.solvers.nonsmooth.proximal_operators.proximal_cconj_l1.<locals>.ProximalCConjL1 |           1 |     56     B
iter = 108
CPU usage (% each core): [100.0, 20.7, 22.1, 21.3, 19.0, 19.7, 19.0, 19.7]
RAM usage: svmem(total=67514511360, available=56231022592, percent=16.7, used=9919045632, free=25710985216, active=20009398272, inactive=19953315840, buffers=1069158400, cached=30815322112, shared=610893824)
SWAP usage: sswap(total=4294963200, used=1484578816, free=2810384384, percent=34.6, sin=33061576704, sout=53113171968)
                                                  types |   # objects |   total size
======================================================= | =========== | ============
                                  <class 'numpy.ndarray |           1 |     27.47 MB
                                          <class 'bytes |          21 |      3.10 KB
                                           <class 'dict |          15 |      2.41 KB
                                           <class 'type |           2 |      2.06 KB
                                          <class 'tuple |           8 |    528     B
                                           <class 'cell |           9 |    432     B
                                           <class 'list |           0 |    304     B
                                       function (_call) |           2 |    272     B
                                    function (__init__) |           2 |    272     B
                                          <class 'float |           8 |    192     B
   <class 'odl.operator.operator.OperatorLeftScalarMult |           3 |    168     B
                       <class 'functools._lru_list_elem |           2 |    160     B
                                        <class 'weakref |           2 |    160     B
                                            <class 'int |           3 |     84     B
  <class 'odl.operator.operator.OperatorRightScalarMult |           1 |     56     B
iter = 109
CPU usage (% each core): [19.2, 20.8, 21.5, 20.8, 99.2, 20.0, 19.8, 20.2]
RAM usage: svmem(total=67514511360, available=56201875456, percent=16.8, used=9948192768, free=25681838080, active=20038324224, inactive=19953319936, buffers=1069158400, cached=30815322112, shared=610893824)
SWAP usage: sswap(total=4294963200, used=1484578816, free=2810384384, percent=34.6, sin=33061576704, sout=53113171968)
                                                                                        types |   # objects |   total size
============================================================================================= | =========== | ============
                                                                        <class 'numpy.ndarray |           1 |     27.47 MB
                                                                                 <class 'dict |          15 |      2.41 KB
                                                                                 <class 'type |           2 |      2.06 KB
                                                                                <class 'tuple |           8 |    528     B
                                                                                 <class 'cell |           9 |    432     B
                                                                             function (_call) |           2 |    272     B
                                                                          function (__init__) |           2 |    272     B
                                                                                <class 'float |           8 |    192     B
                                         <class 'odl.operator.operator.OperatorLeftScalarMult |           3 |    168     B
                                                             <class 'functools._lru_list_elem |           2 |    160     B
                                                                              <class 'weakref |           2 |    160     B
                                        <class 'odl.operator.operator.OperatorRightScalarMult |           1 |     56     B
  <class 'odl.solvers.nonsmooth.proximal_operators.proximal_cconj_l1.<locals>.ProximalCConjL1 |           1 |     56     B
                                                   <class 'odl.operator.operator.OperatorComp |           1 |     56     B
                                                 <class 'odl.discr.lp_discr.DiscreteLpElement |           1 |     56     B
iter = 110
CPU usage (% each core): [100.0, 21.5, 20.8, 21.5, 19.2, 19.8, 19.8, 19.7]
RAM usage: svmem(total=67514511360, available=56173273088, percent=16.8, used=9976795136, free=25653227520, active=20067131392, inactive=19953328128, buffers=1069158400, cached=30815330304, shared=610893824)
SWAP usage: sswap(total=4294963200, used=1484578816, free=2810384384, percent=34.6, sin=33061576704, sout=53113171968)
                                                                                        types |   # objects |   total size
============================================================================================= | =========== | ============
                                                                        <class 'numpy.ndarray |           1 |     27.47 MB
                                                                                <class 'bytes |          21 |      3.10 KB
                                                                                 <class 'dict |          15 |      2.41 KB
                                                                                 <class 'type |           2 |      2.06 KB
                                                                                <class 'tuple |           8 |    528     B
                                                                                 <class 'cell |           9 |    432     B
                                                                                 <class 'list |           0 |    336     B
                                                                             function (_call) |           2 |    272     B
                                                                          function (__init__) |           2 |    272     B
                                                                                <class 'float |           8 |    192     B
                                         <class 'odl.operator.operator.OperatorLeftScalarMult |           3 |    168     B
                                                             <class 'functools._lru_list_elem |           2 |    160     B
                                                                              <class 'weakref |           2 |    160     B
                                        <class 'odl.operator.operator.OperatorRightScalarMult |           1 |     56     B
  <class 'odl.solvers.nonsmooth.proximal_operators.proximal_cconj_l1.<locals>.ProximalCConjL1 |           1 |     56     B
iter = 111
CPU usage (% each core): [18.9, 21.3, 20.5, 22.3, 100.0, 19.0, 19.5, 19.7]
RAM usage: svmem(total=67514511360, available=56144334848, percent=16.8, used=10005733376, free=25624289280, active=20095930368, inactive=19953328128, buffers=1069158400, cached=30815330304, shared=610893824)
SWAP usage: sswap(total=4294963200, used=1484578816, free=2810384384, percent=34.6, sin=33061576704, sout=53113171968)
                                                                                        types |   # objects |   total size
============================================================================================= | =========== | ============
                                                                        <class 'numpy.ndarray |           1 |     27.47 MB
                                                                                 <class 'dict |          15 |     11.41 KB
                                                                                <class 'bytes |          21 |      3.10 KB
                                                                                 <class 'type |           2 |      2.06 KB
                                                                                <class 'tuple |           8 |    528     B
                                                                                 <class 'cell |           9 |    432     B
                                                                                 <class 'list |           0 |    336     B
                                                                             function (_call) |           2 |    272     B
                                                                          function (__init__) |           2 |    272     B
                                                                                <class 'float |           8 |    192     B
                                         <class 'odl.operator.operator.OperatorLeftScalarMult |           3 |    168     B
                                                             <class 'functools._lru_list_elem |           2 |    160     B
                                                                              <class 'weakref |           2 |    160     B
                                        <class 'odl.operator.operator.OperatorRightScalarMult |           1 |     56     B
  <class 'odl.solvers.nonsmooth.proximal_operators.proximal_cconj_l1.<locals>.ProximalCConjL1 |           1 |     56     B
iter = 112
CPU usage (% each core): [100.0, 23.1, 20.7, 22.8, 19.7, 21.1, 20.0, 19.8]
RAM usage: svmem(total=67514511360, available=56115138560, percent=16.9, used=10034929664, free=25595092992, active=20124700672, inactive=19953328128, buffers=1069158400, cached=30815330304, shared=610893824)
SWAP usage: sswap(total=4294963200, used=1484578816, free=2810384384, percent=34.6, sin=33061576704, sout=53113171968)
                                                                                        types |   # objects |   total size
============================================================================================= | =========== | ============
                                                                        <class 'numpy.ndarray |           1 |     27.47 MB
                                                                                <class 'bytes |          21 |      3.10 KB
                                                                                 <class 'dict |          15 |      2.41 KB
                                                                                 <class 'type |           2 |      2.06 KB
                                                                                <class 'tuple |           8 |    528     B
                                                                                 <class 'list |           0 |    480     B
                                                                                 <class 'cell |           9 |    432     B
                                                                             function (_call) |           2 |    272     B
                                                                          function (__init__) |           2 |    272     B
                                                                                <class 'float |           8 |    192     B
                                         <class 'odl.operator.operator.OperatorLeftScalarMult |           3 |    168     B
                                                             <class 'functools._lru_list_elem |           2 |    160     B
                                                                              <class 'weakref |           2 |    160     B
                                        <class 'odl.operator.operator.OperatorRightScalarMult |           1 |     56     B
  <class 'odl.solvers.nonsmooth.proximal_operators.proximal_cconj_l1.<locals>.ProximalCConjL1 |           1 |     56     B
iter = 113
CPU usage (% each core): [64.2, 15.6, 15.0, 90.6, 23.9, 15.4, 60.2, 17.5]
RAM usage: svmem(total=67514511360, available=56087732224, percent=16.9, used=10062336000, free=25567678464, active=20153450496, inactive=19953336320, buffers=1069158400, cached=30815338496, shared=610893824)
SWAP usage: sswap(total=4294963200, used=1484578816, free=2810384384, percent=34.6, sin=33061576704, sout=53113171968)
                                                                                        types |   # objects |   total size
============================================================================================= | =========== | ============
                                                                        <class 'numpy.ndarray |           1 |     27.47 MB
                                                                                 <class 'dict |          15 |      2.41 KB
                                                                                 <class 'type |           2 |      2.06 KB
                                                                                <class 'tuple |           8 |    528     B
                                                                                 <class 'cell |           9 |    432     B
                                                                             function (_call) |           2 |    272     B
                                                                          function (__init__) |           2 |    272     B
                                                                                <class 'float |           8 |    192     B
                                         <class 'odl.operator.operator.OperatorLeftScalarMult |           3 |    168     B
                                                             <class 'functools._lru_list_elem |           2 |    160     B
                                                                              <class 'weakref |           2 |    160     B
                                        <class 'odl.operator.operator.OperatorRightScalarMult |           1 |     56     B
  <class 'odl.solvers.nonsmooth.proximal_operators.proximal_cconj_l1.<locals>.ProximalCConjL1 |           1 |     56     B
                                                   <class 'odl.operator.operator.OperatorComp |           1 |     56     B
                                                 <class 'odl.discr.lp_discr.DiscreteLpElement |           1 |     56     B
iter = 114
CPU usage (% each core): [20.5, 21.1, 19.5, 91.7, 18.7, 18.9, 18.9, 29.3]
RAM usage: svmem(total=67514511360, available=56058490880, percent=17.0, used=10091577344, free=25538437120, active=20182147072, inactive=19953336320, buffers=1069158400, cached=30815338496, shared=610893824)
SWAP usage: sswap(total=4294963200, used=1484578816, free=2810384384, percent=34.6, sin=33061576704, sout=53113171968)
                                                                                        types |   # objects |   total size
============================================================================================= | =========== | ============
                                                                        <class 'numpy.ndarray |           1 |     27.47 MB
                                                                                <class 'bytes |          21 |      3.10 KB
                                                                                 <class 'dict |          15 |      2.41 KB
                                                                                 <class 'type |           2 |      2.06 KB
                                                                                <class 'tuple |           8 |    528     B
                                                                                 <class 'cell |           9 |    432     B
                                                                                 <class 'list |           0 |    424     B
                                                                             function (_call) |           2 |    272     B
                                                                          function (__init__) |           2 |    272     B
                                                                                <class 'float |           8 |    192     B
                                         <class 'odl.operator.operator.OperatorLeftScalarMult |           3 |    168     B
                                                             <class 'functools._lru_list_elem |           2 |    160     B
                                                                              <class 'weakref |           2 |    160     B
                                        <class 'odl.operator.operator.OperatorRightScalarMult |           1 |     56     B
  <class 'odl.solvers.nonsmooth.proximal_operators.proximal_cconj_l1.<locals>.ProximalCConjL1 |           1 |     56     B
iter = 115
CPU usage (% each core): [20.0, 19.2, 20.8, 99.2, 21.3, 19.8, 19.2, 12.5]
RAM usage: svmem(total=67514511360, available=56029650944, percent=17.0, used=10120417280, free=25509597184, active=20211171328, inactive=19953336320, buffers=1069158400, cached=30815338496, shared=610893824)
SWAP usage: sswap(total=4294963200, used=1484578816, free=2810384384, percent=34.6, sin=33061576704, sout=53113171968)
                                                  types |   # objects |   total size
======================================================= | =========== | ============
                                  <class 'numpy.ndarray |           1 |     27.47 MB
                                          <class 'bytes |          21 |      3.10 KB
                                           <class 'dict |          15 |      2.41 KB
                                           <class 'type |           2 |      2.06 KB
                                          <class 'tuple |           8 |    528     B
                                           <class 'cell |           9 |    432     B
                                           <class 'list |           0 |    304     B
                                       function (_call) |           2 |    272     B
                                    function (__init__) |           2 |    272     B
                                          <class 'float |           8 |    192     B
   <class 'odl.operator.operator.OperatorLeftScalarMult |           3 |    168     B
                       <class 'functools._lru_list_elem |           2 |    160     B
                                        <class 'weakref |           2 |    160     B
                                            <class 'int |           3 |     84     B
  <class 'odl.operator.operator.OperatorRightScalarMult |           1 |     56     B
iter = 116
CPU usage (% each core): [20.5, 21.1, 21.3, 100.0, 19.0, 19.7, 19.7, 18.9]
RAM usage: svmem(total=67514511360, available=56001347584, percent=17.1, used=10148716544, free=25481285632, active=20239765504, inactive=19953344512, buffers=1069158400, cached=30815350784, shared=610893824)
SWAP usage: sswap(total=4294963200, used=1484578816, free=2810384384, percent=34.6, sin=33061576704, sout=53113171968)
                                                                                        types |   # objects |   total size
============================================================================================= | =========== | ============
                                                                        <class 'numpy.ndarray |           1 |     27.47 MB
                                                                                 <class 'dict |          15 |      2.41 KB
                                                                                 <class 'type |           2 |      2.06 KB
                                                                                <class 'tuple |           8 |    528     B
                                                                                 <class 'cell |           9 |    432     B
                                                                             function (_call) |           2 |    272     B
                                                                          function (__init__) |           2 |    272     B
                                                                                <class 'float |           8 |    192     B
                                         <class 'odl.operator.operator.OperatorLeftScalarMult |           3 |    168     B
                                                             <class 'functools._lru_list_elem |           2 |    160     B
                                                                              <class 'weakref |           2 |    160     B
                                                                                  <class 'int |           3 |     84     B
                                        <class 'odl.operator.operator.OperatorRightScalarMult |           1 |     56     B
  <class 'odl.solvers.nonsmooth.proximal_operators.proximal_cconj_l1.<locals>.ProximalCConjL1 |           1 |     56     B
                                                   <class 'odl.operator.operator.OperatorComp |           1 |     56     B
iter = 117
CPU usage (% each core): [19.7, 19.7, 19.7, 100.0, 18.5, 15.6, 19.4, 14.8]
RAM usage: svmem(total=67514511360, available=55970344960, percent=17.1, used=10179719168, free=25450283008, active=20270469120, inactive=19953340416, buffers=1069158400, cached=30815350784, shared=610893824)
SWAP usage: sswap(total=4294963200, used=1484578816, free=2810384384, percent=34.6, sin=33061576704, sout=53113171968)
                                                                                        types |   # objects |   total size
============================================================================================= | =========== | ============
                                                                        <class 'numpy.ndarray |           1 |     27.47 MB
                                                                                <class 'bytes |          21 |      3.10 KB
                                                                                 <class 'dict |          15 |      2.41 KB
                                                                                 <class 'type |           2 |      2.06 KB
                                                                                <class 'tuple |           8 |    528     B
                                                                                 <class 'cell |           9 |    432     B
                                                                                 <class 'list |           0 |    336     B
                                                                             function (_call) |           2 |    272     B
                                                                          function (__init__) |           2 |    272     B
                                                                                <class 'float |           8 |    192     B
                                         <class 'odl.operator.operator.OperatorLeftScalarMult |           3 |    168     B
                                                             <class 'functools._lru_list_elem |           2 |    160     B
                                                                              <class 'weakref |           2 |    160     B
                                        <class 'odl.operator.operator.OperatorRightScalarMult |           1 |     56     B
  <class 'odl.solvers.nonsmooth.proximal_operators.proximal_cconj_l1.<locals>.ProximalCConjL1 |           1 |     56     B
iter = 118
CPU usage (% each core): [21.8, 22.0, 21.1, 100.0, 19.8, 19.0, 19.7, 19.5]
RAM usage: svmem(total=67514511360, available=55941316608, percent=17.1, used=10208751616, free=25421250560, active=20299497472, inactive=19953348608, buffers=1069158400, cached=30815350784, shared=610893824)
SWAP usage: sswap(total=4294963200, used=1484578816, free=2810384384, percent=34.6, sin=33061576704, sout=53113171968)
                                                                                        types |   # objects |   total size
============================================================================================= | =========== | ============
                                                                        <class 'numpy.ndarray |           1 |     27.47 MB
                                                                                <class 'bytes |          21 |      3.10 KB
                                                                                 <class 'dict |          15 |      2.41 KB
                                                                                 <class 'type |           2 |      2.06 KB
                                                                                <class 'tuple |           8 |    528     B
                                                                                 <class 'cell |           9 |    432     B
                                                                                 <class 'list |           0 |    384     B
                                                                             function (_call) |           2 |    272     B
                                                                          function (__init__) |           2 |    272     B
                                                                                <class 'float |           8 |    192     B
                                         <class 'odl.operator.operator.OperatorLeftScalarMult |           3 |    168     B
                                                             <class 'functools._lru_list_elem |           2 |    160     B
                                                                              <class 'weakref |           2 |    160     B
                                        <class 'odl.operator.operator.OperatorRightScalarMult |           1 |     56     B
  <class 'odl.solvers.nonsmooth.proximal_operators.proximal_cconj_l1.<locals>.ProximalCConjL1 |           1 |     56     B
iter = 119
CPU usage (% each core): [18.3, 20.7, 22.1, 100.0, 18.2, 18.9, 18.2, 18.9]
RAM usage: svmem(total=67514511360, available=55912599552, percent=17.2, used=10237468672, free=25392533504, active=20328087552, inactive=19953348608, buffers=1069158400, cached=30815350784, shared=610893824)
SWAP usage: sswap(total=4294963200, used=1484578816, free=2810384384, percent=34.6, sin=33061576704, sout=53113171968)
                                                                                        types |   # objects |   total size
============================================================================================= | =========== | ============
                                                                        <class 'numpy.ndarray |           1 |     27.47 MB
                                                                                <class 'bytes |          21 |      3.10 KB
                                                                                 <class 'dict |          15 |      2.41 KB
                                                                                 <class 'type |           2 |      2.06 KB
                                                                                <class 'tuple |           8 |    528     B
                                                                                 <class 'cell |           9 |    432     B
                                                                                 <class 'list |           0 |    336     B
                                                                             function (_call) |           2 |    272     B
                                                                          function (__init__) |           2 |    272     B
                                                                                <class 'float |           8 |    192     B
                                         <class 'odl.operator.operator.OperatorLeftScalarMult |           3 |    168     B
                                                             <class 'functools._lru_list_elem |           2 |    160     B
                                                                              <class 'weakref |           2 |    160     B
                                        <class 'odl.operator.operator.OperatorRightScalarMult |           1 |     56     B
  <class 'odl.solvers.nonsmooth.proximal_operators.proximal_cconj_l1.<locals>.ProximalCConjL1 |           1 |     56     B
iter = 120
CPU usage (% each core): [22.4, 22.2, 22.4, 20.8, 22.0, 20.2, 20.6, 100.0]
RAM usage: svmem(total=67514511360, available=55883714560, percent=17.2, used=10266353664, free=25363640320, active=20357115904, inactive=19953356800, buffers=1069158400, cached=30815358976, shared=610893824)
SWAP usage: sswap(total=4294963200, used=1484578816, free=2810384384, percent=34.6, sin=33061576704, sout=53113171968)
                                                                                        types |   # objects |   total size
============================================================================================= | =========== | ============
                                                                        <class 'numpy.ndarray |           1 |     27.47 MB
                                                                                 <class 'dict |          15 |      2.41 KB
                                                                                 <class 'type |           2 |      2.06 KB
                                                                                <class 'tuple |           8 |    528     B
                                                                                 <class 'cell |           9 |    432     B
                                                                             function (_call) |           2 |    272     B
                                                                          function (__init__) |           2 |    272     B
                                                                                <class 'float |           8 |    192     B
                                         <class 'odl.operator.operator.OperatorLeftScalarMult |           3 |    168     B
                                                             <class 'functools._lru_list_elem |           2 |    160     B
                                                                              <class 'weakref |           2 |    160     B
                                        <class 'odl.operator.operator.OperatorRightScalarMult |           1 |     56     B
  <class 'odl.solvers.nonsmooth.proximal_operators.proximal_cconj_l1.<locals>.ProximalCConjL1 |           1 |     56     B
                                                   <class 'odl.operator.operator.OperatorComp |           1 |     56     B
                                                 <class 'odl.discr.lp_discr.DiscreteLpElement |           1 |     56     B
iter = 121
CPU usage (% each core): [55.9, 60.3, 18.1, 99.3, 8.0, 17.2, 14.6, 9.3]
RAM usage: svmem(total=67514511360, available=55854854144, percent=17.3, used=10295214080, free=25334779904, active=20385894400, inactive=19953356800, buffers=1069158400, cached=30815358976, shared=610893824)
SWAP usage: sswap(total=4294963200, used=1484578816, free=2810384384, percent=34.6, sin=33061576704, sout=53113171968)
                                                  types |   # objects |   total size
======================================================= | =========== | ============
                                  <class 'numpy.ndarray |           1 |     27.47 MB
                                          <class 'bytes |          21 |      3.10 KB
                                           <class 'dict |          15 |      2.41 KB
                                           <class 'type |           2 |      2.06 KB
                                          <class 'tuple |           8 |    528     B
                                           <class 'cell |           9 |    432     B
                                           <class 'list |           0 |    336     B
                                       function (_call) |           2 |    272     B
                                    function (__init__) |           2 |    272     B
                                          <class 'float |           8 |    192     B
   <class 'odl.operator.operator.OperatorLeftScalarMult |           3 |    168     B
                       <class 'functools._lru_list_elem |           2 |    160     B
                                        <class 'weakref |           2 |    160     B
                                            <class 'int |           3 |     84     B
  <class 'odl.operator.operator.OperatorRightScalarMult |           1 |     56     B
iter = 122
CPU usage (% each core): [21.1, 21.0, 19.4, 100.0, 20.0, 18.7, 19.2, 22.6]
RAM usage: svmem(total=67514511360, available=55826137088, percent=17.3, used=10323931136, free=25306062848, active=20414509056, inactive=19953356800, buffers=1069158400, cached=30815358976, shared=610893824)
SWAP usage: sswap(total=4294963200, used=1484578816, free=2810384384, percent=34.6, sin=33061576704, sout=53113171968)
                                                                                        types |   # objects |   total size
============================================================================================= | =========== | ============
                                                                        <class 'numpy.ndarray |           1 |     27.47 MB
                                                                                <class 'bytes |          21 |      2.47 KB
                                                                                 <class 'dict |          15 |      2.41 KB
                                                                                 <class 'type |           2 |      2.06 KB
                                                                                <class 'tuple |           8 |    528     B
                                                                                 <class 'cell |           9 |    432     B
                                                                                 <class 'list |           0 |    304     B
                                                                             function (_call) |           2 |    272     B
                                                                          function (__init__) |           2 |    272     B
                                                                                <class 'float |           8 |    192     B
                                         <class 'odl.operator.operator.OperatorLeftScalarMult |           3 |    168     B
                                                             <class 'functools._lru_list_elem |           2 |    160     B
                                                                              <class 'weakref |           2 |    160     B
                                        <class 'odl.operator.operator.OperatorRightScalarMult |           1 |     56     B
  <class 'odl.solvers.nonsmooth.proximal_operators.proximal_cconj_l1.<locals>.ProximalCConjL1 |           1 |     56     B
iter = 123
CPU usage (% each core): [19.8, 19.7, 22.0, 81.3, 18.9, 19.5, 19.0, 38.8]
RAM usage: svmem(total=67514511360, available=55796207616, percent=17.4, used=10353860608, free=25276125184, active=20443430912, inactive=19953364992, buffers=1069158400, cached=30815367168, shared=610893824)
SWAP usage: sswap(total=4294963200, used=1484578816, free=2810384384, percent=34.6, sin=33061576704, sout=53113171968)
                                                                                        types |   # objects |   total size
============================================================================================= | =========== | ============
                                                                        <class 'numpy.ndarray |           1 |     27.47 MB
                                                                                 <class 'dict |          15 |      2.41 KB
                                                                                 <class 'type |           2 |      2.06 KB
                                                                                <class 'tuple |           8 |    528     B
                                                                                 <class 'cell |           9 |    432     B
                                                                             function (_call) |           2 |    272     B
                                                                          function (__init__) |           2 |    272     B
                                                                                <class 'float |           8 |    192     B
                                         <class 'odl.operator.operator.OperatorLeftScalarMult |           3 |    168     B
                                                             <class 'functools._lru_list_elem |           2 |    160     B
                                                                              <class 'weakref |           2 |    160     B
                                        <class 'odl.operator.operator.OperatorRightScalarMult |           1 |     56     B
  <class 'odl.solvers.nonsmooth.proximal_operators.proximal_cconj_l1.<locals>.ProximalCConjL1 |           1 |     56     B
                                                   <class 'odl.operator.operator.OperatorComp |           1 |     56     B
                                                 <class 'odl.discr.lp_discr.DiscreteLpElement |           1 |     56     B
iter = 124
CPU usage (% each core): [18.7, 21.3, 20.3, 100.0, 20.5, 20.3, 19.5, 19.5]
RAM usage: svmem(total=67514511360, available=55768141824, percent=17.4, used=10381926400, free=25248059392, active=20472336384, inactive=19953360896, buffers=1069158400, cached=30815367168, shared=610893824)
SWAP usage: sswap(total=4294963200, used=1484578816, free=2810384384, percent=34.6, sin=33061576704, sout=53113171968)
                                                                                        types |   # objects |   total size
============================================================================================= | =========== | ============
                                                                        <class 'numpy.ndarray |           1 |     27.47 MB
                                                                                <class 'bytes |          21 |      3.10 KB
                                                                                 <class 'dict |          15 |      2.41 KB
                                                                                 <class 'type |           2 |      2.06 KB
                                                                                <class 'tuple |           8 |    528     B
                                                                                 <class 'cell |           9 |    432     B
                                                                                 <class 'list |           0 |    376     B
                                                                             function (_call) |           2 |    272     B
                                                                          function (__init__) |           2 |    272     B
                                                                                <class 'float |           8 |    192     B
                                         <class 'odl.operator.operator.OperatorLeftScalarMult |           3 |    168     B
                                                             <class 'functools._lru_list_elem |           2 |    160     B
                                                                              <class 'weakref |           2 |    160     B
                                        <class 'odl.operator.operator.OperatorRightScalarMult |           1 |     56     B
  <class 'odl.solvers.nonsmooth.proximal_operators.proximal_cconj_l1.<locals>.ProximalCConjL1 |           1 |     56     B
iter = 125
CPU usage (% each core): [19.2, 22.0, 20.0, 100.0, 22.2, 20.5, 19.8, 19.2]
RAM usage: svmem(total=67514511360, available=55739375616, percent=17.4, used=10410688512, free=25219293184, active=20500824064, inactive=19953360896, buffers=1069158400, cached=30815371264, shared=610893824)
SWAP usage: sswap(total=4294963200, used=1484578816, free=2810384384, percent=34.6, sin=33061576704, sout=53113171968)
                                                  types |   # objects |   total size
======================================================= | =========== | ============
                                  <class 'numpy.ndarray |           1 |     27.47 MB
                                          <class 'bytes |          21 |      3.10 KB
                                           <class 'dict |          15 |      2.41 KB
                                           <class 'type |           2 |      2.06 KB
                                          <class 'tuple |           8 |    528     B
                                           <class 'cell |           9 |    432     B
                                       function (_call) |           2 |    272     B
                                           <class 'list |           0 |    272     B
                                    function (__init__) |           2 |    272     B
                                          <class 'float |           8 |    192     B
   <class 'odl.operator.operator.OperatorLeftScalarMult |           3 |    168     B
                       <class 'functools._lru_list_elem |           2 |    160     B
                                        <class 'weakref |           2 |    160     B
                                            <class 'int |           3 |     84     B
  <class 'odl.operator.operator.OperatorRightScalarMult |           1 |     56     B
iter = 126
CPU usage (% each core): [21.1, 21.1, 21.0, 100.0, 18.7, 19.7, 18.9, 18.7]
RAM usage: svmem(total=67514511360, available=55710326784, percent=17.5, used=10439737344, free=25190244352, active=20529852416, inactive=19953360896, buffers=1069158400, cached=30815371264, shared=610893824)
SWAP usage: sswap(total=4294963200, used=1484578816, free=2810384384, percent=34.6, sin=33061576704, sout=53113171968)
                                                  types |   # objects |   total size
======================================================= | =========== | ============
                                  <class 'numpy.ndarray |           1 |     27.47 MB
                                          <class 'bytes |          21 |      2.47 KB
                                           <class 'dict |          15 |      2.41 KB
                                           <class 'type |           2 |      2.06 KB
                                          <class 'tuple |           8 |    528     B
                                           <class 'cell |           9 |    432     B
                                           <class 'list |           0 |    336     B
                                       function (_call) |           2 |    272     B
                                    function (__init__) |           2 |    272     B
                                          <class 'float |           8 |    192     B
   <class 'odl.operator.operator.OperatorLeftScalarMult |           3 |    168     B
                       <class 'functools._lru_list_elem |           2 |    160     B
                                        <class 'weakref |           2 |    160     B
                                            <class 'int |           3 |     84     B
  <class 'odl.operator.operator.OperatorRightScalarMult |           1 |     56     B
iter = 127
CPU usage (% each core): [19.8, 19.0, 22.3, 100.0, 19.7, 21.3, 18.9, 19.7]
RAM usage: svmem(total=67514511360, available=55681363968, percent=17.5, used=10468700160, free=25161273344, active=20558721024, inactive=19953369088, buffers=1069158400, cached=30815379456, shared=610893824)
SWAP usage: sswap(total=4294963200, used=1484578816, free=2810384384, percent=34.6, sin=33061576704, sout=53113171968)
                                                                                        types |   # objects |   total size
============================================================================================= | =========== | ============
                                                                        <class 'numpy.ndarray |           1 |     27.47 MB
                                                                                 <class 'dict |          15 |      2.41 KB
                                                                                 <class 'type |           2 |      2.06 KB
                                                                                <class 'tuple |           8 |    528     B
                                                                                 <class 'cell |           9 |    432     B
                                                                             function (_call) |           2 |    272     B
                                                                          function (__init__) |           2 |    272     B
                                                                                <class 'float |           8 |    192     B
                                         <class 'odl.operator.operator.OperatorLeftScalarMult |           3 |    168     B
                                                             <class 'functools._lru_list_elem |           2 |    160     B
                                                                              <class 'weakref |           2 |    160     B
                                        <class 'odl.operator.operator.OperatorRightScalarMult |           1 |     56     B
  <class 'odl.solvers.nonsmooth.proximal_operators.proximal_cconj_l1.<locals>.ProximalCConjL1 |           1 |     56     B
                                                   <class 'odl.operator.operator.OperatorComp |           1 |     56     B
                                                 <class 'odl.discr.lp_discr.DiscreteLpElement |           1 |     56     B
iter = 128
CPU usage (% each core): [19.8, 18.0, 20.7, 18.0, 18.7, 18.9, 19.7, 100.0]
RAM usage: svmem(total=67514511360, available=55669231616, percent=17.5, used=10480832512, free=25149140992, active=20570730496, inactive=19953369088, buffers=1069158400, cached=30815379456, shared=610893824)
SWAP usage: sswap(total=4294963200, used=1484578816, free=2810384384, percent=34.6, sin=33061576704, sout=53113171968)
          types |   # objects |   total size
=============== | =========== | ============
  <class 'bytes |          21 |      3.10 KB
   <class 'list |           0 |    424     B
    <class 'int |          -1 |    -28     B
iter = 129
CPU usage (% each core): [17.1, 17.6, 17.0, 100.0, 15.8, 16.3, 15.1, 15.1]
RAM usage: svmem(total=67514511360, available=55652708352, percent=17.6, used=10497355776, free=25132617728, active=20587622400, inactive=19953364992, buffers=1069158400, cached=30815379456, shared=610893824)
SWAP usage: sswap(total=4294963200, used=1484578816, free=2810384384, percent=34.6, sin=33061576704, sout=53113171968)
          types |   # objects |   total size
=============== | =========== | ============
  <class 'bytes |           9 |    927     B
   <class 'list |           0 |    144     B
iter = 130
CPU usage (% each core): [70.3, 67.9, 20.0, 14.1, 19.1, 17.7, 17.9, 100.0]
RAM usage: svmem(total=67514511360, available=55651549184, percent=17.6, used=10498514944, free=25131458560, active=20587958272, inactive=19953369088, buffers=1069158400, cached=30815379456, shared=610893824)
SWAP usage: sswap(total=4294963200, used=1484578816, free=2810384384, percent=34.6, sin=33061576704, sout=53113171968)
          types |   # objects |   total size
=============== | =========== | ============
  <class 'bytes |           8 |    850     B
   <class 'list |           0 |    160     B
    <class 'int |           1 |     28     B
iter = 131
CPU usage (% each core): [72.3, 71.1, 19.5, 100.0, 20.5, 19.1, 18.4, 14.5]
RAM usage: svmem(total=67514511360, available=55651086336, percent=17.6, used=10498977792, free=25130995712, active=20587958272, inactive=19953369088, buffers=1069158400, cached=30815379456, shared=610893824)
SWAP usage: sswap(total=4294963200, used=1484578816, free=2810384384, percent=34.6, sin=33061576704, sout=53113171968)
          types |   # objects |   total size
=============== | =========== | ============
  <class 'bytes |           9 |    927     B
   <class 'list |           0 |    176     B
iter = 132
CPU usage (% each core): [20.5, 19.0, 20.0, 18.9, 19.7, 19.7, 18.9, 100.0]
RAM usage: svmem(total=67514511360, available=55651250176, percent=17.6, used=10498813952, free=25131159552, active=20587966464, inactive=19953369088, buffers=1069158400, cached=30815379456, shared=610893824)
SWAP usage: sswap(total=4294963200, used=1484578816, free=2810384384, percent=34.6, sin=33061576704, sout=53113171968)
          types |   # objects |   total size
=============== | =========== | ============
  <class 'bytes |           8 |    850     B
    <class 'int |          -1 |    -28     B
iter = 133
CPU usage (% each core): [19.0, 20.5, 20.3, 100.0, 20.0, 18.3, 18.3, 18.3]
RAM usage: svmem(total=67514511360, available=55651377152, percent=17.6, used=10498686976, free=25131286528, active=20588228608, inactive=19953369088, buffers=1069158400, cached=30815379456, shared=610893824)
SWAP usage: sswap(total=4294963200, used=1484578816, free=2810384384, percent=34.6, sin=33061576704, sout=53113171968)
          types |   # objects |   total size
=============== | =========== | ============
  <class 'bytes |           8 |    850     B
   <class 'list |           0 |    200     B
    <class 'int |           1 |     28     B
iter = 134
CPU usage (% each core): [18.0, 19.7, 18.3, 100.0, 18.0, 18.7, 18.0, 18.0]
RAM usage: svmem(total=67514511360, available=55651123200, percent=17.6, used=10498940928, free=25131032576, active=20588228608, inactive=19953369088, buffers=1069158400, cached=30815379456, shared=610893824)
SWAP usage: sswap(total=4294963200, used=1484578816, free=2810384384, percent=34.6, sin=33061576704, sout=53113171968)
          types |   # objects |   total size
=============== | =========== | ============
  <class 'bytes |           9 |    927     B
   <class 'list |           0 |    224     B
iter = 135
CPU usage (% each core): [20.7, 20.5, 19.7, 18.9, 19.0, 19.0, 19.7, 100.0]
RAM usage: svmem(total=67514511360, available=55651123200, percent=17.6, used=10498940928, free=25131032576, active=20588228608, inactive=19953369088, buffers=1069158400, cached=30815379456, shared=610893824)
SWAP usage: sswap(total=4294963200, used=1484578816, free=2810384384, percent=34.6, sin=33061576704, sout=53113171968)
          types |   # objects |     total size
=============== | =========== | ==============
   <class 'list |           0 |    -1576     B
  <class 'bytes |         -88 |   -10454     B
iter = 136
CPU usage (% each core): [68.8, 72.0, 21.0, 100.0, 17.2, 17.2, 19.1, 15.8]
RAM usage: svmem(total=67514511360, available=55650996224, percent=17.6, used=10499059712, free=25130905600, active=20588220416, inactive=19953369088, buffers=1069158400, cached=30815387648, shared=610893824)
SWAP usage: sswap(total=4294963200, used=1484578816, free=2810384384, percent=34.6, sin=33061576704, sout=53113171968)
          types |   # objects |   total size
=============== | =========== | ============
  <class 'bytes |           8 |    858     B
   <class 'list |           0 |    168     B
    <class 'int |          -1 |    -28     B
iter = 137
CPU usage (% each core): [21.1, 19.5, 21.1, 18.9, 20.3, 21.8, 20.3, 100.0]
RAM usage: svmem(total=67514511360, available=55650877440, percent=17.6, used=10499186688, free=25130778624, active=20588179456, inactive=19953377280, buffers=1069158400, cached=30815387648, shared=610893824)
SWAP usage: sswap(total=4294963200, used=1484578816, free=2810384384, percent=34.6, sin=33061576704, sout=53113171968)
          types |   # objects |   total size
=============== | =========== | ============
  <class 'bytes |           9 |    927     B
   <class 'list |           0 |     80     B
iter = 138
CPU usage (% each core): [20.0, 19.2, 19.0, 19.0, 18.2, 19.2, 18.2, 100.0]
RAM usage: svmem(total=67514511360, available=55651004416, percent=17.6, used=10499059712, free=25130905600, active=20588179456, inactive=19953377280, buffers=1069158400, cached=30815387648, shared=610893824)
SWAP usage: sswap(total=4294963200, used=1484578816, free=2810384384, percent=34.6, sin=33061576704, sout=53113171968)
          types |   # objects |   total size
=============== | =========== | ============
  <class 'bytes |           8 |    850     B
   <class 'list |           0 |    184     B
iter = 139
CPU usage (% each core): [20.5, 20.5, 19.8, 100.0, 19.0, 19.8, 20.5, 19.7]
RAM usage: svmem(total=67514511360, available=55651053568, percent=17.6, used=10499010560, free=25130954752, active=20588216320, inactive=19953377280, buffers=1069158400, cached=30815387648, shared=610893824)
SWAP usage: sswap(total=4294963200, used=1484578816, free=2810384384, percent=34.6, sin=33061576704, sout=53113171968)
          types |   # objects |   total size
=============== | =========== | ============
  <class 'bytes |           8 |    850     B
   <class 'list |           0 |    112     B
iter = 140
CPU usage (% each core): [20.5, 19.8, 20.7, 18.9, 20.3, 21.1, 19.0, 100.0]
RAM usage: svmem(total=67514511360, available=55650783232, percent=17.6, used=10499280896, free=25130684416, active=20588232704, inactive=19953373184, buffers=1069158400, cached=30815387648, shared=610893824)
SWAP usage: sswap(total=4294963200, used=1484578816, free=2810384384, percent=34.6, sin=33061576704, sout=53113171968)
          types |   # objects |   total size
=============== | =========== | ============
  <class 'bytes |           8 |    850     B
   <class 'list |           0 |    128     B
iter = 141
CPU usage (% each core): [19.7, 20.3, 21.1, 19.7, 18.2, 18.3, 18.9, 99.2]
RAM usage: svmem(total=67514511360, available=55650877440, percent=17.6, used=10499186688, free=25130778624, active=20588236800, inactive=19953373184, buffers=1069158400, cached=30815387648, shared=610893824)
SWAP usage: sswap(total=4294963200, used=1484578816, free=2810384384, percent=34.6, sin=33061576704, sout=53113171968)
          types |   # objects |   total size
=============== | =========== | ============
  <class 'bytes |           8 |    849     B
   <class 'list |           0 |    144     B
    <class 'int |           1 |     28     B
iter = 142
CPU usage (% each core): [19.8, 18.0, 20.0, 100.0, 18.0, 18.7, 17.4, 18.0]
RAM usage: svmem(total=67514511360, available=55650689024, percent=17.6, used=10499375104, free=25130590208, active=20588191744, inactive=19953373184, buffers=1069158400, cached=30815387648, shared=610893824)
SWAP usage: sswap(total=4294963200, used=1484578816, free=2810384384, percent=34.6, sin=33061576704, sout=53113171968)
          types |   # objects |   total size
=============== | =========== | ============
  <class 'bytes |           9 |    927     B
   <class 'list |           0 |    160     B
iter = 143
CPU usage (% each core): [18.9, 19.2, 20.7, 100.0, 18.2, 19.0, 18.9, 18.2]
RAM usage: svmem(total=67514511360, available=55650955264, percent=17.6, used=10499108864, free=25130856448, active=20588191744, inactive=19953373184, buffers=1069158400, cached=30815387648, shared=610893824)
SWAP usage: sswap(total=4294963200, used=1484578816, free=2810384384, percent=34.6, sin=33061576704, sout=53113171968)
          types |   # objects |   total size
=============== | =========== | ============
  <class 'bytes |           8 |    850     B
   <class 'list |           0 |    176     B
iter = 144
CPU usage (% each core): [63.5, 20.5, 67.9, 100.0, 14.7, 18.6, 15.4, 9.7]
RAM usage: svmem(total=67514511360, available=55650590720, percent=17.6, used=10499473408, free=25130491904, active=20588191744, inactive=19953373184, buffers=1069158400, cached=30815387648, shared=610893824)
SWAP usage: sswap(total=4294963200, used=1484578816, free=2810384384, percent=34.6, sin=33061576704, sout=53113171968)
          types |   # objects |   total size
=============== | =========== | ============
  <class 'bytes |           8 |    849     B
   <class 'list |           0 |    200     B
    <class 'int |          -1 |    -28     B
iter = 145
CPU usage (% each core): [20.0, 20.0, 20.5, 100.0, 18.3, 19.0, 18.2, 18.9]
RAM usage: svmem(total=67514511360, available=55650811904, percent=17.6, used=10499252224, free=25130713088, active=20588191744, inactive=19953373184, buffers=1069158400, cached=30815387648, shared=610893824)
SWAP usage: sswap(total=4294963200, used=1484578816, free=2810384384, percent=34.6, sin=33061576704, sout=53113171968)
          types |   # objects |   total size
=============== | =========== | ============
  <class 'bytes |           9 |    927     B
    <class 'int |           1 |     28     B
iter = 146
CPU usage (% each core): [20.7, 20.0, 19.8, 18.2, 19.0, 19.2, 18.3, 100.0]
RAM usage: svmem(total=67514511360, available=55650750464, percent=17.6, used=10499313664, free=25130651648, active=20588236800, inactive=19953373184, buffers=1069158400, cached=30815387648, shared=610893824)
SWAP usage: sswap(total=4294963200, used=1484578816, free=2810384384, percent=34.6, sin=33061576704, sout=53113171968)
          types |   # objects |   total size
=============== | =========== | ============
  <class 'bytes |           8 |    850     B
   <class 'list |           0 |    224     B
iter = 147
CPU usage (% each core): [20.0, 19.2, 20.7, 100.0, 19.0, 18.3, 19.0, 19.0]
RAM usage: svmem(total=67514511360, available=55650881536, percent=17.6, used=10499190784, free=25130778624, active=20588199936, inactive=19953373184, buffers=1069158400, cached=30815383552, shared=610889728)
SWAP usage: sswap(total=4294963200, used=1484578816, free=2810384384, percent=34.6, sin=33061576704, sout=53113171968)
          types |   # objects |   total size
=============== | =========== | ============
  <class 'bytes |           8 |    850     B
iter = 148
CPU usage (% each core): [21.3, 20.5, 19.0, 18.7, 18.9, 19.5, 18.9, 100.0]
RAM usage: svmem(total=67514511360, available=55650729984, percent=17.6, used=10499338240, free=25130627072, active=20588093440, inactive=19953377280, buffers=1069158400, cached=30815387648, shared=610893824)
SWAP usage: sswap(total=4294963200, used=1484578816, free=2810384384, percent=34.6, sin=33061576704, sout=53113171968)
          types |   # objects |   total size
=============== | =========== | ============
  <class 'bytes |           7 |    773     B
   <class 'list |           0 |    256     B
    <class 'int |          -1 |    -28     B
iter = 149
CPU usage (% each core): [20.7, 20.0, 20.5, 100.0, 18.3, 19.2, 19.7, 19.0]
RAM usage: svmem(total=67514511360, available=55650897920, percent=17.6, used=10499170304, free=25130795008, active=20588208128, inactive=19953381376, buffers=1069158400, cached=30815387648, shared=610893824)
SWAP usage: sswap(total=4294963200, used=1484578816, free=2810384384, percent=34.6, sin=33061576704, sout=53113171968)
          types |   # objects |     total size
=============== | =========== | ==============
   <class 'list |           0 |    -1832     B
  <class 'bytes |        -105 |   -11059     B
iter = 150
CPU usage (% each core): [19.0, 22.0, 20.0, 100.0, 19.5, 19.7, 19.0, 19.0]
RAM usage: svmem(total=67514511360, available=55650906112, percent=17.6, used=10499162112, free=25130795008, active=20588208128, inactive=19953389568, buffers=1069158400, cached=30815395840, shared=610893824)
SWAP usage: sswap(total=4294963200, used=1484578816, free=2810384384, percent=34.6, sin=33061576704, sout=53113171968)
          types |   # objects |   total size
=============== | =========== | ============
  <class 'bytes |           8 |    858     B
   <class 'list |           0 |    168     B
iter = 151
CPU usage (% each core): [26.3, 26.7, 25.6, 100.0, 25.8, 25.8, 25.0, 25.4]
RAM usage: svmem(total=67514511360, available=55650963456, percent=17.6, used=10499104768, free=25130852352, active=20588244992, inactive=19953389568, buffers=1069158400, cached=30815395840, shared=610893824)
SWAP usage: sswap(total=4294963200, used=1484578816, free=2810384384, percent=34.6, sin=33061576704, sout=53113171968)
          types |   # objects |   total size
=============== | =========== | ============
  <class 'bytes |           8 |    850     B
   <class 'list |           0 |     80     B
iter = 152
CPU usage (% each core): [16.2, 17.6, 53.4, 14.8, 67.3, 16.9, 15.5, 100.0]
RAM usage: svmem(total=67514511360, available=55651016704, percent=17.6, used=10499051520, free=25130905600, active=20588105728, inactive=19953389568, buffers=1069158400, cached=30815395840, shared=610893824)
SWAP usage: sswap(total=4294963200, used=1484578816, free=2810384384, percent=34.6, sin=33061576704, sout=53113171968)
          types |   # objects |   total size
=============== | =========== | ============
  <class 'bytes |           8 |    850     B
   <class 'list |           0 |    184     B
iter = 153
CPU usage (% each core): [19.7, 21.5, 20.7, 100.0, 19.7, 20.5, 19.0, 19.0]
RAM usage: svmem(total=67514511360, available=55651143680, percent=17.6, used=10498924544, free=25131032576, active=20588220416, inactive=19953389568, buffers=1069158400, cached=30815395840, shared=610893824)
SWAP usage: sswap(total=4294963200, used=1484578816, free=2810384384, percent=34.6, sin=33061576704, sout=53113171968)
          types |   # objects |   total size
=============== | =========== | ============
  <class 'bytes |           8 |    850     B
   <class 'list |           0 |    112     B
iter = 154
CPU usage (% each core): [19.2, 21.3, 21.3, 100.0, 19.0, 18.3, 19.7, 19.0]
RAM usage: svmem(total=67514511360, available=55651364864, percent=17.6, used=10498703360, free=25131253760, active=20588220416, inactive=19953389568, buffers=1069158400, cached=30815395840, shared=610893824)
SWAP usage: sswap(total=4294963200, used=1484578816, free=2810384384, percent=34.6, sin=33061576704, sout=53113171968)
          types |   # objects |   total size
=============== | =========== | ============
  <class 'bytes |           8 |    850     B
   <class 'list |           0 |    128     B
iter = 155
CPU usage (% each core): [24.8, 23.4, 23.3, 23.3, 22.0, 23.4, 22.7, 100.0]
RAM usage: svmem(total=67514511360, available=55650914304, percent=17.6, used=10499153920, free=25130803200, active=20588265472, inactive=19953393664, buffers=1069158400, cached=30815395840, shared=610893824)
SWAP usage: sswap(total=4294963200, used=1484578816, free=2810384384, percent=34.6, sin=33061576704, sout=53113171968)
          types |   # objects |   total size
=============== | =========== | ============
  <class 'bytes |           8 |    850     B
   <class 'list |           0 |    144     B
    <class 'int |           1 |     28     B
iter = 156
CPU usage (% each core): [18.9, 18.2, 19.8, 20.5, 18.2, 100.0, 18.0, 18.0]
RAM usage: svmem(total=67514511360, available=55651319808, percent=17.6, used=10498748416, free=25131208704, active=20588105728, inactive=19953393664, buffers=1069158400, cached=30815395840, shared=610893824)
SWAP usage: sswap(total=4294963200, used=1484578816, free=2810384384, percent=34.6, sin=33061576704, sout=53113171968)
          types |   # objects |   total size
=============== | =========== | ============
  <class 'bytes |           9 |    927     B
   <class 'list |           0 |    160     B
iter = 157
CPU usage (% each core): [21.3, 100.0, 20.0, 20.7, 19.7, 19.0, 19.2, 19.2]
RAM usage: svmem(total=67514511360, available=55650783232, percent=17.6, used=10499280896, free=25130672128, active=20588224512, inactive=19953393664, buffers=1069158400, cached=30815399936, shared=610893824)
SWAP usage: sswap(total=4294963200, used=1484578816, free=2810384384, percent=34.6, sin=33061576704, sout=53113171968)
          types |   # objects |   total size
=============== | =========== | ============
  <class 'bytes |           8 |    850     B
   <class 'list |           0 |    176     B
iter = 158
CPU usage (% each core): [17.6, 100.0, 21.3, 20.7, 18.9, 18.3, 18.9, 18.3]
RAM usage: svmem(total=67514511360, available=55650828288, percent=17.6, used=10499235840, free=25130717184, active=20588269568, inactive=19953393664, buffers=1069158400, cached=30815399936, shared=610893824)
SWAP usage: sswap(total=4294963200, used=1484578816, free=2810384384, percent=34.6, sin=33061576704, sout=53113171968)
          types |   # objects |   total size
=============== | =========== | ============
  <class 'bytes |           8 |    850     B
   <class 'list |           0 |    200     B
    <class 'int |          -1 |    -28     B
iter = 159
CPU usage (% each core): [21.3, 18.9, 18.3, 19.3, 19.2, 100.0, 18.3, 18.9]
RAM usage: svmem(total=67514511360, available=55650828288, percent=17.6, used=10499235840, free=25130717184, active=20588224512, inactive=19953393664, buffers=1069158400, cached=30815399936, shared=610893824)
SWAP usage: sswap(total=4294963200, used=1484578816, free=2810384384, percent=34.6, sin=33061576704, sout=53113171968)
          types |   # objects |   total size
=============== | =========== | ============
  <class 'bytes |           9 |    927     B
    <class 'int |           1 |     28     B
iter = 160
CPU usage (% each core): [21.5, 100.0, 21.5, 19.8, 19.8, 19.8, 19.3, 19.2]
RAM usage: svmem(total=67514511360, available=55650852864, percent=17.6, used=10499211264, free=25130741760, active=20588224512, inactive=19953393664, buffers=1069158400, cached=30815399936, shared=610893824)
SWAP usage: sswap(total=4294963200, used=1484578816, free=2810384384, percent=34.6, sin=33061576704, sout=53113171968)
          types |   # objects |   total size
=============== | =========== | ============
  <class 'bytes |           8 |    850     B
   <class 'list |           0 |    224     B
iter = 161
CPU usage (% each core): [23.3, 100.0, 21.5, 21.7, 53.5, 18.7, 53.5, 21.0]
RAM usage: svmem(total=67514511360, available=55650811904, percent=17.6, used=10499252224, free=25130700800, active=20588109824, inactive=19953393664, buffers=1069158400, cached=30815399936, shared=610893824)
SWAP usage: sswap(total=4294963200, used=1484578816, free=2810384384, percent=34.6, sin=33061576704, sout=53113171968)
          types |   # objects |   total size
=============== | =========== | ============
  <class 'bytes |           8 |    850     B
iter = 162
CPU usage (% each core): [32.3, 100.0, 25.0, 20.2, 17.1, 11.8, 17.1, 19.4]
RAM usage: svmem(total=67514511360, available=55650893824, percent=17.6, used=10499170304, free=25130782720, active=20588224512, inactive=19953393664, buffers=1069158400, cached=30815399936, shared=610893824)
SWAP usage: sswap(total=4294963200, used=1484578816, free=2810384384, percent=34.6, sin=33061576704, sout=53113171968)
          types |   # objects |   total size
=============== | =========== | ============
  <class 'bytes |           7 |    773     B
   <class 'list |           0 |    256     B
    <class 'int |          -1 |    -28     B
iter = 163
CPU usage (% each core): [19.0, 100.0, 21.3, 18.2, 19.0, 18.9, 20.5, 18.9]
RAM usage: svmem(total=67514511360, available=55650861056, percent=17.6, used=10499203072, free=25130749952, active=20588224512, inactive=19953393664, buffers=1069158400, cached=30815399936, shared=610893824)
SWAP usage: sswap(total=4294963200, used=1484578816, free=2810384384, percent=34.6, sin=33061576704, sout=53113171968)
          types |   # objects |     total size
=============== | =========== | ==============
   <class 'list |           0 |    -1800     B
  <class 'bytes |        -104 |   -10894     B
iter = 164
CPU usage (% each core): [20.7, 100.0, 18.9, 19.0, 18.3, 19.0, 20.0, 17.5]
RAM usage: svmem(total=67514511360, available=55650856960, percent=17.6, used=10499211264, free=25130733568, active=20588224512, inactive=19953401856, buffers=1069158400, cached=30815408128, shared=610893824)
SWAP usage: sswap(total=4294963200, used=1484578816, free=2810384384, percent=34.6, sin=33061576704, sout=53113171968)
          types |   # objects |   total size
=============== | =========== | ============
  <class 'bytes |           8 |    858     B
   <class 'list |           0 |    136     B
iter = 165
CPU usage (% each core): [20.7, 100.0, 18.6, 19.0, 18.9, 18.2, 18.9, 18.2]
RAM usage: svmem(total=67514511360, available=55651106816, percent=17.6, used=10498961408, free=25130983424, active=20588224512, inactive=19953401856, buffers=1069158400, cached=30815408128, shared=610893824)
SWAP usage: sswap(total=4294963200, used=1484578816, free=2810384384, percent=34.6, sin=33061576704, sout=53113171968)
          types |   # objects |   total size
=============== | =========== | ============
  <class 'bytes |           8 |    850     B
   <class 'list |           0 |    168     B
iter = 166
CPU usage (% each core): [19.7, 18.7, 20.8, 18.9, 18.5, 99.2, 17.9, 19.5]
RAM usage: svmem(total=67514511360, available=55650967552, percent=17.6, used=10499100672, free=25130844160, active=20588261376, inactive=19953401856, buffers=1069158400, cached=30815408128, shared=610893824)
SWAP usage: sswap(total=4294963200, used=1484578816, free=2810384384, percent=34.6, sin=33061576704, sout=53113171968)
          types |   # objects |   total size
=============== | =========== | ============
  <class 'bytes |           8 |    849     B
   <class 'list |           0 |     96     B
iter = 167
CPU usage (% each core): [100.0, 24.6, 26.9, 24.8, 20.3, 23.8, 22.8, 23.3]
RAM usage: svmem(total=67514511360, available=55650680832, percent=17.6, used=10499387392, free=25130557440, active=20588224512, inactive=19953401856, buffers=1069158400, cached=30815408128, shared=610893824)
SWAP usage: sswap(total=4294963200, used=1484578816, free=2810384384, percent=34.6, sin=33061576704, sout=53113171968)
          types |   # objects |   total size
=============== | =========== | ============
  <class 'bytes |           8 |    850     B
   <class 'list |           0 |    112     B
iter = 168
CPU usage (% each core): [58.0, 100.0, 56.3, 18.8, 7.9, 16.6, 17.2, 17.4]
RAM usage: svmem(total=67514511360, available=55650758656, percent=17.6, used=10499309568, free=25130635264, active=20588224512, inactive=19953401856, buffers=1069158400, cached=30815408128, shared=610893824)
SWAP usage: sswap(total=4294963200, used=1484578816, free=2810384384, percent=34.6, sin=33061576704, sout=53113171968)
          types |   # objects |   total size
=============== | =========== | ============
  <class 'bytes |           8 |    849     B
   <class 'list |           0 |    128     B
iter = 169
CPU usage (% each core): [19.0, 18.0, 19.8, 20.5, 18.2, 100.0, 18.2, 18.9]
RAM usage: svmem(total=67514511360, available=55650930688, percent=17.6, used=10499137536, free=25130807296, active=20588224512, inactive=19953401856, buffers=1069158400, cached=30815408128, shared=610893824)
SWAP usage: sswap(total=4294963200, used=1484578816, free=2810384384, percent=34.6, sin=33061576704, sout=53113171968)
          types |   # objects |   total size
=============== | =========== | ============
  <class 'bytes |           8 |    850     B
   <class 'list |           0 |    144     B
    <class 'int |           1 |     28     B
iter = 170
CPU usage (% each core): [21.1, 18.9, 19.5, 20.5, 19.5, 100.0, 18.9, 20.3]
RAM usage: svmem(total=67514511360, available=55650791424, percent=17.6, used=10499272704, free=25130668032, active=20588269568, inactive=19953401856, buffers=1069158400, cached=30815412224, shared=610893824)
SWAP usage: sswap(total=4294963200, used=1484578816, free=2810384384, percent=34.6, sin=33061576704, sout=53113171968)
          types |   # objects |   total size
=============== | =========== | ============
   <class 'dict |           0 |      9.02 KB
  <class 'bytes |           9 |    927     B
   <class 'list |           0 |    160     B
iter = 171
CPU usage (% each core): [19.5, 100.0, 22.0, 21.1, 18.9, 18.2, 19.5, 19.7]
RAM usage: svmem(total=67514511360, available=55650664448, percent=17.6, used=10499399680, free=25130541056, active=20588269568, inactive=19953401856, buffers=1069158400, cached=30815412224, shared=610893824)
SWAP usage: sswap(total=4294963200, used=1484578816, free=2810384384, percent=34.6, sin=33061576704, sout=53113171968)
          types |   # objects |   total size
=============== | =========== | ============
  <class 'bytes |           9 |    927     B
   <class 'list |           0 |    176     B
iter = 172
CPU usage (% each core): [18.2, 100.0, 20.0, 19.2, 18.2, 19.0, 17.5, 18.2]
RAM usage: svmem(total=67514511360, available=55650664448, percent=17.6, used=10499399680, free=25130541056, active=20588269568, inactive=19953401856, buffers=1069158400, cached=30815412224, shared=610893824)
SWAP usage: sswap(total=4294963200, used=1484578816, free=2810384384, percent=34.6, sin=33061576704, sout=53113171968)
          types |   # objects |   total size
=============== | =========== | ============
  <class 'bytes |           8 |    850     B
   <class 'list |           0 |    200     B
    <class 'int |          -1 |    -28     B
iter = 173
CPU usage (% each core): [21.3, 100.0, 19.7, 21.3, 18.9, 20.8, 19.5, 19.7]
RAM usage: svmem(total=67514511360, available=55650717696, percent=17.6, used=10499346432, free=25130594304, active=20588228608, inactive=19953401856, buffers=1069158400, cached=30815412224, shared=610893824)
SWAP usage: sswap(total=4294963200, used=1484578816, free=2810384384, percent=34.6, sin=33061576704, sout=53113171968)
          types |   # objects |   total size
=============== | =========== | ============
  <class 'bytes |           9 |    927     B
    <class 'int |           1 |     28     B
iter = 174
CPU usage (% each core): [19.7, 99.2, 19.3, 20.5, 19.0, 18.3, 18.3, 18.2]
RAM usage: svmem(total=67514511360, available=55650824192, percent=17.6, used=10499239936, free=25130700800, active=20588228608, inactive=19953401856, buffers=1069158400, cached=30815412224, shared=610893824)
SWAP usage: sswap(total=4294963200, used=1484578816, free=2810384384, percent=34.6, sin=33061576704, sout=53113171968)
          types |   # objects |   total size
=============== | =========== | ============
  <class 'bytes |           8 |    849     B
   <class 'list |           0 |    224     B
    <class 'int |          -1 |    -28     B
iter = 175
CPU usage (% each core): [20.7, 19.0, 19.7, 22.3, 19.7, 97.5, 18.9, 19.0]
RAM usage: svmem(total=67514511360, available=55650918400, percent=17.6, used=10499145728, free=25130795008, active=20588228608, inactive=19953401856, buffers=1069158400, cached=30815412224, shared=610893824)
SWAP usage: sswap(total=4294963200, used=1484578816, free=2810384384, percent=34.6, sin=33061576704, sout=53113171968)
          types |   # objects |   total size
=============== | =========== | ============
  <class 'bytes |           9 |    926     B
   <class 'list |           0 |    256     B
iter = 176
CPU usage (% each core): [20.3, 66.5, 70.4, 15.0, 21.3, 16.9, 21.9, 100.0]
RAM usage: svmem(total=67514511360, available=55650848768, percent=17.6, used=10499215360, free=25130725376, active=20588228608, inactive=19953397760, buffers=1069158400, cached=30815412224, shared=610893824)
SWAP usage: sswap(total=4294963200, used=1484578816, free=2810384384, percent=34.6, sin=33061576704, sout=53113171968)
          types |   # objects |     total size
=============== | =========== | ==============
    <class 'int |           1 |       28     B
   <class 'list |           0 |    -1832     B
  <class 'bytes |        -102 |   -10904     B
iter = 177
CPU usage (% each core): [19.8, 20.7, 19.0, 18.3, 20.7, 19.7, 18.9, 100.0]
RAM usage: svmem(total=67514511360, available=55650877440, percent=17.6, used=10499190784, free=25130741760, active=20588232704, inactive=19953410048, buffers=1069158400, cached=30815420416, shared=610893824)
SWAP usage: sswap(total=4294963200, used=1484578816, free=2810384384, percent=34.6, sin=33061576704, sout=53113171968)
          types |   # objects |   total size
=============== | =========== | ============
  <class 'bytes |           9 |    937     B
   <class 'list |           0 |    168     B
iter = 178
CPU usage (% each core): [20.5, 19.0, 20.5, 100.0, 18.9, 19.5, 19.0, 18.2]
RAM usage: svmem(total=67514511360, available=55650729984, percent=17.6, used=10499338240, free=25130594304, active=20588236800, inactive=19953418240, buffers=1069158400, cached=30815420416, shared=610893824)
SWAP usage: sswap(total=4294963200, used=1484578816, free=2810384384, percent=34.6, sin=33061576704, sout=53113171968)
          types |   # objects |   total size
=============== | =========== | ============
  <class 'bytes |           8 |    850     B
   <class 'list |           0 |     80     B
iter = 179
CPU usage (% each core): [22.0, 21.1, 22.4, 19.5, 22.0, 19.8, 21.0, 99.2]
RAM usage: svmem(total=67514511360, available=55650500608, percent=17.6, used=10499567616, free=25130364928, active=20588273664, inactive=19953418240, buffers=1069158400, cached=30815420416, shared=610893824)
SWAP usage: sswap(total=4294963200, used=1484578816, free=2810384384, percent=34.6, sin=33061576704, sout=53113171968)
          types |   # objects |   total size
=============== | =========== | ============
  <class 'bytes |           8 |    849     B
   <class 'list |           0 |    184     B
iter = 180
CPU usage (% each core): [22.8, 25.0, 23.3, 100.0, 23.0, 24.8, 23.4, 23.3]
RAM usage: svmem(total=67514511360, available=55650263040, percent=17.6, used=10499805184, free=25130127360, active=20588236800, inactive=19953418240, buffers=1069158400, cached=30815420416, shared=610893824)
SWAP usage: sswap(total=4294963200, used=1484578816, free=2810384384, percent=34.6, sin=33061576704, sout=53113171968)
          types |   # objects |   total size
=============== | =========== | ============
  <class 'bytes |           8 |    850     B
   <class 'list |           0 |    112     B
iter = 181
CPU usage (% each core): [18.7, 33.1, 15.4, 100.0, 18.9, 35.3, 62.4, 15.3]
RAM usage: svmem(total=67514511360, available=55650611200, percent=17.6, used=10499457024, free=25130475520, active=20588236800, inactive=19953418240, buffers=1069158400, cached=30815420416, shared=610893824)
SWAP usage: sswap(total=4294963200, used=1484578816, free=2810384384, percent=34.6, sin=33061576704, sout=53113171968)
          types |   # objects |   total size
=============== | =========== | ============
  <class 'bytes |           8 |    850     B
   <class 'list |           0 |    128     B
iter = 182
CPU usage (% each core): [20.7, 19.7, 19.0, 100.0, 18.9, 19.0, 19.0, 18.2]
RAM usage: svmem(total=67514511360, available=55650516992, percent=17.6, used=10499551232, free=25130381312, active=20588236800, inactive=19953418240, buffers=1069158400, cached=30815420416, shared=610893824)
SWAP usage: sswap(total=4294963200, used=1484578816, free=2810384384, percent=34.6, sin=33061576704, sout=53113171968)
          types |   # objects |   total size
=============== | =========== | ============
  <class 'bytes |           8 |    850     B
   <class 'list |           0 |    144     B
iter = 183
CPU usage (% each core): [17.2, 72.4, 16.5, 17.1, 19.0, 18.2, 64.8, 100.0]
RAM usage: svmem(total=67514511360, available=55650095104, percent=17.6, used=10499973120, free=25129959424, active=20588294144, inactive=19953418240, buffers=1069158400, cached=30815420416, shared=610893824)
SWAP usage: sswap(total=4294963200, used=1484578816, free=2810384384, percent=34.6, sin=33061576704, sout=53113171968)
          types |   # objects |   total size
=============== | =========== | ============
  <class 'bytes |           8 |    850     B
   <class 'list |           0 |    160     B
    <class 'int |           1 |     28     B
iter = 184
CPU usage (% each core): [19.7, 21.0, 19.5, 18.7, 18.7, 18.9, 18.7, 99.2]
RAM usage: svmem(total=67514511360, available=55650422784, percent=17.6, used=10499645440, free=25130287104, active=20588294144, inactive=19953418240, buffers=1069158400, cached=30815420416, shared=610893824)
SWAP usage: sswap(total=4294963200, used=1484578816, free=2810384384, percent=34.6, sin=33061576704, sout=53113171968)
          types |   # objects |   total size
=============== | =========== | ============
  <class 'bytes |           9 |    926     B
   <class 'list |           0 |    176     B
    <class 'int |          -1 |    -28     B
iter = 185
CPU usage (% each core): [18.7, 19.5, 20.2, 99.2, 18.5, 18.5, 19.4, 18.5]
RAM usage: svmem(total=67514511360, available=55650529280, percent=17.6, used=10499538944, free=25130393600, active=20588294144, inactive=19953418240, buffers=1069158400, cached=30815420416, shared=610893824)
SWAP usage: sswap(total=4294963200, used=1484578816, free=2810384384, percent=34.6, sin=33061576704, sout=53113171968)
          types |   # objects |   total size
=============== | =========== | ============
  <class 'bytes |           9 |    926     B
   <class 'list |           0 |    200     B
iter = 186
CPU usage (% each core): [22.1, 22.0, 19.0, 19.0, 19.7, 19.7, 18.2, 100.0]
RAM usage: svmem(total=67514511360, available=55650308096, percent=17.6, used=10499760128, free=25130172416, active=20588294144, inactive=19953418240, buffers=1069158400, cached=30815420416, shared=610893824)
SWAP usage: sswap(total=4294963200, used=1484578816, free=2810384384, percent=34.6, sin=33061576704, sout=53113171968)
          types |   # objects |   total size
=============== | =========== | ============
  <class 'bytes |           8 |    850     B
iter = 187
CPU usage (% each core): [18.7, 19.7, 20.3, 100.0, 18.2, 18.9, 20.2, 18.7]
RAM usage: svmem(total=67514511360, available=55650029568, percent=17.6, used=10500038656, free=25129893888, active=20588265472, inactive=19953414144, buffers=1069158400, cached=30815420416, shared=610893824)
SWAP usage: sswap(total=4294963200, used=1484578816, free=2810384384, percent=34.6, sin=33061576704, sout=53113171968)
          types |   # objects |   total size
=============== | =========== | ============
  <class 'bytes |           7 |    773     B
   <class 'list |           0 |    224     B
    <class 'int |           1 |     28     B
iter = 188
CPU usage (% each core): [21.3, 22.1, 18.3, 100.0, 18.9, 19.5, 19.0, 19.0]
RAM usage: svmem(total=67514511360, available=55649931264, percent=17.6, used=10500136960, free=25129795584, active=20588281856, inactive=19953414144, buffers=1069158400, cached=30815420416, shared=610893824)
SWAP usage: sswap(total=4294963200, used=1484578816, free=2810384384, percent=34.6, sin=33061576704, sout=53113171968)
          types |   # objects |   total size
=============== | =========== | ============
  <class 'bytes |           9 |    927     B
iter = 189
CPU usage (% each core): [19.0, 18.9, 18.1, 99.2, 17.3, 18.9, 18.0, 18.1]
RAM usage: svmem(total=67514511360, available=55650058240, percent=17.6, used=10500009984, free=25129922560, active=20588326912, inactive=19953414144, buffers=1069158400, cached=30815420416, shared=610893824)
SWAP usage: sswap(total=4294963200, used=1484578816, free=2810384384, percent=34.6, sin=33061576704, sout=53113171968)
          types |   # objects |   total size
=============== | =========== | ============
  <class 'bytes |           7 |    772     B
   <class 'list |           0 |    256     B
    <class 'int |          -1 |    -28     B
iter = 190
CPU usage (% each core): [22.0, 22.8, 19.8, 19.0, 19.0, 18.3, 19.0, 99.2]
RAM usage: svmem(total=67514511360, available=55650086912, percent=17.6, used=10499981312, free=25129951232, active=20588326912, inactive=19953414144, buffers=1069158400, cached=30815420416, shared=610893824)
SWAP usage: sswap(total=4294963200, used=1484578816, free=2810384384, percent=34.6, sin=33061576704, sout=53113171968)
          types |   # objects |     total size
=============== | =========== | ==============
    <class 'int |          -1 |      -28     B
   <class 'list |           0 |    -1832     B
  <class 'bytes |        -105 |   -11059     B
iter = 191
CPU usage (% each core): [21.1, 20.0, 20.3, 100.0, 19.7, 20.7, 19.7, 19.7]
RAM usage: svmem(total=67514511360, available=55650119680, percent=17.6, used=10499940352, free=25129984000, active=20588167168, inactive=19953414144, buffers=1069158400, cached=30815428608, shared=610893824)
SWAP usage: sswap(total=4294963200, used=1484578816, free=2810384384, percent=34.6, sin=33061576704, sout=53113171968)
          types |   # objects |   total size
=============== | =========== | ============
  <class 'bytes |           9 |    937     B
   <class 'list |           0 |    168     B
    <class 'int |           1 |     28     B
iter = 192
CPU usage (% each core): [27.1, 33.8, 25.2, 100.0, 25.2, 23.3, 33.3, 22.7]
RAM usage: svmem(total=67514511360, available=55650062336, percent=17.6, used=10499997696, free=25129926656, active=20588318720, inactive=19953414144, buffers=1069158400, cached=30815428608, shared=610893824)
SWAP usage: sswap(total=4294963200, used=1484578816, free=2810384384, percent=34.6, sin=33061576704, sout=53113171968)
          types |   # objects |   total size
=============== | =========== | ============
  <class 'bytes |           9 |    927     B
   <class 'list |           0 |    168     B
    <class 'int |          -1 |    -28     B
iter = 193
CPU usage (% each core): [19.3, 15.9, 16.4, 100.0, 19.0, 60.3, 53.4, 16.6]
RAM usage: svmem(total=67514511360, available=55650033664, percent=17.6, used=10500026368, free=25129897984, active=20588331008, inactive=19953414144, buffers=1069158400, cached=30815428608, shared=610893824)
SWAP usage: sswap(total=4294963200, used=1484578816, free=2810384384, percent=34.6, sin=33061576704, sout=53113171968)
          types |   # objects |   total size
=============== | =========== | ============
  <class 'bytes |           9 |    927     B
   <class 'list |           0 |     96     B
    <class 'int |           1 |     28     B
iter = 194
CPU usage (% each core): [22.0, 20.7, 19.0, 100.0, 19.0, 18.2, 19.0, 18.9]
RAM usage: svmem(total=67514511360, available=55650295808, percent=17.6, used=10499768320, free=25130160128, active=20588326912, inactive=19953410048, buffers=1069158400, cached=30815424512, shared=610889728)
SWAP usage: sswap(total=4294963200, used=1484578816, free=2810384384, percent=34.6, sin=33061576704, sout=53113171968)
          types |   # objects |   total size
=============== | =========== | ============
  <class 'bytes |           9 |    927     B
   <class 'list |           0 |    240     B
    <class 'int |          -1 |    -28     B
iter = 195
CPU usage (% each core): [18.9, 20.3, 18.9, 100.0, 18.0, 19.5, 20.3, 18.7]
RAM usage: svmem(total=67514511360, available=55650328576, percent=17.6, used=10499731456, free=25130192896, active=20588326912, inactive=19953418240, buffers=1069158400, cached=30815428608, shared=610893824)
SWAP usage: sswap(total=4294963200, used=1484578816, free=2810384384, percent=34.6, sin=33061576704, sout=53113171968)
          types |   # objects |   total size
=============== | =========== | ============
  <class 'bytes |           9 |    927     B
   <class 'list |           0 |    144     B
    <class 'int |           1 |     28     B
iter = 196
CPU usage (% each core): [18.3, 19.8, 19.7, 17.9, 19.4, 18.2, 19.5, 100.0]
RAM usage: svmem(total=67514511360, available=55650115584, percent=17.6, used=10499952640, free=25129971712, active=20588371968, inactive=19953426432, buffers=1069158400, cached=30815428608, shared=610893824)
SWAP usage: sswap(total=4294963200, used=1484578816, free=2810384384, percent=34.6, sin=33061576704, sout=53113171968)
          types |   # objects |   total size
=============== | =========== | ============
  <class 'bytes |           9 |    927     B
   <class 'list |           0 |    160     B
    <class 'int |           1 |     28     B
iter = 197
CPU usage (% each core): [19.7, 17.4, 21.3, 18.0, 17.4, 18.9, 17.5, 100.0]
RAM usage: svmem(total=67514511360, available=55649988608, percent=17.6, used=10500079616, free=25129844736, active=20588326912, inactive=19953426432, buffers=1069158400, cached=30815428608, shared=610893824)
SWAP usage: sswap(total=4294963200, used=1484578816, free=2810384384, percent=34.6, sin=33061576704, sout=53113171968)
          types |   # objects |   total size
=============== | =========== | ============
  <class 'bytes |           9 |    927     B
   <class 'list |           0 |    176     B
    <class 'int |          -1 |    -28     B
iter = 198
CPU usage (% each core): [18.9, 20.0, 20.5, 100.0, 18.2, 17.5, 18.9, 18.2]
RAM usage: svmem(total=67514511360, available=55650181120, percent=17.6, used=10499887104, free=25130037248, active=20588212224, inactive=19953426432, buffers=1069158400, cached=30815428608, shared=610893824)
SWAP usage: sswap(total=4294963200, used=1484578816, free=2810384384, percent=34.6, sin=33061576704, sout=53113171968)
          types |   # objects |   total size
=============== | =========== | ============
  <class 'bytes |           9 |    927     B
iter = 199
CPU usage (% each core): [20.8, 69.2, 47.3, 36.7, 19.0, 17.1, 20.1, 100.0]
RAM usage: svmem(total=67514511360, available=55650271232, percent=17.6, used=10499796992, free=25130127360, active=20588371968, inactive=19953422336, buffers=1069158400, cached=30815428608, shared=610893824)
SWAP usage: sswap(total=4294963200, used=1484578816, free=2810384384, percent=34.6, sin=33061576704, sout=53113171968)
          types |   # objects |   total size
=============== | =========== | ============
  <class 'bytes |           7 |    773     B
   <class 'list |           0 |    200     B
iter = 200
CPU usage (% each core): [18.7, 19.8, 20.2, 18.9, 20.3, 18.0, 18.0, 100.0]
RAM usage: svmem(total=67514511360, available=55650398208, percent=17.6, used=10499670016, free=25130254336, active=20588384256, inactive=19953422336, buffers=1069158400, cached=30815428608, shared=610893824)
SWAP usage: sswap(total=4294963200, used=1484578816, free=2810384384, percent=34.6, sin=33061576704, sout=53113171968)
          types |   # objects |   total size
=============== | =========== | ============
  <class 'bytes |           8 |    850     B
   <class 'list |           0 |    224     B
iter = 201
CPU usage (% each core): [18.0, 18.7, 18.7, 99.2, 19.5, 17.9, 18.5, 17.9]
RAM usage: svmem(total=67514511360, available=55650160640, percent=17.6, used=10499907584, free=25130016768, active=20588384256, inactive=19953422336, buffers=1069158400, cached=30815428608, shared=610893824)
SWAP usage: sswap(total=4294963200, used=1484578816, free=2810384384, percent=34.6, sin=33061576704, sout=53113171968)
          types |   # objects |   total size
=============== | =========== | ============
  <class 'bytes |           8 |    849     B
iter = 202
CPU usage (% each core): [20.8, 20.8, 20.6, 20.0, 21.6, 21.3, 22.2, 98.4]
RAM usage: svmem(total=67514511360, available=55650525184, percent=17.6, used=10499538944, free=25130381312, active=20588384256, inactive=19953422336, buffers=1069158400, cached=30815432704, shared=610893824)
SWAP usage: sswap(total=4294963200, used=1484578816, free=2810384384, percent=34.6, sin=33061576704, sout=53113171968)
          types |   # objects |   total size
=============== | =========== | ============
  <class 'bytes |           7 |    772     B
   <class 'list |           0 |    256     B
    <class 'int |          -1 |    -28     B
iter = 203
CPU usage (% each core): [19.7, 21.9, 21.3, 19.0, 18.3, 100.0, 18.3, 18.3]
RAM usage: svmem(total=67514511360, available=55650652160, percent=17.6, used=10499411968, free=25130508288, active=20588343296, inactive=19953422336, buffers=1069158400, cached=30815432704, shared=610893824)
SWAP usage: sswap(total=4294963200, used=1484578816, free=2810384384, percent=34.6, sin=33061576704, sout=53113171968)
          types |   # objects |   total size
=============== | =========== | ============
  <class 'bytes |           9 |    927     B
    <class 'int |           1 |     28     B
iter = 204
CPU usage (% each core): [19.8, 17.4, 18.9, 19.7, 18.0, 100.0, 18.2, 18.0]
RAM usage: svmem(total=67514511360, available=55650791424, percent=17.6, used=10499268608, free=25130643456, active=20588326912, inactive=19953430528, buffers=1069158400, cached=30815440896, shared=610893824)
SWAP usage: sswap(total=4294963200, used=1484578816, free=2810384384, percent=34.6, sin=33061576704, sout=53113171968)
          types |   # objects |     total size
=============== | =========== | ==============
    <class 'int |          -1 |      -28     B
   <class 'list |           0 |    -1736     B
  <class 'bytes |        -105 |   -10975     B
iter = 205
CPU usage (% each core): [20.3, 100.0, 19.7, 21.1, 19.5, 20.2, 20.2, 19.5]
RAM usage: svmem(total=67514511360, available=55622070272, percent=17.6, used=10527997952, free=25101914112, active=20617019392, inactive=19953438720, buffers=1069158400, cached=30815440896, shared=610893824)
SWAP usage: sswap(total=4294963200, used=1484578816, free=2810384384, percent=34.6, sin=33061576704, sout=53113171968)
          types |   # objects |   total size
=============== | =========== | ============
  <class 'bytes |           9 |    937     B
   <class 'list |           0 |    152     B
iter = 206
CPU usage (% each core): [24.4, 52.9, 23.1, 32.1, 21.5, 73.0, 36.5, 22.1]
RAM usage: svmem(total=67514511360, available=55621664768, percent=17.6, used=10528403456, free=25101508608, active=20617187328, inactive=19953438720, buffers=1069158400, cached=30815440896, shared=610893824)
SWAP usage: sswap(total=4294963200, used=1484578816, free=2810384384, percent=34.6, sin=33061576704, sout=53113171968)
          types |   # objects |   total size
=============== | =========== | ============
  <class 'bytes |           8 |    849     B
   <class 'list |           0 |    184     B
iter = 207
CPU usage (% each core): [18.2, 100.0, 48.0, 50.3, 17.8, 13.6, 14.7, 15.3]
RAM usage: svmem(total=67514511360, available=55621029888, percent=17.6, used=10529038336, free=25100873728, active=20617187328, inactive=19953438720, buffers=1069158400, cached=30815440896, shared=610893824)
SWAP usage: sswap(total=4294963200, used=1484578816, free=2810384384, percent=34.6, sin=33061576704, sout=53113171968)
          types |   # objects |   total size
=============== | =========== | ============
  <class 'bytes |           8 |    850     B
   <class 'list |           0 |    112     B
iter = 208
CPU usage (% each core): [21.8, 100.0, 18.7, 20.2, 19.4, 21.0, 19.2, 18.5]
RAM usage: svmem(total=67514511360, available=55620775936, percent=17.6, used=10529292288, free=25100619776, active=20617150464, inactive=19953438720, buffers=1069158400, cached=30815440896, shared=610893824)
SWAP usage: sswap(total=4294963200, used=1484578816, free=2810384384, percent=34.6, sin=33061576704, sout=53113171968)
          types |   # objects |   total size
=============== | =========== | ============
  <class 'bytes |           8 |    850     B
   <class 'list |           0 |    128     B
iter = 209
CPU usage (% each core): [20.3, 60.5, 20.2, 18.7, 18.5, 53.2, 18.7, 18.5]
RAM usage: svmem(total=67514511360, available=55621505024, percent=17.6, used=10528567296, free=25101348864, active=20617150464, inactive=19953434624, buffers=1069158400, cached=30815436800, shared=610889728)
SWAP usage: sswap(total=4294963200, used=1484578816, free=2810384384, percent=34.6, sin=33061576704, sout=53113171968)
