Loading geometry for turn number 1 out of 23
Loading geometry for turn number 2 out of 23
Loading geometry for turn number 3 out of 23
Loading geometry for turn number 4 out of 23
Loading geometry for turn number 5 out of 23
Loading geometry for turn number 6 out of 23
Loading geometry for turn number 7 out of 23
Loading geometry for turn number 8 out of 23
Loading geometry for turn number 9 out of 23
Loading geometry for turn number 10 out of 23
Loading geometry for turn number 11 out of 23
Loading geometry for turn number 12 out of 23
Loading geometry for turn number 13 out of 23
Loading geometry for turn number 14 out of 23
Loading geometry for turn number 15 out of 23
Loading geometry for turn number 16 out of 23
Loading geometry for turn number 17 out of 23
Loading geometry for turn number 18 out of 23
Loading geometry for turn number 19 out of 23
Loading geometry for turn number 20 out of 23
Loading geometry for turn number 21 out of 23
Loading geometry for turn number 22 out of 23
Loading geometry for turn number 23 out of 23
Loading data for turn number 1 out of 23
Loading data for turn number 2 out of 23
Loading data for turn number 3 out of 23
Loading data for turn number 4 out of 23
Loading data for turn number 5 out of 23
Loading data for turn number 6 out of 23
Loading data for turn number 7 out of 23
Loading data for turn number 8 out of 23
Loading data for turn number 9 out of 23
Loading data for turn number 10 out of 23
Loading data for turn number 11 out of 23
Loading data for turn number 12 out of 23
Loading data for turn number 13 out of 23
Loading data for turn number 14 out of 23
Loading data for turn number 15 out of 23
Loading data for turn number 16 out of 23
Loading data for turn number 17 out of 23
Loading data for turn number 18 out of 23
Loading data for turn number 19 out of 23
Loading data for turn number 20 out of 23
Loading data for turn number 21 out of 23
Loading data for turn number 22 out of 23
Loading data for turn number 23 out of 23
Norm of the product space operator: 21.55358494684733
iter = 0
CPU usage (% each core): [30.9, 41.8, 37.6, 50.2, 27.8, 33.4, 28.3, 48.0]
RAM usage: svmem(total=67514511360, available=41233797120, percent=38.9, used=25416544256, free=38900207616, active=24455901184, inactive=2963824640, buffers=756092928, cached=2441666560, shared=110620672)
SWAP usage: sswap(total=4294963200, used=3923943424, free=371019776, percent=91.4, sin=33930207232, sout=56415973376)
                                         types |   # objects |   total size
============================================== | =========== | ============
                         <class 'numpy.ndarray |          78 |      3.79 GB
                                  <class 'list |       15512 |      1.42 MB
                                   <class 'str |       15512 |      1.09 MB
                                   <class 'int |        3402 |     93.09 KB
                                  <class 'dict |         200 |     27.07 KB
  <class 'odl.discr.lp_discr.DiscreteLpElement |          78 |      4.27 KB
   <class 'odl.space.npy_ntuples.NumpyFnVector |          78 |      4.27 KB
                                 <class 'tuple |          51 |      3.67 KB
                                  <class 'type |           2 |      3.19 KB
                                 <class 'float |          95 |      2.23 KB
                               <class 'weakref |          27 |      2.11 KB
                    <class 'wrapper_descriptor |          25 |      1.95 KB
                                  <class 'code |          10 |      1.41 KB
                   <class 'inspect.FullArgSpec |          13 |      1.32 KB
              <class 'functools._lru_list_elem |          15 |      1.17 KB
iter = 1
CPU usage (% each core): [41.3, 64.6, 45.7, 49.6, 55.7, 51.7, 47.0, 53.3]
RAM usage: svmem(total=67514511360, available=40527138816, percent=40.0, used=26123206656, free=38193549312, active=25161224192, inactive=2963824640, buffers=756101120, cached=2441654272, shared=110616576)
SWAP usage: sswap(total=4294963200, used=3923935232, free=371027968, percent=91.4, sin=33930207232, sout=56415973376)
                                         types |   # objects |   total size
============================================== | =========== | ============
                         <class 'numpy.ndarray |          23 |    350.95 MB
                                  <class 'dict |          60 |      7.34 KB
                                 <class 'bytes |          21 |      2.32 KB
                                  <class 'list |          21 |      2.10 KB
                                  <class 'type |           2 |      2.06 KB
                                   <class 'str |          17 |      1.64 KB
  <class 'odl.discr.lp_discr.DiscreteLpElement |          23 |      1.26 KB
   <class 'odl.space.npy_ntuples.NumpyFnVector |          23 |      1.26 KB
                                 <class 'tuple |          13 |   1016     B
                                  <class 'cell |           9 |    432     B
              <class 'functools._lru_list_elem |           4 |    320     B
                              function (_call) |           2 |    272     B
                           function (__init__) |           2 |    272     B
                   <class 'inspect.FullArgSpec |           2 |    208     B
                                 <class 'float |           8 |    192     B
iter = 2
CPU usage (% each core): [48.3, 79.2, 45.6, 47.6, 41.8, 58.9, 44.6, 46.2]
RAM usage: svmem(total=67514511360, available=40157380608, percent=40.5, used=26492968960, free=37823778816, active=25531527168, inactive=2963828736, buffers=756101120, cached=2441662464, shared=110612480)
SWAP usage: sswap(total=4294963200, used=3923935232, free=371027968, percent=91.4, sin=33930207232, sout=56415973376)
                                                 types |   # objects |   total size
====================================================== | =========== | ============
                                 <class 'numpy.ndarray |          23 |    350.95 MB
                                          <class 'dict |          60 |      7.34 KB
                                         <class 'bytes |          21 |      2.32 KB
                                          <class 'type |           2 |      2.06 KB
          <class 'odl.discr.lp_discr.DiscreteLpElement |          23 |      1.26 KB
           <class 'odl.space.npy_ntuples.NumpyFnVector |          23 |      1.26 KB
                                         <class 'tuple |          13 |   1016     B
                                          <class 'list |           4 |    744     B
                                          <class 'cell |           9 |    432     B
                      <class 'functools._lru_list_elem |           4 |    320     B
                                      function (_call) |           2 |    272     B
                                   function (__init__) |           2 |    272     B
                           <class 'inspect.FullArgSpec |           2 |    208     B
                                         <class 'float |           8 |    192     B
  <class 'odl.operator.operator.OperatorLeftScalarMult |           3 |    168     B
iter = 3
CPU usage (% each core): [48.1, 65.5, 49.7, 50.6, 46.3, 66.7, 45.7, 47.3]
RAM usage: svmem(total=67514511360, available=39770832896, percent=41.1, used=26879508480, free=37437214720, active=25916403712, inactive=2963828736, buffers=756121600, cached=2441666560, shared=110612480)
SWAP usage: sswap(total=4294963200, used=3923935232, free=371027968, percent=91.4, sin=33930207232, sout=56415973376)
                                                 types |   # objects |   total size
====================================================== | =========== | ============
                                 <class 'numpy.ndarray |          23 |    350.95 MB
                                          <class 'dict |          60 |      7.34 KB
                                         <class 'bytes |          21 |      2.45 KB
                                          <class 'type |           2 |      2.06 KB
          <class 'odl.discr.lp_discr.DiscreteLpElement |          23 |      1.26 KB
           <class 'odl.space.npy_ntuples.NumpyFnVector |          23 |      1.26 KB
                                         <class 'tuple |          13 |   1016     B
                                          <class 'list |           4 |    576     B
                                          <class 'cell |           9 |    432     B
                      <class 'functools._lru_list_elem |           4 |    320     B
                                      function (_call) |           2 |    272     B
                                   function (__init__) |           2 |    272     B
                           <class 'inspect.FullArgSpec |           2 |    208     B
                                         <class 'float |           8 |    192     B
  <class 'odl.operator.operator.OperatorLeftScalarMult |           3 |    168     B
iter = 4
CPU usage (% each core): [44.1, 47.5, 53.3, 51.7, 55.9, 60.9, 46.9, 52.1]
RAM usage: svmem(total=67514511360, available=39086526464, percent=42.1, used=27563823104, free=36752715776, active=26599743488, inactive=2964021248, buffers=756125696, cached=2441846784, shared=110612480)
SWAP usage: sswap(total=4294963200, used=3923824640, free=371138560, percent=91.4, sin=33930375168, sout=56415973376)
                                                 types |   # objects |   total size
====================================================== | =========== | ============
                                 <class 'numpy.ndarray |          23 |    350.95 MB
                                          <class 'dict |          60 |      7.34 KB
                                          <class 'type |           2 |      2.06 KB
          <class 'odl.discr.lp_discr.DiscreteLpElement |          23 |      1.26 KB
           <class 'odl.space.npy_ntuples.NumpyFnVector |          23 |      1.26 KB
                                         <class 'tuple |          13 |   1016     B
                                          <class 'cell |           9 |    432     B
                      <class 'functools._lru_list_elem |           4 |    320     B
                                      function (_call) |           2 |    272     B
                                   function (__init__) |           2 |    272     B
                           <class 'inspect.FullArgSpec |           2 |    208     B
                                         <class 'float |           8 |    192     B
  <class 'odl.operator.operator.OperatorLeftScalarMult |           3 |    168     B
                                       <class 'weakref |           2 |    160     B
                                           <class 'int |           3 |     92     B
iter = 5
CPU usage (% each core): [50.3, 47.4, 59.4, 57.8, 42.5, 43.2, 45.8, 64.1]
RAM usage: svmem(total=67514511360, available=39047852032, percent=42.2, used=27602497536, free=36714004480, active=26639032320, inactive=2964049920, buffers=756162560, cached=2441846784, shared=110612480)
SWAP usage: sswap(total=4294963200, used=3923779584, free=371183616, percent=91.4, sin=33930436608, sout=56415973376)
                                         types |   # objects |   total size
============================================== | =========== | ============
                         <class 'numpy.ndarray |          23 |    350.95 MB
                                  <class 'dict |          60 |      7.59 KB
                                 <class 'bytes |          21 |      2.45 KB
                                  <class 'type |           2 |      2.06 KB
  <class 'odl.discr.lp_discr.DiscreteLpElement |          23 |      1.26 KB
   <class 'odl.space.npy_ntuples.NumpyFnVector |          23 |      1.26 KB
                                 <class 'tuple |          13 |   1016     B
                                  <class 'list |           4 |    744     B
                                  <class 'cell |           9 |    432     B
              <class 'functools._lru_list_elem |           4 |    320     B
                                   <class 'int |          10 |    288     B
                              function (_call) |           2 |    272     B
                           function (__init__) |           2 |    272     B
                   <class 'inspect.FullArgSpec |           2 |    208     B
                                 <class 'float |           8 |    192     B
iter = 6
CPU usage (% each core): [51.9, 55.4, 61.4, 52.9, 45.5, 58.0, 48.4, 52.1]
RAM usage: svmem(total=67514511360, available=38668922880, percent=42.7, used=27981430784, free=36335017984, active=27016347648, inactive=2964623360, buffers=756174848, cached=2441887744, shared=110608384)
SWAP usage: sswap(total=4294963200, used=3923152896, free=371810304, percent=91.3, sin=33931186176, sout=56415973376)
                                                 types |   # objects |   total size
====================================================== | =========== | ============
                                 <class 'numpy.ndarray |          23 |    350.95 MB
                                          <class 'dict |          60 |      7.34 KB
                                         <class 'bytes |          21 |      2.32 KB
                                          <class 'type |           2 |      2.06 KB
          <class 'odl.discr.lp_discr.DiscreteLpElement |          23 |      1.26 KB
           <class 'odl.space.npy_ntuples.NumpyFnVector |          23 |      1.26 KB
                                         <class 'tuple |          13 |   1016     B
                                          <class 'list |           4 |    624     B
                                          <class 'cell |           9 |    432     B
                      <class 'functools._lru_list_elem |           4 |    320     B
                                      function (_call) |           2 |    272     B
                                   function (__init__) |           2 |    272     B
                           <class 'inspect.FullArgSpec |           2 |    208     B
                                         <class 'float |           8 |    192     B
  <class 'odl.operator.operator.OperatorLeftScalarMult |           3 |    168     B
iter = 7
CPU usage (% each core): [43.9, 47.4, 45.8, 61.4, 56.8, 52.6, 53.6, 49.4]
RAM usage: svmem(total=67514511360, available=38730027008, percent=42.6, used=27942539264, free=36395286528, active=27133624320, inactive=2788720640, buffers=756207616, cached=2420477952, shared=88395776)
SWAP usage: sswap(total=4294963200, used=3923103744, free=371859456, percent=91.3, sin=33931235328, sout=56415973376)
                                         types |   # objects |   total size
============================================== | =========== | ============
                         <class 'numpy.ndarray |          23 |    350.95 MB
                                  <class 'dict |          62 |      9.80 KB
                                 <class 'bytes |          21 |      2.45 KB
                                  <class 'type |           2 |      2.06 KB
  <class 'odl.discr.lp_discr.DiscreteLpElement |          23 |      1.26 KB
   <class 'odl.space.npy_ntuples.NumpyFnVector |          23 |      1.26 KB
                                 <class 'tuple |          17 |      1.24 KB
                                  <class 'list |           4 |    696     B
                                  <class 'cell |          12 |    576     B
              <class 'functools._lru_list_elem |           4 |    320     B
                              function (_call) |           2 |    272     B
                           function (__init__) |           2 |    272     B
                           function (<lambda>) |           2 |    272     B
                   <class 'inspect.FullArgSpec |           2 |    208     B
                                 <class 'float |           8 |    192     B
iter = 8
CPU usage (% each core): [55.3, 45.5, 43.9, 48.8, 67.0, 53.1, 43.6, 46.0]
RAM usage: svmem(total=67514511360, available=38361198592, percent=43.2, used=28311363584, free=36026413056, active=27502379008, inactive=2788741120, buffers=756244480, cached=2420490240, shared=88399872)
SWAP usage: sswap(total=4294963200, used=3923075072, free=371888128, percent=91.3, sin=33931251712, sout=56415973376)
                                                 types |   # objects |   total size
====================================================== | =========== | ============
                                 <class 'numpy.ndarray |          23 |    350.95 MB
                                          <class 'dict |          58 |      5.95 KB
                                          <class 'type |           2 |      2.06 KB
          <class 'odl.discr.lp_discr.DiscreteLpElement |          23 |      1.26 KB
           <class 'odl.space.npy_ntuples.NumpyFnVector |          23 |      1.26 KB
                                         <class 'tuple |           9 |    760     B
                      <class 'functools._lru_list_elem |           4 |    320     B
                                          <class 'cell |           6 |    288     B
                                      function (_call) |           2 |    272     B
                                   function (__init__) |           2 |    272     B
                           <class 'inspect.FullArgSpec |           2 |    208     B
                                         <class 'float |           8 |    192     B
  <class 'odl.operator.operator.OperatorLeftScalarMult |           3 |    168     B
                                       <class 'weakref |           2 |    160     B
                                           <class 'int |           4 |    112     B
iter = 9
CPU usage (% each core): [55.5, 44.9, 43.8, 61.0, 48.6, 47.9, 47.7, 67.3]
RAM usage: svmem(total=67514511360, available=37992144896, percent=43.7, used=28680421376, free=35657433088, active=27870949376, inactive=2788786176, buffers=756244480, cached=2420412416, shared=88395776)
SWAP usage: sswap(total=4294963200, used=3923050496, free=371912704, percent=91.3, sin=33931309056, sout=56415973376)
                                                 types |   # objects |   total size
====================================================== | =========== | ============
                                 <class 'numpy.ndarray |          23 |    350.95 MB
                                          <class 'dict |          60 |      7.34 KB
                                         <class 'bytes |          21 |      2.45 KB
                                          <class 'type |           2 |      2.06 KB
          <class 'odl.discr.lp_discr.DiscreteLpElement |          23 |      1.26 KB
           <class 'odl.space.npy_ntuples.NumpyFnVector |          23 |      1.26 KB
                                         <class 'tuple |          13 |   1016     B
                                          <class 'list |           4 |    656     B
                                          <class 'cell |           9 |    432     B
                      <class 'functools._lru_list_elem |           4 |    320     B
                                      function (_call) |           2 |    272     B
                                   function (__init__) |           2 |    272     B
                           <class 'inspect.FullArgSpec |           2 |    208     B
                                         <class 'float |           8 |    192     B
  <class 'odl.operator.operator.OperatorLeftScalarMult |           3 |    168     B
iter = 10
CPU usage (% each core): [63.4, 44.6, 44.9, 56.8, 67.9, 45.7, 45.5, 42.8]
RAM usage: svmem(total=67514511360, available=37623734272, percent=44.3, used=29048832000, free=35288997888, active=28239028224, inactive=2788765696, buffers=756264960, cached=2420416512, shared=88395776)
SWAP usage: sswap(total=4294963200, used=3923042304, free=371920896, percent=91.3, sin=33931313152, sout=56415973376)
                                                 types |   # objects |   total size
====================================================== | =========== | ============
                                 <class 'numpy.ndarray |          23 |    350.95 MB
                                          <class 'dict |          60 |      7.88 KB
                                         <class 'bytes |          21 |      2.45 KB
                                          <class 'type |           2 |      2.06 KB
          <class 'odl.discr.lp_discr.DiscreteLpElement |          23 |      1.26 KB
           <class 'odl.space.npy_ntuples.NumpyFnVector |          23 |      1.26 KB
                                         <class 'tuple |          13 |   1016     B
                                          <class 'list |           4 |    656     B
                                          <class 'cell |           9 |    432     B
                      <class 'functools._lru_list_elem |           4 |    320     B
                                      function (_call) |           2 |    272     B
                                   function (__init__) |           2 |    272     B
                           <class 'inspect.FullArgSpec |           2 |    208     B
                                         <class 'float |           8 |    192     B
  <class 'odl.operator.operator.OperatorLeftScalarMult |           3 |    168     B
iter = 11
CPU usage (% each core): [53.0, 48.5, 48.4, 49.5, 61.7, 49.5, 47.5, 49.1]
RAM usage: svmem(total=67514511360, available=37249708032, percent=44.8, used=29422858240, free=34914951168, active=28610314240, inactive=2788786176, buffers=756277248, cached=2420424704, shared=88395776)
SWAP usage: sswap(total=4294963200, used=3923021824, free=371941376, percent=91.3, sin=33931341824, sout=56415973376)
                                                 types |   # objects |   total size
====================================================== | =========== | ============
                                 <class 'numpy.ndarray |          23 |    350.95 MB
                                          <class 'dict |          60 |      7.34 KB
                                         <class 'bytes |          21 |      2.45 KB
                                          <class 'type |           2 |      2.06 KB
          <class 'odl.discr.lp_discr.DiscreteLpElement |          23 |      1.26 KB
           <class 'odl.space.npy_ntuples.NumpyFnVector |          23 |      1.26 KB
                                         <class 'tuple |          13 |   1016     B
                                          <class 'list |           4 |    800     B
                                          <class 'cell |           9 |    432     B
                      <class 'functools._lru_list_elem |           4 |    320     B
                                      function (_call) |           2 |    272     B
                                   function (__init__) |           2 |    272     B
                           <class 'inspect.FullArgSpec |           2 |    208     B
                                         <class 'float |           8 |    192     B
  <class 'odl.operator.operator.OperatorLeftScalarMult |           3 |    168     B
iter = 12
CPU usage (% each core): [52.9, 56.0, 51.5, 46.1, 65.7, 51.9, 44.5, 47.5]
RAM usage: svmem(total=67514511360, available=36881920000, percent=45.4, used=29790646272, free=34547159040, active=28978348032, inactive=2788777984, buffers=756281344, cached=2420424704, shared=88395776)
SWAP usage: sswap(total=4294963200, used=3923013632, free=371949568, percent=91.3, sin=33931341824, sout=56415973376)
                                                 types |   # objects |   total size
====================================================== | =========== | ============
                                 <class 'numpy.ndarray |          23 |    350.95 MB
                                          <class 'dict |          60 |      7.34 KB
                                         <class 'bytes |          21 |      2.45 KB
                                          <class 'type |           2 |      2.06 KB
          <class 'odl.discr.lp_discr.DiscreteLpElement |          23 |      1.26 KB
           <class 'odl.space.npy_ntuples.NumpyFnVector |          23 |      1.26 KB
                                         <class 'tuple |          13 |   1016     B
                                          <class 'list |           4 |    520     B
                                          <class 'cell |           9 |    432     B
                      <class 'functools._lru_list_elem |           4 |    320     B
                                      function (_call) |           2 |    272     B
                                   function (__init__) |           2 |    272     B
                           <class 'inspect.FullArgSpec |           2 |    208     B
                                         <class 'float |           8 |    192     B
  <class 'odl.operator.operator.OperatorLeftScalarMult |           3 |    168     B
iter = 13
CPU usage (% each core): [52.1, 64.8, 51.2, 42.6, 47.9, 54.5, 44.9, 44.2]
RAM usage: svmem(total=67514511360, available=36498055168, percent=45.9, used=30174511104, free=34163269632, active=29362368512, inactive=2788782080, buffers=756289536, cached=2420441088, shared=88395776)
SWAP usage: sswap(total=4294963200, used=3923001344, free=371961856, percent=91.3, sin=33931341824, sout=56415973376)
                                                 types |   # objects |   total size
====================================================== | =========== | ============
                                 <class 'numpy.ndarray |          23 |    350.95 MB
                                          <class 'dict |          60 |      7.34 KB
                                          <class 'type |           2 |      2.06 KB
          <class 'odl.discr.lp_discr.DiscreteLpElement |          23 |      1.26 KB
           <class 'odl.space.npy_ntuples.NumpyFnVector |          23 |      1.26 KB
                                         <class 'tuple |          13 |   1016     B
                                          <class 'cell |           9 |    432     B
                      <class 'functools._lru_list_elem |           4 |    320     B
                                      function (_call) |           2 |    272     B
                                   function (__init__) |           2 |    272     B
                           <class 'inspect.FullArgSpec |           2 |    208     B
                                         <class 'float |           8 |    192     B
  <class 'odl.operator.operator.OperatorLeftScalarMult |           3 |    168     B
                                       <class 'weakref |           2 |    160     B
                                           <class 'int |           3 |     84     B
iter = 14
CPU usage (% each core): [45.0, 50.8, 44.7, 64.6, 43.0, 52.7, 45.0, 55.4]
RAM usage: svmem(total=67514511360, available=36137123840, percent=46.5, used=30535438336, free=33802334208, active=29721022464, inactive=2788782080, buffers=756297728, cached=2420441088, shared=88395776)
SWAP usage: sswap(total=4294963200, used=3923001344, free=371961856, percent=91.3, sin=33931341824, sout=56415973376)
                                                 types |   # objects |   total size
====================================================== | =========== | ============
                                 <class 'numpy.ndarray |          23 |    350.95 MB
                                          <class 'dict |          60 |      7.34 KB
                                         <class 'bytes |          21 |      2.45 KB
                                          <class 'type |           2 |      2.06 KB
          <class 'odl.discr.lp_discr.DiscreteLpElement |          23 |      1.26 KB
           <class 'odl.space.npy_ntuples.NumpyFnVector |          23 |      1.26 KB
                                         <class 'tuple |          13 |   1016     B
                                          <class 'list |           4 |    696     B
                                          <class 'cell |           9 |    432     B
                      <class 'functools._lru_list_elem |           4 |    320     B
                                      function (_call) |           2 |    272     B
                                   function (__init__) |           2 |    272     B
                           <class 'inspect.FullArgSpec |           2 |    208     B
                                         <class 'float |           8 |    192     B
  <class 'odl.operator.operator.OperatorLeftScalarMult |           3 |    168     B
iter = 15
CPU usage (% each core): [45.8, 61.2, 44.2, 49.5, 45.9, 56.8, 45.1, 62.5]
RAM usage: svmem(total=67514511360, available=35101048832, percent=48.0, used=31571509248, free=32766255104, active=30756065280, inactive=2788782080, buffers=756301824, cached=2420445184, shared=88395776)
SWAP usage: sswap(total=4294963200, used=3923001344, free=371961856, percent=91.3, sin=33931341824, sout=56415973376)
                                                 types |   # objects |   total size
====================================================== | =========== | ============
                                 <class 'numpy.ndarray |          23 |    350.95 MB
                                          <class 'dict |          60 |      7.34 KB
                                         <class 'bytes |          21 |      2.45 KB
                                          <class 'type |           2 |      2.06 KB
          <class 'odl.discr.lp_discr.DiscreteLpElement |          23 |      1.26 KB
           <class 'odl.space.npy_ntuples.NumpyFnVector |          23 |      1.26 KB
                                         <class 'tuple |          13 |   1016     B
                                          <class 'list |           4 |    752     B
                                          <class 'cell |           9 |    432     B
                      <class 'functools._lru_list_elem |           4 |    320     B
                                      function (_call) |           2 |    272     B
                                   function (__init__) |           2 |    272     B
                           <class 'inspect.FullArgSpec |           2 |    208     B
                                         <class 'float |           8 |    192     B
  <class 'odl.operator.operator.OperatorLeftScalarMult |           3 |    168     B
iter = 16
CPU usage (% each core): [40.7, 57.3, 45.0, 54.0, 44.5, 60.2, 43.7, 54.8]
RAM usage: svmem(total=67514511360, available=35061399552, percent=48.1, used=31611166720, free=32726589440, active=30796722176, inactive=2788794368, buffers=756305920, cached=2420449280, shared=88395776)
SWAP usage: sswap(total=4294963200, used=3922989056, free=371974144, percent=91.3, sin=33931358208, sout=56415973376)
                                                 types |   # objects |   total size
====================================================== | =========== | ============
                                 <class 'numpy.ndarray |          23 |    350.95 MB
                                          <class 'dict |          60 |      7.34 KB
                                         <class 'bytes |          21 |      2.45 KB
                                          <class 'type |           2 |      2.06 KB
          <class 'odl.discr.lp_discr.DiscreteLpElement |          23 |      1.26 KB
           <class 'odl.space.npy_ntuples.NumpyFnVector |          23 |      1.26 KB
                                         <class 'tuple |          13 |   1016     B
                                          <class 'list |           4 |    696     B
                                          <class 'cell |           9 |    432     B
                      <class 'functools._lru_list_elem |           4 |    320     B
                                      function (_call) |           2 |    272     B
                                   function (__init__) |           2 |    272     B
                           <class 'inspect.FullArgSpec |           2 |    208     B
                                         <class 'float |           8 |    192     B
  <class 'odl.operator.operator.OperatorLeftScalarMult |           3 |    168     B
iter = 17
CPU usage (% each core): [41.9, 49.8, 46.3, 54.3, 55.1, 47.3, 49.2, 60.1]
RAM usage: svmem(total=67514511360, available=35024101376, percent=48.1, used=31648464896, free=32689283072, active=30831513600, inactive=2788794368, buffers=756314112, cached=2420449280, shared=88395776)
SWAP usage: sswap(total=4294963200, used=3922989056, free=371974144, percent=91.3, sin=33931358208, sout=56415973376)
                                                 types |   # objects |   total size
====================================================== | =========== | ============
                                 <class 'numpy.ndarray |          23 |    350.95 MB
                                          <class 'dict |          60 |      7.34 KB
                                          <class 'type |           2 |      2.06 KB
          <class 'odl.discr.lp_discr.DiscreteLpElement |          23 |      1.26 KB
           <class 'odl.space.npy_ntuples.NumpyFnVector |          23 |      1.26 KB
                                         <class 'tuple |          13 |   1016     B
                                          <class 'cell |           9 |    432     B
                      <class 'functools._lru_list_elem |           4 |    320     B
                                      function (_call) |           2 |    272     B
                                   function (__init__) |           2 |    272     B
                           <class 'inspect.FullArgSpec |           2 |    208     B
                                         <class 'float |           8 |    192     B
  <class 'odl.operator.operator.OperatorLeftScalarMult |           3 |    168     B
                                       <class 'weakref |           2 |    160     B
                                           <class 'int |           2 |     64     B
iter = 18
CPU usage (% each core): [41.7, 77.4, 47.4, 42.9, 50.5, 56.9, 46.3, 47.6]
RAM usage: svmem(total=67514511360, available=33987018752, percent=49.7, used=32685547520, free=31652175872, active=31868162048, inactive=2788810752, buffers=756322304, cached=2420465664, shared=88395776)
SWAP usage: sswap(total=4294963200, used=3922989056, free=371974144, percent=91.3, sin=33931358208, sout=56415973376)
                                                 types |   # objects |   total size
====================================================== | =========== | ============
                                 <class 'numpy.ndarray |          23 |    350.95 MB
                                          <class 'dict |          60 |      7.34 KB
                                         <class 'bytes |          21 |      2.45 KB
                                          <class 'type |           2 |      2.06 KB
          <class 'odl.discr.lp_discr.DiscreteLpElement |          23 |      1.26 KB
           <class 'odl.space.npy_ntuples.NumpyFnVector |          23 |      1.26 KB
                                         <class 'tuple |          13 |   1016     B
                                          <class 'list |           4 |    656     B
                                          <class 'cell |           9 |    432     B
                      <class 'functools._lru_list_elem |           4 |    320     B
                                      function (_call) |           2 |    272     B
                                   function (__init__) |           2 |    272     B
                           <class 'inspect.FullArgSpec |           2 |    208     B
                                         <class 'float |           8 |    192     B
  <class 'odl.operator.operator.OperatorLeftScalarMult |           3 |    168     B
iter = 19
CPU usage (% each core): [58.1, 66.1, 42.1, 45.6, 47.9, 58.1, 47.3, 40.4]
RAM usage: svmem(total=67514511360, available=33945767936, percent=49.7, used=32726798336, free=31610912768, active=31908962304, inactive=2788806656, buffers=756334592, cached=2420465664, shared=88395776)
SWAP usage: sswap(total=4294963200, used=3922984960, free=371978240, percent=91.3, sin=33931358208, sout=56415973376)
                                                 types |   # objects |   total size
====================================================== | =========== | ============
                                 <class 'numpy.ndarray |          23 |    350.95 MB
                                          <class 'dict |          60 |      7.34 KB
                                         <class 'bytes |          21 |      2.45 KB
                                          <class 'type |           2 |      2.06 KB
          <class 'odl.discr.lp_discr.DiscreteLpElement |          23 |      1.26 KB
           <class 'odl.space.npy_ntuples.NumpyFnVector |          23 |      1.26 KB
                                         <class 'tuple |          13 |   1016     B
                                          <class 'list |           4 |    656     B
                                          <class 'cell |           9 |    432     B
                      <class 'functools._lru_list_elem |           4 |    320     B
                                      function (_call) |           2 |    272     B
                                   function (__init__) |           2 |    272     B
                           <class 'inspect.FullArgSpec |           2 |    208     B
                                         <class 'float |           8 |    192     B
  <class 'odl.operator.operator.OperatorLeftScalarMult |           3 |    168     B
iter = 20
CPU usage (% each core): [49.7, 43.0, 42.6, 50.0, 65.9, 50.4, 43.2, 53.5]
RAM usage: svmem(total=67514511360, available=33912201216, percent=49.8, used=32760360960, free=31577346048, active=31943417856, inactive=2788806656, buffers=756338688, cached=2420465664, shared=88395776)
SWAP usage: sswap(total=4294963200, used=3922980864, free=371982336, percent=91.3, sin=33931358208, sout=56415973376)
                                                 types |   # objects |   total size
====================================================== | =========== | ============
                                 <class 'numpy.ndarray |          23 |    350.95 MB
                                          <class 'dict |          60 |      7.34 KB
                                         <class 'bytes |          21 |      2.45 KB
                                          <class 'type |           2 |      2.06 KB
          <class 'odl.discr.lp_discr.DiscreteLpElement |          23 |      1.26 KB
           <class 'odl.space.npy_ntuples.NumpyFnVector |          23 |      1.26 KB
                                         <class 'tuple |          13 |   1016     B
                                          <class 'list |           4 |    800     B
                                          <class 'cell |           9 |    432     B
                      <class 'functools._lru_list_elem |           4 |    320     B
                                      function (_call) |           2 |    272     B
                                   function (__init__) |           2 |    272     B
                           <class 'inspect.FullArgSpec |           2 |    208     B
                                         <class 'float |           8 |    192     B
  <class 'odl.operator.operator.OperatorLeftScalarMult |           3 |    168     B
iter = 21
CPU usage (% each core): [49.2, 55.1, 45.0, 55.4, 66.7, 42.0, 45.2, 50.0]
RAM usage: svmem(total=67514511360, available=32872493056, percent=51.3, used=33800073216, free=30537613312, active=32979865600, inactive=2788802560, buffers=756350976, cached=2420473856, shared=88395776)
SWAP usage: sswap(total=4294963200, used=3922976768, free=371986432, percent=91.3, sin=33931358208, sout=56415973376)
                                                 types |   # objects |   total size
====================================================== | =========== | ============
                                 <class 'numpy.ndarray |          23 |    350.95 MB
                                          <class 'dict |          60 |      8.38 KB
                                         <class 'bytes |          21 |      2.45 KB
                                          <class 'type |           2 |      2.06 KB
          <class 'odl.discr.lp_discr.DiscreteLpElement |          23 |      1.26 KB
           <class 'odl.space.npy_ntuples.NumpyFnVector |          23 |      1.26 KB
                                         <class 'tuple |          13 |   1016     B
                                          <class 'list |           4 |    520     B
                                          <class 'cell |           9 |    432     B
                      <class 'functools._lru_list_elem |           4 |    320     B
                                      function (_call) |           2 |    272     B
                                   function (__init__) |           2 |    272     B
                           <class 'inspect.FullArgSpec |           2 |    208     B
                                         <class 'float |           8 |    192     B
  <class 'odl.operator.operator.OperatorLeftScalarMult |           3 |    168     B
iter = 22
CPU usage (% each core): [53.3, 45.6, 52.7, 45.9, 55.0, 48.8, 47.3, 61.5]
RAM usage: svmem(total=67514511360, available=32831463424, percent=51.4, used=33841102848, free=30496559104, active=33021075456, inactive=2788814848, buffers=756375552, cached=2420473856, shared=88395776)
SWAP usage: sswap(total=4294963200, used=3922976768, free=371986432, percent=91.3, sin=33931358208, sout=56415973376)
                                                 types |   # objects |   total size
====================================================== | =========== | ============
                                 <class 'numpy.ndarray |          23 |    350.95 MB
                                          <class 'dict |          60 |      7.34 KB
                                          <class 'type |           2 |      2.06 KB
          <class 'odl.discr.lp_discr.DiscreteLpElement |          23 |      1.26 KB
           <class 'odl.space.npy_ntuples.NumpyFnVector |          23 |      1.26 KB
                                         <class 'tuple |          13 |   1016     B
                                          <class 'cell |           9 |    432     B
                      <class 'functools._lru_list_elem |           4 |    320     B
                                      function (_call) |           2 |    272     B
                                   function (__init__) |           2 |    272     B
                           <class 'inspect.FullArgSpec |           2 |    208     B
                                         <class 'float |           8 |    192     B
  <class 'odl.operator.operator.OperatorLeftScalarMult |           3 |    168     B
                                       <class 'weakref |           2 |    160     B
                                           <class 'int |           3 |     92     B
iter = 23
CPU usage (% each core): [49.0, 64.1, 53.5, 48.1, 43.3, 44.4, 48.2, 55.7]
RAM usage: svmem(total=67514511360, available=32797229056, percent=51.4, used=33875337216, free=30462296064, active=33055526912, inactive=2788823040, buffers=756387840, cached=2420490240, shared=88395776)
SWAP usage: sswap(total=4294963200, used=3922976768, free=371986432, percent=91.3, sin=33931358208, sout=56415973376)
                                                 types |   # objects |   total size
====================================================== | =========== | ============
                                 <class 'numpy.ndarray |          23 |    350.95 MB
                                          <class 'dict |          60 |      7.34 KB
                                         <class 'bytes |          21 |      2.45 KB
                                          <class 'type |           2 |      2.06 KB
          <class 'odl.discr.lp_discr.DiscreteLpElement |          23 |      1.26 KB
           <class 'odl.space.npy_ntuples.NumpyFnVector |          23 |      1.26 KB
                                         <class 'tuple |          13 |   1016     B
                                          <class 'list |           4 |    696     B
                                          <class 'cell |           9 |    432     B
                      <class 'functools._lru_list_elem |           4 |    320     B
                                      function (_call) |           2 |    272     B
                                   function (__init__) |           2 |    272     B
                           <class 'inspect.FullArgSpec |           2 |    208     B
                                         <class 'float |           8 |    192     B
  <class 'odl.operator.operator.OperatorLeftScalarMult |           3 |    168     B
iter = 24
CPU usage (% each core): [43.6, 48.1, 57.4, 61.8, 48.2, 43.5, 46.1, 58.1]
RAM usage: svmem(total=67514511360, available=31721377792, percent=53.0, used=34951188480, free=29385986048, active=34128871424, inactive=2789265408, buffers=756412416, cached=2420924416, shared=88395776)
SWAP usage: sswap(total=4294963200, used=3922808832, free=372154368, percent=91.3, sin=33931583488, sout=56415973376)
                                                 types |   # objects |   total size
====================================================== | =========== | ============
                                 <class 'numpy.ndarray |          23 |    350.95 MB
                                          <class 'dict |          60 |      7.34 KB
                                         <class 'bytes |          21 |      2.45 KB
                                          <class 'type |           2 |      2.06 KB
          <class 'odl.discr.lp_discr.DiscreteLpElement |          23 |      1.26 KB
           <class 'odl.space.npy_ntuples.NumpyFnVector |          23 |      1.26 KB
                                         <class 'tuple |          13 |   1016     B
                                          <class 'list |           4 |    752     B
                                          <class 'cell |           9 |    432     B
                      <class 'functools._lru_list_elem |           4 |    320     B
                                      function (_call) |           2 |    272     B
                                   function (__init__) |           2 |    272     B
                           <class 'inspect.FullArgSpec |           2 |    208     B
                                         <class 'float |           8 |    192     B
  <class 'odl.operator.operator.OperatorLeftScalarMult |           3 |    168     B
iter = 25
CPU usage (% each core): [61.9, 62.8, 53.9, 51.4, 55.4, 52.7, 42.9, 43.4]
RAM usage: svmem(total=67514511360, available=31677173760, percent=53.1, used=34995392512, free=29341777920, active=34172149760, inactive=2789326848, buffers=756416512, cached=2420924416, shared=88395776)
SWAP usage: sswap(total=4294963200, used=3922771968, free=372191232, percent=91.3, sin=33931681792, sout=56415973376)
                                                 types |   # objects |   total size
====================================================== | =========== | ============
                                 <class 'numpy.ndarray |          23 |    350.95 MB
                                          <class 'dict |          60 |     11.84 KB
                                         <class 'bytes |          21 |      2.45 KB
                                          <class 'type |           2 |      2.06 KB
          <class 'odl.discr.lp_discr.DiscreteLpElement |          23 |      1.26 KB
           <class 'odl.space.npy_ntuples.NumpyFnVector |          23 |      1.26 KB
                                         <class 'tuple |          13 |   1016     B
                                          <class 'list |           4 |    696     B
                                          <class 'cell |           9 |    432     B
                      <class 'functools._lru_list_elem |           4 |    320     B
                                      function (_call) |           2 |    272     B
                                   function (__init__) |           2 |    272     B
                           <class 'inspect.FullArgSpec |           2 |    208     B
                                         <class 'float |           8 |    192     B
  <class 'odl.operator.operator.OperatorLeftScalarMult |           3 |    168     B
iter = 26
CPU usage (% each core): [60.3, 64.0, 48.1, 50.2, 41.7, 61.8, 45.7, 43.5]
RAM usage: svmem(total=67514511360, available=31642992640, percent=53.1, used=35029573632, free=29307580416, active=34206023680, inactive=2789335040, buffers=756420608, cached=2420936704, shared=88395776)
SWAP usage: sswap(total=4294963200, used=3922771968, free=372191232, percent=91.3, sin=33931681792, sout=56415973376)
                                                 types |   # objects |   total size
====================================================== | =========== | ============
                                 <class 'numpy.ndarray |          23 |    350.95 MB
                                          <class 'dict |          60 |      7.34 KB
                                          <class 'type |           2 |      2.06 KB
          <class 'odl.discr.lp_discr.DiscreteLpElement |          23 |      1.26 KB
           <class 'odl.space.npy_ntuples.NumpyFnVector |          23 |      1.26 KB
                                         <class 'tuple |          13 |   1016     B
                                          <class 'cell |           9 |    432     B
                      <class 'functools._lru_list_elem |           4 |    320     B
                                      function (_call) |           2 |    272     B
                                   function (__init__) |           2 |    272     B
                           <class 'inspect.FullArgSpec |           2 |    208     B
                                         <class 'float |           8 |    192     B
  <class 'odl.operator.operator.OperatorLeftScalarMult |           3 |    168     B
                                       <class 'weakref |           2 |    160     B
     <class 'odl.operator.default_ops.IdentityOperator |           1 |     56     B
iter = 27
CPU usage (% each core): [46.1, 64.7, 48.4, 49.1, 44.8, 66.3, 46.1, 48.1]
RAM usage: svmem(total=67514511360, available=30605078528, percent=54.7, used=36067487744, free=28269649920, active=35242340352, inactive=2789359616, buffers=756420608, cached=2420953088, shared=88395776)
SWAP usage: sswap(total=4294963200, used=3922763776, free=372199424, percent=91.3, sin=33931689984, sout=56415973376)
                                                 types |   # objects |   total size
====================================================== | =========== | ============
                                 <class 'numpy.ndarray |          23 |    350.95 MB
                                          <class 'dict |          60 |      7.34 KB
                                         <class 'bytes |          21 |      2.45 KB
                                          <class 'type |           2 |      2.06 KB
          <class 'odl.discr.lp_discr.DiscreteLpElement |          23 |      1.26 KB
           <class 'odl.space.npy_ntuples.NumpyFnVector |          23 |      1.26 KB
                                         <class 'tuple |          13 |   1016     B
                                          <class 'list |           4 |    656     B
                                          <class 'cell |           9 |    432     B
                      <class 'functools._lru_list_elem |           4 |    320     B
                                      function (_call) |           2 |    272     B
                                   function (__init__) |           2 |    272     B
                           <class 'inspect.FullArgSpec |           2 |    208     B
                                         <class 'float |           8 |    192     B
  <class 'odl.operator.operator.OperatorLeftScalarMult |           3 |    168     B
iter = 28
CPU usage (% each core): [53.7, 53.8, 54.5, 54.0, 41.3, 65.6, 45.1, 42.7]
RAM usage: svmem(total=67514511360, available=30563295232, percent=54.7, used=36109271040, free=28227858432, active=35284103168, inactive=2789363712, buffers=756428800, cached=2420953088, shared=88395776)
SWAP usage: sswap(total=4294963200, used=3922759680, free=372203520, percent=91.3, sin=33931694080, sout=56415973376)
                                                 types |   # objects |   total size
====================================================== | =========== | ============
                                 <class 'numpy.ndarray |          23 |    350.95 MB
                                          <class 'dict |          60 |      7.34 KB
                                         <class 'bytes |          21 |      2.45 KB
                                          <class 'type |           2 |      2.06 KB
          <class 'odl.discr.lp_discr.DiscreteLpElement |          23 |      1.26 KB
           <class 'odl.space.npy_ntuples.NumpyFnVector |          23 |      1.26 KB
                                         <class 'tuple |          13 |   1016     B
                                          <class 'list |           4 |    656     B
                                          <class 'cell |           9 |    432     B
                      <class 'functools._lru_list_elem |           4 |    320     B
                                      function (_call) |           2 |    272     B
                                   function (__init__) |           2 |    272     B
                           <class 'inspect.FullArgSpec |           2 |    208     B
                                         <class 'float |           8 |    192     B
  <class 'odl.operator.operator.OperatorLeftScalarMult |           3 |    168     B
iter = 29
CPU usage (% each core): [46.1, 62.9, 47.6, 54.9, 45.2, 66.8, 42.0, 41.8]
RAM usage: svmem(total=67514511360, available=30529507328, percent=54.8, used=36143046656, free=28193992704, active=35318505472, inactive=2789437440, buffers=756441088, cached=2421030912, shared=88395776)
SWAP usage: sswap(total=4294963200, used=3922755584, free=372207616, percent=91.3, sin=33931694080, sout=56415973376)
                                         types |   # objects |   total size
============================================== | =========== | ============
                         <class 'numpy.ndarray |          23 |    350.95 MB
                                   <class 'str |        1633 |    141.30 KB
                                  <class 'list |           5 |     18.06 KB
                                  <class 'dict |          67 |     11.95 KB
                                  <class 'type |           6 |      6.31 KB
                                 <class 'bytes |          21 |      2.45 KB
                                  <class 'code |          17 |      2.39 KB
                                 <class 'tuple |          22 |      1.59 KB
  <class 'odl.discr.lp_discr.DiscreteLpElement |          23 |      1.26 KB
   <class 'odl.space.npy_ntuples.NumpyFnVector |          23 |      1.26 KB
                              function (reset) |           4 |    544     B
                           function (__init__) |           4 |    544     B
                               <class 'weakref |           6 |    480     B
                                  <class 'cell |           9 |    432     B
                             function (encode) |           3 |    408     B
iter = 30
CPU usage (% each core): [56.5, 62.9, 55.9, 46.6, 55.9, 44.3, 44.9, 46.0]
RAM usage: svmem(total=67514511360, available=29490278400, percent=56.3, used=37182287872, free=27154739200, active=36354711552, inactive=2789453824, buffers=756449280, cached=2421035008, shared=88395776)
SWAP usage: sswap(total=4294963200, used=3922751488, free=372211712, percent=91.3, sin=33931710464, sout=56415973376)
                                                 types |   # objects |   total size
====================================================== | =========== | ============
                                 <class 'numpy.ndarray |          23 |    350.95 MB
                                          <class 'dict |          60 |      7.34 KB
                                         <class 'bytes |          21 |      2.32 KB
                                          <class 'type |           2 |      2.06 KB
          <class 'odl.discr.lp_discr.DiscreteLpElement |          23 |      1.26 KB
           <class 'odl.space.npy_ntuples.NumpyFnVector |          23 |      1.26 KB
                                         <class 'tuple |          13 |   1016     B
                                          <class 'list |           5 |    608     B
                                          <class 'cell |           9 |    432     B
                      <class 'functools._lru_list_elem |           4 |    320     B
                                      function (_call) |           2 |    272     B
                                   function (__init__) |           2 |    272     B
                           <class 'inspect.FullArgSpec |           2 |    208     B
                                         <class 'float |           8 |    192     B
  <class 'odl.operator.operator.OperatorLeftScalarMult |           3 |    168     B
iter = 31
CPU usage (% each core): [45.6, 76.0, 45.7, 48.5, 50.5, 63.2, 45.4, 48.3]
RAM usage: svmem(total=67514511360, available=29449781248, percent=56.4, used=37222785024, free=27114217472, active=36395229184, inactive=2789453824, buffers=756465664, cached=2421043200, shared=88395776)
SWAP usage: sswap(total=4294963200, used=3922743296, free=372219904, percent=91.3, sin=33931710464, sout=56415973376)
                                                 types |   # objects |   total size
====================================================== | =========== | ============
                                 <class 'numpy.ndarray |          23 |    350.95 MB
                                          <class 'dict |          60 |      7.34 KB
                                          <class 'type |           2 |      2.06 KB
          <class 'odl.discr.lp_discr.DiscreteLpElement |          23 |      1.26 KB
           <class 'odl.space.npy_ntuples.NumpyFnVector |          23 |      1.26 KB
                                         <class 'tuple |          13 |   1016     B
                                          <class 'cell |           9 |    432     B
                      <class 'functools._lru_list_elem |           4 |    320     B
                                      function (_call) |           2 |    272     B
                                   function (__init__) |           2 |    272     B
                           <class 'inspect.FullArgSpec |           2 |    208     B
                                         <class 'float |           8 |    192     B
  <class 'odl.operator.operator.OperatorLeftScalarMult |           3 |    168     B
                                       <class 'weakref |           2 |    160     B
     <class 'odl.operator.default_ops.IdentityOperator |           1 |     56     B
iter = 32
CPU usage (% each core): [52.0, 56.1, 42.2, 43.6, 53.2, 67.3, 44.3, 46.7]
RAM usage: svmem(total=67514511360, available=29414559744, percent=56.4, used=37258002432, free=27078987776, active=36429688832, inactive=2789453824, buffers=756473856, cached=2421047296, shared=88395776)
SWAP usage: sswap(total=4294963200, used=3922743296, free=372219904, percent=91.3, sin=33931710464, sout=56415973376)
                                                 types |   # objects |   total size
====================================================== | =========== | ============
                                 <class 'numpy.ndarray |          23 |    350.95 MB
                                          <class 'dict |          60 |      7.34 KB
                                         <class 'bytes |          21 |      2.45 KB
                                          <class 'type |           2 |      2.06 KB
          <class 'odl.discr.lp_discr.DiscreteLpElement |          23 |      1.26 KB
           <class 'odl.space.npy_ntuples.NumpyFnVector |          23 |      1.26 KB
                                         <class 'tuple |          13 |   1016     B
                                          <class 'list |           4 |    696     B
                                          <class 'cell |           9 |    432     B
                      <class 'functools._lru_list_elem |           4 |    320     B
                                      function (_call) |           2 |    272     B
                                   function (__init__) |           2 |    272     B
                           <class 'inspect.FullArgSpec |           2 |    208     B
                                         <class 'float |           8 |    192     B
  <class 'odl.operator.operator.OperatorLeftScalarMult |           3 |    168     B
iter = 33
CPU usage (% each core): [56.8, 61.7, 47.7, 44.4, 48.6, 45.8, 46.8, 55.8]
RAM usage: svmem(total=67514511360, available=28376510464, percent=58.0, used=38296055808, free=26040918016, active=37465821184, inactive=2789462016, buffers=756486144, cached=2421051392, shared=88395776)
SWAP usage: sswap(total=4294963200, used=3922743296, free=372219904, percent=91.3, sin=33931710464, sout=56415973376)
                                                 types |   # objects |   total size
====================================================== | =========== | ============
                                 <class 'numpy.ndarray |          23 |    350.95 MB
                                          <class 'dict |          60 |      7.34 KB
                                         <class 'bytes |          21 |      2.45 KB
                                          <class 'type |           2 |      2.06 KB
          <class 'odl.discr.lp_discr.DiscreteLpElement |          23 |      1.26 KB
           <class 'odl.space.npy_ntuples.NumpyFnVector |          23 |      1.26 KB
                                         <class 'tuple |          13 |   1016     B
                                          <class 'list |           4 |    592     B
                                          <class 'cell |           9 |    432     B
                      <class 'functools._lru_list_elem |           4 |    320     B
                                      function (_call) |           2 |    272     B
                                   function (__init__) |           2 |    272     B
                           <class 'inspect.FullArgSpec |           2 |    208     B
                                         <class 'float |           8 |    192     B
  <class 'odl.operator.operator.OperatorLeftScalarMult |           3 |    168     B
iter = 34
CPU usage (% each core): [55.2, 52.7, 45.4, 49.7, 65.3, 49.6, 45.3, 59.1]
RAM usage: svmem(total=67514511360, available=28335898624, percent=58.0, used=38336667648, free=26000285696, active=37507104768, inactive=2789466112, buffers=756498432, cached=2421059584, shared=88395776)
SWAP usage: sswap(total=4294963200, used=3922743296, free=372219904, percent=91.3, sin=33931710464, sout=56415973376)
                                                 types |   # objects |   total size
====================================================== | =========== | ============
                                 <class 'numpy.ndarray |          23 |    350.95 MB
                                          <class 'dict |          60 |      7.34 KB
                                         <class 'bytes |          21 |      2.45 KB
                                          <class 'type |           2 |      2.06 KB
          <class 'odl.discr.lp_discr.DiscreteLpElement |          23 |      1.26 KB
           <class 'odl.space.npy_ntuples.NumpyFnVector |          23 |      1.26 KB
                                         <class 'tuple |          13 |   1016     B
                                          <class 'list |           4 |    656     B
                                          <class 'cell |           9 |    432     B
                      <class 'functools._lru_list_elem |           4 |    320     B
                                      function (_call) |           2 |    272     B
                                   function (__init__) |           2 |    272     B
                           <class 'inspect.FullArgSpec |           2 |    208     B
                                         <class 'float |           8 |    192     B
  <class 'odl.operator.operator.OperatorLeftScalarMult |           3 |    168     B
iter = 35
CPU usage (% each core): [46.0, 48.0, 44.6, 58.1, 49.4, 49.7, 55.1, 56.3]
RAM usage: svmem(total=67514511360, available=28301209600, percent=58.1, used=38371340288, free=25965592576, active=37541453824, inactive=2789466112, buffers=756510720, cached=2421067776, shared=88395776)
SWAP usage: sswap(total=4294963200, used=3922743296, free=372219904, percent=91.3, sin=33931710464, sout=56415973376)
                                                 types |   # objects |   total size
====================================================== | =========== | ============
                                 <class 'numpy.ndarray |          23 |    350.95 MB
                                          <class 'dict |          60 |      7.34 KB
                                          <class 'type |           2 |      2.06 KB
          <class 'odl.discr.lp_discr.DiscreteLpElement |          23 |      1.26 KB
           <class 'odl.space.npy_ntuples.NumpyFnVector |          23 |      1.26 KB
                                         <class 'tuple |          13 |   1016     B
                                          <class 'cell |           9 |    432     B
                      <class 'functools._lru_list_elem |           4 |    320     B
                                      function (_call) |           2 |    272     B
                                   function (__init__) |           2 |    272     B
                           <class 'inspect.FullArgSpec |           2 |    208     B
                                         <class 'float |           8 |    192     B
  <class 'odl.operator.operator.OperatorLeftScalarMult |           3 |    168     B
                                       <class 'weakref |           2 |    160     B
                                           <class 'int |           2 |     64     B
iter = 36
CPU usage (% each core): [43.9, 59.3, 54.6, 45.3, 59.1, 50.9, 48.9, 48.3]
RAM usage: svmem(total=67514511360, available=27263623168, percent=59.6, used=39408943104, free=24927965184, active=38578040832, inactive=2789494784, buffers=756527104, cached=2421075968, shared=88395776)
SWAP usage: sswap(total=4294963200, used=3922739200, free=372224000, percent=91.3, sin=33931726848, sout=56415973376)
                                                 types |   # objects |   total size
====================================================== | =========== | ============
                                 <class 'numpy.ndarray |          23 |    350.95 MB
                                          <class 'dict |          60 |      7.34 KB
                                         <class 'bytes |          21 |      2.45 KB
                                          <class 'type |           2 |      2.06 KB
          <class 'odl.discr.lp_discr.DiscreteLpElement |          23 |      1.26 KB
           <class 'odl.space.npy_ntuples.NumpyFnVector |          23 |      1.26 KB
                                         <class 'tuple |          13 |   1016     B
                                          <class 'list |           4 |    656     B
                                          <class 'cell |           9 |    432     B
                      <class 'functools._lru_list_elem |           4 |    320     B
                                      function (_call) |           2 |    272     B
                                   function (__init__) |           2 |    272     B
                           <class 'inspect.FullArgSpec |           2 |    208     B
                                         <class 'float |           8 |    192     B
  <class 'odl.operator.operator.OperatorLeftScalarMult |           3 |    168     B
iter = 37
CPU usage (% each core): [47.9, 64.3, 56.7, 50.6, 42.0, 45.7, 47.8, 67.9]
RAM usage: svmem(total=67514511360, available=27221151744, percent=59.7, used=39451414528, free=24885481472, active=38619910144, inactive=2789494784, buffers=756539392, cached=2421075968, shared=88395776)
SWAP usage: sswap(total=4294963200, used=3922739200, free=372224000, percent=91.3, sin=33931726848, sout=56415973376)
                                                 types |   # objects |   total size
====================================================== | =========== | ============
                                 <class 'numpy.ndarray |          23 |    350.95 MB
                                          <class 'dict |          60 |      7.34 KB
                                         <class 'bytes |          21 |      2.45 KB
                                          <class 'type |           2 |      2.06 KB
          <class 'odl.discr.lp_discr.DiscreteLpElement |          23 |      1.26 KB
           <class 'odl.space.npy_ntuples.NumpyFnVector |          23 |      1.26 KB
                                         <class 'tuple |          13 |   1016     B
                                          <class 'list |           4 |    656     B
                                          <class 'cell |           9 |    432     B
                      <class 'functools._lru_list_elem |           4 |    320     B
                                      function (_call) |           2 |    272     B
                                   function (__init__) |           2 |    272     B
                           <class 'inspect.FullArgSpec |           2 |    208     B
                                         <class 'float |           8 |    192     B
  <class 'odl.operator.operator.OperatorLeftScalarMult |           3 |    168     B
iter = 38
CPU usage (% each core): [54.8, 71.4, 42.1, 53.9, 48.8, 46.2, 45.0, 49.8]
RAM usage: svmem(total=67514511360, available=27187052544, percent=59.7, used=39485509632, free=24851378176, active=38653411328, inactive=2789494784, buffers=756539392, cached=2421084160, shared=88395776)
SWAP usage: sswap(total=4294963200, used=3922739200, free=372224000, percent=91.3, sin=33931726848, sout=56415973376)
                                                 types |   # objects |   total size
====================================================== | =========== | ============
                                 <class 'numpy.ndarray |          23 |    350.95 MB
                                          <class 'dict |          60 |      7.34 KB
                                         <class 'bytes |          21 |      2.45 KB
                                          <class 'type |           2 |      2.06 KB
          <class 'odl.discr.lp_discr.DiscreteLpElement |          23 |      1.26 KB
           <class 'odl.space.npy_ntuples.NumpyFnVector |          23 |      1.26 KB
                                         <class 'tuple |          13 |   1016     B
                                          <class 'list |           4 |    800     B
                                          <class 'cell |           9 |    432     B
                      <class 'functools._lru_list_elem |           4 |    320     B
                                      function (_call) |           2 |    272     B
                                   function (__init__) |           2 |    272     B
                           <class 'inspect.FullArgSpec |           2 |    208     B
                                         <class 'float |           8 |    192     B
  <class 'odl.operator.operator.OperatorLeftScalarMult |           3 |    168     B
iter = 39
CPU usage (% each core): [56.8, 56.6, 56.0, 42.9, 51.5, 48.0, 43.5, 54.7]
RAM usage: svmem(total=67514511360, available=26147962880, percent=61.3, used=40524603392, free=23812272128, active=39689785344, inactive=2789535744, buffers=756551680, cached=2421084160, shared=88395776)
SWAP usage: sswap(total=4294963200, used=3922624512, free=372338688, percent=91.3, sin=33931870208, sout=56415973376)
                                                 types |   # objects |   total size
====================================================== | =========== | ============
                                 <class 'numpy.ndarray |          23 |    350.95 MB
                                          <class 'dict |          60 |      7.34 KB
                                         <class 'bytes |          21 |      2.45 KB
                                          <class 'type |           2 |      2.06 KB
          <class 'odl.discr.lp_discr.DiscreteLpElement |          23 |      1.26 KB
           <class 'odl.space.npy_ntuples.NumpyFnVector |          23 |      1.26 KB
                                         <class 'tuple |          13 |   1016     B
                                          <class 'list |           4 |    520     B
                                          <class 'cell |           9 |    432     B
                      <class 'functools._lru_list_elem |           4 |    320     B
                                      function (_call) |           2 |    272     B
                                   function (__init__) |           2 |    272     B
                           <class 'inspect.FullArgSpec |           2 |    208     B
                                         <class 'float |           8 |    192     B
  <class 'odl.operator.operator.OperatorLeftScalarMult |           3 |    168     B
iter = 40
CPU usage (% each core): [43.3, 57.0, 52.8, 53.2, 50.5, 51.2, 42.3, 59.3]
RAM usage: svmem(total=67514511360, available=26107437056, percent=61.3, used=40565129216, free=23771729920, active=39731044352, inactive=2789548032, buffers=756555776, cached=2421096448, shared=88395776)
SWAP usage: sswap(total=4294963200, used=3922624512, free=372338688, percent=91.3, sin=33931870208, sout=56415973376)
                                                 types |   # objects |   total size
====================================================== | =========== | ============
                                 <class 'numpy.ndarray |          23 |    350.95 MB
                                          <class 'dict |          60 |      7.34 KB
                                          <class 'type |           2 |      2.06 KB
          <class 'odl.discr.lp_discr.DiscreteLpElement |          23 |      1.26 KB
           <class 'odl.space.npy_ntuples.NumpyFnVector |          23 |      1.26 KB
                                         <class 'tuple |          13 |   1016     B
                                          <class 'cell |           9 |    432     B
                      <class 'functools._lru_list_elem |           4 |    320     B
                                      function (_call) |           2 |    272     B
                                   function (__init__) |           2 |    272     B
                           <class 'inspect.FullArgSpec |           2 |    208     B
                                         <class 'float |           8 |    192     B
  <class 'odl.operator.operator.OperatorLeftScalarMult |           3 |    168     B
                                       <class 'weakref |           2 |    160     B
                                           <class 'int |           3 |     92     B
iter = 41
CPU usage (% each core): [44.8, 62.3, 45.7, 50.8, 47.7, 62.3, 55.8, 42.3]
RAM usage: svmem(total=67514511360, available=26072182784, percent=61.4, used=40600383488, free=23736463360, active=39765909504, inactive=2789552128, buffers=756563968, cached=2421100544, shared=88395776)
SWAP usage: sswap(total=4294963200, used=3922624512, free=372338688, percent=91.3, sin=33931870208, sout=56415973376)
                                                 types |   # objects |   total size
====================================================== | =========== | ============
                                 <class 'numpy.ndarray |          23 |    350.95 MB
                                          <class 'dict |          60 |      7.34 KB
                                         <class 'bytes |          21 |      2.45 KB
                                          <class 'type |           2 |      2.06 KB
          <class 'odl.discr.lp_discr.DiscreteLpElement |          23 |      1.26 KB
           <class 'odl.space.npy_ntuples.NumpyFnVector |          23 |      1.26 KB
                                         <class 'tuple |          13 |   1016     B
                                          <class 'list |           4 |    696     B
                                          <class 'cell |           9 |    432     B
                      <class 'functools._lru_list_elem |           4 |    320     B
                                      function (_call) |           2 |    272     B
                                   function (__init__) |           2 |    272     B
                           <class 'inspect.FullArgSpec |           2 |    208     B
                                         <class 'float |           8 |    192     B
  <class 'odl.operator.operator.OperatorLeftScalarMult |           3 |    168     B
iter = 42
CPU usage (% each core): [44.1, 78.9, 43.1, 52.3, 47.4, 60.4, 43.6, 40.4]
RAM usage: svmem(total=67514511360, available=25033957376, percent=62.9, used=41638608896, free=22698221568, active=40802312192, inactive=2789552128, buffers=756572160, cached=2421108736, shared=88395776)
SWAP usage: sswap(total=4294963200, used=3922616320, free=372346880, percent=91.3, sin=33931870208, sout=56415973376)
                                                 types |   # objects |   total size
====================================================== | =========== | ============
                                 <class 'numpy.ndarray |          23 |    350.95 MB
                                          <class 'dict |          60 |      9.48 KB
                                         <class 'bytes |          21 |      2.45 KB
                                          <class 'type |           2 |      2.06 KB
          <class 'odl.discr.lp_discr.DiscreteLpElement |          23 |      1.26 KB
           <class 'odl.space.npy_ntuples.NumpyFnVector |          23 |      1.26 KB
                                         <class 'tuple |          13 |   1016     B
                                          <class 'list |           4 |    592     B
                                          <class 'cell |           9 |    432     B
                      <class 'functools._lru_list_elem |           4 |    320     B
                                      function (_call) |           2 |    272     B
                                   function (__init__) |           2 |    272     B
                           <class 'inspect.FullArgSpec |           2 |    208     B
                                         <class 'float |           8 |    192     B
  <class 'odl.operator.operator.OperatorLeftScalarMult |           3 |    168     B
iter = 43
CPU usage (% each core): [56.5, 56.3, 47.9, 52.1, 62.5, 47.8, 45.1, 52.4]
RAM usage: svmem(total=67514511360, available=24991883264, percent=63.0, used=41680683008, free=22656143360, active=40843595776, inactive=2789548032, buffers=756576256, cached=2421108736, shared=88395776)
SWAP usage: sswap(total=4294963200, used=3922616320, free=372346880, percent=91.3, sin=33931870208, sout=56415973376)
                                                 types |   # objects |   total size
====================================================== | =========== | ============
                                 <class 'numpy.ndarray |          23 |    350.95 MB
                                          <class 'dict |          60 |      7.34 KB
                                         <class 'bytes |          21 |      2.45 KB
                                          <class 'type |           2 |      2.06 KB
          <class 'odl.discr.lp_discr.DiscreteLpElement |          23 |      1.26 KB
           <class 'odl.space.npy_ntuples.NumpyFnVector |          23 |      1.26 KB
                                         <class 'tuple |          13 |   1016     B
                                          <class 'list |           4 |    656     B
                                          <class 'cell |           9 |    432     B
                      <class 'functools._lru_list_elem |           4 |    320     B
                                      function (_call) |           2 |    272     B
                                   function (__init__) |           2 |    272     B
                           <class 'inspect.FullArgSpec |           2 |    208     B
                                         <class 'float |           8 |    192     B
  <class 'odl.operator.operator.OperatorLeftScalarMult |           3 |    168     B
iter = 44
CPU usage (% each core): [53.2, 48.0, 53.3, 65.2, 41.9, 44.5, 45.2, 56.6]
RAM usage: svmem(total=67514511360, available=24957501440, percent=63.0, used=41715064832, free=22621745152, active=40877793280, inactive=2789552128, buffers=756588544, cached=2421112832, shared=88395776)
SWAP usage: sswap(total=4294963200, used=3922616320, free=372346880, percent=91.3, sin=33931870208, sout=56415973376)
                                                 types |   # objects |   total size
====================================================== | =========== | ============
                                 <class 'numpy.ndarray |          23 |    350.95 MB
                                          <class 'dict |          60 |      7.34 KB
                                          <class 'type |           2 |      2.06 KB
          <class 'odl.discr.lp_discr.DiscreteLpElement |          23 |      1.26 KB
           <class 'odl.space.npy_ntuples.NumpyFnVector |          23 |      1.26 KB
                                         <class 'tuple |          13 |   1016     B
                                          <class 'cell |           9 |    432     B
                      <class 'functools._lru_list_elem |           4 |    320     B
                                      function (_call) |           2 |    272     B
                                   function (__init__) |           2 |    272     B
                           <class 'inspect.FullArgSpec |           2 |    208     B
                                         <class 'float |           8 |    192     B
  <class 'odl.operator.operator.OperatorLeftScalarMult |           3 |    168     B
                                       <class 'weakref |           2 |    160     B
                                           <class 'int |           2 |     64     B
iter = 45
CPU usage (% each core): [44.1, 47.0, 60.1, 59.3, 44.6, 46.0, 46.6, 54.4]
RAM usage: svmem(total=67514511360, available=23921332224, percent=64.6, used=42751234048, free=21585555456, active=41913131008, inactive=2789568512, buffers=756596736, cached=2421125120, shared=88395776)
SWAP usage: sswap(total=4294963200, used=3922616320, free=372346880, percent=91.3, sin=33931870208, sout=56415973376)
                                                 types |   # objects |   total size
====================================================== | =========== | ============
                                 <class 'numpy.ndarray |          23 |    350.95 MB
                                          <class 'dict |          60 |      7.34 KB
                                         <class 'bytes |          21 |      2.45 KB
                                          <class 'type |           2 |      2.06 KB
          <class 'odl.discr.lp_discr.DiscreteLpElement |          23 |      1.26 KB
           <class 'odl.space.npy_ntuples.NumpyFnVector |          23 |      1.26 KB
                                         <class 'tuple |          13 |   1016     B
                                          <class 'list |           4 |    656     B
                                          <class 'cell |           9 |    432     B
                      <class 'functools._lru_list_elem |           4 |    320     B
                                      function (_call) |           2 |    272     B
                                   function (__init__) |           2 |    272     B
                           <class 'inspect.FullArgSpec |           2 |    208     B
                                         <class 'float |           8 |    192     B
  <class 'odl.operator.operator.OperatorLeftScalarMult |           3 |    168     B
iter = 46
CPU usage (% each core): [62.9, 48.8, 46.4, 61.2, 52.3, 43.2, 45.3, 51.1]
RAM usage: svmem(total=67514511360, available=23879589888, percent=64.6, used=42792976384, free=21543792640, active=41954181120, inactive=2789560320, buffers=756617216, cached=2421125120, shared=88395776)
SWAP usage: sswap(total=4294963200, used=3922608128, free=372355072, percent=91.3, sin=33931870208, sout=56415973376)
                                                 types |   # objects |   total size
====================================================== | =========== | ============
                                 <class 'numpy.ndarray |          23 |    350.95 MB
                                          <class 'dict |          60 |      7.34 KB
                                         <class 'bytes |          21 |      2.45 KB
                                          <class 'type |           2 |      2.06 KB
          <class 'odl.discr.lp_discr.DiscreteLpElement |          23 |      1.26 KB
           <class 'odl.space.npy_ntuples.NumpyFnVector |          23 |      1.26 KB
                                         <class 'tuple |          13 |   1016     B
                                          <class 'list |           4 |    656     B
                                          <class 'cell |           9 |    432     B
                      <class 'functools._lru_list_elem |           4 |    320     B
                                      function (_call) |           2 |    272     B
                                   function (__init__) |           2 |    272     B
                           <class 'inspect.FullArgSpec |           2 |    208     B
                                         <class 'float |           8 |    192     B
  <class 'odl.operator.operator.OperatorLeftScalarMult |           3 |    168     B
iter = 47
CPU usage (% each core): [47.1, 62.6, 50.5, 57.8, 41.4, 61.5, 44.4, 39.7]
RAM usage: svmem(total=67514511360, available=23845294080, percent=64.7, used=42827272192, free=21509480448, active=41988669440, inactive=2789556224, buffers=756629504, cached=2421129216, shared=88395776)
SWAP usage: sswap(total=4294963200, used=3922558976, free=372404224, percent=91.3, sin=33931943936, sout=56415973376)
                                                 types |   # objects |   total size
====================================================== | =========== | ============
                                 <class 'numpy.ndarray |          23 |    350.95 MB
                                          <class 'dict |          60 |      7.34 KB
                                         <class 'bytes |          21 |      2.45 KB
                                          <class 'type |           2 |      2.06 KB
          <class 'odl.discr.lp_discr.DiscreteLpElement |          23 |      1.26 KB
           <class 'odl.space.npy_ntuples.NumpyFnVector |          23 |      1.26 KB
                                         <class 'tuple |          13 |   1016     B
                                          <class 'list |           4 |    800     B
                                          <class 'cell |           9 |    432     B
                      <class 'functools._lru_list_elem |           4 |    320     B
                                      function (_call) |           2 |    272     B
                                   function (__init__) |           2 |    272     B
                           <class 'inspect.FullArgSpec |           2 |    208     B
                                         <class 'float |           8 |    192     B
  <class 'odl.operator.operator.OperatorLeftScalarMult |           3 |    168     B
iter = 48
CPU usage (% each core): [46.7, 45.3, 49.8, 52.0, 46.7, 52.2, 43.7, 72.8]
RAM usage: svmem(total=67514511360, available=22807445504, percent=66.2, used=43865120768, free=20471615488, active=43024809984, inactive=2789556224, buffers=756637696, cached=2421137408, shared=88395776)
SWAP usage: sswap(total=4294963200, used=3922550784, free=372412416, percent=91.3, sin=33931943936, sout=56415973376)
                                                 types |   # objects |   total size
====================================================== | =========== | ============
                                 <class 'numpy.ndarray |          23 |    350.95 MB
                                          <class 'dict |          60 |      7.34 KB
                                         <class 'bytes |          21 |      2.45 KB
                                          <class 'type |           2 |      2.06 KB
          <class 'odl.discr.lp_discr.DiscreteLpElement |          23 |      1.26 KB
           <class 'odl.space.npy_ntuples.NumpyFnVector |          23 |      1.26 KB
                                         <class 'tuple |          13 |   1016     B
                                          <class 'list |           4 |    520     B
                                          <class 'cell |           9 |    432     B
                      <class 'functools._lru_list_elem |           4 |    320     B
                                      function (_call) |           2 |    272     B
                                   function (__init__) |           2 |    272     B
                           <class 'inspect.FullArgSpec |           2 |    208     B
                                         <class 'float |           8 |    192     B
  <class 'odl.operator.operator.OperatorLeftScalarMult |           3 |    168     B
iter = 49
CPU usage (% each core): [44.3, 54.8, 52.5, 58.5, 52.3, 40.0, 43.5, 75.6]
RAM usage: svmem(total=67514511360, available=22765498368, percent=66.3, used=43907067904, free=20429647872, active=43066568704, inactive=2789564416, buffers=756654080, cached=2421141504, shared=88395776)
SWAP usage: sswap(total=4294963200, used=3922542592, free=372420608, percent=91.3, sin=33931943936, sout=56415973376)
                                                 types |   # objects |   total size
====================================================== | =========== | ============
                                 <class 'numpy.ndarray |          23 |    350.95 MB
                                          <class 'dict |          60 |      7.34 KB
                                          <class 'type |           2 |      2.06 KB
          <class 'odl.discr.lp_discr.DiscreteLpElement |          23 |      1.26 KB
           <class 'odl.space.npy_ntuples.NumpyFnVector |          23 |      1.26 KB
                                         <class 'tuple |          13 |   1016     B
                                          <class 'cell |           9 |    432     B
                      <class 'functools._lru_list_elem |           4 |    320     B
                                      function (_call) |           2 |    272     B
                                   function (__init__) |           2 |    272     B
                           <class 'inspect.FullArgSpec |           2 |    208     B
                                         <class 'float |           8 |    192     B
  <class 'odl.operator.operator.OperatorLeftScalarMult |           3 |    168     B
                                       <class 'weakref |           2 |    160     B
                                           <class 'int |           2 |     64     B
iter = 50
CPU usage (% each core): [49.1, 60.9, 57.1, 42.9, 45.3, 63.6, 44.5, 50.0]
RAM usage: svmem(total=67514511360, available=22730563584, percent=66.3, used=43942002688, free=20394700800, active=43101069312, inactive=2789556224, buffers=756654080, cached=2421153792, shared=88395776)
SWAP usage: sswap(total=4294963200, used=3922538496, free=372424704, percent=91.3, sin=33931943936, sout=56415973376)
                                                 types |   # objects |   total size
====================================================== | =========== | ============
                                 <class 'numpy.ndarray |          23 |    350.95 MB
                                          <class 'dict |          63 |      8.96 KB
                                         <class 'bytes |          21 |      2.45 KB
                                          <class 'type |           2 |      2.06 KB
          <class 'odl.discr.lp_discr.DiscreteLpElement |          23 |      1.26 KB
           <class 'odl.space.npy_ntuples.NumpyFnVector |          23 |      1.26 KB
                                         <class 'tuple |          12 |    952     B
                                          <class 'list |           2 |    536     B
                                          <class 'cell |           9 |    432     B
                                      function (_call) |           2 |    272     B
                                   function (__init__) |           2 |    272     B
                      <class 'functools._lru_list_elem |           3 |    240     B
                                         <class 'float |           8 |    192     B
  <class 'odl.operator.operator.OperatorLeftScalarMult |           3 |    168     B
                                       <class 'weakref |           2 |    160     B
iter = 51
CPU usage (% each core): [46.8, 59.0, 57.5, 46.1, 45.8, 64.6, 44.9, 47.4]
RAM usage: svmem(total=67514511360, available=21692776448, percent=67.9, used=44979789824, free=19356909568, active=44137148416, inactive=2789560320, buffers=756658176, cached=2421153792, shared=88395776)
SWAP usage: sswap(total=4294963200, used=3922538496, free=372424704, percent=91.3, sin=33931943936, sout=56415973376)
                                                 types |   # objects |   total size
====================================================== | =========== | ============
                                 <class 'numpy.ndarray |          23 |    350.95 MB
                                          <class 'dict |          57 |      5.71 KB
                                         <class 'bytes |          21 |      2.45 KB
                                          <class 'type |           2 |      2.06 KB
          <class 'odl.discr.lp_discr.DiscreteLpElement |          23 |      1.26 KB
           <class 'odl.space.npy_ntuples.NumpyFnVector |          23 |      1.26 KB
                                         <class 'tuple |           8 |    696     B
                                          <class 'cell |           9 |    432     B
                                      function (_call) |           2 |    272     B
                                   function (__init__) |           2 |    272     B
                                          <class 'list |           0 |    272     B
                                         <class 'float |           8 |    192     B
  <class 'odl.operator.operator.OperatorLeftScalarMult |           3 |    168     B
                                       <class 'weakref |           2 |    160     B
                      <class 'functools._lru_list_elem |           2 |    160     B
iter = 52
CPU usage (% each core): [62.6, 45.8, 45.0, 58.4, 64.4, 60.9, 48.7, 53.8]
RAM usage: svmem(total=67514511360, available=21651755008, percent=67.9, used=45020811264, free=19315875840, active=44178288640, inactive=2789564416, buffers=756666368, cached=2421157888, shared=88395776)
SWAP usage: sswap(total=4294963200, used=3922538496, free=372424704, percent=91.3, sin=33931943936, sout=56415973376)
                                                 types |   # objects |   total size
====================================================== | =========== | ============
                                 <class 'numpy.ndarray |          23 |    350.95 MB
                                          <class 'dict |          60 |      7.34 KB
                                         <class 'bytes |          21 |      2.45 KB
                                          <class 'type |           2 |      2.06 KB
          <class 'odl.discr.lp_discr.DiscreteLpElement |          23 |      1.26 KB
           <class 'odl.space.npy_ntuples.NumpyFnVector |          23 |      1.26 KB
                                         <class 'tuple |           9 |    760     B
                                          <class 'cell |           9 |    432     B
                                          <class 'list |           0 |    336     B
                                      function (_call) |           2 |    272     B
                                   function (__init__) |           2 |    272     B
                                         <class 'float |           8 |    192     B
  <class 'odl.operator.operator.OperatorLeftScalarMult |           3 |    168     B
                                       <class 'weakref |           2 |    160     B
                      <class 'functools._lru_list_elem |           2 |    160     B
iter = 53
CPU usage (% each core): [49.8, 47.6, 66.5, 40.1, 62.7, 51.0, 43.9, 51.5]
RAM usage: svmem(total=67514511360, available=21616586752, percent=68.0, used=45055979520, free=19280703488, active=44212420608, inactive=2789568512, buffers=756666368, cached=2421161984, shared=88395776)
SWAP usage: sswap(total=4294963200, used=3922538496, free=372424704, percent=91.3, sin=33931943936, sout=56415973376)
                                                 types |   # objects |   total size
====================================================== | =========== | ============
                                 <class 'numpy.ndarray |          23 |    350.95 MB
                                          <class 'dict |          60 |      7.34 KB
                                          <class 'type |           2 |      2.06 KB
          <class 'odl.discr.lp_discr.DiscreteLpElement |          23 |      1.26 KB
           <class 'odl.space.npy_ntuples.NumpyFnVector |          23 |      1.26 KB
                                         <class 'tuple |           9 |    760     B
                                          <class 'cell |           9 |    432     B
                                      function (_call) |           2 |    272     B
                                   function (__init__) |           2 |    272     B
                                         <class 'float |           8 |    192     B
  <class 'odl.operator.operator.OperatorLeftScalarMult |           3 |    168     B
                                       <class 'weakref |           2 |    160     B
                      <class 'functools._lru_list_elem |           2 |    160     B
                                           <class 'int |           2 |     64     B
     <class 'odl.operator.default_ops.IdentityOperator |           1 |     56     B
iter = 54
CPU usage (% each core): [49.0, 63.6, 42.8, 51.2, 54.3, 52.6, 45.2, 50.5]
RAM usage: svmem(total=67514511360, available=20578488320, percent=69.5, used=46094077952, free=18242596864, active=45248516096, inactive=2789564416, buffers=756666368, cached=2421170176, shared=88395776)
SWAP usage: sswap(total=4294963200, used=3922526208, free=372436992, percent=91.3, sin=33931943936, sout=56415973376)
                                                 types |   # objects |   total size
====================================================== | =========== | ============
                                 <class 'numpy.ndarray |          23 |    350.95 MB
                                          <class 'dict |          60 |      7.34 KB
                                         <class 'bytes |          21 |      2.45 KB
                                          <class 'type |           2 |      2.06 KB
          <class 'odl.discr.lp_discr.DiscreteLpElement |          23 |      1.26 KB
           <class 'odl.space.npy_ntuples.NumpyFnVector |          23 |      1.26 KB
                                         <class 'tuple |           9 |    760     B
                                          <class 'cell |           9 |    432     B
                                          <class 'list |           0 |    336     B
                                      function (_call) |           2 |    272     B
                                   function (__init__) |           2 |    272     B
                                         <class 'float |           8 |    192     B
  <class 'odl.operator.operator.OperatorLeftScalarMult |           3 |    168     B
                                       <class 'weakref |           2 |    160     B
                      <class 'functools._lru_list_elem |           2 |    160     B
iter = 55
CPU usage (% each core): [45.7, 56.2, 48.3, 67.5, 57.4, 44.7, 45.7, 67.8]
RAM usage: svmem(total=67514511360, available=20538171392, percent=69.6, used=46134398976, free=18202267648, active=45289832448, inactive=2789556224, buffers=756674560, cached=2421170176, shared=88391680)
SWAP usage: sswap(total=4294963200, used=3922518016, free=372445184, percent=91.3, sin=33931943936, sout=56415973376)
                                                 types |   # objects |   total size
====================================================== | =========== | ============
                                 <class 'numpy.ndarray |          23 |    350.95 MB
                                          <class 'dict |          60 |      7.34 KB
                                         <class 'bytes |          21 |      2.45 KB
                                          <class 'type |           2 |      2.06 KB
          <class 'odl.discr.lp_discr.DiscreteLpElement |          23 |      1.26 KB
           <class 'odl.space.npy_ntuples.NumpyFnVector |          23 |      1.26 KB
                                         <class 'tuple |           9 |    760     B
                                          <class 'cell |           9 |    432     B
                                          <class 'list |           0 |    336     B
                                      function (_call) |           2 |    272     B
                                   function (__init__) |           2 |    272     B
                                         <class 'float |           8 |    192     B
  <class 'odl.operator.operator.OperatorLeftScalarMult |           3 |    168     B
                                       <class 'weakref |           2 |    160     B
                      <class 'functools._lru_list_elem |           2 |    160     B
iter = 56
CPU usage (% each core): [58.1, 48.1, 48.3, 54.7, 66.4, 45.3, 47.9, 42.3]
RAM usage: svmem(total=67514511360, available=20502888448, percent=69.6, used=46169677824, free=18166976512, active=45324320768, inactive=2789593088, buffers=756678656, cached=2421178368, shared=88395776)
SWAP usage: sswap(total=4294963200, used=3922513920, free=372449280, percent=91.3, sin=33931972608, sout=56415973376)
                                                 types |   # objects |   total size
====================================================== | =========== | ============
                                 <class 'numpy.ndarray |          23 |    350.95 MB
                                          <class 'dict |          60 |      7.34 KB
                                         <class 'bytes |          21 |      2.45 KB
                                          <class 'type |           2 |      2.06 KB
          <class 'odl.discr.lp_discr.DiscreteLpElement |          23 |      1.26 KB
           <class 'odl.space.npy_ntuples.NumpyFnVector |          23 |      1.26 KB
                                         <class 'tuple |           9 |    760     B
                                          <class 'list |           0 |    480     B
                                          <class 'cell |           9 |    432     B
                                      function (_call) |           2 |    272     B
                                   function (__init__) |           2 |    272     B
                                         <class 'float |           8 |    192     B
  <class 'odl.operator.operator.OperatorLeftScalarMult |           3 |    168     B
                                       <class 'weakref |           2 |    160     B
                      <class 'functools._lru_list_elem |           2 |    160     B
iter = 57
CPU usage (% each core): [44.6, 53.2, 68.9, 42.7, 42.1, 64.2, 44.9, 45.5]
RAM usage: svmem(total=67514511360, available=19465498624, percent=71.2, used=47207067648, free=17129582592, active=46360006656, inactive=2789588992, buffers=756682752, cached=2421178368, shared=88395776)
SWAP usage: sswap(total=4294963200, used=3922513920, free=372449280, percent=91.3, sin=33931972608, sout=56415973376)
                                                 types |   # objects |   total size
====================================================== | =========== | ============
                                 <class 'numpy.ndarray |          23 |    350.95 MB
                                          <class 'dict |          60 |      7.34 KB
                                         <class 'bytes |          21 |      2.45 KB
                                          <class 'type |           2 |      2.06 KB
          <class 'odl.discr.lp_discr.DiscreteLpElement |          23 |      1.26 KB
           <class 'odl.space.npy_ntuples.NumpyFnVector |          23 |      1.26 KB
                                         <class 'tuple |           9 |    760     B
                                          <class 'cell |           9 |    432     B
                                      function (_call) |           2 |    272     B
                                   function (__init__) |           2 |    272     B
                                          <class 'list |           0 |    200     B
                                         <class 'float |           8 |    192     B
  <class 'odl.operator.operator.OperatorLeftScalarMult |           3 |    168     B
                                       <class 'weakref |           2 |    160     B
                      <class 'functools._lru_list_elem |           2 |    160     B
iter = 58
CPU usage (% each core): [58.3, 67.8, 45.8, 43.1, 48.5, 47.5, 48.7, 44.7]
RAM usage: svmem(total=67514511360, available=19423604736, percent=71.2, used=47248961536, free=17087668224, active=46401589248, inactive=2789597184, buffers=756686848, cached=2421194752, shared=88395776)
SWAP usage: sswap(total=4294963200, used=3922501632, free=372461568, percent=91.3, sin=33931972608, sout=56415973376)
                                                 types |   # objects |   total size
====================================================== | =========== | ============
                                 <class 'numpy.ndarray |          23 |    350.95 MB
                                          <class 'dict |          60 |      7.34 KB
                                          <class 'type |           2 |      2.06 KB
          <class 'odl.discr.lp_discr.DiscreteLpElement |          23 |      1.26 KB
           <class 'odl.space.npy_ntuples.NumpyFnVector |          23 |      1.26 KB
                                         <class 'tuple |           9 |    760     B
                                          <class 'cell |           9 |    432     B
                                      function (_call) |           2 |    272     B
                                   function (__init__) |           2 |    272     B
                                         <class 'float |           8 |    192     B
  <class 'odl.operator.operator.OperatorLeftScalarMult |           3 |    168     B
                                       <class 'weakref |           2 |    160     B
                      <class 'functools._lru_list_elem |           2 |    160     B
                                           <class 'int |           2 |     64     B
     <class 'odl.operator.default_ops.IdentityOperator |           1 |     56     B
iter = 59
CPU usage (% each core): [42.5, 63.2, 48.4, 51.3, 51.1, 63.4, 43.4, 42.0]
RAM usage: svmem(total=67514511360, available=19390054400, percent=71.3, used=47282499584, free=17054105600, active=46436319232, inactive=2789601280, buffers=756703232, cached=2421202944, shared=88395776)
SWAP usage: sswap(total=4294963200, used=3922485248, free=372477952, percent=91.3, sin=33931988992, sout=56415973376)
                                                 types |   # objects |   total size
====================================================== | =========== | ============
                                 <class 'numpy.ndarray |          23 |    350.95 MB
                                          <class 'dict |          60 |      7.34 KB
                                         <class 'bytes |          21 |      2.45 KB
                                          <class 'type |           2 |      2.06 KB
          <class 'odl.discr.lp_discr.DiscreteLpElement |          23 |      1.26 KB
           <class 'odl.space.npy_ntuples.NumpyFnVector |          23 |      1.26 KB
                                         <class 'tuple |           9 |    760     B
                                          <class 'cell |           9 |    432     B
                                          <class 'list |           0 |    376     B
                                      function (_call) |           2 |    272     B
                                   function (__init__) |           2 |    272     B
                                         <class 'float |           8 |    192     B
  <class 'odl.operator.operator.OperatorLeftScalarMult |           3 |    168     B
                                       <class 'weakref |           2 |    160     B
                      <class 'functools._lru_list_elem |           2 |    160     B
iter = 60
CPU usage (% each core): [50.5, 54.8, 46.0, 55.5, 40.8, 61.6, 43.7, 62.2]
RAM usage: svmem(total=67514511360, available=18351321088, percent=72.8, used=48321245184, free=16015347712, active=47472578560, inactive=2789593088, buffers=756715520, cached=2421202944, shared=88395776)
SWAP usage: sswap(total=4294963200, used=3922477056, free=372486144, percent=91.3, sin=33931988992, sout=56415973376)
                                                 types |   # objects |   total size
====================================================== | =========== | ============
                                 <class 'numpy.ndarray |          23 |    350.95 MB
                                          <class 'dict |          63 |      8.96 KB
                                         <class 'bytes |          21 |      2.45 KB
                                          <class 'type |           2 |      2.06 KB
          <class 'odl.discr.lp_discr.DiscreteLpElement |          23 |      1.26 KB
           <class 'odl.space.npy_ntuples.NumpyFnVector |          23 |      1.26 KB
                                         <class 'tuple |          10 |    824     B
                                          <class 'cell |           9 |    432     B
                                      function (_call) |           2 |    272     B
                                   function (__init__) |           2 |    272     B
                                          <class 'list |           0 |    272     B
                                         <class 'float |           8 |    192     B
  <class 'odl.operator.operator.OperatorLeftScalarMult |           3 |    168     B
                                       <class 'weakref |           2 |    160     B
                      <class 'functools._lru_list_elem |           2 |    160     B
iter = 61
CPU usage (% each core): [63.6, 63.6, 50.8, 59.5, 49.7, 49.4, 53.0, 47.2]
RAM usage: svmem(total=67514511360, available=18309480448, percent=72.9, used=48363085824, free=15973490688, active=47514050560, inactive=2789593088, buffers=756727808, cached=2421207040, shared=88395776)
SWAP usage: sswap(total=4294963200, used=3922477056, free=372486144, percent=91.3, sin=33931988992, sout=56415973376)
                                                 types |   # objects |   total size
====================================================== | =========== | ============
                                 <class 'numpy.ndarray |          23 |    350.95 MB
                                          <class 'dict |          57 |      5.71 KB
                                         <class 'bytes |          21 |      2.45 KB
                                          <class 'type |           2 |      2.06 KB
          <class 'odl.discr.lp_discr.DiscreteLpElement |          23 |      1.26 KB
           <class 'odl.space.npy_ntuples.NumpyFnVector |          23 |      1.26 KB
                                         <class 'tuple |           8 |    696     B
                                          <class 'cell |           9 |    432     B
                                          <class 'list |           0 |    336     B
                                      function (_call) |           2 |    272     B
                                   function (__init__) |           2 |    272     B
                                         <class 'float |           8 |    192     B
  <class 'odl.operator.operator.OperatorLeftScalarMult |           3 |    168     B
                                       <class 'weakref |           2 |    160     B
                      <class 'functools._lru_list_elem |           2 |    160     B
iter = 62
CPU usage (% each core): [62.7, 47.0, 46.8, 45.8, 70.6, 48.5, 43.9, 50.1]
RAM usage: svmem(total=67514511360, available=18275426304, percent=72.9, used=48397135872, free=15939428352, active=47548203008, inactive=2789601280, buffers=756731904, cached=2421215232, shared=88395776)
SWAP usage: sswap(total=4294963200, used=3922477056, free=372486144, percent=91.3, sin=33931988992, sout=56415973376)
                                                 types |   # objects |   total size
====================================================== | =========== | ============
                                 <class 'numpy.ndarray |          23 |    350.95 MB
                                          <class 'dict |          60 |      7.34 KB
                                          <class 'type |           2 |      2.06 KB
          <class 'odl.discr.lp_discr.DiscreteLpElement |          23 |      1.26 KB
           <class 'odl.space.npy_ntuples.NumpyFnVector |          23 |      1.26 KB
                                         <class 'tuple |           9 |    760     B
                                          <class 'cell |           9 |    432     B
                                      function (_call) |           2 |    272     B
                                   function (__init__) |           2 |    272     B
                                         <class 'float |           8 |    192     B
  <class 'odl.operator.operator.OperatorLeftScalarMult |           3 |    168     B
                                       <class 'weakref |           2 |    160     B
                      <class 'functools._lru_list_elem |           2 |    160     B
                                           <class 'int |           2 |     64     B
     <class 'odl.operator.default_ops.IdentityOperator |           1 |     56     B
iter = 63
CPU usage (% each core): [57.9, 61.6, 45.7, 42.3, 53.5, 57.6, 44.6, 50.5]
RAM usage: svmem(total=67514511360, available=17236877312, percent=74.5, used=49435688960, free=14900854784, active=48583757824, inactive=2789609472, buffers=756744192, cached=2421223424, shared=88395776)
SWAP usage: sswap(total=4294963200, used=3922477056, free=372486144, percent=91.3, sin=33931988992, sout=56415973376)
                                                 types |   # objects |   total size
====================================================== | =========== | ============
                                 <class 'numpy.ndarray |          23 |    350.95 MB
                                          <class 'dict |          60 |      7.34 KB
                                         <class 'bytes |          21 |      2.45 KB
                                          <class 'type |           2 |      2.06 KB
          <class 'odl.discr.lp_discr.DiscreteLpElement |          23 |      1.26 KB
           <class 'odl.space.npy_ntuples.NumpyFnVector |          23 |      1.26 KB
                                         <class 'tuple |           9 |    760     B
                                          <class 'cell |           9 |    432     B
                                          <class 'list |           0 |    336     B
                                      function (_call) |           2 |    272     B
                                   function (__init__) |           2 |    272     B
                                         <class 'float |           8 |    192     B
  <class 'odl.operator.operator.OperatorLeftScalarMult |           3 |    168     B
                                       <class 'weakref |           2 |    160     B
                      <class 'functools._lru_list_elem |           2 |    160     B
iter = 64
CPU usage (% each core): [65.3, 53.7, 49.7, 54.3, 58.7, 43.3, 48.1, 61.0]
RAM usage: svmem(total=67514511360, available=17196924928, percent=74.5, used=49475641344, free=14860894208, active=48625065984, inactive=2789605376, buffers=756748288, cached=2421227520, shared=88395776)
SWAP usage: sswap(total=4294963200, used=3922468864, free=372494336, percent=91.3, sin=33931988992, sout=56415973376)
                                                 types |   # objects |   total size
====================================================== | =========== | ============
                                 <class 'numpy.ndarray |          23 |    350.95 MB
                                          <class 'dict |          60 |      7.34 KB
                                         <class 'bytes |          21 |      2.45 KB
                                          <class 'type |           2 |      2.06 KB
          <class 'odl.discr.lp_discr.DiscreteLpElement |          23 |      1.26 KB
           <class 'odl.space.npy_ntuples.NumpyFnVector |          23 |      1.26 KB
                                         <class 'tuple |           9 |    760     B
                                          <class 'cell |           9 |    432     B
                                          <class 'list |           0 |    336     B
                                      function (_call) |           2 |    272     B
                                   function (__init__) |           2 |    272     B
                                         <class 'float |           8 |    192     B
  <class 'odl.operator.operator.OperatorLeftScalarMult |           3 |    168     B
                                       <class 'weakref |           2 |    160     B
                      <class 'functools._lru_list_elem |           2 |    160     B
iter = 65
CPU usage (% each core): [54.2, 65.4, 45.5, 44.4, 45.8, 65.0, 44.5, 44.4]
RAM usage: svmem(total=67514511360, available=17162956800, percent=74.6, used=49509605376, free=14826913792, active=48659714048, inactive=2789605376, buffers=756760576, cached=2421231616, shared=88395776)
SWAP usage: sswap(total=4294963200, used=3922464768, free=372498432, percent=91.3, sin=33931988992, sout=56415973376)
                                                 types |   # objects |   total size
====================================================== | =========== | ============
                                 <class 'numpy.ndarray |          23 |    350.95 MB
                                          <class 'dict |          60 |      7.34 KB
                                         <class 'bytes |          21 |      2.45 KB
                                          <class 'type |           2 |      2.06 KB
          <class 'odl.discr.lp_discr.DiscreteLpElement |          23 |      1.26 KB
           <class 'odl.space.npy_ntuples.NumpyFnVector |          23 |      1.26 KB
                                         <class 'tuple |           9 |    760     B
                                          <class 'list |           0 |    480     B
                                          <class 'cell |           9 |    432     B
                                      function (_call) |           2 |    272     B
                                   function (__init__) |           2 |    272     B
                                         <class 'float |           8 |    192     B
  <class 'odl.operator.operator.OperatorLeftScalarMult |           3 |    168     B
                                       <class 'weakref |           2 |    160     B
                      <class 'functools._lru_list_elem |           2 |    160     B
iter = 66
CPU usage (% each core): [50.7, 59.0, 51.4, 62.9, 46.5, 52.3, 45.2, 49.4]
RAM usage: svmem(total=67514511360, available=16123793408, percent=76.1, used=50548772864, free=13787725824, active=49695657984, inactive=2789605376, buffers=756781056, cached=2421231616, shared=88395776)
SWAP usage: sswap(total=4294963200, used=3922464768, free=372498432, percent=91.3, sin=33931988992, sout=56415973376)
                                                 types |   # objects |   total size
====================================================== | =========== | ============
                                 <class 'numpy.ndarray |          23 |    350.95 MB
                                          <class 'dict |          60 |      7.34 KB
                                         <class 'bytes |          21 |      2.45 KB
                                          <class 'type |           2 |      2.06 KB
          <class 'odl.discr.lp_discr.DiscreteLpElement |          23 |      1.26 KB
           <class 'odl.space.npy_ntuples.NumpyFnVector |          23 |      1.26 KB
                                         <class 'tuple |           9 |    760     B
                                          <class 'cell |           9 |    432     B
                                      function (_call) |           2 |    272     B
                                   function (__init__) |           2 |    272     B
                                          <class 'list |           0 |    200     B
                                         <class 'float |           8 |    192     B
  <class 'odl.operator.operator.OperatorLeftScalarMult |           3 |    168     B
                                       <class 'weakref |           2 |    160     B
                      <class 'functools._lru_list_elem |           2 |    160     B
iter = 67
CPU usage (% each core): [75.3, 46.9, 46.5, 44.8, 56.2, 44.5, 42.4, 43.3]
RAM usage: svmem(total=67514511360, available=16082886656, percent=76.2, used=50589675520, free=13746794496, active=49737326592, inactive=2789617664, buffers=756793344, cached=2421248000, shared=88395776)
SWAP usage: sswap(total=4294963200, used=3922464768, free=372498432, percent=91.3, sin=33931988992, sout=56415973376)
                                                 types |   # objects |   total size
====================================================== | =========== | ============
                                 <class 'numpy.ndarray |          23 |    350.95 MB
                                          <class 'dict |          60 |      7.34 KB
                                          <class 'type |           2 |      2.06 KB
          <class 'odl.discr.lp_discr.DiscreteLpElement |          23 |      1.26 KB
           <class 'odl.space.npy_ntuples.NumpyFnVector |          23 |      1.26 KB
                                         <class 'tuple |           9 |    760     B
                                          <class 'cell |           9 |    432     B
                                      function (_call) |           2 |    272     B
                                   function (__init__) |           2 |    272     B
                                         <class 'float |           8 |    192     B
  <class 'odl.operator.operator.OperatorLeftScalarMult |           3 |    168     B
                                       <class 'weakref |           2 |    160     B
                      <class 'functools._lru_list_elem |           2 |    160     B
     <class 'odl.operator.default_ops.IdentityOperator |           1 |     56     B
      <class 'odl.operator.default_ops.ScalingOperator |           1 |     56     B
iter = 68
CPU usage (% each core): [45.7, 60.9, 55.2, 53.3, 48.8, 63.3, 45.1, 46.5]
RAM usage: svmem(total=67514511360, available=16048353280, percent=76.2, used=50624212992, free=13712244736, active=49772007424, inactive=2789621760, buffers=756805632, cached=2421248000, shared=88395776)
SWAP usage: sswap(total=4294963200, used=3922464768, free=372498432, percent=91.3, sin=33931988992, sout=56415973376)
                                                 types |   # objects |   total size
====================================================== | =========== | ============
                                 <class 'numpy.ndarray |          23 |    350.95 MB
                                          <class 'dict |          60 |      7.34 KB
                                         <class 'bytes |          21 |      2.45 KB
                                          <class 'type |           2 |      2.06 KB
          <class 'odl.discr.lp_discr.DiscreteLpElement |          23 |      1.26 KB
           <class 'odl.space.npy_ntuples.NumpyFnVector |          23 |      1.26 KB
                                         <class 'tuple |           9 |    760     B
                                          <class 'cell |           9 |    432     B
                                          <class 'list |           0 |    376     B
                                      function (_call) |           2 |    272     B
                                   function (__init__) |           2 |    272     B
                                         <class 'float |           8 |    192     B
  <class 'odl.operator.operator.OperatorLeftScalarMult |           3 |    168     B
                                       <class 'weakref |           2 |    160     B
                      <class 'functools._lru_list_elem |           2 |    160     B
iter = 69
CPU usage (% each core): [48.2, 63.0, 54.7, 40.9, 49.3, 62.9, 42.7, 44.5]
RAM usage: svmem(total=67514511360, available=15010209792, percent=77.8, used=51662356480, free=12674088960, active=50807582720, inactive=2789625856, buffers=756813824, cached=2421252096, shared=88395776)
SWAP usage: sswap(total=4294963200, used=3922464768, free=372498432, percent=91.3, sin=33931988992, sout=56415973376)
                                                 types |   # objects |   total size
====================================================== | =========== | ============
                                 <class 'numpy.ndarray |          23 |    350.95 MB
                                          <class 'dict |          60 |      7.34 KB
                                         <class 'bytes |          21 |      2.45 KB
                                          <class 'type |           2 |      2.06 KB
          <class 'odl.discr.lp_discr.DiscreteLpElement |          23 |      1.26 KB
           <class 'odl.space.npy_ntuples.NumpyFnVector |          23 |      1.26 KB
                                         <class 'tuple |           9 |    760     B
                                          <class 'cell |           9 |    432     B
                                      function (_call) |           2 |    272     B
                                   function (__init__) |           2 |    272     B
                                          <class 'list |           0 |    272     B
                                         <class 'float |           8 |    192     B
  <class 'odl.operator.operator.OperatorLeftScalarMult |           3 |    168     B
                                       <class 'weakref |           2 |    160     B
                      <class 'functools._lru_list_elem |           2 |    160     B
iter = 70
CPU usage (% each core): [57.6, 53.7, 48.3, 46.0, 52.5, 54.3, 49.0, 48.6]
RAM usage: svmem(total=67514511360, available=14969868288, percent=77.8, used=51702697984, free=12633731072, active=50848464896, inactive=2789625856, buffers=756826112, cached=2421256192, shared=88395776)
SWAP usage: sswap(total=4294963200, used=3922460672, free=372502528, percent=91.3, sin=33931988992, sout=56415973376)
                                                 types |   # objects |   total size
====================================================== | =========== | ============
                                 <class 'numpy.ndarray |          23 |    350.95 MB
                                          <class 'dict |          60 |      7.34 KB
                                         <class 'bytes |          21 |      2.45 KB
                                          <class 'type |           2 |      2.06 KB
          <class 'odl.discr.lp_discr.DiscreteLpElement |          23 |      1.26 KB
           <class 'odl.space.npy_ntuples.NumpyFnVector |          23 |      1.26 KB
                                         <class 'tuple |           9 |    760     B
                                          <class 'cell |           9 |    432     B
                                          <class 'list |           0 |    336     B
                                      function (_call) |           2 |    272     B
                                   function (__init__) |           2 |    272     B
                                         <class 'float |           8 |    192     B
  <class 'odl.operator.operator.OperatorLeftScalarMult |           3 |    168     B
                                       <class 'weakref |           2 |    160     B
                      <class 'functools._lru_list_elem |           2 |    160     B
iter = 71
CPU usage (% each core): [41.0, 63.0, 57.2, 43.5, 38.9, 60.2, 45.5, 45.2]
RAM usage: svmem(total=67514511360, available=14933966848, percent=77.9, used=51738599424, free=12597821440, active=50883063808, inactive=2789617664, buffers=756834304, cached=2421256192, shared=88395776)
SWAP usage: sswap(total=4294963200, used=3922460672, free=372502528, percent=91.3, sin=33931988992, sout=56415973376)
                                                 types |   # objects |   total size
====================================================== | =========== | ============
                                 <class 'numpy.ndarray |          23 |    350.95 MB
                                          <class 'dict |          60 |     11.84 KB
                                          <class 'type |           2 |      2.06 KB
          <class 'odl.discr.lp_discr.DiscreteLpElement |          23 |      1.26 KB
           <class 'odl.space.npy_ntuples.NumpyFnVector |          23 |      1.26 KB
                                         <class 'tuple |           9 |    760     B
                                          <class 'cell |           9 |    432     B
                                      function (_call) |           2 |    272     B
                                   function (__init__) |           2 |    272     B
                                         <class 'float |           8 |    192     B
  <class 'odl.operator.operator.OperatorLeftScalarMult |           3 |    168     B
                                       <class 'weakref |           2 |    160     B
                      <class 'functools._lru_list_elem |           2 |    160     B
                                           <class 'int |           2 |     64     B
     <class 'odl.operator.default_ops.IdentityOperator |           1 |     56     B
iter = 72
CPU usage (% each core): [46.8, 65.4, 44.6, 48.1, 51.5, 71.9, 43.4, 47.2]
RAM usage: svmem(total=67514511360, available=13897048064, percent=79.4, used=52775518208, free=11560878080, active=51918893056, inactive=2789642240, buffers=756842496, cached=2421272576, shared=88395776)
SWAP usage: sswap(total=4294963200, used=3922460672, free=372502528, percent=91.3, sin=33931988992, sout=56415973376)
                                                 types |   # objects |   total size
====================================================== | =========== | ============
                                 <class 'numpy.ndarray |          23 |    350.95 MB
                                          <class 'dict |          60 |      7.34 KB
                                         <class 'bytes |          21 |      2.45 KB
                                          <class 'type |           2 |      2.06 KB
          <class 'odl.discr.lp_discr.DiscreteLpElement |          23 |      1.26 KB
           <class 'odl.space.npy_ntuples.NumpyFnVector |          23 |      1.26 KB
                                         <class 'tuple |           9 |    760     B
                                          <class 'cell |           9 |    432     B
                                          <class 'list |           0 |    336     B
                                      function (_call) |           2 |    272     B
                                   function (__init__) |           2 |    272     B
                                         <class 'float |           8 |    192     B
  <class 'odl.operator.operator.OperatorLeftScalarMult |           3 |    168     B
                                       <class 'weakref |           2 |    160     B
                      <class 'functools._lru_list_elem |           2 |    160     B
iter = 73
CPU usage (% each core): [50.2, 61.6, 49.3, 53.8, 41.9, 42.2, 41.5, 61.1]
RAM usage: svmem(total=67514511360, available=13857038336, percent=79.5, used=52815527936, free=11520835584, active=51960070144, inactive=2789650432, buffers=756867072, cached=2421280768, shared=88395776)
SWAP usage: sswap(total=4294963200, used=3922460672, free=372502528, percent=91.3, sin=33931988992, sout=56415973376)
                                                 types |   # objects |   total size
====================================================== | =========== | ============
                                 <class 'numpy.ndarray |          23 |    350.95 MB
                                          <class 'dict |          60 |      7.34 KB
                                         <class 'bytes |          21 |      2.45 KB
                                          <class 'type |           2 |      2.06 KB
          <class 'odl.discr.lp_discr.DiscreteLpElement |          23 |      1.26 KB
           <class 'odl.space.npy_ntuples.NumpyFnVector |          23 |      1.26 KB
                                         <class 'tuple |           9 |    760     B
                                          <class 'cell |           9 |    432     B
                                          <class 'list |           0 |    336     B
                                      function (_call) |           2 |    272     B
                                   function (__init__) |           2 |    272     B
                                         <class 'float |           8 |    192     B
  <class 'odl.operator.operator.OperatorLeftScalarMult |           3 |    168     B
                                       <class 'weakref |           2 |    160     B
                      <class 'functools._lru_list_elem |           2 |    160     B
iter = 74
CPU usage (% each core): [40.8, 53.3, 53.1, 48.1, 44.3, 57.8, 40.3, 56.8]
RAM usage: svmem(total=67514511360, available=13821718528, percent=79.5, used=52850843648, free=11485507584, active=51994337280, inactive=2789654528, buffers=756875264, cached=2421284864, shared=88395776)
SWAP usage: sswap(total=4294963200, used=3922460672, free=372502528, percent=91.3, sin=33931988992, sout=56415973376)
                                                 types |   # objects |   total size
====================================================== | =========== | ============
                                 <class 'numpy.ndarray |          23 |    350.95 MB
                                          <class 'dict |          60 |      7.34 KB
                                         <class 'bytes |          21 |      2.45 KB
                                          <class 'type |           2 |      2.06 KB
          <class 'odl.discr.lp_discr.DiscreteLpElement |          23 |      1.26 KB
           <class 'odl.space.npy_ntuples.NumpyFnVector |          23 |      1.26 KB
                                         <class 'tuple |           9 |    760     B
                                          <class 'list |           0 |    480     B
                                          <class 'cell |           9 |    432     B
                                      function (_call) |           2 |    272     B
                                   function (__init__) |           2 |    272     B
                                         <class 'float |           8 |    192     B
  <class 'odl.operator.operator.OperatorLeftScalarMult |           3 |    168     B
                                       <class 'weakref |           2 |    160     B
                      <class 'functools._lru_list_elem |           2 |    160     B
iter = 75
CPU usage (% each core): [49.4, 46.5, 49.2, 51.6, 63.6, 50.2, 42.8, 60.1]
RAM usage: svmem(total=67514511360, available=12784443392, percent=81.1, used=53888122880, free=10448207872, active=53029834752, inactive=2789658624, buffers=756891648, cached=2421288960, shared=88395776)
SWAP usage: sswap(total=4294963200, used=3922460672, free=372502528, percent=91.3, sin=33931988992, sout=56415973376)
                                                 types |   # objects |   total size
====================================================== | =========== | ============
                                 <class 'numpy.ndarray |          23 |    350.95 MB
                                          <class 'dict |          60 |      7.34 KB
                                         <class 'bytes |          21 |      2.45 KB
                                          <class 'type |           2 |      2.06 KB
          <class 'odl.discr.lp_discr.DiscreteLpElement |          23 |      1.26 KB
           <class 'odl.space.npy_ntuples.NumpyFnVector |          23 |      1.26 KB
                                         <class 'tuple |           9 |    760     B
                                          <class 'cell |           9 |    432     B
                                      function (_call) |           2 |    272     B
                                   function (__init__) |           2 |    272     B
                                          <class 'list |           0 |    200     B
                                         <class 'float |           8 |    192     B
  <class 'odl.operator.operator.OperatorLeftScalarMult |           3 |    168     B
                                       <class 'weakref |           2 |    160     B
                      <class 'functools._lru_list_elem |           2 |    160     B
iter = 76
CPU usage (% each core): [53.8, 44.8, 52.5, 43.8, 74.0, 45.6, 42.2, 43.6]
RAM usage: svmem(total=67514511360, available=12749447168, percent=81.1, used=53923123200, free=10413182976, active=53066289152, inactive=2789216256, buffers=756908032, cached=2421297152, shared=88391680)
SWAP usage: sswap(total=4294963200, used=3922395136, free=372568064, percent=91.3, sin=33932091392, sout=56415973376)
                                                 types |   # objects |   total size
====================================================== | =========== | ============
                                 <class 'numpy.ndarray |          23 |    350.95 MB
                                          <class 'dict |          60 |      7.34 KB
                                          <class 'type |           2 |      2.06 KB
          <class 'odl.discr.lp_discr.DiscreteLpElement |          23 |      1.26 KB
           <class 'odl.space.npy_ntuples.NumpyFnVector |          23 |      1.26 KB
                                         <class 'tuple |           9 |    760     B
                                          <class 'cell |           9 |    432     B
                                      function (_call) |           2 |    272     B
                                   function (__init__) |           2 |    272     B
                                         <class 'float |           8 |    192     B
  <class 'odl.operator.operator.OperatorLeftScalarMult |           3 |    168     B
                                       <class 'weakref |           2 |    160     B
                      <class 'functools._lru_list_elem |           2 |    160     B
                                           <class 'int |           2 |     64     B
     <class 'odl.operator.default_ops.IdentityOperator |           1 |     56     B
iter = 77
CPU usage (% each core): [81.1, 38.6, 55.0, 42.6, 54.3, 37.3, 42.3, 51.9]
RAM usage: svmem(total=67514511360, available=12714672128, percent=81.2, used=53957890048, free=10378391552, active=53100056576, inactive=2789203968, buffers=756924416, cached=2421305344, shared=88391680)
SWAP usage: sswap(total=4294963200, used=3922395136, free=372568064, percent=91.3, sin=33932091392, sout=56415973376)
                                                 types |   # objects |   total size
====================================================== | =========== | ============
                                 <class 'numpy.ndarray |          23 |    350.95 MB
                                          <class 'dict |          60 |      7.34 KB
                                         <class 'bytes |          21 |      2.45 KB
                                          <class 'type |           2 |      2.06 KB
          <class 'odl.discr.lp_discr.DiscreteLpElement |          23 |      1.26 KB
           <class 'odl.space.npy_ntuples.NumpyFnVector |          23 |      1.26 KB
                                         <class 'tuple |           9 |    760     B
                                          <class 'cell |           9 |    432     B
                                          <class 'list |           0 |    376     B
                                      function (_call) |           2 |    272     B
                                   function (__init__) |           2 |    272     B
                                         <class 'float |           8 |    192     B
  <class 'odl.operator.operator.OperatorLeftScalarMult |           3 |    168     B
                                       <class 'weakref |           2 |    160     B
                      <class 'functools._lru_list_elem |           2 |    160     B
iter = 78
CPU usage (% each core): [55.2, 53.6, 40.3, 42.6, 64.1, 46.8, 44.5, 41.3]
RAM usage: svmem(total=67514511360, available=11709165568, percent=82.7, used=54963404800, free=9372872704, active=54104969216, inactive=2789203968, buffers=756928512, cached=2421305344, shared=88391680)
SWAP usage: sswap(total=4294963200, used=3922391040, free=372572160, percent=91.3, sin=33932091392, sout=56415973376)
                                                 types |   # objects |   total size
====================================================== | =========== | ============
                                 <class 'numpy.ndarray |          23 |    350.95 MB
                                          <class 'dict |          60 |      7.34 KB
                                         <class 'bytes |          21 |      2.45 KB
                                          <class 'type |           2 |      2.06 KB
          <class 'odl.discr.lp_discr.DiscreteLpElement |          23 |      1.26 KB
           <class 'odl.space.npy_ntuples.NumpyFnVector |          23 |      1.26 KB
                                         <class 'tuple |           9 |    760     B
                                          <class 'cell |           9 |    432     B
                                      function (_call) |           2 |    272     B
                                   function (__init__) |           2 |    272     B
                                          <class 'list |           0 |    272     B
                                         <class 'float |           8 |    192     B
  <class 'odl.operator.operator.OperatorLeftScalarMult |           3 |    168     B
                                       <class 'weakref |           2 |    160     B
                      <class 'functools._lru_list_elem |           2 |    160     B
iter = 79
CPU usage (% each core): [60.9, 55.0, 42.3, 45.2, 48.6, 56.4, 44.6, 38.8]
RAM usage: svmem(total=67514511360, available=11667042304, percent=82.7, used=55005528064, free=9330737152, active=54146281472, inactive=2789212160, buffers=756936704, cached=2421309440, shared=88391680)
SWAP usage: sswap(total=4294963200, used=3922391040, free=372572160, percent=91.3, sin=33932091392, sout=56415973376)
                                                 types |   # objects |   total size
====================================================== | =========== | ============
                                 <class 'numpy.ndarray |          23 |    350.95 MB
                                          <class 'dict |          60 |      7.34 KB
                                         <class 'bytes |          21 |      2.45 KB
                                          <class 'type |           2 |      2.06 KB
          <class 'odl.discr.lp_discr.DiscreteLpElement |          23 |      1.26 KB
           <class 'odl.space.npy_ntuples.NumpyFnVector |          23 |      1.26 KB
                                         <class 'tuple |           9 |    760     B
                                          <class 'cell |           9 |    432     B
                                          <class 'list |           0 |    336     B
                                      function (_call) |           2 |    272     B
                                   function (__init__) |           2 |    272     B
                                         <class 'float |           8 |    192     B
  <class 'odl.operator.operator.OperatorLeftScalarMult |           3 |    168     B
                                       <class 'weakref |           2 |    160     B
                      <class 'functools._lru_list_elem |           2 |    160     B
iter = 80
CPU usage (% each core): [44.9, 48.8, 54.1, 49.9, 51.7, 59.3, 44.1, 46.9]
RAM usage: svmem(total=67514511360, available=11630956544, percent=82.8, used=55041613824, free=9294635008, active=54180212736, inactive=2789216256, buffers=756948992, cached=2421313536, shared=88391680)
SWAP usage: sswap(total=4294963200, used=3922391040, free=372572160, percent=91.3, sin=33932091392, sout=56415973376)
                                                 types |   # objects |   total size
====================================================== | =========== | ============
                                 <class 'numpy.ndarray |          23 |    350.95 MB
                                          <class 'dict |          60 |      7.34 KB
                                          <class 'type |           2 |      2.06 KB
          <class 'odl.discr.lp_discr.DiscreteLpElement |          23 |      1.26 KB
           <class 'odl.space.npy_ntuples.NumpyFnVector |          23 |      1.26 KB
                                         <class 'tuple |           9 |    760     B
                                          <class 'cell |           9 |    432     B
                                      function (_call) |           2 |    272     B
                                   function (__init__) |           2 |    272     B
                                         <class 'float |           8 |    192     B
  <class 'odl.operator.operator.OperatorLeftScalarMult |           3 |    168     B
                                       <class 'weakref |           2 |    160     B
                      <class 'functools._lru_list_elem |           2 |    160     B
                                           <class 'int |           2 |     64     B
     <class 'odl.operator.default_ops.IdentityOperator |           1 |     56     B
iter = 81
CPU usage (% each core): [54.0, 53.1, 46.9, 40.7, 48.3, 39.7, 43.0, 64.7]
RAM usage: svmem(total=67514511360, available=10595618816, percent=84.3, used=56076951552, free=8259276800, active=55216365568, inactive=2789224448, buffers=756957184, cached=2421325824, shared=88391680)
SWAP usage: sswap(total=4294963200, used=3922386944, free=372576256, percent=91.3, sin=33932091392, sout=56415973376)
                                                 types |   # objects |   total size
====================================================== | =========== | ============
                                 <class 'numpy.ndarray |          23 |    350.95 MB
                                          <class 'dict |          60 |      7.34 KB
                                         <class 'bytes |          21 |      2.45 KB
                                          <class 'type |           2 |      2.06 KB
          <class 'odl.discr.lp_discr.DiscreteLpElement |          23 |      1.26 KB
           <class 'odl.space.npy_ntuples.NumpyFnVector |          23 |      1.26 KB
                                         <class 'tuple |           9 |    760     B
                                          <class 'cell |           9 |    432     B
                                          <class 'list |           0 |    336     B
                                      function (_call) |           2 |    272     B
                                   function (__init__) |           2 |    272     B
                                         <class 'float |           8 |    192     B
  <class 'odl.operator.operator.OperatorLeftScalarMult |           3 |    168     B
                                       <class 'weakref |           2 |    160     B
                      <class 'functools._lru_list_elem |           2 |    160     B
iter = 82
CPU usage (% each core): [43.7, 48.1, 48.3, 46.7, 51.6, 42.8, 45.7, 64.8]
RAM usage: svmem(total=67514511360, available=10553102336, percent=84.4, used=56119468032, free=8216748032, active=55258210304, inactive=2789330944, buffers=756965376, cached=2421329920, shared=88391680)
SWAP usage: sswap(total=4294963200, used=3922300928, free=372662272, percent=91.3, sin=33932214272, sout=56415973376)
                                                 types |   # objects |   total size
====================================================== | =========== | ============
                                 <class 'numpy.ndarray |          23 |    350.95 MB
                                          <class 'dict |          60 |      7.34 KB
                                         <class 'bytes |          21 |      2.45 KB
                                          <class 'type |           2 |      2.06 KB
          <class 'odl.discr.lp_discr.DiscreteLpElement |          23 |      1.26 KB
           <class 'odl.space.npy_ntuples.NumpyFnVector |          23 |      1.26 KB
                                         <class 'tuple |           9 |    760     B
                                          <class 'cell |           9 |    432     B
                                          <class 'list |           0 |    336     B
                                      function (_call) |           2 |    272     B
                                   function (__init__) |           2 |    272     B
                                         <class 'float |           8 |    192     B
  <class 'odl.operator.operator.OperatorLeftScalarMult |           3 |    168     B
                                       <class 'weakref |           2 |    160     B
                      <class 'functools._lru_list_elem |           2 |    160     B
iter = 83
CPU usage (% each core): [62.0, 46.0, 39.6, 49.1, 42.4, 52.5, 45.9, 57.4]
RAM usage: svmem(total=67514511360, available=10518405120, percent=84.4, used=56154152960, free=8182050816, active=55292567552, inactive=2789326848, buffers=756973568, cached=2421334016, shared=88391680)
SWAP usage: sswap(total=4294963200, used=3922296832, free=372666368, percent=91.3, sin=33932214272, sout=56415973376)
                                                 types |   # objects |   total size
====================================================== | =========== | ============
                                 <class 'numpy.ndarray |          23 |    350.95 MB
                                          <class 'dict |          60 |      7.34 KB
                                         <class 'bytes |          21 |      2.45 KB
                                          <class 'type |           2 |      2.06 KB
          <class 'odl.discr.lp_discr.DiscreteLpElement |          23 |      1.26 KB
           <class 'odl.space.npy_ntuples.NumpyFnVector |          23 |      1.26 KB
                                         <class 'tuple |           9 |    760     B
                                          <class 'list |           0 |    480     B
                                          <class 'cell |           9 |    432     B
                                      function (_call) |           2 |    272     B
                                   function (__init__) |           2 |    272     B
                                         <class 'float |           8 |    192     B
  <class 'odl.operator.operator.OperatorLeftScalarMult |           3 |    168     B
                                       <class 'weakref |           2 |    160     B
                      <class 'functools._lru_list_elem |           2 |    160     B
iter = 84
CPU usage (% each core): [46.7, 62.5, 42.6, 44.2, 40.1, 66.6, 43.3, 48.4]
RAM usage: svmem(total=67514511360, available=9480773632, percent=86.0, used=57191796736, free=7144407040, active=56327897088, inactive=2789330944, buffers=756973568, cached=2421334016, shared=88391680)
SWAP usage: sswap(total=4294963200, used=3922296832, free=372666368, percent=91.3, sin=33932214272, sout=56415973376)
                                                 types |   # objects |   total size
====================================================== | =========== | ============
                                 <class 'numpy.ndarray |          23 |    350.95 MB
                                          <class 'dict |          63 |      8.44 KB
                                         <class 'bytes |          21 |      2.45 KB
                                          <class 'type |           2 |      2.06 KB
          <class 'odl.discr.lp_discr.DiscreteLpElement |          23 |      1.26 KB
           <class 'odl.space.npy_ntuples.NumpyFnVector |          23 |      1.26 KB
                                         <class 'tuple |           9 |    760     B
                                          <class 'cell |           9 |    432     B
                                      function (_call) |           2 |    272     B
                                   function (__init__) |           2 |    272     B
                                          <class 'list |           0 |    200     B
                                         <class 'float |           8 |    192     B
  <class 'odl.operator.operator.OperatorLeftScalarMult |           3 |    168     B
                                       <class 'weakref |           2 |    160     B
                      <class 'functools._lru_list_elem |           2 |    160     B
iter = 85
CPU usage (% each core): [47.3, 57.8, 51.7, 46.2, 53.1, 52.1, 43.3, 50.8]
RAM usage: svmem(total=67514511360, available=9441038336, percent=86.0, used=57231532032, free=7104643072, active=56368914432, inactive=2789343232, buffers=756985856, cached=2421350400, shared=88391680)
SWAP usage: sswap(total=4294963200, used=3922292736, free=372670464, percent=91.3, sin=33932218368, sout=56415973376)
                                                 types |   # objects |   total size
====================================================== | =========== | ============
                                 <class 'numpy.ndarray |          23 |    350.95 MB
                                          <class 'dict |          57 |     10.97 KB
                                          <class 'type |           2 |      2.06 KB
          <class 'odl.discr.lp_discr.DiscreteLpElement |          23 |      1.26 KB
           <class 'odl.space.npy_ntuples.NumpyFnVector |          23 |      1.26 KB
                                         <class 'tuple |           9 |    760     B
                                          <class 'cell |           9 |    432     B
                                      function (_call) |           2 |    272     B
                                   function (__init__) |           2 |    272     B
                                         <class 'float |           8 |    192     B
  <class 'odl.operator.operator.OperatorLeftScalarMult |           3 |    168     B
                                       <class 'weakref |           2 |    160     B
                      <class 'functools._lru_list_elem |           2 |    160     B
                                           <class 'int |           2 |     64     B
     <class 'odl.operator.default_ops.IdentityOperator |           1 |     56     B
iter = 86
CPU usage (% each core): [42.4, 41.5, 40.7, 65.8, 41.6, 42.3, 43.0, 72.2]
RAM usage: svmem(total=67514511360, available=9405136896, percent=86.1, used=57267421184, free=7068729344, active=56403746816, inactive=2789347328, buffers=756998144, cached=2421362688, shared=88391680)
SWAP usage: sswap(total=4294963200, used=3922288640, free=372674560, percent=91.3, sin=33932222464, sout=56415973376)
                                                 types |   # objects |   total size
====================================================== | =========== | ============
                                 <class 'numpy.ndarray |          23 |    350.95 MB
                                          <class 'dict |          60 |      7.34 KB
                                         <class 'bytes |          21 |      2.45 KB
                                          <class 'type |           2 |      2.06 KB
          <class 'odl.discr.lp_discr.DiscreteLpElement |          23 |      1.26 KB
           <class 'odl.space.npy_ntuples.NumpyFnVector |          23 |      1.26 KB
                                         <class 'tuple |           9 |    760     B
                                          <class 'cell |           9 |    432     B
                                          <class 'list |           0 |    376     B
                                      function (_call) |           2 |    272     B
                                   function (__init__) |           2 |    272     B
                                         <class 'float |           8 |    192     B
  <class 'odl.operator.operator.OperatorLeftScalarMult |           3 |    168     B
                                       <class 'weakref |           2 |    160     B
                      <class 'functools._lru_list_elem |           2 |    160     B
iter = 87
CPU usage (% each core): [62.4, 48.6, 51.4, 53.9, 47.9, 45.3, 46.7, 40.1]
RAM usage: svmem(total=67514511360, available=8369823744, percent=87.6, used=58302746624, free=6033371136, active=57438543872, inactive=2789335040, buffers=757014528, cached=2421379072, shared=88391680)
SWAP usage: sswap(total=4294963200, used=3922288640, free=372674560, percent=91.3, sin=33932222464, sout=56415973376)
                                                 types |   # objects |   total size
====================================================== | =========== | ============
                                 <class 'numpy.ndarray |          23 |    350.95 MB
                                          <class 'dict |          60 |      7.34 KB
                                         <class 'bytes |          21 |      2.45 KB
                                          <class 'type |           2 |      2.06 KB
          <class 'odl.discr.lp_discr.DiscreteLpElement |          23 |      1.26 KB
           <class 'odl.space.npy_ntuples.NumpyFnVector |          23 |      1.26 KB
                                         <class 'tuple |           9 |    760     B
                                          <class 'cell |           9 |    432     B
                                      function (_call) |           2 |    272     B
                                   function (__init__) |           2 |    272     B
                                          <class 'list |           0 |    272     B
                                         <class 'float |           8 |    192     B
  <class 'odl.operator.operator.OperatorLeftScalarMult |           3 |    168     B
                                       <class 'weakref |           2 |    160     B
                      <class 'functools._lru_list_elem |           2 |    160     B
iter = 88
CPU usage (% each core): [55.7, 49.3, 66.5, 50.3, 49.9, 41.9, 46.6, 46.5]
RAM usage: svmem(total=67514511360, available=8327475200, percent=87.7, used=58345095168, free=5991002112, active=57479774208, inactive=2789339136, buffers=757030912, cached=2421383168, shared=88391680)
SWAP usage: sswap(total=4294963200, used=3922288640, free=372674560, percent=91.3, sin=33932222464, sout=56415973376)
                                                 types |   # objects |   total size
====================================================== | =========== | ============
                                 <class 'numpy.ndarray |          23 |    350.95 MB
                                          <class 'dict |          60 |      7.34 KB
                                         <class 'bytes |          21 |      2.45 KB
                                          <class 'type |           2 |      2.06 KB
          <class 'odl.discr.lp_discr.DiscreteLpElement |          23 |      1.26 KB
           <class 'odl.space.npy_ntuples.NumpyFnVector |          23 |      1.26 KB
                                         <class 'tuple |           9 |    760     B
                                          <class 'cell |           9 |    432     B
                                          <class 'list |           0 |    336     B
                                      function (_call) |           2 |    272     B
                                   function (__init__) |           2 |    272     B
                                         <class 'float |           8 |    192     B
  <class 'odl.operator.operator.OperatorLeftScalarMult |           3 |    168     B
                                       <class 'weakref |           2 |    160     B
                      <class 'functools._lru_list_elem |           2 |    160     B
iter = 89
CPU usage (% each core): [41.8, 65.5, 45.6, 40.9, 40.2, 72.2, 41.5, 43.3]
RAM usage: svmem(total=67514511360, available=8253321216, percent=87.8, used=58419245056, free=5916815360, active=57551122432, inactive=2789203968, buffers=757039104, cached=2421411840, shared=88395776)
SWAP usage: sswap(total=4294963200, used=3922202624, free=372760576, percent=91.3, sin=33932357632, sout=56415973376)
                                                 types |   # objects |   total size
====================================================== | =========== | ============
                                 <class 'numpy.ndarray |          23 |    350.95 MB
                                          <class 'dict |          60 |      7.34 KB
                                          <class 'type |           2 |      2.06 KB
          <class 'odl.discr.lp_discr.DiscreteLpElement |          23 |      1.26 KB
           <class 'odl.space.npy_ntuples.NumpyFnVector |          23 |      1.26 KB
                                         <class 'tuple |           9 |    760     B
                                          <class 'cell |           9 |    432     B
                                      function (_call) |           2 |    272     B
                                   function (__init__) |           2 |    272     B
                                         <class 'float |           8 |    192     B
  <class 'odl.operator.operator.OperatorLeftScalarMult |           3 |    168     B
                                       <class 'weakref |           2 |    160     B
                      <class 'functools._lru_list_elem |           2 |    160     B
                                           <class 'int |           2 |     64     B
     <class 'odl.operator.default_ops.IdentityOperator |           1 |     56     B
iter = 90
CPU usage (% each core): [46.4, 77.2, 48.6, 46.9, 43.2, 60.7, 40.8, 43.5]
RAM usage: svmem(total=67514511360, available=7216680960, percent=89.3, used=59455885312, free=4880150528, active=58587160576, inactive=2789191680, buffers=757047296, cached=2421428224, shared=88395776)
SWAP usage: sswap(total=4294963200, used=3922202624, free=372760576, percent=91.3, sin=33932357632, sout=56415973376)
                                                 types |   # objects |   total size
====================================================== | =========== | ============
                                 <class 'numpy.ndarray |          23 |    350.95 MB
                                          <class 'dict |          60 |      7.34 KB
                                         <class 'bytes |          21 |      2.45 KB
                                          <class 'type |           2 |      2.06 KB
          <class 'odl.discr.lp_discr.DiscreteLpElement |          23 |      1.26 KB
           <class 'odl.space.npy_ntuples.NumpyFnVector |          23 |      1.26 KB
                                         <class 'tuple |           9 |    760     B
                                          <class 'cell |           9 |    432     B
                                          <class 'list |           0 |    336     B
                                      function (_call) |           2 |    272     B
                                   function (__init__) |           2 |    272     B
                                         <class 'float |           8 |    192     B
  <class 'odl.operator.operator.OperatorLeftScalarMult |           3 |    168     B
                                       <class 'weakref |           2 |    160     B
                      <class 'functools._lru_list_elem |           2 |    160     B
iter = 91
CPU usage (% each core): [61.2, 56.2, 45.5, 44.8, 55.0, 43.3, 46.5, 41.3]
RAM usage: svmem(total=67514511360, available=7176699904, percent=89.4, used=59495866368, free=4840165376, active=58628300800, inactive=2789187584, buffers=757051392, cached=2421428224, shared=88395776)
SWAP usage: sswap(total=4294963200, used=3922198528, free=372764672, percent=91.3, sin=33932357632, sout=56415973376)
                                                 types |   # objects |   total size
====================================================== | =========== | ============
                                 <class 'numpy.ndarray |          23 |    350.95 MB
                                          <class 'dict |          60 |      7.34 KB
                                         <class 'bytes |          21 |      2.45 KB
                                          <class 'type |           2 |      2.06 KB
          <class 'odl.discr.lp_discr.DiscreteLpElement |          23 |      1.26 KB
           <class 'odl.space.npy_ntuples.NumpyFnVector |          23 |      1.26 KB
                                         <class 'tuple |           9 |    760     B
                                          <class 'cell |           9 |    432     B
                                          <class 'list |           0 |    336     B
                                      function (_call) |           2 |    272     B
                                   function (__init__) |           2 |    272     B
                                         <class 'float |           8 |    192     B
  <class 'odl.operator.operator.OperatorLeftScalarMult |           3 |    168     B
                                       <class 'weakref |           2 |    160     B
                      <class 'functools._lru_list_elem |           2 |    160     B
iter = 92
CPU usage (% each core): [48.5, 62.6, 45.0, 45.2, 48.5, 62.1, 41.6, 41.2]
RAM usage: svmem(total=67514511360, available=7141838848, percent=89.4, used=59530727424, free=4805287936, active=58662137856, inactive=2789183488, buffers=757063680, cached=2421432320, shared=88395776)
SWAP usage: sswap(total=4294963200, used=3922190336, free=372772864, percent=91.3, sin=33932357632, sout=56415973376)
                                                 types |   # objects |   total size
====================================================== | =========== | ============
                                 <class 'numpy.ndarray |          23 |    350.95 MB
                                          <class 'dict |          60 |      7.34 KB
                                         <class 'bytes |          21 |      2.45 KB
                                          <class 'type |           2 |      2.06 KB
          <class 'odl.discr.lp_discr.DiscreteLpElement |          23 |      1.26 KB
           <class 'odl.space.npy_ntuples.NumpyFnVector |          23 |      1.26 KB
                                         <class 'tuple |           9 |    760     B
                                          <class 'list |           0 |    480     B
                                          <class 'cell |           9 |    432     B
                                      function (_call) |           2 |    272     B
                                   function (__init__) |           2 |    272     B
                                         <class 'float |           8 |    192     B
  <class 'odl.operator.operator.OperatorLeftScalarMult |           3 |    168     B
                                       <class 'weakref |           2 |    160     B
                      <class 'functools._lru_list_elem |           2 |    160     B
iter = 93
CPU usage (% each core): [54.2, 53.9, 63.9, 67.1, 44.9, 41.0, 43.6, 51.4]
RAM usage: svmem(total=67514511360, available=6104829952, percent=91.0, used=60567736320, free=3768266752, active=59698024448, inactive=2789199872, buffers=757071872, cached=2421436416, shared=88395776)
SWAP usage: sswap(total=4294963200, used=3922186240, free=372776960, percent=91.3, sin=33932369920, sout=56415973376)
                                                 types |   # objects |   total size
====================================================== | =========== | ============
                                 <class 'numpy.ndarray |          23 |    350.95 MB
                                          <class 'dict |          60 |      7.34 KB
                                         <class 'bytes |          21 |      2.45 KB
                                          <class 'type |           2 |      2.06 KB
          <class 'odl.discr.lp_discr.DiscreteLpElement |          23 |      1.26 KB
           <class 'odl.space.npy_ntuples.NumpyFnVector |          23 |      1.26 KB
                                         <class 'tuple |           9 |    760     B
                                          <class 'cell |           9 |    432     B
                                      function (_call) |           2 |    272     B
                                   function (__init__) |           2 |    272     B
                                          <class 'list |           0 |    200     B
                                         <class 'float |           8 |    192     B
  <class 'odl.operator.operator.OperatorLeftScalarMult |           3 |    168     B
                                       <class 'weakref |           2 |    160     B
                      <class 'functools._lru_list_elem |           2 |    160     B
iter = 94
CPU usage (% each core): [63.9, 48.9, 48.9, 41.8, 59.9, 42.4, 42.4, 52.3]
RAM usage: svmem(total=67514511360, available=6062706688, percent=91.0, used=60609855488, free=3726123008, active=59739561984, inactive=2789199872, buffers=757084160, cached=2421448704, shared=88395776)
SWAP usage: sswap(total=4294963200, used=3922182144, free=372781056, percent=91.3, sin=33932369920, sout=56415973376)
                                                 types |   # objects |   total size
====================================================== | =========== | ============
                                 <class 'numpy.ndarray |          23 |    350.95 MB
                                          <class 'dict |          60 |      7.34 KB
                                          <class 'type |           2 |      2.06 KB
          <class 'odl.discr.lp_discr.DiscreteLpElement |          23 |      1.26 KB
           <class 'odl.space.npy_ntuples.NumpyFnVector |          23 |      1.26 KB
                                         <class 'tuple |           9 |    760     B
                                          <class 'cell |           9 |    432     B
                                      function (_call) |           2 |    272     B
                                   function (__init__) |           2 |    272     B
                                         <class 'float |           8 |    192     B
  <class 'odl.operator.operator.OperatorLeftScalarMult |           3 |    168     B
                                       <class 'weakref |           2 |    160     B
                      <class 'functools._lru_list_elem |           2 |    160     B
                                           <class 'int |           2 |     64     B
     <class 'odl.operator.default_ops.IdentityOperator |           1 |     56     B
iter = 95
CPU usage (% each core): [49.2, 65.5, 52.7, 42.0, 46.9, 51.6, 43.3, 47.8]
RAM usage: svmem(total=67514511360, available=6027083776, percent=91.1, used=60645482496, free=3690483712, active=59774775296, inactive=2789208064, buffers=757092352, cached=2421452800, shared=88395776)
SWAP usage: sswap(total=4294963200, used=3922182144, free=372781056, percent=91.3, sin=33932369920, sout=56415973376)
                                                 types |   # objects |   total size
====================================================== | =========== | ============
                                 <class 'numpy.ndarray |          23 |    350.95 MB
                                          <class 'dict |          60 |      7.34 KB
                                         <class 'bytes |          21 |      2.45 KB
                                          <class 'type |           2 |      2.06 KB
          <class 'odl.discr.lp_discr.DiscreteLpElement |          23 |      1.26 KB
           <class 'odl.space.npy_ntuples.NumpyFnVector |          23 |      1.26 KB
                                         <class 'tuple |           9 |    760     B
                                          <class 'cell |           9 |    432     B
                                          <class 'list |           0 |    376     B
                                      function (_call) |           2 |    272     B
                                   function (__init__) |           2 |    272     B
                                         <class 'float |           8 |    192     B
  <class 'odl.operator.operator.OperatorLeftScalarMult |           3 |    168     B
                                       <class 'weakref |           2 |    160     B
                      <class 'functools._lru_list_elem |           2 |    160     B
iter = 96
CPU usage (% each core): [52.1, 56.7, 43.9, 46.7, 45.0, 54.3, 43.8, 64.6]
RAM usage: svmem(total=67514511360, available=4989366272, percent=92.6, used=61683191808, free=2652753920, active=60810801152, inactive=2789208064, buffers=757112832, cached=2421452800, shared=88395776)
SWAP usage: sswap(total=4294963200, used=3922165760, free=372797440, percent=91.3, sin=33932386304, sout=56415973376)
                                                 types |   # objects |   total size
====================================================== | =========== | ============
                                 <class 'numpy.ndarray |          23 |    350.95 MB
                                          <class 'dict |          60 |      7.34 KB
                                         <class 'bytes |          21 |      2.45 KB
                                          <class 'type |           2 |      2.06 KB
          <class 'odl.discr.lp_discr.DiscreteLpElement |          23 |      1.26 KB
           <class 'odl.space.npy_ntuples.NumpyFnVector |          23 |      1.26 KB
                                         <class 'tuple |           9 |    760     B
                                          <class 'cell |           9 |    432     B
                                      function (_call) |           2 |    272     B
                                   function (__init__) |           2 |    272     B
                                          <class 'list |           0 |    272     B
                                         <class 'float |           8 |    192     B
  <class 'odl.operator.operator.OperatorLeftScalarMult |           3 |    168     B
                                       <class 'weakref |           2 |    160     B
                      <class 'functools._lru_list_elem |           2 |    160     B
iter = 97
CPU usage (% each core): [41.3, 49.9, 52.0, 58.3, 50.2, 54.3, 42.7, 56.8]
RAM usage: svmem(total=67514511360, available=4948373504, percent=92.7, used=61724192768, free=2611736576, active=60852015104, inactive=2789208064, buffers=757121024, cached=2421460992, shared=88395776)
SWAP usage: sswap(total=4294963200, used=3922161664, free=372801536, percent=91.3, sin=33932386304, sout=56415973376)
                                                 types |   # objects |   total size
====================================================== | =========== | ============
                                 <class 'numpy.ndarray |          23 |    350.95 MB
                                          <class 'dict |          60 |      7.34 KB
                                         <class 'bytes |          21 |      2.45 KB
                                          <class 'type |           2 |      2.06 KB
          <class 'odl.discr.lp_discr.DiscreteLpElement |          23 |      1.26 KB
           <class 'odl.space.npy_ntuples.NumpyFnVector |          23 |      1.26 KB
                                         <class 'tuple |           9 |    760     B
                                          <class 'cell |           9 |    432     B
                                          <class 'list |           0 |    336     B
                                      function (_call) |           2 |    272     B
                                   function (__init__) |           2 |    272     B
                                         <class 'float |           8 |    192     B
  <class 'odl.operator.operator.OperatorLeftScalarMult |           3 |    168     B
                                       <class 'weakref |           2 |    160     B
                      <class 'functools._lru_list_elem |           2 |    160     B
iter = 98
CPU usage (% each core): [55.1, 49.6, 45.2, 56.8, 48.6, 49.9, 45.6, 51.0]
RAM usage: svmem(total=67514511360, available=4911882240, percent=92.7, used=61760671744, free=2575245312, active=60886081536, inactive=2789208064, buffers=757129216, cached=2421465088, shared=88395776)
SWAP usage: sswap(total=4294963200, used=3922157568, free=372805632, percent=91.3, sin=33932386304, sout=56415973376)
                                                 types |   # objects |   total size
====================================================== | =========== | ============
                                 <class 'numpy.ndarray |          23 |    350.95 MB
                                          <class 'dict |          60 |      7.34 KB
                                          <class 'type |           2 |      2.06 KB
          <class 'odl.discr.lp_discr.DiscreteLpElement |          23 |      1.26 KB
           <class 'odl.space.npy_ntuples.NumpyFnVector |          23 |      1.26 KB
                                         <class 'tuple |           9 |    760     B
                                          <class 'cell |           9 |    432     B
                                      function (_call) |           2 |    272     B
                                   function (__init__) |           2 |    272     B
                                         <class 'float |           8 |    192     B
  <class 'odl.operator.operator.OperatorLeftScalarMult |           3 |    168     B
                                       <class 'weakref |           2 |    160     B
                      <class 'functools._lru_list_elem |           2 |    160     B
                                           <class 'int |           2 |     64     B
     <class 'odl.operator.default_ops.IdentityOperator |           1 |     56     B
iter = 99
CPU usage (% each core): [68.4, 40.5, 42.5, 50.2, 60.6, 45.8, 44.4, 51.8]
RAM usage: svmem(total=67514511360, available=3893297152, percent=94.2, used=62779269120, free=1908510720, active=61895413760, inactive=2458980352, buffers=757080064, cached=2069651456, shared=88395776)
SWAP usage: sswap(total=4294963200, used=3922157568, free=372805632, percent=91.3, sin=33932386304, sout=56415973376)
                                                 types |   # objects |   total size
====================================================== | =========== | ============
                                 <class 'numpy.ndarray |          23 |    350.95 MB
                                          <class 'dict |          60 |      7.34 KB
                                         <class 'bytes |          21 |      2.45 KB
                                          <class 'type |           2 |      2.06 KB
          <class 'odl.discr.lp_discr.DiscreteLpElement |          23 |      1.26 KB
           <class 'odl.space.npy_ntuples.NumpyFnVector |          23 |      1.26 KB
                                         <class 'tuple |           9 |    760     B
                                          <class 'cell |           9 |    432     B
                                          <class 'list |           0 |    336     B
                                      function (_call) |           2 |    272     B
                                   function (__init__) |           2 |    272     B
                                         <class 'float |           8 |    192     B
  <class 'odl.operator.operator.OperatorLeftScalarMult |           3 |    168     B
                                       <class 'weakref |           2 |    160     B
                      <class 'functools._lru_list_elem |           2 |    160     B
iter = 100
CPU usage (% each core): [57.6, 52.3, 45.3, 47.1, 54.6, 37.7, 44.9, 58.3]
RAM usage: svmem(total=67514511360, available=3858100224, percent=94.3, used=62814466048, free=2125901824, active=61751537664, inactive=2387136512, buffers=757088256, cached=1817055232, shared=88395776)
SWAP usage: sswap(total=4294963200, used=3922247680, free=372715520, percent=91.3, sin=33932386304, sout=56416063488)
                                                 types |   # objects |   total size
====================================================== | =========== | ============
                                 <class 'numpy.ndarray |          23 |    350.95 MB
                                          <class 'dict |          60 |      7.34 KB
                                         <class 'bytes |          21 |      2.45 KB
                                          <class 'type |           2 |      2.06 KB
          <class 'odl.discr.lp_discr.DiscreteLpElement |          23 |      1.26 KB
           <class 'odl.space.npy_ntuples.NumpyFnVector |          23 |      1.26 KB
                                         <class 'tuple |           9 |    760     B
                                          <class 'cell |           9 |    432     B
                                          <class 'list |           0 |    336     B
                                      function (_call) |           2 |    272     B
                                   function (__init__) |           2 |    272     B
                                         <class 'float |           8 |    192     B
  <class 'odl.operator.operator.OperatorLeftScalarMult |           3 |    168     B
                                       <class 'weakref |           2 |    160     B
                      <class 'functools._lru_list_elem |           2 |    160     B
iter = 101
CPU usage (% each core): [66.1, 55.9, 53.4, 42.4, 59.7, 44.7, 43.8, 40.3]
RAM usage: svmem(total=67514511360, available=3829383168, percent=94.3, used=62843179008, free=2416050176, active=61548716032, inactive=2299473920, buffers=757096448, cached=1498185728, shared=88395776)
SWAP usage: sswap(total=4294963200, used=3928989696, free=365973504, percent=91.5, sin=33932386304, sout=56422805504)
                                                 types |   # objects |   total size
====================================================== | =========== | ============
                                 <class 'numpy.ndarray |          23 |    350.95 MB
                                          <class 'dict |          60 |      7.34 KB
                                         <class 'bytes |          21 |      2.45 KB
                                          <class 'type |           2 |      2.06 KB
          <class 'odl.discr.lp_discr.DiscreteLpElement |          23 |      1.26 KB
           <class 'odl.space.npy_ntuples.NumpyFnVector |          23 |      1.26 KB
                                         <class 'tuple |           9 |    760     B
                                          <class 'list |           0 |    480     B
                                          <class 'cell |           9 |    432     B
                                      function (_call) |           2 |    272     B
                                   function (__init__) |           2 |    272     B
                                         <class 'float |           8 |    192     B
  <class 'odl.operator.operator.OperatorLeftScalarMult |           3 |    168     B
                                       <class 'weakref |           2 |    160     B
                      <class 'functools._lru_list_elem |           2 |    160     B
iter = 102
CPU usage (% each core): [60.3, 50.0, 50.8, 48.3, 72.0, 43.3, 41.4, 39.8]
RAM usage: svmem(total=67514511360, available=2799476736, percent=95.9, used=63873089536, free=1766748160, active=62384951296, inactive=2113675264, buffers=703856640, cached=1170817024, shared=88395776)
SWAP usage: sswap(total=4294963200, used=3933863936, free=361099264, percent=91.6, sin=33932386304, sout=56427679744)
                                                 types |   # objects |   total size
====================================================== | =========== | ============
                                 <class 'numpy.ndarray |          23 |    350.95 MB
                                          <class 'dict |          60 |      7.34 KB
                                         <class 'bytes |          21 |      2.45 KB
                                          <class 'type |           2 |      2.06 KB
          <class 'odl.discr.lp_discr.DiscreteLpElement |          23 |      1.26 KB
           <class 'odl.space.npy_ntuples.NumpyFnVector |          23 |      1.26 KB
                                         <class 'tuple |           9 |    760     B
                                          <class 'cell |           9 |    432     B
                                      function (_call) |           2 |    272     B
                                   function (__init__) |           2 |    272     B
                                          <class 'list |           0 |    200     B
                                         <class 'float |           8 |    192     B
  <class 'odl.operator.operator.OperatorLeftScalarMult |           3 |    168     B
                                       <class 'weakref |           2 |    160     B
                      <class 'functools._lru_list_elem |           2 |    160     B
iter = 103
CPU usage (% each core): [48.7, 66.3, 47.2, 49.4, 60.0, 50.6, 42.8, 41.8]
RAM usage: svmem(total=67514511360, available=2778963968, percent=95.9, used=63893602304, free=2142351360, active=62241124352, inactive=1893470208, buffers=540786688, cached=937771008, shared=88395776)
SWAP usage: sswap(total=4294963200, used=3958382592, free=336580608, percent=92.2, sin=33932386304, sout=56452222976)
                                                 types |   # objects |   total size
====================================================== | =========== | ============
                                 <class 'numpy.ndarray |          23 |    350.95 MB
                                          <class 'dict |          60 |      7.34 KB
                                          <class 'type |           2 |      2.06 KB
          <class 'odl.discr.lp_discr.DiscreteLpElement |          23 |      1.26 KB
           <class 'odl.space.npy_ntuples.NumpyFnVector |          23 |      1.26 KB
                                         <class 'tuple |           9 |    760     B
                                          <class 'cell |           9 |    432     B
                                      function (_call) |           2 |    272     B
                                   function (__init__) |           2 |    272     B
                                         <class 'float |           8 |    192     B
  <class 'odl.operator.operator.OperatorLeftScalarMult |           3 |    168     B
                                       <class 'weakref |           2 |    160     B
                      <class 'functools._lru_list_elem |           2 |    160     B
                                           <class 'int |           2 |     64     B
     <class 'odl.operator.default_ops.IdentityOperator |           1 |     56     B
iter = 104
CPU usage (% each core): [45.0, 67.1, 49.2, 48.4, 42.6, 46.8, 44.5, 64.2]
RAM usage: svmem(total=67514511360, available=2748231680, percent=95.9, used=63924338688, free=2637873152, active=61006434304, inactive=2675470336, buffers=263843840, cached=688455680, shared=88391680)
SWAP usage: sswap(total=4294963200, used=3960659968, free=334303232, percent=92.2, sin=33932414976, sout=56454512640)
                                                 types |   # objects |   total size
====================================================== | =========== | ============
                                 <class 'numpy.ndarray |          23 |    350.95 MB
                                          <class 'dict |          60 |      7.34 KB
                                         <class 'bytes |          21 |      2.45 KB
                                          <class 'type |           2 |      2.06 KB
          <class 'odl.discr.lp_discr.DiscreteLpElement |          23 |      1.26 KB
           <class 'odl.space.npy_ntuples.NumpyFnVector |          23 |      1.26 KB
                                         <class 'tuple |           9 |    760     B
                                          <class 'cell |           9 |    432     B
                                          <class 'list |           0 |    376     B
                                      function (_call) |           2 |    272     B
                                   function (__init__) |           2 |    272     B
                                         <class 'float |           8 |    192     B
  <class 'odl.operator.operator.OperatorLeftScalarMult |           3 |    168     B
                                       <class 'weakref |           2 |    160     B
                      <class 'functools._lru_list_elem |           2 |    160     B
iter = 105
CPU usage (% each core): [41.0, 41.6, 50.6, 64.7, 45.6, 38.7, 42.1, 68.7]
RAM usage: svmem(total=67514511360, available=1732784128, percent=97.4, used=64960958464, free=1822912512, active=60681383936, inactive=3862466560, buffers=165249024, cached=565391360, shared=88391680)
SWAP usage: sswap(total=4294963200, used=3962093568, free=332869632, percent=92.2, sin=33932414976, sout=56455946240)
                                                 types |   # objects |   total size
====================================================== | =========== | ============
                                 <class 'numpy.ndarray |          23 |    350.95 MB
                                          <class 'dict |          60 |      7.34 KB
                                         <class 'bytes |          21 |      2.45 KB
                                          <class 'type |           2 |      2.06 KB
          <class 'odl.discr.lp_discr.DiscreteLpElement |          23 |      1.26 KB
           <class 'odl.space.npy_ntuples.NumpyFnVector |          23 |      1.26 KB
                                         <class 'tuple |           9 |    760     B
                                          <class 'cell |           9 |    432     B
                                      function (_call) |           2 |    272     B
                                   function (__init__) |           2 |    272     B
                                          <class 'list |           0 |    272     B
                                         <class 'float |           8 |    192     B
  <class 'odl.operator.operator.OperatorLeftScalarMult |           3 |    168     B
                                       <class 'weakref |           2 |    160     B
                      <class 'functools._lru_list_elem |           2 |    160     B
iter = 106
CPU usage (% each core): [47.7, 56.9, 51.9, 68.7, 54.0, 49.6, 39.0, 46.9]
RAM usage: svmem(total=67514511360, available=1800667136, percent=97.3, used=64994750464, free=2124713984, active=60575035392, inactive=3755003904, buffers=40198144, cached=354848768, shared=82665472)
SWAP usage: sswap(total=4294963200, used=3977093120, free=317870080, percent=92.6, sin=33932435456, sout=56470953984)
                                                 types |   # objects |   total size
====================================================== | =========== | ============
                                 <class 'numpy.ndarray |          23 |    350.95 MB
                                          <class 'dict |          60 |      7.34 KB
                                         <class 'bytes |          21 |      2.45 KB
                                          <class 'type |           2 |      2.06 KB
          <class 'odl.discr.lp_discr.DiscreteLpElement |          23 |      1.26 KB
           <class 'odl.space.npy_ntuples.NumpyFnVector |          23 |      1.26 KB
                                         <class 'tuple |           9 |    760     B
                                          <class 'cell |           9 |    432     B
                                          <class 'list |           0 |    336     B
                                      function (_call) |           2 |    272     B
                                   function (__init__) |           2 |    272     B
                                         <class 'float |           8 |    192     B
  <class 'odl.operator.operator.OperatorLeftScalarMult |           3 |    168     B
                                       <class 'weakref |           2 |    160     B
                      <class 'functools._lru_list_elem |           2 |    160     B
iter = 107
CPU usage (% each core): [56.2, 49.2, 45.3, 52.8, 52.6, 52.4, 42.4, 43.2]
RAM usage: svmem(total=67514511360, available=2021437440, percent=97.0, used=64834342912, free=2405851136, active=60401463296, inactive=3682541568, buffers=3579904, cached=270737408, shared=82632704)
SWAP usage: sswap(total=4294963200, used=4165484544, free=129478656, percent=97.0, sin=33932509184, sout=56659365888)



----------------------------------------------------
Copied from terminal after kernal died
----------------------------------------------------



                                                 types |   # objects |   total size
====================================================== | =========== | ============
                                 <class 'numpy.ndarray |          23 |    350.95 MB
                                          <class 'dict |          60 |      7.34 KB
                                          <class 'type |           2 |      2.06 KB
          <class 'odl.discr.lp_discr.DiscreteLpElement |          23 |      1.26 KB
           <class 'odl.space.npy_ntuples.NumpyFnVector |          23 |      1.26 KB
                                         <class 'tuple |           9 |    760     B
                                          <class 'cell |           9 |    432     B
                                      function (_call) |           2 |    272     B
                                   function (__init__) |           2 |    272     B
                                         <class 'float |           8 |    192     B
  <class 'odl.operator.operator.OperatorLeftScalarMult |           3 |    168     B
                                       <class 'weakref |           2 |    160     B
                      <class 'functools._lru_list_elem |           2 |    160     B
                                           <class 'int |           2 |     64     B
     <class 'odl.operator.default_ops.IdentityOperator |           1 |     56     B

Kernel died, restarting
