Norm of the product space operator: 189.01432623746527
iter = 0
CPU usage (% each core): [5.4, 13.6, 9.6, 10.1, 100.0, 6.1, 5.9, 6.1]
RAM usage: svmem(total=33615839232, available=19744788480, percent=41.3, used=13406498816, free=11426795520, active=17265152000, inactive=3574935552, buffers=945360896, cached=7837184000, shared=51167232)
SWAP usage: sswap(total=34263265280, used=0, free=34263265280, percent=0.0, sin=0, sout=0)
                                    types |   # objects |   total size
========================================= | =========== | ============
                    <class 'numpy.ndarray |          12 |    116.73 MB
                             <class 'list |        8454 |    793.90 KB
                              <class 'str |        8495 |    605.33 KB
             <class 'sip.methoddescriptor |        2218 |    121.30 KB
                              <class 'int |        1728 |     47.31 KB
                             <class 'dict |         105 |     40.88 KB
              <class 'PyQt5.QtCore.Qt.Key |         439 |     22.29 KB
    <class 'PyQt5.QtCore.QLocale.Language |         355 |     18.02 KB
     <class 'PyQt5.QtCore.QLocale.Country |         265 |     13.45 KB
                             <class 'type |           4 |      7.91 KB
         <class 'PyQt5.QtCore.QEvent.Type |         147 |      7.46 KB
      <class 'PyQt5.QtCore.QLocale.Script |         130 |      6.60 KB
  <class 'PyQt5.QtCore.Qt.WidgetAttribute |         101 |      5.12 KB
      <class 'PyQt5.QtCore.QMetaType.Type |          78 |      3.96 KB
                            <class 'tuple |          52 |      3.28 KB
iter = 1
CPU usage (% each core): [100.0, 27.1, 26.2, 26.9, 23.4, 25.5, 22.4, 22.4]
RAM usage: svmem(total=33615839232, available=19684257792, percent=41.4, used=13467033600, free=11366260736, active=17324802048, inactive=3574935552, buffers=945360896, cached=7837184000, shared=51167232)
SWAP usage: sswap(total=34263265280, used=0, free=34263265280, percent=0.0, sin=0, sout=0)
                                                 types |   # objects |   total size
====================================================== | =========== | ============
                                 <class 'numpy.ndarray |           1 |     27.47 MB
                                          <class 'list |         211 |     18.43 KB
                                           <class 'str |         207 |     18.17 KB
                                          <class 'dict |          15 |      3.28 KB
                                          <class 'type |           2 |      2.83 KB
                                         <class 'bytes |          21 |      2.21 KB
                                           <class 'int |          76 |      2.08 KB
                                         <class 'tuple |          12 |    784     B
                                          <class 'cell |           9 |    432     B
                      <class 'functools._lru_list_elem |           4 |    320     B
                                      function (_call) |           2 |    272     B
                                   function (__init__) |           2 |    272     B
                           <class 'inspect.FullArgSpec |           2 |    208     B
                                         <class 'float |           8 |    192     B
  <class 'odl.operator.operator.OperatorLeftScalarMult |           3 |    168     B
iter = 2
CPU usage (% each core): [100.0, 27.3, 26.6, 24.5, 25.2, 23.1, 23.9, 22.9]
RAM usage: svmem(total=33615839232, available=19656486912, percent=41.5, used=13494804480, free=11338489856, active=17353191424, inactive=3574935552, buffers=945360896, cached=7837184000, shared=51167232)
SWAP usage: sswap(total=34263265280, used=0, free=34263265280, percent=0.0, sin=0, sout=0)
                                                 types |   # objects |   total size
====================================================== | =========== | ============
                                 <class 'numpy.ndarray |           1 |     27.47 MB
                                          <class 'dict |          15 |      3.19 KB
                                          <class 'type |           2 |      2.55 KB
                                         <class 'bytes |          21 |      2.42 KB
                                         <class 'tuple |          12 |    784     B
                                          <class 'list |           4 |    704     B
                                          <class 'cell |           9 |    432     B
                      <class 'functools._lru_list_elem |           4 |    320     B
                                      function (_call) |           2 |    272     B
                                   function (__init__) |           2 |    272     B
                           <class 'inspect.FullArgSpec |           2 |    208     B
                                         <class 'float |           8 |    192     B
  <class 'odl.operator.operator.OperatorLeftScalarMult |           3 |    168     B
                                       <class 'weakref |           2 |    160     B
                                           <class 'int |           3 |     84     B
iter = 3
CPU usage (% each core): [100.0, 26.9, 30.8, 23.8, 23.8, 25.5, 23.1, 22.9]
RAM usage: svmem(total=33615839232, available=19626303488, percent=41.6, used=13524987904, free=11308306432, active=17388670976, inactive=3574935552, buffers=945360896, cached=7837184000, shared=51167232)
SWAP usage: sswap(total=34263265280, used=0, free=34263265280, percent=0.0, sin=0, sout=0)
                                                 types |   # objects |   total size
====================================================== | =========== | ============
                                 <class 'numpy.ndarray |           1 |     27.47 MB
                                          <class 'dict |          15 |      3.19 KB
                                          <class 'type |           2 |      2.55 KB
                                         <class 'bytes |          21 |      2.42 KB
                                         <class 'tuple |          12 |    784     B
                                          <class 'list |           4 |    656     B
                                          <class 'cell |           9 |    432     B
                      <class 'functools._lru_list_elem |           4 |    320     B
                                      function (_call) |           2 |    272     B
                                   function (__init__) |           2 |    272     B
                           <class 'inspect.FullArgSpec |           2 |    208     B
                                         <class 'float |           8 |    192     B
  <class 'odl.operator.operator.OperatorLeftScalarMult |           3 |    168     B
                                       <class 'weakref |           2 |    160     B
           <class 'odl.space.npy_ntuples.NumpyFnVector |           1 |     56     B
iter = 4
CPU usage (% each core): [100.0, 29.9, 32.4, 24.5, 24.3, 25.5, 25.9, 25.2]
RAM usage: svmem(total=33615839232, available=19597643776, percent=41.7, used=13553647616, free=11279646720, active=17417170944, inactive=3574935552, buffers=945360896, cached=7837184000, shared=51167232)
SWAP usage: sswap(total=34263265280, used=0, free=34263265280, percent=0.0, sin=0, sout=0)
                                                 types |   # objects |   total size
====================================================== | =========== | ============
                                 <class 'numpy.ndarray |           1 |     27.47 MB
                                          <class 'dict |          15 |      3.19 KB
                                          <class 'type |           2 |      2.55 KB
                                         <class 'bytes |          21 |      2.42 KB
                                         <class 'tuple |          12 |    784     B
                                          <class 'list |           4 |    744     B
                                          <class 'cell |           9 |    432     B
                      <class 'functools._lru_list_elem |           4 |    320     B
                                      function (_call) |           2 |    272     B
                                   function (__init__) |           2 |    272     B
                           <class 'inspect.FullArgSpec |           2 |    208     B
                                         <class 'float |           8 |    192     B
  <class 'odl.operator.operator.OperatorLeftScalarMult |           3 |    168     B
                                       <class 'weakref |           2 |    160     B
           <class 'odl.space.npy_ntuples.NumpyFnVector |           1 |     56     B
iter = 5
CPU usage (% each core): [100.0, 25.0, 21.3, 21.8, 23.9, 21.1, 23.9, 21.1]
RAM usage: svmem(total=33615839232, available=19567910912, percent=41.8, used=13583380480, free=11249913856, active=17446490112, inactive=3574935552, buffers=945360896, cached=7837184000, shared=51167232)
SWAP usage: sswap(total=34263265280, used=0, free=34263265280, percent=0.0, sin=0, sout=0)
                                                 types |   # objects |   total size
====================================================== | =========== | ============
                                 <class 'numpy.ndarray |           1 |     27.47 MB
                                          <class 'dict |          15 |      3.56 KB
                                          <class 'type |           2 |      2.55 KB
                                         <class 'tuple |          12 |    784     B
                                          <class 'cell |           9 |    432     B
                      <class 'functools._lru_list_elem |           4 |    320     B
                                           <class 'int |          11 |    308     B
                                      function (_call) |           2 |    272     B
                                   function (__init__) |           2 |    272     B
                           <class 'inspect.FullArgSpec |           2 |    208     B
                                         <class 'float |           8 |    192     B
  <class 'odl.operator.operator.OperatorLeftScalarMult |           3 |    168     B
                                       <class 'weakref |           2 |    160     B
           <class 'odl.space.npy_ntuples.NumpyFnVector |           1 |     56     B
       <class 'odl.operator.operator.OperatorVectorSum |           1 |     56     B
iter = 6
CPU usage (% each core): [100.0, 24.1, 24.8, 23.1, 22.2, 23.1, 22.2, 22.2]
RAM usage: svmem(total=33615839232, available=19539963904, percent=41.9, used=13611327488, free=11221954560, active=17474953216, inactive=3574947840, buffers=945360896, cached=7837196288, shared=51167232)
SWAP usage: sswap(total=34263265280, used=0, free=34263265280, percent=0.0, sin=0, sout=0)
                                                 types |   # objects |   total size
====================================================== | =========== | ============
                                 <class 'numpy.ndarray |           1 |     27.47 MB
                                          <class 'dict |          15 |      3.19 KB
                                          <class 'type |           2 |      2.55 KB
                                         <class 'bytes |          21 |      2.42 KB
                                         <class 'tuple |          12 |    784     B
                                          <class 'list |           4 |    696     B
                                          <class 'cell |           9 |    432     B
                      <class 'functools._lru_list_elem |           4 |    320     B
                                      function (_call) |           2 |    272     B
                                   function (__init__) |           2 |    272     B
                           <class 'inspect.FullArgSpec |           2 |    208     B
                                         <class 'float |           8 |    192     B
  <class 'odl.operator.operator.OperatorLeftScalarMult |           3 |    168     B
                                       <class 'weakref |           2 |    160     B
           <class 'odl.space.npy_ntuples.NumpyFnVector |           1 |     56     B
iter = 7
CPU usage (% each core): [100.0, 28.4, 30.0, 27.3, 24.8, 26.6, 25.5, 25.5]
RAM usage: svmem(total=33615839232, available=19510710272, percent=42.0, used=13640581120, free=11192700928, active=17508114432, inactive=3574947840, buffers=945360896, cached=7837196288, shared=51167232)
SWAP usage: sswap(total=34263265280, used=0, free=34263265280, percent=0.0, sin=0, sout=0)
                                                 types |   # objects |   total size
====================================================== | =========== | ============
                                 <class 'numpy.ndarray |           1 |     27.47 MB
                                          <class 'dict |          15 |      3.19 KB
                                          <class 'type |           2 |      2.55 KB
                                         <class 'bytes |          21 |      2.42 KB
                                         <class 'tuple |          12 |    784     B
                                          <class 'list |           4 |    752     B
                                          <class 'cell |           9 |    432     B
                      <class 'functools._lru_list_elem |           4 |    320     B
                                      function (_call) |           2 |    272     B
                                   function (__init__) |           2 |    272     B
                           <class 'inspect.FullArgSpec |           2 |    208     B
                                         <class 'float |           8 |    192     B
  <class 'odl.operator.operator.OperatorLeftScalarMult |           3 |    168     B
                                       <class 'weakref |           2 |    160     B
           <class 'odl.space.npy_ntuples.NumpyFnVector |           1 |     56     B
iter = 8
CPU usage (% each core): [30.4, 31.0, 25.4, 26.3, 100.0, 24.6, 25.2, 25.2]
RAM usage: svmem(total=33615839232, available=19482005504, percent=42.0, used=13669285888, free=11163996160, active=17536987136, inactive=3574947840, buffers=945360896, cached=7837196288, shared=51167232)
SWAP usage: sswap(total=34263265280, used=0, free=34263265280, percent=0.0, sin=0, sout=0)
                                                 types |   # objects |   total size
====================================================== | =========== | ============
                                 <class 'numpy.ndarray |           1 |     27.47 MB
                                          <class 'dict |          15 |      4.69 KB
                                          <class 'type |           2 |      2.55 KB
                                         <class 'bytes |          21 |      2.42 KB
                                         <class 'tuple |          12 |    784     B
                                          <class 'list |           4 |    696     B
                                          <class 'cell |           9 |    432     B
                      <class 'functools._lru_list_elem |           4 |    320     B
                                      function (_call) |           2 |    272     B
                                   function (__init__) |           2 |    272     B
                           <class 'inspect.FullArgSpec |           2 |    208     B
                                         <class 'float |           8 |    192     B
  <class 'odl.operator.operator.OperatorLeftScalarMult |           3 |    168     B
                                       <class 'weakref |           2 |    160     B
           <class 'odl.space.npy_ntuples.NumpyFnVector |           1 |     56     B
iter = 9
CPU usage (% each core): [77.2, 27.0, 25.7, 27.2, 45.2, 23.5, 22.3, 23.7]
RAM usage: svmem(total=33615839232, available=19453923328, percent=42.1, used=13697368064, free=11135913984, active=17565745152, inactive=3574947840, buffers=945360896, cached=7837196288, shared=51167232)
SWAP usage: sswap(total=34263265280, used=0, free=34263265280, percent=0.0, sin=0, sout=0)
                                                 types |   # objects |   total size
====================================================== | =========== | ============
                                 <class 'numpy.ndarray |           1 |     27.47 MB
                                          <class 'dict |          15 |      3.19 KB
                                          <class 'type |           2 |      2.55 KB
                                         <class 'tuple |          12 |    784     B
                                          <class 'cell |           9 |    432     B
                      <class 'functools._lru_list_elem |           4 |    320     B
                                      function (_call) |           2 |    272     B
                                   function (__init__) |           2 |    272     B
                           <class 'inspect.FullArgSpec |           2 |    208     B
                                         <class 'float |           8 |    192     B
  <class 'odl.operator.operator.OperatorLeftScalarMult |           3 |    168     B
                                       <class 'weakref |           2 |    160     B
                                           <class 'int |           3 |     84     B
           <class 'odl.space.npy_ntuples.NumpyFnVector |           1 |     56     B
       <class 'odl.operator.operator.OperatorVectorSum |           1 |     56     B
iter = 10
CPU usage (% each core): [22.9, 21.6, 24.8, 25.5, 20.2, 100.0, 21.6, 18.3]
RAM usage: svmem(total=33615839232, available=19423854592, percent=42.2, used=13727428608, free=11105845248, active=17594507264, inactive=3574947840, buffers=945360896, cached=7837204480, shared=51167232)
SWAP usage: sswap(total=34263265280, used=0, free=34263265280, percent=0.0, sin=0, sout=0)
                                                 types |   # objects |   total size
====================================================== | =========== | ============
                                 <class 'numpy.ndarray |           1 |     27.47 MB
                                          <class 'dict |          15 |      3.19 KB
                                          <class 'type |           2 |      2.55 KB
                                         <class 'bytes |          21 |      2.42 KB
                                         <class 'tuple |          12 |    784     B
                                          <class 'list |           4 |    656     B
                                          <class 'cell |           9 |    432     B
                      <class 'functools._lru_list_elem |           4 |    320     B
                                      function (_call) |           2 |    272     B
                                   function (__init__) |           2 |    272     B
                           <class 'inspect.FullArgSpec |           2 |    208     B
                                         <class 'float |           8 |    192     B
  <class 'odl.operator.operator.OperatorLeftScalarMult |           3 |    168     B
                                       <class 'weakref |           2 |    160     B
           <class 'odl.space.npy_ntuples.NumpyFnVector |           1 |     56     B
iter = 11
CPU usage (% each core): [23.6, 100.0, 25.9, 30.3, 24.5, 22.0, 17.4, 22.7]
RAM usage: svmem(total=33615839232, available=19395768320, percent=42.3, used=13755514880, free=11077758976, active=17623269376, inactive=3574947840, buffers=945364992, cached=7837200384, shared=51167232)
SWAP usage: sswap(total=34263265280, used=0, free=34263265280, percent=0.0, sin=0, sout=0)
                                                 types |   # objects |   total size
====================================================== | =========== | ============
                                 <class 'numpy.ndarray |           1 |     27.47 MB
                                          <class 'dict |          15 |      3.94 KB
                                          <class 'type |           2 |      2.55 KB
                                         <class 'bytes |          21 |      2.42 KB
                                         <class 'tuple |          12 |    784     B
                                          <class 'list |           4 |    656     B
                                          <class 'cell |           9 |    432     B
                      <class 'functools._lru_list_elem |           4 |    320     B
                                      function (_call) |           2 |    272     B
                                   function (__init__) |           2 |    272     B
                           <class 'inspect.FullArgSpec |           2 |    208     B
                                         <class 'float |           8 |    192     B
  <class 'odl.operator.operator.OperatorLeftScalarMult |           3 |    168     B
                                       <class 'weakref |           2 |    160     B
                                           <class 'int |           3 |     84     B
iter = 12
CPU usage (% each core): [24.5, 28.4, 28.2, 22.5, 23.6, 23.4, 22.7, 100.0]
RAM usage: svmem(total=33615839232, available=19366531072, percent=42.4, used=13784752128, free=11048517632, active=17656233984, inactive=3574947840, buffers=945364992, cached=7837204480, shared=51167232)
SWAP usage: sswap(total=34263265280, used=0, free=34263265280, percent=0.0, sin=0, sout=0)
                                                 types |   # objects |   total size
====================================================== | =========== | ============
                                 <class 'numpy.ndarray |           1 |     27.47 MB
                                          <class 'dict |          15 |      3.19 KB
                                          <class 'type |           2 |      2.55 KB
                                         <class 'bytes |          21 |      2.42 KB
                                          <class 'list |           4 |    800     B
                                         <class 'tuple |          12 |    784     B
                                          <class 'cell |           9 |    432     B
                      <class 'functools._lru_list_elem |           4 |    320     B
                                      function (_call) |           2 |    272     B
                                   function (__init__) |           2 |    272     B
                           <class 'inspect.FullArgSpec |           2 |    208     B
                                         <class 'float |           8 |    192     B
  <class 'odl.operator.operator.OperatorLeftScalarMult |           3 |    168     B
                                       <class 'weakref |           2 |    160     B
           <class 'odl.space.npy_ntuples.NumpyFnVector |           1 |     56     B
iter = 13
CPU usage (% each core): [26.7, 29.2, 25.9, 21.7, 24.8, 22.9, 22.9, 100.0]
RAM usage: svmem(total=33615839232, available=19337871360, percent=42.5, used=13813411840, free=11019857920, active=17684992000, inactive=3574947840, buffers=945364992, cached=7837204480, shared=51167232)
SWAP usage: sswap(total=34263265280, used=0, free=34263265280, percent=0.0, sin=0, sout=0)
                                                 types |   # objects |   total size
====================================================== | =========== | ============
                                 <class 'numpy.ndarray |           1 |     27.47 MB
                                          <class 'dict |          15 |      3.19 KB
                                          <class 'type |           2 |      2.55 KB
                                         <class 'bytes |          21 |      2.42 KB
                                         <class 'tuple |          12 |    784     B
                                          <class 'list |           4 |    520     B
                                          <class 'cell |           9 |    432     B
                      <class 'functools._lru_list_elem |           4 |    320     B
                                      function (_call) |           2 |    272     B
                                   function (__init__) |           2 |    272     B
                           <class 'inspect.FullArgSpec |           2 |    208     B
                                         <class 'float |           8 |    192     B
  <class 'odl.operator.operator.OperatorLeftScalarMult |           3 |    168     B
                                       <class 'weakref |           2 |    160     B
                                           <class 'int |           3 |     84     B
iter = 14
CPU usage (% each core): [30.9, 30.0, 33.0, 100.0, 26.8, 26.4, 27.9, 25.2]
RAM usage: svmem(total=33615839232, available=19309219840, percent=42.6, used=13842063360, free=10991198208, active=17714061312, inactive=3574956032, buffers=945364992, cached=7837212672, shared=51167232)
SWAP usage: sswap(total=34263265280, used=0, free=34263265280, percent=0.0, sin=0, sout=0)
                                                 types |   # objects |   total size
====================================================== | =========== | ============
                                 <class 'numpy.ndarray |           1 |     27.47 MB
                                          <class 'dict |          15 |      3.19 KB
                                          <class 'type |           2 |      2.55 KB
                                         <class 'tuple |          12 |    784     B
                                          <class 'cell |           9 |    432     B
                      <class 'functools._lru_list_elem |           4 |    320     B
                                      function (_call) |           2 |    272     B
                                   function (__init__) |           2 |    272     B
                           <class 'inspect.FullArgSpec |           2 |    208     B
                                         <class 'float |           8 |    192     B
  <class 'odl.operator.operator.OperatorLeftScalarMult |           3 |    168     B
                                       <class 'weakref |           2 |    160     B
           <class 'odl.space.npy_ntuples.NumpyFnVector |           1 |     56     B
       <class 'odl.operator.operator.OperatorVectorSum |           1 |     56     B
      <class 'odl.operator.default_ops.ScalingOperator |           1 |     56     B
iter = 15
CPU usage (% each core): [23.9, 22.9, 99.1, 22.4, 20.4, 20.9, 20.2, 20.2]
RAM usage: svmem(total=33615839232, available=19280154624, percent=42.6, used=13871128576, free=10962132992, active=17742815232, inactive=3574956032, buffers=945364992, cached=7837212672, shared=51167232)
SWAP usage: sswap(total=34263265280, used=0, free=34263265280, percent=0.0, sin=0, sout=0)
                                                 types |   # objects |   total size
====================================================== | =========== | ============
                                 <class 'numpy.ndarray |           1 |     27.47 MB
                                          <class 'dict |          15 |      3.19 KB
                                          <class 'type |           2 |      2.55 KB
                                         <class 'bytes |          21 |      2.42 KB
                                         <class 'tuple |          12 |    784     B
                                          <class 'list |           4 |    696     B
                                          <class 'cell |           9 |    432     B
                      <class 'functools._lru_list_elem |           4 |    320     B
                                      function (_call) |           2 |    272     B
                                   function (__init__) |           2 |    272     B
                           <class 'inspect.FullArgSpec |           2 |    208     B
                                         <class 'float |           8 |    192     B
  <class 'odl.operator.operator.OperatorLeftScalarMult |           3 |    168     B
                                       <class 'weakref |           2 |    160     B
           <class 'odl.space.npy_ntuples.NumpyFnVector |           1 |     56     B
iter = 16
CPU usage (% each core): [23.1, 21.5, 21.7, 23.4, 22.4, 22.6, 100.0, 23.6]
RAM usage: svmem(total=33615839232, available=19251261440, percent=42.7, used=13900021760, free=10933239808, active=17771577344, inactive=3574956032, buffers=945364992, cached=7837212672, shared=51167232)
SWAP usage: sswap(total=34263265280, used=0, free=34263265280, percent=0.0, sin=0, sout=0)
                                                 types |   # objects |   total size
====================================================== | =========== | ============
                                 <class 'numpy.ndarray |           1 |     27.47 MB
                                          <class 'dict |          15 |      3.19 KB
                                          <class 'type |           2 |      2.55 KB
                                         <class 'bytes |          21 |      2.42 KB
                                         <class 'tuple |          12 |    784     B
                                          <class 'list |           4 |    592     B
                                          <class 'cell |           9 |    432     B
                      <class 'functools._lru_list_elem |           4 |    320     B
                                      function (_call) |           2 |    272     B
                                   function (__init__) |           2 |    272     B
                           <class 'inspect.FullArgSpec |           2 |    208     B
                                         <class 'float |           8 |    192     B
  <class 'odl.operator.operator.OperatorLeftScalarMult |           3 |    168     B
                                       <class 'weakref |           2 |    160     B
                                           <class 'int |           4 |    112     B
iter = 17
CPU usage (% each core): [25.0, 22.9, 100.0, 26.9, 23.1, 25.9, 17.3, 23.9]
RAM usage: svmem(total=33615839232, available=19222839296, percent=42.8, used=13928443904, free=10904817664, active=17800138752, inactive=3574956032, buffers=945364992, cached=7837212672, shared=51167232)
SWAP usage: sswap(total=34263265280, used=0, free=34263265280, percent=0.0, sin=0, sout=0)
                                                 types |   # objects |   total size
====================================================== | =========== | ============
                                 <class 'numpy.ndarray |           1 |     27.47 MB
                                          <class 'dict |          15 |      3.19 KB
                                          <class 'type |           2 |      2.55 KB
                                         <class 'bytes |          21 |      2.42 KB
                                         <class 'tuple |          12 |    784     B
                                          <class 'list |           4 |    656     B
                                          <class 'cell |           9 |    432     B
                      <class 'functools._lru_list_elem |           4 |    320     B
                                      function (_call) |           2 |    272     B
                                   function (__init__) |           2 |    272     B
                           <class 'inspect.FullArgSpec |           2 |    208     B
                                         <class 'float |           8 |    192     B
  <class 'odl.operator.operator.OperatorLeftScalarMult |           3 |    168     B
                                       <class 'weakref |           2 |    160     B
           <class 'odl.space.npy_ntuples.NumpyFnVector |           1 |     56     B
iter = 18
CPU usage (% each core): [25.2, 22.6, 100.0, 29.0, 24.1, 25.0, 18.3, 24.1]
RAM usage: svmem(total=33615839232, available=19194015744, percent=42.9, used=13957267456, free=10875994112, active=17829203968, inactive=3574956032, buffers=945364992, cached=7837212672, shared=51167232)
SWAP usage: sswap(total=34263265280, used=0, free=34263265280, percent=0.0, sin=0, sout=0)
                                                 types |   # objects |   total size
====================================================== | =========== | ============
                                 <class 'numpy.ndarray |           1 |     27.47 MB
                                          <class 'dict |          15 |      3.19 KB
                                          <class 'type |           2 |      2.55 KB
                                         <class 'bytes |          21 |      2.42 KB
                                         <class 'tuple |          12 |    784     B
                                          <class 'list |           4 |    744     B
                                          <class 'cell |           9 |    432     B
                      <class 'functools._lru_list_elem |           4 |    320     B
                                      function (_call) |           2 |    272     B
                                   function (__init__) |           2 |    272     B
                           <class 'inspect.FullArgSpec |           2 |    208     B
                                         <class 'float |           8 |    192     B
  <class 'odl.operator.operator.OperatorLeftScalarMult |           3 |    168     B
                                       <class 'weakref |           2 |    160     B
                                           <class 'int |           4 |    112     B
iter = 19
CPU usage (% each core): [22.7, 100.0, 27.3, 23.9, 23.9, 22.2, 23.1, 21.1]
RAM usage: svmem(total=33615839232, available=19164446720, percent=43.0, used=13986836480, free=10846425088, active=17857859584, inactive=3574956032, buffers=945369088, cached=7837208576, shared=51167232)
SWAP usage: sswap(total=34263265280, used=0, free=34263265280, percent=0.0, sin=0, sout=0)
                                                 types |   # objects |   total size
====================================================== | =========== | ============
                                 <class 'numpy.ndarray |           1 |     27.47 MB
                                          <class 'dict |          15 |      3.19 KB
                                          <class 'type |           2 |      2.55 KB
                                         <class 'tuple |          12 |    784     B
                                          <class 'cell |           9 |    432     B
                      <class 'functools._lru_list_elem |           4 |    320     B
                                      function (_call) |           2 |    272     B
                                   function (__init__) |           2 |    272     B
                           <class 'inspect.FullArgSpec |           2 |    208     B
                                         <class 'float |           8 |    192     B
  <class 'odl.operator.operator.OperatorLeftScalarMult |           3 |    168     B
                                       <class 'weakref |           2 |    160     B
           <class 'odl.space.npy_ntuples.NumpyFnVector |           1 |     56     B
       <class 'odl.operator.operator.OperatorVectorSum |           1 |     56     B
      <class 'odl.operator.default_ops.ScalingOperator |           1 |     56     B
iter = 20
CPU usage (% each core): [26.7, 100.0, 31.0, 30.4, 26.7, 19.7, 26.1, 26.7]
RAM usage: svmem(total=33615839232, available=19134865408, percent=43.1, used=14016413696, free=10816835584, active=17886920704, inactive=3574960128, buffers=945369088, cached=7837220864, shared=51167232)
SWAP usage: sswap(total=34263265280, used=0, free=34263265280, percent=0.0, sin=0, sout=0)
                                                 types |   # objects |   total size
====================================================== | =========== | ============
                                 <class 'numpy.ndarray |           1 |     27.47 MB
                                          <class 'dict |          15 |      3.19 KB
                                          <class 'type |           2 |      2.55 KB
                                         <class 'bytes |          21 |      2.42 KB
                                         <class 'tuple |          12 |    784     B
                                          <class 'list |           4 |    656     B
                                          <class 'cell |           9 |    432     B
                      <class 'functools._lru_list_elem |           4 |    320     B
                                      function (_call) |           2 |    272     B
                                   function (__init__) |           2 |    272     B
                           <class 'inspect.FullArgSpec |           2 |    208     B
                                         <class 'float |           8 |    192     B
  <class 'odl.operator.operator.OperatorLeftScalarMult |           3 |    168     B
                                       <class 'weakref |           2 |    160     B
           <class 'odl.space.npy_ntuples.NumpyFnVector |           1 |     56     B
iter = 21
CPU usage (% each core): [30.3, 27.8, 28.4, 21.3, 24.8, 23.6, 24.5, 100.0]
RAM usage: svmem(total=33615839232, available=19105394688, percent=43.2, used=14045884416, free=10787364864, active=17915383808, inactive=3574960128, buffers=945369088, cached=7837220864, shared=51167232)
SWAP usage: sswap(total=34263265280, used=0, free=34263265280, percent=0.0, sin=0, sout=0)
                                                 types |   # objects |   total size
====================================================== | =========== | ============
                                 <class 'numpy.ndarray |           1 |     27.47 MB
                                          <class 'dict |          15 |      4.69 KB
                                          <class 'type |           2 |      2.55 KB
                                         <class 'bytes |          21 |      2.42 KB
                                         <class 'tuple |          12 |    784     B
                                          <class 'list |           4 |    624     B
                                          <class 'cell |           9 |    432     B
                      <class 'functools._lru_list_elem |           4 |    320     B
                                      function (_call) |           2 |    272     B
                                   function (__init__) |           2 |    272     B
                           <class 'inspect.FullArgSpec |           2 |    208     B
                                         <class 'float |           8 |    192     B
  <class 'odl.operator.operator.OperatorLeftScalarMult |           3 |    168     B
                                       <class 'weakref |           2 |    160     B
                                           <class 'int |           3 |     84     B
iter = 22
CPU usage (% each core): [28.4, 22.3, 21.6, 19.8, 20.9, 21.6, 20.9, 100.0]
RAM usage: svmem(total=33615839232, available=19077562368, percent=43.2, used=14073716736, free=10759532544, active=17944424448, inactive=3574960128, buffers=945369088, cached=7837220864, shared=51167232)
SWAP usage: sswap(total=34263265280, used=0, free=34263265280, percent=0.0, sin=0, sout=0)
                                                 types |   # objects |   total size
====================================================== | =========== | ============
                                 <class 'numpy.ndarray |           1 |     27.47 MB
                                          <class 'dict |          15 |      3.19 KB
                                          <class 'type |           2 |      2.55 KB
                                         <class 'bytes |          21 |      2.42 KB
                                         <class 'tuple |          12 |    784     B
                                          <class 'list |           4 |    696     B
                                          <class 'cell |           9 |    432     B
                      <class 'functools._lru_list_elem |           4 |    320     B
                                      function (_call) |           2 |    272     B
                                   function (__init__) |           2 |    272     B
                           <class 'inspect.FullArgSpec |           2 |    208     B
                                         <class 'float |           8 |    192     B
  <class 'odl.operator.operator.OperatorLeftScalarMult |           3 |    168     B
                                       <class 'weakref |           2 |    160     B
           <class 'odl.space.npy_ntuples.NumpyFnVector |           1 |     56     B
iter = 23
CPU usage (% each core): [28.0, 30.2, 22.6, 22.9, 23.1, 22.6, 22.6, 100.0]
RAM usage: svmem(total=33615839232, available=19048525824, percent=43.3, used=14102753280, free=10730487808, active=17973211136, inactive=3574964224, buffers=945369088, cached=7837229056, shared=51167232)
SWAP usage: sswap(total=34263265280, used=0, free=34263265280, percent=0.0, sin=0, sout=0)
                                                 types |   # objects |   total size
====================================================== | =========== | ============
                                 <class 'numpy.ndarray |           1 |     27.47 MB
                                          <class 'dict |          15 |      3.19 KB
                                          <class 'type |           2 |      2.55 KB
                                         <class 'tuple |          12 |    784     B
                                          <class 'cell |           9 |    432     B
                      <class 'functools._lru_list_elem |           4 |    320     B
                                      function (_call) |           2 |    272     B
                                   function (__init__) |           2 |    272     B
                           <class 'inspect.FullArgSpec |           2 |    208     B
                                         <class 'float |           8 |    192     B
  <class 'odl.operator.operator.OperatorLeftScalarMult |           3 |    168     B
                                       <class 'weakref |           2 |    160     B
           <class 'odl.space.npy_ntuples.NumpyFnVector |           1 |     56     B
       <class 'odl.operator.operator.OperatorVectorSum |           1 |     56     B
      <class 'odl.operator.default_ops.ScalingOperator |           1 |     56     B
iter = 24
CPU usage (% each core): [27.0, 24.5, 22.5, 25.0, 22.7, 22.5, 23.2, 100.0]
RAM usage: svmem(total=33615839232, available=19019329536, percent=43.4, used=14131949568, free=10701291520, active=18001969152, inactive=3574964224, buffers=945373184, cached=7837224960, shared=51167232)
SWAP usage: sswap(total=34263265280, used=0, free=34263265280, percent=0.0, sin=0, sout=0)
                                                 types |   # objects |   total size
====================================================== | =========== | ============
                                 <class 'numpy.ndarray |           1 |     27.47 MB
                                          <class 'dict |          15 |      3.19 KB
                                          <class 'type |           2 |      2.55 KB
                                         <class 'bytes |          21 |      2.42 KB
                                         <class 'tuple |          12 |    784     B
                                          <class 'list |           4 |    696     B
                                          <class 'cell |           9 |    432     B
                      <class 'functools._lru_list_elem |           4 |    320     B
                                      function (_call) |           2 |    272     B
                                   function (__init__) |           2 |    272     B
                           <class 'inspect.FullArgSpec |           2 |    208     B
                                         <class 'float |           8 |    192     B
  <class 'odl.operator.operator.OperatorLeftScalarMult |           3 |    168     B
                                       <class 'weakref |           2 |    160     B
           <class 'odl.space.npy_ntuples.NumpyFnVector |           1 |     56     B
iter = 25
CPU usage (% each core): [100.0, 25.2, 21.2, 24.6, 22.3, 21.2, 21.1, 25.4]
RAM usage: svmem(total=33615839232, available=18990333952, percent=43.5, used=14160949248, free=10672287744, active=18030735360, inactive=3574968320, buffers=945373184, cached=7837229056, shared=51167232)
SWAP usage: sswap(total=34263265280, used=0, free=34263265280, percent=0.0, sin=0, sout=0)
                                                 types |   # objects |   total size
====================================================== | =========== | ============
                                 <class 'numpy.ndarray |           1 |     27.47 MB
                                          <class 'dict |          15 |      3.19 KB
                                          <class 'type |           2 |      2.55 KB
                                         <class 'bytes |          21 |      2.42 KB
                                         <class 'tuple |          12 |    784     B
                                          <class 'list |           4 |    592     B
                                          <class 'cell |           9 |    432     B
                      <class 'functools._lru_list_elem |           4 |    320     B
                                      function (_call) |           2 |    272     B
                                   function (__init__) |           2 |    272     B
                           <class 'inspect.FullArgSpec |           2 |    208     B
                                         <class 'float |           8 |    192     B
  <class 'odl.operator.operator.OperatorLeftScalarMult |           3 |    168     B
                                       <class 'weakref |           2 |    160     B
                                           <class 'int |           4 |    112     B
iter = 26
CPU usage (% each core): [100.0, 22.9, 24.3, 24.3, 21.9, 22.4, 21.9, 27.4]
RAM usage: svmem(total=33615839232, available=18960760832, percent=43.6, used=14190522368, free=10642710528, active=18059677696, inactive=3574968320, buffers=945373184, cached=7837233152, shared=51167232)
SWAP usage: sswap(total=34263265280, used=0, free=34263265280, percent=0.0, sin=0, sout=0)
                                                 types |   # objects |   total size
====================================================== | =========== | ============
                                 <class 'numpy.ndarray |           1 |     27.47 MB
                                          <class 'dict |          15 |      9.19 KB
                                          <class 'type |           2 |      2.55 KB
                                         <class 'bytes |          21 |      2.42 KB
                                         <class 'tuple |          12 |    784     B
                                          <class 'list |           4 |    656     B
                                          <class 'cell |           9 |    432     B
                      <class 'functools._lru_list_elem |           4 |    320     B
                                      function (_call) |           2 |    272     B
                                   function (__init__) |           2 |    272     B
                           <class 'inspect.FullArgSpec |           2 |    208     B
                                         <class 'float |           8 |    192     B
  <class 'odl.operator.operator.OperatorLeftScalarMult |           3 |    168     B
                                       <class 'weakref |           2 |    160     B
           <class 'odl.space.npy_ntuples.NumpyFnVector |           1 |     56     B
iter = 27
CPU usage (% each core): [100.0, 24.8, 24.3, 25.5, 23.6, 21.3, 22.5, 23.6]
RAM usage: svmem(total=33615839232, available=18932752384, percent=43.7, used=14218534912, free=10614702080, active=18088443904, inactive=3574968320, buffers=945373184, cached=7837229056, shared=51167232)
SWAP usage: sswap(total=34263265280, used=0, free=34263265280, percent=0.0, sin=0, sout=0)
                                                 types |   # objects |   total size
====================================================== | =========== | ============
                                 <class 'numpy.ndarray |           1 |     27.47 MB
                                          <class 'dict |          15 |      3.19 KB
                                          <class 'type |           2 |      2.55 KB
                                         <class 'bytes |          21 |      2.42 KB
                                         <class 'tuple |          12 |    784     B
                                          <class 'list |           4 |    744     B
                                          <class 'cell |           9 |    432     B
                      <class 'functools._lru_list_elem |           4 |    320     B
                                      function (_call) |           2 |    272     B
                                   function (__init__) |           2 |    272     B
                           <class 'inspect.FullArgSpec |           2 |    208     B
                                         <class 'float |           8 |    192     B
  <class 'odl.operator.operator.OperatorLeftScalarMult |           3 |    168     B
                                       <class 'weakref |           2 |    160     B
           <class 'odl.space.npy_ntuples.NumpyFnVector |           1 |     56     B
iter = 28
CPU usage (% each core): [100.0, 28.0, 30.2, 25.2, 23.1, 22.9, 22.4, 24.3]
RAM usage: svmem(total=33615839232, available=18904829952, percent=43.8, used=14246457344, free=10586779648, active=18117201920, inactive=3574968320, buffers=945373184, cached=7837229056, shared=51167232)
SWAP usage: sswap(total=34263265280, used=0, free=34263265280, percent=0.0, sin=0, sout=0)
                                                 types |   # objects |   total size
====================================================== | =========== | ============
                                 <class 'numpy.ndarray |           1 |     27.47 MB
                                          <class 'dict |          15 |      3.19 KB
                                          <class 'type |           2 |      2.55 KB
                                         <class 'tuple |          12 |    784     B
                                          <class 'cell |           9 |    432     B
                      <class 'functools._lru_list_elem |           4 |    320     B
                                      function (_call) |           2 |    272     B
                                   function (__init__) |           2 |    272     B
                           <class 'inspect.FullArgSpec |           2 |    208     B
                                         <class 'float |           8 |    192     B
  <class 'odl.operator.operator.OperatorLeftScalarMult |           3 |    168     B
                                       <class 'weakref |           2 |    160     B
           <class 'odl.space.npy_ntuples.NumpyFnVector |           1 |     56     B
       <class 'odl.operator.operator.OperatorVectorSum |           1 |     56     B
      <class 'odl.operator.default_ops.ScalingOperator |           1 |     56     B
iter = 29
CPU usage (% each core): [100.0, 27.6, 27.1, 28.3, 21.0, 23.1, 23.6, 24.8]
RAM usage: svmem(total=33615839232, available=18874376192, percent=43.9, used=14276911104, free=10556317696, active=18145968128, inactive=3574972416, buffers=945373184, cached=7837237248, shared=51167232)
SWAP usage: sswap(total=34263265280, used=0, free=34263265280, percent=0.0, sin=0, sout=0)
                                                 types |   # objects |   total size
====================================================== | =========== | ============
                                 <class 'numpy.ndarray |           1 |     27.47 MB
                                          <class 'dict |          15 |      6.19 KB
                                          <class 'type |           2 |      2.55 KB
                                         <class 'bytes |          21 |      2.42 KB
                                         <class 'tuple |          12 |    784     B
                                          <class 'list |           4 |    656     B
                                          <class 'cell |           9 |    432     B
                      <class 'functools._lru_list_elem |           4 |    320     B
                                      function (_call) |           2 |    272     B
                                   function (__init__) |           2 |    272     B
                           <class 'inspect.FullArgSpec |           2 |    208     B
                                         <class 'float |           8 |    192     B
  <class 'odl.operator.operator.OperatorLeftScalarMult |           3 |    168     B
                                       <class 'weakref |           2 |    160     B
           <class 'odl.space.npy_ntuples.NumpyFnVector |           1 |     56     B
iter = 30
CPU usage (% each core): [100.0, 27.9, 24.8, 23.8, 22.6, 24.8, 23.1, 31.4]
RAM usage: svmem(total=33615839232, available=18846863360, percent=43.9, used=14304423936, free=10528804864, active=18175029248, inactive=3574972416, buffers=945373184, cached=7837237248, shared=51167232)
SWAP usage: sswap(total=34263265280, used=0, free=34263265280, percent=0.0, sin=0, sout=0)
                                                 types |   # objects |   total size
====================================================== | =========== | ============
                                 <class 'numpy.ndarray |           1 |     27.47 MB
                                          <class 'dict |          15 |      3.19 KB
                                          <class 'type |           2 |      2.55 KB
                                         <class 'bytes |          21 |      2.42 KB
                                         <class 'tuple |          12 |    784     B
                                          <class 'list |           4 |    624     B
                                          <class 'cell |           9 |    432     B
                      <class 'functools._lru_list_elem |           4 |    320     B
                                      function (_call) |           2 |    272     B
                                   function (__init__) |           2 |    272     B
                           <class 'inspect.FullArgSpec |           2 |    208     B
                                         <class 'float |           8 |    192     B
  <class 'odl.operator.operator.OperatorLeftScalarMult |           3 |    168     B
                                       <class 'weakref |           2 |    160     B
                                           <class 'int |           3 |     84     B
iter = 31
CPU usage (% each core): [26.4, 31.1, 28.5, 100.0, 26.2, 26.8, 26.8, 32.5]
RAM usage: svmem(total=33615839232, available=18817200128, percent=44.0, used=14334087168, free=10499141632, active=18203791360, inactive=3574972416, buffers=945373184, cached=7837237248, shared=51167232)
SWAP usage: sswap(total=34263265280, used=0, free=34263265280, percent=0.0, sin=0, sout=0)
                                                 types |   # objects |   total size
====================================================== | =========== | ============
                                 <class 'numpy.ndarray |           1 |     27.47 MB
                                          <class 'dict |          15 |      3.19 KB
                                          <class 'type |           2 |      2.55 KB
                                         <class 'bytes |          21 |      2.42 KB
                                         <class 'tuple |          12 |    784     B
                                          <class 'list |           4 |    696     B
                                          <class 'cell |           9 |    432     B
                      <class 'functools._lru_list_elem |           4 |    320     B
                                      function (_call) |           2 |    272     B
                                   function (__init__) |           2 |    272     B
                           <class 'inspect.FullArgSpec |           2 |    208     B
                                         <class 'float |           8 |    192     B
  <class 'odl.operator.operator.OperatorLeftScalarMult |           3 |    168     B
                                       <class 'weakref |           2 |    160     B
           <class 'odl.space.npy_ntuples.NumpyFnVector |           1 |     56     B
iter = 32
CPU usage (% each core): [27.7, 24.1, 29.1, 19.8, 21.6, 20.5, 22.3, 100.0]
RAM usage: svmem(total=33615839232, available=18789007360, percent=44.1, used=14362284032, free=10470936576, active=18232631296, inactive=3574976512, buffers=945373184, cached=7837245440, shared=51167232)
SWAP usage: sswap(total=34263265280, used=0, free=34263265280, percent=0.0, sin=0, sout=0)
                                                 types |   # objects |   total size
====================================================== | =========== | ============
                                 <class 'numpy.ndarray |           1 |     27.47 MB
                                          <class 'dict |          15 |      3.19 KB
                                          <class 'type |           2 |      2.55 KB
                                         <class 'tuple |          12 |    784     B
                                          <class 'cell |           9 |    432     B
                      <class 'functools._lru_list_elem |           4 |    320     B
                                      function (_call) |           2 |    272     B
                                   function (__init__) |           2 |    272     B
                           <class 'inspect.FullArgSpec |           2 |    208     B
                                         <class 'float |           8 |    192     B
  <class 'odl.operator.operator.OperatorLeftScalarMult |           3 |    168     B
                                       <class 'weakref |           2 |    160     B
                                           <class 'int |           4 |    112     B
           <class 'odl.space.npy_ntuples.NumpyFnVector |           1 |     56     B
       <class 'odl.operator.operator.OperatorVectorSum |           1 |     56     B
iter = 33
CPU usage (% each core): [27.7, 28.3, 29.5, 87.6, 25.7, 25.7, 25.9, 37.2]
RAM usage: svmem(total=33615839232, available=18758438912, percent=44.2, used=14392852480, free=10440368128, active=18261426176, inactive=3574976512, buffers=945373184, cached=7837245440, shared=51167232)
SWAP usage: sswap(total=34263265280, used=0, free=34263265280, percent=0.0, sin=0, sout=0)
                                                 types |   # objects |   total size
====================================================== | =========== | ============
                                 <class 'numpy.ndarray |           1 |     27.47 MB
                                          <class 'dict |          15 |      3.19 KB
                                          <class 'type |           2 |      2.55 KB
                                         <class 'bytes |          21 |      2.42 KB
                                         <class 'tuple |          12 |    784     B
                                          <class 'list |           4 |    656     B
                                          <class 'cell |           9 |    432     B
                      <class 'functools._lru_list_elem |           4 |    320     B
                                      function (_call) |           2 |    272     B
                                   function (__init__) |           2 |    272     B
                           <class 'inspect.FullArgSpec |           2 |    208     B
                                         <class 'float |           8 |    192     B
  <class 'odl.operator.operator.OperatorLeftScalarMult |           3 |    168     B
                                       <class 'weakref |           2 |    160     B
           <class 'odl.space.npy_ntuples.NumpyFnVector |           1 |     56     B
iter = 34
CPU usage (% each core): [27.0, 100.0, 29.5, 29.5, 26.4, 26.2, 32.2, 25.6]
RAM usage: svmem(total=33615839232, available=18731970560, percent=44.3, used=14419320832, free=10413899776, active=18289885184, inactive=3574976512, buffers=945373184, cached=7837245440, shared=51167232)
SWAP usage: sswap(total=34263265280, used=0, free=34263265280, percent=0.0, sin=0, sout=0)
                                                 types |   # objects |   total size
====================================================== | =========== | ============
                                 <class 'numpy.ndarray |           1 |     27.47 MB
                                          <class 'dict |          15 |      3.19 KB
                                          <class 'type |           2 |      2.55 KB
                                         <class 'bytes |          21 |      2.42 KB
                                         <class 'tuple |          12 |    784     B
                                          <class 'list |           4 |    704     B
                                          <class 'cell |           9 |    432     B
                      <class 'functools._lru_list_elem |           4 |    320     B
                                      function (_call) |           2 |    272     B
                                   function (__init__) |           2 |    272     B
                           <class 'inspect.FullArgSpec |           2 |    208     B
                                         <class 'float |           8 |    192     B
  <class 'odl.operator.operator.OperatorLeftScalarMult |           3 |    168     B
                                       <class 'weakref |           2 |    160     B
                                           <class 'int |           3 |     84     B
iter = 35
CPU usage (% each core): [29.5, 26.8, 22.3, 25.0, 23.9, 23.4, 99.1, 24.1]
RAM usage: svmem(total=33615839232, available=18702962688, percent=44.4, used=14448328704, free=10384891904, active=18308624384, inactive=3574976512, buffers=945373184, cached=7837245440, shared=51167232)
SWAP usage: sswap(total=34263265280, used=0, free=34263265280, percent=0.0, sin=0, sout=0)
                                                 types |   # objects |   total size
====================================================== | =========== | ============
                                 <class 'numpy.ndarray |           1 |     27.47 MB
                                          <class 'dict |          15 |      3.19 KB
                                          <class 'type |           2 |      2.55 KB
                                         <class 'bytes |          21 |      2.42 KB
                                         <class 'tuple |          12 |    784     B
                                          <class 'list |           4 |    656     B
                                          <class 'cell |           9 |    432     B
                      <class 'functools._lru_list_elem |           4 |    320     B
                                      function (_call) |           2 |    272     B
                                   function (__init__) |           2 |    272     B
                           <class 'inspect.FullArgSpec |           2 |    208     B
                                         <class 'float |           8 |    192     B
  <class 'odl.operator.operator.OperatorLeftScalarMult |           3 |    168     B
                                       <class 'weakref |           2 |    160     B
           <class 'odl.space.npy_ntuples.NumpyFnVector |           1 |     56     B
iter = 36
CPU usage (% each core): [29.0, 23.1, 14.0, 24.3, 21.3, 21.3, 100.0, 23.9]
RAM usage: svmem(total=33615839232, available=18674581504, percent=44.4, used=14476709888, free=10356510720, active=18347835392, inactive=3574976512, buffers=945373184, cached=7837245440, shared=51167232)
SWAP usage: sswap(total=34263265280, used=0, free=34263265280, percent=0.0, sin=0, sout=0)
                                                 types |   # objects |   total size
====================================================== | =========== | ============
                                 <class 'numpy.ndarray |           1 |     27.47 MB
                                          <class 'dict |          15 |      3.19 KB
                                          <class 'type |           2 |      2.55 KB
                                         <class 'bytes |          21 |      2.42 KB
                                         <class 'tuple |          12 |    784     B
                                          <class 'list |           4 |    744     B
                                          <class 'cell |           9 |    432     B
                      <class 'functools._lru_list_elem |           4 |    320     B
                                      function (_call) |           2 |    272     B
                                   function (__init__) |           2 |    272     B
                           <class 'inspect.FullArgSpec |           2 |    208     B
                                         <class 'float |           8 |    192     B
  <class 'odl.operator.operator.OperatorLeftScalarMult |           3 |    168     B
                                       <class 'weakref |           2 |    160     B
           <class 'odl.space.npy_ntuples.NumpyFnVector |           1 |     56     B
iter = 37
CPU usage (% each core): [23.4, 23.4, 24.3, 24.3, 22.5, 22.5, 100.0, 24.5]
RAM usage: svmem(total=33615839232, available=18643935232, percent=44.5, used=14507356160, free=10325864448, active=18376896512, inactive=3574976512, buffers=945373184, cached=7837245440, shared=51167232)
SWAP usage: sswap(total=34263265280, used=0, free=34263265280, percent=0.0, sin=0, sout=0)
                                                 types |   # objects |   total size
====================================================== | =========== | ============
                                 <class 'numpy.ndarray |           1 |     27.47 MB
                                          <class 'dict |          15 |      3.19 KB
                                          <class 'type |           2 |      2.55 KB
                                         <class 'tuple |          12 |    784     B
                                          <class 'cell |           9 |    432     B
                      <class 'functools._lru_list_elem |           4 |    320     B
                                      function (_call) |           2 |    272     B
                                   function (__init__) |           2 |    272     B
                           <class 'inspect.FullArgSpec |           2 |    208     B
                                         <class 'float |           8 |    192     B
  <class 'odl.operator.operator.OperatorLeftScalarMult |           3 |    168     B
                                       <class 'weakref |           2 |    160     B
           <class 'odl.space.npy_ntuples.NumpyFnVector |           1 |     56     B
       <class 'odl.operator.operator.OperatorVectorSum |           1 |     56     B
      <class 'odl.operator.default_ops.ScalingOperator |           1 |     56     B
iter = 38
CPU usage (% each core): [30.9, 26.9, 22.7, 23.9, 22.2, 22.7, 100.0, 22.7]
RAM usage: svmem(total=33615839232, available=18615377920, percent=44.6, used=14535913472, free=10297298944, active=18405662720, inactive=3574980608, buffers=945373184, cached=7837253632, shared=51167232)
SWAP usage: sswap(total=34263265280, used=0, free=34263265280, percent=0.0, sin=0, sout=0)
                                                 types |   # objects |   total size
====================================================== | =========== | ============
                                 <class 'numpy.ndarray |           1 |     27.47 MB
                                          <class 'dict |          15 |      3.19 KB
                                          <class 'type |           2 |      2.55 KB
                                         <class 'bytes |          21 |      2.42 KB
                                         <class 'tuple |          12 |    784     B
                                          <class 'list |           4 |    744     B
                                          <class 'cell |           9 |    432     B
                      <class 'functools._lru_list_elem |           4 |    320     B
                                      function (_call) |           2 |    272     B
                                   function (__init__) |           2 |    272     B
                           <class 'inspect.FullArgSpec |           2 |    208     B
                                         <class 'float |           8 |    192     B
  <class 'odl.operator.operator.OperatorLeftScalarMult |           3 |    168     B
                                       <class 'weakref |           2 |    160     B
           <class 'odl.space.npy_ntuples.NumpyFnVector |           1 |     56     B
iter = 39
CPU usage (% each core): [23.1, 25.0, 21.3, 24.1, 28.7, 22.4, 100.0, 22.2]
RAM usage: svmem(total=33615839232, available=18586423296, percent=44.7, used=14564868096, free=10268344320, active=18434420736, inactive=3574980608, buffers=945373184, cached=7837253632, shared=51167232)
SWAP usage: sswap(total=34263265280, used=0, free=34263265280, percent=0.0, sin=0, sout=0)
                                                 types |   # objects |   total size
====================================================== | =========== | ============
                                 <class 'numpy.ndarray |           1 |     27.47 MB
                                          <class 'dict |          15 |      3.19 KB
                                          <class 'type |           2 |      2.55 KB
                                         <class 'bytes |          21 |      2.42 KB
                                         <class 'tuple |          12 |    784     B
                                          <class 'list |           4 |    624     B
                                          <class 'cell |           9 |    432     B
                      <class 'functools._lru_list_elem |           4 |    320     B
                                      function (_call) |           2 |    272     B
                                   function (__init__) |           2 |    272     B
                           <class 'inspect.FullArgSpec |           2 |    208     B
                                         <class 'float |           8 |    192     B
  <class 'odl.operator.operator.OperatorLeftScalarMult |           3 |    168     B
                                       <class 'weakref |           2 |    160     B
                                           <class 'int |           4 |    112     B
iter = 40
CPU usage (% each core): [25.2, 21.7, 21.5, 23.4, 21.3, 21.5, 100.0, 21.7]
RAM usage: svmem(total=33615839232, available=18558107648, percent=44.8, used=14593183744, free=10240028672, active=18463182848, inactive=3574980608, buffers=945373184, cached=7837253632, shared=51167232)
SWAP usage: sswap(total=34263265280, used=0, free=34263265280, percent=0.0, sin=0, sout=0)
                                                 types |   # objects |   total size
====================================================== | =========== | ============
                                 <class 'numpy.ndarray |           1 |     27.47 MB
                                          <class 'dict |          15 |      3.19 KB
                                          <class 'type |           2 |      2.55 KB
                                         <class 'bytes |          21 |      2.42 KB
                                         <class 'tuple |          12 |    784     B
                                          <class 'list |           4 |    696     B
                                          <class 'cell |           9 |    432     B
                      <class 'functools._lru_list_elem |           4 |    320     B
                                      function (_call) |           2 |    272     B
                                   function (__init__) |           2 |    272     B
                           <class 'inspect.FullArgSpec |           2 |    208     B
                                         <class 'float |           8 |    192     B
  <class 'odl.operator.operator.OperatorLeftScalarMult |           3 |    168     B
                                       <class 'weakref |           2 |    160     B
           <class 'odl.space.npy_ntuples.NumpyFnVector |           1 |     56     B
iter = 41
CPU usage (% each core): [23.6, 22.9, 19.0, 24.8, 23.6, 29.2, 100.0, 22.4]
RAM usage: svmem(total=33615839232, available=18528251904, percent=44.9, used=14623039488, free=10210172928, active=18491944960, inactive=3574980608, buffers=945373184, cached=7837253632, shared=51167232)
SWAP usage: sswap(total=34263265280, used=0, free=34263265280, percent=0.0, sin=0, sout=0)
                                                 types |   # objects |   total size
====================================================== | =========== | ============
                                 <class 'numpy.ndarray |           1 |     27.47 MB
                                          <class 'dict |          15 |      3.19 KB
                                          <class 'type |           2 |      2.55 KB
                                         <class 'tuple |          12 |    784     B
                                          <class 'cell |           9 |    432     B
                      <class 'functools._lru_list_elem |           4 |    320     B
                                      function (_call) |           2 |    272     B
                                   function (__init__) |           2 |    272     B
                           <class 'inspect.FullArgSpec |           2 |    208     B
                                         <class 'float |           8 |    192     B
  <class 'odl.operator.operator.OperatorLeftScalarMult |           3 |    168     B
                                       <class 'weakref |           2 |    160     B
                                           <class 'int |           3 |     84     B
           <class 'odl.space.npy_ntuples.NumpyFnVector |           1 |     56     B
       <class 'odl.operator.operator.OperatorVectorSum |           1 |     56     B
iter = 42
CPU usage (% each core): [26.9, 26.2, 22.2, 28.7, 22.2, 22.4, 100.0, 22.4]
RAM usage: svmem(total=33615839232, available=18499039232, percent=45.0, used=14652252160, free=10180952064, active=18520899584, inactive=3574984704, buffers=945373184, cached=7837261824, shared=51167232)
SWAP usage: sswap(total=34263265280, used=0, free=34263265280, percent=0.0, sin=0, sout=0)
                                                 types |   # objects |   total size
====================================================== | =========== | ============
                                 <class 'numpy.ndarray |           1 |     27.47 MB
                                          <class 'dict |          15 |      3.19 KB
                                          <class 'type |           2 |      2.55 KB
                                         <class 'bytes |          21 |      2.42 KB
                                         <class 'tuple |          12 |    784     B
                                          <class 'list |           4 |    656     B
                                          <class 'cell |           9 |    432     B
                      <class 'functools._lru_list_elem |           4 |    320     B
                                      function (_call) |           2 |    272     B
                                   function (__init__) |           2 |    272     B
                           <class 'inspect.FullArgSpec |           2 |    208     B
                                         <class 'float |           8 |    192     B
  <class 'odl.operator.operator.OperatorLeftScalarMult |           3 |    168     B
                                       <class 'weakref |           2 |    160     B
           <class 'odl.space.npy_ntuples.NumpyFnVector |           1 |     56     B
iter = 43
CPU usage (% each core): [26.2, 28.3, 23.4, 28.3, 23.4, 25.0, 100.0, 23.4]
RAM usage: svmem(total=33615839232, available=18471370752, percent=45.1, used=14679920640, free=10153283584, active=18549469184, inactive=3574984704, buffers=945373184, cached=7837261824, shared=51167232)
SWAP usage: sswap(total=34263265280, used=0, free=34263265280, percent=0.0, sin=0, sout=0)
                                                 types |   # objects |   total size
====================================================== | =========== | ============
                                 <class 'numpy.ndarray |           1 |     27.47 MB
                                          <class 'dict |          15 |      6.19 KB
                                          <class 'type |           2 |      2.55 KB
                                         <class 'bytes |          21 |      2.42 KB
                                         <class 'tuple |          12 |    784     B
                                          <class 'list |           4 |    704     B
                                          <class 'cell |           9 |    432     B
                      <class 'functools._lru_list_elem |           4 |    320     B
                                      function (_call) |           2 |    272     B
                                   function (__init__) |           2 |    272     B
                           <class 'inspect.FullArgSpec |           2 |    208     B
                                         <class 'float |           8 |    192     B
  <class 'odl.operator.operator.OperatorLeftScalarMult |           3 |    168     B
                                       <class 'weakref |           2 |    160     B
                                           <class 'int |           3 |     84     B
iter = 44
CPU usage (% each core): [26.9, 24.8, 100.0, 26.6, 23.9, 27.1, 21.1, 22.9]
RAM usage: svmem(total=33615839232, available=18443137024, percent=45.1, used=14708154368, free=10125049856, active=18578231296, inactive=3574984704, buffers=945373184, cached=7837261824, shared=51167232)
SWAP usage: sswap(total=34263265280, used=0, free=34263265280, percent=0.0, sin=0, sout=0)
                                                 types |   # objects |   total size
====================================================== | =========== | ============
                                 <class 'numpy.ndarray |           1 |     27.47 MB
                                          <class 'dict |          15 |      3.19 KB
                                          <class 'type |           2 |      2.55 KB
                                         <class 'bytes |          21 |      2.42 KB
                                         <class 'tuple |          12 |    784     B
                                          <class 'list |           4 |    656     B
                                          <class 'cell |           9 |    432     B
                      <class 'functools._lru_list_elem |           4 |    320     B
                                      function (_call) |           2 |    272     B
                                   function (__init__) |           2 |    272     B
                           <class 'inspect.FullArgSpec |           2 |    208     B
                                         <class 'float |           8 |    192     B
  <class 'odl.operator.operator.OperatorLeftScalarMult |           3 |    168     B
                                       <class 'weakref |           2 |    160     B
           <class 'odl.space.npy_ntuples.NumpyFnVector |           1 |     56     B
iter = 45
CPU usage (% each core): [26.9, 25.2, 20.6, 23.9, 20.6, 21.3, 100.0, 20.4]
RAM usage: svmem(total=33615839232, available=18414043136, percent=45.2, used=14737248256, free=10095955968, active=18607292416, inactive=3574984704, buffers=945373184, cached=7837261824, shared=51167232)
SWAP usage: sswap(total=34263265280, used=0, free=34263265280, percent=0.0, sin=0, sout=0)
                                                 types |   # objects |   total size
====================================================== | =========== | ============
                                 <class 'numpy.ndarray |           1 |     27.47 MB
                                          <class 'dict |          15 |      3.19 KB
                                          <class 'type |           2 |      2.55 KB
                                         <class 'bytes |          21 |      2.42 KB
                                         <class 'tuple |          12 |    784     B
                                          <class 'list |           4 |    744     B
                                          <class 'cell |           9 |    432     B
                      <class 'functools._lru_list_elem |           4 |    320     B
                                      function (_call) |           2 |    272     B
                                   function (__init__) |           2 |    272     B
                           <class 'inspect.FullArgSpec |           2 |    208     B
                                         <class 'float |           8 |    192     B
  <class 'odl.operator.operator.OperatorLeftScalarMult |           3 |    168     B
                                       <class 'weakref |           2 |    160     B
           <class 'odl.space.npy_ntuples.NumpyFnVector |           1 |     56     B
iter = 46
CPU usage (% each core): [26.1, 100.0, 23.3, 24.6, 22.4, 20.7, 21.6, 23.3]
RAM usage: svmem(total=33615839232, available=18384330752, percent=45.3, used=14766960640, free=10066243584, active=18636054528, inactive=3574984704, buffers=945373184, cached=7837261824, shared=51167232)
SWAP usage: sswap(total=34263265280, used=0, free=34263265280, percent=0.0, sin=0, sout=0)
                                                 types |   # objects |   total size
====================================================== | =========== | ============
                                 <class 'numpy.ndarray |           1 |     27.47 MB
                                          <class 'dict |          15 |      3.19 KB
                                          <class 'type |           2 |      2.55 KB
                                         <class 'tuple |          12 |    784     B
                                          <class 'cell |           9 |    432     B
                      <class 'functools._lru_list_elem |           4 |    320     B
                                      function (_call) |           2 |    272     B
                                   function (__init__) |           2 |    272     B
                           <class 'inspect.FullArgSpec |           2 |    208     B
                                         <class 'float |           8 |    192     B
  <class 'odl.operator.operator.OperatorLeftScalarMult |           3 |    168     B
                                       <class 'weakref |           2 |    160     B
           <class 'odl.space.npy_ntuples.NumpyFnVector |           1 |     56     B
       <class 'odl.operator.operator.OperatorVectorSum |           1 |     56     B
      <class 'odl.operator.default_ops.ScalingOperator |           1 |     56     B
iter = 47
CPU usage (% each core): [24.3, 21.5, 27.8, 26.7, 22.2, 100.0, 22.4, 24.5]
RAM usage: svmem(total=33615839232, available=18357673984, percent=45.4, used=14793617408, free=10039578624, active=18664845312, inactive=3574988800, buffers=945373184, cached=7837270016, shared=51167232)
SWAP usage: sswap(total=34263265280, used=0, free=34263265280, percent=0.0, sin=0, sout=0)
                                                 types |   # objects |   total size
====================================================== | =========== | ============
                                 <class 'numpy.ndarray |           1 |     27.47 MB
                                          <class 'dict |          15 |      3.19 KB
                                          <class 'type |           2 |      2.55 KB
                                         <class 'bytes |          21 |      2.42 KB
                                         <class 'tuple |          12 |    784     B
                                          <class 'list |           4 |    616     B
                                          <class 'cell |           9 |    432     B
                      <class 'functools._lru_list_elem |           4 |    320     B
                                      function (_call) |           2 |    272     B
                                   function (__init__) |           2 |    272     B
                           <class 'inspect.FullArgSpec |           2 |    208     B
                                         <class 'float |           8 |    192     B
  <class 'odl.operator.operator.OperatorLeftScalarMult |           3 |    168     B
                                       <class 'weakref |           2 |    160     B
                                           <class 'int |           3 |     84     B
iter = 48
CPU usage (% each core): [29.0, 24.1, 28.7, 28.2, 23.4, 100.0, 23.1, 23.9]
RAM usage: svmem(total=33615839232, available=18327375872, percent=45.5, used=14823915520, free=10009280512, active=18693398528, inactive=3574988800, buffers=945377280, cached=7837265920, shared=51167232)
SWAP usage: sswap(total=34263265280, used=0, free=34263265280, percent=0.0, sin=0, sout=0)
                                                 types |   # objects |   total size
====================================================== | =========== | ============
                                 <class 'numpy.ndarray |           1 |     27.47 MB
                                          <class 'dict |          15 |      3.19 KB
                                          <class 'type |           2 |      2.55 KB
                                         <class 'bytes |          21 |      2.42 KB
                                         <class 'tuple |          12 |    784     B
                                          <class 'list |           4 |    752     B
                                          <class 'cell |           9 |    432     B
                      <class 'functools._lru_list_elem |           4 |    320     B
                                      function (_call) |           2 |    272     B
                                   function (__init__) |           2 |    272     B
                           <class 'inspect.FullArgSpec |           2 |    208     B
                                         <class 'float |           8 |    192     B
  <class 'odl.operator.operator.OperatorLeftScalarMult |           3 |    168     B
                                       <class 'weakref |           2 |    160     B
           <class 'odl.space.npy_ntuples.NumpyFnVector |           1 |     56     B
iter = 49
CPU usage (% each core): [27.3, 25.6, 98.3, 26.7, 24.8, 26.2, 23.3, 23.3]
RAM usage: svmem(total=33615839232, available=18299113472, percent=45.6, used=14852177920, free=9980964864, active=18722013184, inactive=3574988800, buffers=945377280, cached=7837319168, shared=51167232)
SWAP usage: sswap(total=34263265280, used=0, free=34263265280, percent=0.0, sin=0, sout=0)
                                                 types |   # objects |   total size
====================================================== | =========== | ============
                                 <class 'numpy.ndarray |           1 |     27.47 MB
                                          <class 'dict |          15 |      3.19 KB
                                          <class 'type |           2 |      2.55 KB
                                         <class 'bytes |          21 |      2.42 KB
                                         <class 'tuple |          12 |    784     B
                                          <class 'list |           4 |    696     B
                                          <class 'cell |           9 |    432     B
                      <class 'functools._lru_list_elem |           4 |    320     B
                                      function (_call) |           2 |    272     B
                                   function (__init__) |           2 |    272     B
                           <class 'inspect.FullArgSpec |           2 |    208     B
                                         <class 'float |           8 |    192     B
  <class 'odl.operator.operator.OperatorLeftScalarMult |           3 |    168     B
                                       <class 'weakref |           2 |    160     B
           <class 'odl.space.npy_ntuples.NumpyFnVector |           1 |     56     B
iter = 50
CPU usage (% each core): [24.8, 24.1, 22.9, 25.0, 21.3, 20.2, 100.0, 22.0]
RAM usage: svmem(total=33615839232, available=18269388800, percent=45.7, used=14881906688, free=9951240192, active=18750906368, inactive=3574984704, buffers=945377280, cached=7837315072, shared=51163136)
SWAP usage: sswap(total=34263265280, used=0, free=34263265280, percent=0.0, sin=0, sout=0)
                                                 types |   # objects |   total size
====================================================== | =========== | ============
                                 <class 'numpy.ndarray |           1 |     27.47 MB
                                          <class 'dict |          15 |      3.19 KB
                                          <class 'type |           2 |      2.55 KB
                                         <class 'tuple |          10 |    656     B
                                          <class 'cell |           9 |    432     B
                                      function (_call) |           2 |    272     B
                                   function (__init__) |           2 |    272     B
                      <class 'functools._lru_list_elem |           3 |    240     B
                                         <class 'float |           8 |    192     B
  <class 'odl.operator.operator.OperatorLeftScalarMult |           3 |    168     B
                                       <class 'weakref |           2 |    160     B
                           <class 'inspect.FullArgSpec |           1 |    104     B
                                           <class 'int |           3 |     84     B
           <class 'odl.space.npy_ntuples.NumpyFnVector |           1 |     56     B
       <class 'odl.operator.operator.OperatorVectorSum |           1 |     56     B
iter = 51
CPU usage (% each core): [24.3, 22.4, 19.6, 23.4, 26.2, 22.4, 100.0, 23.4]
RAM usage: svmem(total=33615839232, available=18241744896, percent=45.7, used=14909542400, free=9923596288, active=18779176960, inactive=3574984704, buffers=945377280, cached=7837323264, shared=51163136)
SWAP usage: sswap(total=34263265280, used=0, free=34263265280, percent=0.0, sin=0, sout=0)
                                                 types |   # objects |   total size
====================================================== | =========== | ============
                                 <class 'numpy.ndarray |           1 |     27.47 MB
                                          <class 'dict |          15 |      3.19 KB
                                          <class 'type |           2 |      2.55 KB
                                         <class 'bytes |          21 |      2.42 KB
                                         <class 'tuple |           8 |    528     B
                                          <class 'cell |           9 |    432     B
                                          <class 'list |           0 |    336     B
                                      function (_call) |           2 |    272     B
                                   function (__init__) |           2 |    272     B
                                         <class 'float |           8 |    192     B
  <class 'odl.operator.operator.OperatorLeftScalarMult |           3 |    168     B
                                       <class 'weakref |           2 |    160     B
                      <class 'functools._lru_list_elem |           2 |    160     B
           <class 'odl.space.npy_ntuples.NumpyFnVector |           1 |     56     B
       <class 'odl.operator.operator.OperatorVectorSum |           1 |     56     B
iter = 52
CPU usage (% each core): [27.8, 26.6, 22.9, 30.8, 23.9, 24.8, 100.0, 24.8]
RAM usage: svmem(total=33615839232, available=18212036608, percent=45.8, used=14939258880, free=9893879808, active=18808389632, inactive=3574988800, buffers=945377280, cached=7837323264, shared=51163136)
SWAP usage: sswap(total=34263265280, used=0, free=34263265280, percent=0.0, sin=0, sout=0)
                                                 types |   # objects |   total size
====================================================== | =========== | ============
                                 <class 'numpy.ndarray |           1 |     27.47 MB
                                          <class 'dict |          15 |      3.19 KB
                                          <class 'type |           2 |      2.55 KB
                                         <class 'bytes |          21 |      2.42 KB
                                         <class 'tuple |           8 |    528     B
                                          <class 'cell |           9 |    432     B
                                          <class 'list |           0 |    336     B
                                      function (_call) |           2 |    272     B
                                   function (__init__) |           2 |    272     B
                                         <class 'float |           8 |    192     B
  <class 'odl.operator.operator.OperatorLeftScalarMult |           3 |    168     B
                                       <class 'weakref |           2 |    160     B
                      <class 'functools._lru_list_elem |           2 |    160     B
                                           <class 'int |           3 |     84     B
           <class 'odl.space.npy_ntuples.NumpyFnVector |           1 |     56     B
iter = 53
CPU usage (% each core): [26.8, 21.2, 23.4, 23.0, 21.4, 21.2, 100.0, 21.2]
RAM usage: svmem(total=33615839232, available=18183331840, percent=45.9, used=14967963648, free=9865175040, active=18837196800, inactive=3574988800, buffers=945377280, cached=7837323264, shared=51163136)
SWAP usage: sswap(total=34263265280, used=0, free=34263265280, percent=0.0, sin=0, sout=0)
                                                 types |   # objects |   total size
====================================================== | =========== | ============
                                 <class 'numpy.ndarray |           1 |     27.47 MB
                                          <class 'dict |          15 |      3.19 KB
                                          <class 'type |           2 |      2.55 KB
                                         <class 'bytes |          21 |      2.42 KB
                                         <class 'tuple |           8 |    528     B
                                          <class 'list |           0 |    480     B
                                          <class 'cell |           9 |    432     B
                                      function (_call) |           2 |    272     B
                                   function (__init__) |           2 |    272     B
                                         <class 'float |           8 |    192     B
  <class 'odl.operator.operator.OperatorLeftScalarMult |           3 |    168     B
                                       <class 'weakref |           2 |    160     B
                      <class 'functools._lru_list_elem |           2 |    160     B
           <class 'odl.space.npy_ntuples.NumpyFnVector |           1 |     56     B
       <class 'odl.operator.operator.OperatorVectorSum |           1 |     56     B
iter = 54
CPU usage (% each core): [24.8, 28.8, 23.2, 27.7, 24.8, 23.2, 100.0, 23.2]
RAM usage: svmem(total=33615839232, available=18153414656, percent=46.0, used=14997876736, free=9835257856, active=18866544640, inactive=3574992896, buffers=945377280, cached=7837327360, shared=51167232)
SWAP usage: sswap(total=34263265280, used=0, free=34263265280, percent=0.0, sin=0, sout=0)
                                                 types |   # objects |   total size
====================================================== | =========== | ============
                                 <class 'numpy.ndarray |           1 |     27.47 MB
                                          <class 'dict |          15 |      3.19 KB
                                          <class 'type |           2 |      2.55 KB
                                         <class 'bytes |          21 |      2.42 KB
                                         <class 'tuple |           8 |    528     B
                                          <class 'cell |           9 |    432     B
                                      function (_call) |           2 |    272     B
                                   function (__init__) |           2 |    272     B
                                          <class 'list |           0 |    200     B
                                         <class 'float |           8 |    192     B
  <class 'odl.operator.operator.OperatorLeftScalarMult |           3 |    168     B
                                       <class 'weakref |           2 |    160     B
                      <class 'functools._lru_list_elem |           2 |    160     B
                                           <class 'int |           3 |     84     B
           <class 'odl.space.npy_ntuples.NumpyFnVector |           1 |     56     B
iter = 55
CPU usage (% each core): [23.3, 24.3, 24.8, 27.0, 100.0, 22.1, 23.3, 18.4]
RAM usage: svmem(total=33615839232, available=18125066240, percent=46.1, used=15026225152, free=9806909440, active=18895331328, inactive=3574992896, buffers=945377280, cached=7837327360, shared=51167232)
SWAP usage: sswap(total=34263265280, used=0, free=34263265280, percent=0.0, sin=0, sout=0)
                                                 types |   # objects |   total size
====================================================== | =========== | ============
                                 <class 'numpy.ndarray |           1 |     27.47 MB
                                          <class 'dict |          15 |      3.19 KB
                                          <class 'type |           2 |      2.55 KB
                                         <class 'tuple |           8 |    528     B
                                          <class 'cell |           9 |    432     B
                                      function (_call) |           2 |    272     B
                                   function (__init__) |           2 |    272     B
                                         <class 'float |           8 |    192     B
  <class 'odl.operator.operator.OperatorLeftScalarMult |           3 |    168     B
                                       <class 'weakref |           2 |    160     B
                      <class 'functools._lru_list_elem |           2 |    160     B
                                           <class 'int |           3 |     84     B
           <class 'odl.space.npy_ntuples.NumpyFnVector |           1 |     56     B
       <class 'odl.operator.operator.OperatorVectorSum |           1 |     56     B
      <class 'odl.operator.default_ops.ScalingOperator |           1 |     56     B
iter = 56
CPU usage (% each core): [24.3, 15.3, 24.3, 21.6, 22.3, 100.0, 27.9, 21.6]
RAM usage: svmem(total=33615839232, available=18095919104, percent=46.2, used=15055372288, free=9777754112, active=18924097536, inactive=3574996992, buffers=945377280, cached=7837335552, shared=51167232)
SWAP usage: sswap(total=34263265280, used=0, free=34263265280, percent=0.0, sin=0, sout=0)
                                                 types |   # objects |   total size
====================================================== | =========== | ============
                                 <class 'numpy.ndarray |           1 |     27.47 MB
                                          <class 'dict |          15 |      3.19 KB
                                          <class 'type |           2 |      2.55 KB
                                         <class 'bytes |          21 |      2.42 KB
                                         <class 'tuple |           8 |    528     B
                                          <class 'cell |           9 |    432     B
                                          <class 'list |           0 |    376     B
                                      function (_call) |           2 |    272     B
                                   function (__init__) |           2 |    272     B
                                         <class 'float |           8 |    192     B
  <class 'odl.operator.operator.OperatorLeftScalarMult |           3 |    168     B
                                       <class 'weakref |           2 |    160     B
                      <class 'functools._lru_list_elem |           2 |    160     B
           <class 'odl.space.npy_ntuples.NumpyFnVector |           1 |     56     B
       <class 'odl.operator.operator.OperatorVectorSum |           1 |     56     B
iter = 57
CPU usage (% each core): [23.4, 26.4, 23.6, 24.3, 21.8, 100.0, 20.9, 21.8]
RAM usage: svmem(total=33615839232, available=18067714048, percent=46.3, used=15083577344, free=9749549056, active=18952859648, inactive=3574996992, buffers=945377280, cached=7837335552, shared=51167232)
SWAP usage: sswap(total=34263265280, used=0, free=34263265280, percent=0.0, sin=0, sout=0)
                                                 types |   # objects |   total size
====================================================== | =========== | ============
                                 <class 'numpy.ndarray |           1 |     27.47 MB
                                          <class 'dict |          15 |      3.19 KB
                                          <class 'type |           2 |      2.55 KB
                                         <class 'bytes |          21 |      2.42 KB
                                         <class 'tuple |           8 |    528     B
                                          <class 'cell |           9 |    432     B
                                      function (_call) |           2 |    272     B
                                   function (__init__) |           2 |    272     B
                                          <class 'list |           0 |    272     B
                                         <class 'float |           8 |    192     B
  <class 'odl.operator.operator.OperatorLeftScalarMult |           3 |    168     B
                                       <class 'weakref |           2 |    160     B
                      <class 'functools._lru_list_elem |           2 |    160     B
                                           <class 'int |           5 |    140     B
           <class 'odl.space.npy_ntuples.NumpyFnVector |           1 |     56     B
iter = 58
CPU usage (% each core): [26.5, 25.7, 26.3, 33.9, 25.7, 100.0, 29.2, 25.7]
RAM usage: svmem(total=33615839232, available=18038738944, percent=46.3, used=15112552448, free=9720573952, active=18981617664, inactive=3574996992, buffers=945377280, cached=7837335552, shared=51167232)
SWAP usage: sswap(total=34263265280, used=0, free=34263265280, percent=0.0, sin=0, sout=0)
                                                 types |   # objects |   total size
====================================================== | =========== | ============
                                 <class 'numpy.ndarray |           1 |     27.47 MB
                                          <class 'dict |          15 |      3.19 KB
                                          <class 'type |           2 |      2.55 KB
                                         <class 'bytes |          21 |      2.42 KB
                                         <class 'tuple |           8 |    528     B
                                          <class 'cell |           9 |    432     B
                                          <class 'list |           0 |    336     B
                                      function (_call) |           2 |    272     B
                                   function (__init__) |           2 |    272     B
                                         <class 'float |           8 |    192     B
  <class 'odl.operator.operator.OperatorLeftScalarMult |           3 |    168     B
                                       <class 'weakref |           2 |    160     B
                      <class 'functools._lru_list_elem |           2 |    160     B
           <class 'odl.space.npy_ntuples.NumpyFnVector |           1 |     56     B
       <class 'odl.operator.operator.OperatorVectorSum |           1 |     56     B
iter = 59
CPU usage (% each core): [24.8, 99.1, 21.3, 22.2, 22.0, 20.2, 21.8, 25.5]
RAM usage: svmem(total=33615839232, available=18009755648, percent=46.4, used=15141535744, free=9691590656, active=19010387968, inactive=3574996992, buffers=945377280, cached=7837335552, shared=51167232)
SWAP usage: sswap(total=34263265280, used=0, free=34263265280, percent=0.0, sin=0, sout=0)
                                                 types |   # objects |   total size
====================================================== | =========== | ============
                                 <class 'numpy.ndarray |           1 |     27.47 MB
                                          <class 'dict |          15 |      3.19 KB
                                          <class 'type |           2 |      2.55 KB
                                         <class 'bytes |          21 |      2.42 KB
                                         <class 'tuple |           8 |    528     B
                                          <class 'cell |           9 |    432     B
                                          <class 'list |           0 |    424     B
                                      function (_call) |           2 |    272     B
                                   function (__init__) |           2 |    272     B
                                         <class 'float |           8 |    192     B
  <class 'odl.operator.operator.OperatorLeftScalarMult |           3 |    168     B
                                       <class 'weakref |           2 |    160     B
                      <class 'functools._lru_list_elem |           2 |    160     B
                                           <class 'int |           3 |     84     B
           <class 'odl.space.npy_ntuples.NumpyFnVector |           1 |     56     B
iter = 60
CPU usage (% each core): [27.3, 20.4, 26.1, 24.3, 23.6, 100.0, 23.6, 29.4]
RAM usage: svmem(total=33615839232, available=17981595648, percent=46.5, used=15169695744, free=9663430656, active=19039449088, inactive=3574996992, buffers=945377280, cached=7837335552, shared=51167232)
SWAP usage: sswap(total=34263265280, used=0, free=34263265280, percent=0.0, sin=0, sout=0)
                                                 types |   # objects |   total size
====================================================== | =========== | ============
                                 <class 'numpy.ndarray |           1 |     27.47 MB
                                          <class 'dict |          15 |      3.19 KB
                                          <class 'type |           2 |      2.55 KB
                                         <class 'tuple |           8 |    528     B
                                          <class 'cell |           9 |    432     B
                                      function (_call) |           2 |    272     B
                                   function (__init__) |           2 |    272     B
                                         <class 'float |           8 |    192     B
  <class 'odl.operator.operator.OperatorLeftScalarMult |           3 |    168     B
                                       <class 'weakref |           2 |    160     B
                      <class 'functools._lru_list_elem |           2 |    160     B
           <class 'odl.space.npy_ntuples.NumpyFnVector |           1 |     56     B
       <class 'odl.operator.operator.OperatorVectorSum |           1 |     56     B
      <class 'odl.operator.default_ops.ScalingOperator |           1 |     56     B
             <class 'odl.operator.operator.OperatorSum |           1 |     56     B
iter = 61
CPU usage (% each core): [21.7, 21.5, 25.2, 23.1, 26.2, 100.0, 21.5, 22.0]
RAM usage: svmem(total=33615839232, available=17951883264, percent=46.6, used=15199408128, free=9633710080, active=19066089472, inactive=3575001088, buffers=945377280, cached=7837343744, shared=51167232)
SWAP usage: sswap(total=34263265280, used=0, free=34263265280, percent=0.0, sin=0, sout=0)
                                                 types |   # objects |   total size
====================================================== | =========== | ============
                                 <class 'numpy.ndarray |           1 |     27.47 MB
                                          <class 'dict |          15 |      3.19 KB
                                          <class 'type |           2 |      2.55 KB
                                         <class 'bytes |          21 |      2.42 KB
                                         <class 'tuple |           8 |    528     B
                                          <class 'cell |           9 |    432     B
                                          <class 'list |           0 |    336     B
                                      function (_call) |           2 |    272     B
                                   function (__init__) |           2 |    272     B
                                         <class 'float |           8 |    192     B
  <class 'odl.operator.operator.OperatorLeftScalarMult |           3 |    168     B
                                       <class 'weakref |           2 |    160     B
                      <class 'functools._lru_list_elem |           2 |    160     B
                                           <class 'int |           3 |     84     B
           <class 'odl.space.npy_ntuples.NumpyFnVector |           1 |     56     B
iter = 62
CPU usage (% each core): [30.0, 100.0, 27.3, 25.5, 22.9, 23.4, 22.7, 22.2]
RAM usage: svmem(total=33615839232, available=17921134592, percent=46.7, used=15230156800, free=9602961408, active=19096973312, inactive=3575001088, buffers=945377280, cached=7837343744, shared=51167232)
SWAP usage: sswap(total=34263265280, used=0, free=34263265280, percent=0.0, sin=0, sout=0)
                                                 types |   # objects |   total size
====================================================== | =========== | ============
                                 <class 'numpy.ndarray |           1 |     27.47 MB
                                          <class 'dict |          15 |      3.19 KB
                                          <class 'type |           2 |      2.55 KB
                                         <class 'bytes |          21 |      2.42 KB
                                         <class 'tuple |           8 |    528     B
                                          <class 'cell |           9 |    432     B
                                          <class 'list |           0 |    304     B
                                      function (_call) |           2 |    272     B
                                   function (__init__) |           2 |    272     B
                                         <class 'float |           8 |    192     B
  <class 'odl.operator.operator.OperatorLeftScalarMult |           3 |    168     B
                                       <class 'weakref |           2 |    160     B
                      <class 'functools._lru_list_elem |           2 |    160     B
           <class 'odl.space.npy_ntuples.NumpyFnVector |           1 |     56     B
       <class 'odl.operator.operator.OperatorVectorSum |           1 |     56     B
iter = 63
CPU usage (% each core): [27.2, 100.0, 31.9, 28.1, 25.2, 23.9, 24.6, 25.2]
RAM usage: svmem(total=33615839232, available=17892995072, percent=46.8, used=15258296320, free=9574821888, active=19125735424, inactive=3575001088, buffers=945377280, cached=7837343744, shared=51167232)
SWAP usage: sswap(total=34263265280, used=0, free=34263265280, percent=0.0, sin=0, sout=0)
                                                 types |   # objects |   total size
====================================================== | =========== | ============
                                 <class 'numpy.ndarray |           1 |     27.47 MB
                                          <class 'dict |          15 |      3.19 KB
                                          <class 'type |           2 |      2.55 KB
                                         <class 'bytes |          21 |      2.42 KB
                                         <class 'tuple |           8 |    528     B
                                          <class 'cell |           9 |    432     B
                                          <class 'list |           0 |    376     B
                                      function (_call) |           2 |    272     B
                                   function (__init__) |           2 |    272     B
                                         <class 'float |           8 |    192     B
  <class 'odl.operator.operator.OperatorLeftScalarMult |           3 |    168     B
                                       <class 'weakref |           2 |    160     B
                      <class 'functools._lru_list_elem |           2 |    160     B
                                           <class 'int |           3 |     84     B
           <class 'odl.space.npy_ntuples.NumpyFnVector |           1 |     56     B
iter = 64
CPU usage (% each core): [23.7, 24.1, 23.9, 24.3, 22.8, 100.0, 22.8, 22.1]
RAM usage: svmem(total=33615839232, available=17865449472, percent=46.9, used=15285841920, free=9547276288, active=19152400384, inactive=3575001088, buffers=945377280, cached=7837343744, shared=51167232)
SWAP usage: sswap(total=34263265280, used=0, free=34263265280, percent=0.0, sin=0, sout=0)
                                                 types |   # objects |   total size
====================================================== | =========== | ============
                                 <class 'numpy.ndarray |           1 |     27.47 MB
                                          <class 'dict |          15 |      3.19 KB
                                          <class 'type |           2 |      2.55 KB
                                         <class 'tuple |           8 |    528     B
                                          <class 'cell |           9 |    432     B
                                      function (_call) |           2 |    272     B
                                   function (__init__) |           2 |    272     B
                                         <class 'float |           8 |    192     B
  <class 'odl.operator.operator.OperatorLeftScalarMult |           3 |    168     B
                                       <class 'weakref |           2 |    160     B
                      <class 'functools._lru_list_elem |           2 |    160     B
           <class 'odl.space.npy_ntuples.NumpyFnVector |           1 |     56     B
       <class 'odl.operator.operator.OperatorVectorSum |           1 |     56     B
      <class 'odl.operator.default_ops.ScalingOperator |           1 |     56     B
             <class 'odl.operator.operator.OperatorSum |           1 |     56     B
iter = 65
CPU usage (% each core): [35.3, 26.7, 32.5, 29.6, 26.7, 100.0, 26.7, 27.1]
RAM usage: svmem(total=33615839232, available=17835859968, percent=46.9, used=15315431424, free=9517678592, active=19164385280, inactive=3575005184, buffers=945377280, cached=7837351936, shared=51167232)
SWAP usage: sswap(total=34263265280, used=0, free=34263265280, percent=0.0, sin=0, sout=0)
                                                 types |   # objects |   total size
====================================================== | =========== | ============
                                 <class 'numpy.ndarray |           1 |     27.47 MB
                                          <class 'dict |          15 |      3.19 KB
                                          <class 'type |           2 |      2.55 KB
                                         <class 'bytes |          21 |      2.42 KB
                                         <class 'tuple |           8 |    528     B
                                          <class 'cell |           9 |    432     B
                                          <class 'list |           0 |    376     B
                                      function (_call) |           2 |    272     B
                                   function (__init__) |           2 |    272     B
                                         <class 'float |           8 |    192     B
  <class 'odl.operator.operator.OperatorLeftScalarMult |           3 |    168     B
                                       <class 'weakref |           2 |    160     B
                      <class 'functools._lru_list_elem |           2 |    160     B
                                           <class 'int |           3 |     84     B
           <class 'odl.space.npy_ntuples.NumpyFnVector |           1 |     56     B
iter = 66
CPU usage (% each core): [26.7, 100.0, 29.1, 28.2, 26.3, 24.8, 24.8, 24.3]
RAM usage: svmem(total=33615839232, available=17807835136, percent=47.0, used=15343456256, free=9489653760, active=19209822208, inactive=3575005184, buffers=945377280, cached=7837351936, shared=51167232)
SWAP usage: sswap(total=34263265280, used=0, free=34263265280, percent=0.0, sin=0, sout=0)
                                                 types |   # objects |   total size
====================================================== | =========== | ============
                                 <class 'numpy.ndarray |           1 |     27.47 MB
                                          <class 'dict |          15 |      3.19 KB
                                          <class 'type |           2 |      2.55 KB
                                         <class 'bytes |          21 |      2.42 KB
                                         <class 'tuple |           8 |    528     B
                                          <class 'cell |           9 |    432     B
                                      function (_call) |           2 |    272     B
                                   function (__init__) |           2 |    272     B
                                          <class 'list |           0 |    272     B
                                         <class 'float |           8 |    192     B
  <class 'odl.operator.operator.OperatorLeftScalarMult |           3 |    168     B
                                       <class 'weakref |           2 |    160     B
                      <class 'functools._lru_list_elem |           2 |    160     B
                                           <class 'int |           3 |     84     B
           <class 'odl.space.npy_ntuples.NumpyFnVector |           1 |     56     B
iter = 67
CPU usage (% each core): [21.8, 23.4, 100.0, 22.9, 20.2, 20.0, 20.0, 20.0]
RAM usage: svmem(total=33615839232, available=17778159616, percent=47.1, used=15373131776, free=9459978240, active=19240783872, inactive=3575005184, buffers=945377280, cached=7837351936, shared=51167232)
SWAP usage: sswap(total=34263265280, used=0, free=34263265280, percent=0.0, sin=0, sout=0)
                                                 types |   # objects |   total size
====================================================== | =========== | ============
                                 <class 'numpy.ndarray |           1 |     27.47 MB
                                          <class 'dict |          15 |      3.19 KB
                                          <class 'type |           2 |      2.55 KB
                                         <class 'bytes |          21 |      2.42 KB
                                         <class 'tuple |           8 |    528     B
                                          <class 'cell |           9 |    432     B
                                          <class 'list |           0 |    336     B
                                      function (_call) |           2 |    272     B
                                   function (__init__) |           2 |    272     B
                                         <class 'float |           8 |    192     B
  <class 'odl.operator.operator.OperatorLeftScalarMult |           3 |    168     B
                                       <class 'weakref |           2 |    160     B
                      <class 'functools._lru_list_elem |           2 |    160     B
           <class 'odl.space.npy_ntuples.NumpyFnVector |           1 |     56     B
       <class 'odl.operator.operator.OperatorVectorSum |           1 |     56     B
iter = 68
CPU usage (% each core): [33.9, 27.6, 26.3, 31.1, 30.8, 25.6, 98.3, 26.9]
RAM usage: svmem(total=33615839232, available=17750659072, percent=47.2, used=15400632320, free=9432477696, active=19269816320, inactive=3575005184, buffers=945377280, cached=7837351936, shared=51167232)
SWAP usage: sswap(total=34263265280, used=0, free=34263265280, percent=0.0, sin=0, sout=0)
                                                 types |   # objects |   total size
====================================================== | =========== | ============
                                 <class 'numpy.ndarray |           1 |     27.47 MB
                                          <class 'dict |          15 |      3.19 KB
                                          <class 'type |           2 |      2.55 KB
                                         <class 'bytes |          21 |      2.42 KB
                                         <class 'tuple |           8 |    528     B
                                          <class 'cell |           9 |    432     B
                                          <class 'list |           0 |    424     B
                                      function (_call) |           2 |    272     B
                                   function (__init__) |           2 |    272     B
                                         <class 'float |           8 |    192     B
  <class 'odl.operator.operator.OperatorLeftScalarMult |           3 |    168     B
                                       <class 'weakref |           2 |    160     B
                      <class 'functools._lru_list_elem |           2 |    160     B
                                           <class 'int |           3 |     84     B
           <class 'odl.space.npy_ntuples.NumpyFnVector |           1 |     56     B
iter = 69
CPU usage (% each core): [27.3, 99.1, 24.8, 22.9, 21.8, 21.6, 20.9, 21.1]
RAM usage: svmem(total=33615839232, available=17721655296, percent=47.3, used=15429636096, free=9403465728, active=19298533376, inactive=3575009280, buffers=945377280, cached=7837360128, shared=51167232)
SWAP usage: sswap(total=34263265280, used=0, free=34263265280, percent=0.0, sin=0, sout=0)
                                                 types |   # objects |   total size
====================================================== | =========== | ============
                                 <class 'numpy.ndarray |           1 |     27.47 MB
                                          <class 'dict |          15 |      3.19 KB
                                          <class 'type |           2 |      2.55 KB
                                         <class 'tuple |           8 |    528     B
                                          <class 'cell |           9 |    432     B
                                      function (_call) |           2 |    272     B
                                   function (__init__) |           2 |    272     B
                                         <class 'float |           8 |    192     B
  <class 'odl.operator.operator.OperatorLeftScalarMult |           3 |    168     B
                                       <class 'weakref |           2 |    160     B
                      <class 'functools._lru_list_elem |           2 |    160     B
           <class 'odl.space.npy_ntuples.NumpyFnVector |           1 |     56     B
       <class 'odl.operator.operator.OperatorVectorSum |           1 |     56     B
      <class 'odl.operator.default_ops.ScalingOperator |           1 |     56     B
             <class 'odl.operator.operator.OperatorSum |           1 |     56     B
iter = 70
CPU usage (% each core): [29.2, 23.4, 29.7, 27.9, 23.6, 100.0, 25.0, 24.3]
RAM usage: svmem(total=33615839232, available=17693032448, percent=47.4, used=15458258944, free=9374842880, active=19327340544, inactive=3575009280, buffers=945377280, cached=7837360128, shared=51167232)
SWAP usage: sswap(total=34263265280, used=0, free=34263265280, percent=0.0, sin=0, sout=0)
                                                 types |   # objects |   total size
====================================================== | =========== | ============
                                 <class 'numpy.ndarray |           1 |     27.47 MB
                                          <class 'dict |          15 |      3.19 KB
                                          <class 'type |           2 |      2.55 KB
                                         <class 'bytes |          21 |      2.42 KB
                                         <class 'tuple |           8 |    528     B
                                          <class 'cell |           9 |    432     B
                                          <class 'list |           0 |    336     B
                                      function (_call) |           2 |    272     B
                                   function (__init__) |           2 |    272     B
                                         <class 'float |           8 |    192     B
  <class 'odl.operator.operator.OperatorLeftScalarMult |           3 |    168     B
                                       <class 'weakref |           2 |    160     B
                      <class 'functools._lru_list_elem |           2 |    160     B
           <class 'odl.space.npy_ntuples.NumpyFnVector |           1 |     56     B
       <class 'odl.operator.operator.OperatorVectorSum |           1 |     56     B
iter = 71
CPU usage (% each core): [21.0, 100.0, 20.6, 23.8, 19.6, 13.2, 19.6, 18.7]
RAM usage: svmem(total=33615839232, available=17664126976, percent=47.5, used=15487164416, free=9345937408, active=19356102656, inactive=3575009280, buffers=945377280, cached=7837360128, shared=51167232)
SWAP usage: sswap(total=34263265280, used=0, free=34263265280, percent=0.0, sin=0, sout=0)
                                                 types |   # objects |   total size
====================================================== | =========== | ============
                                 <class 'numpy.ndarray |           1 |     27.47 MB
                                          <class 'dict |          15 |      3.19 KB
                                          <class 'type |           2 |      2.55 KB
                                         <class 'bytes |          21 |      2.42 KB
                                         <class 'tuple |           8 |    528     B
                                          <class 'cell |           9 |    432     B
                                          <class 'list |           0 |    304     B
                                      function (_call) |           2 |    272     B
                                   function (__init__) |           2 |    272     B
                                         <class 'float |           8 |    192     B
  <class 'odl.operator.operator.OperatorLeftScalarMult |           3 |    168     B
                                       <class 'weakref |           2 |    160     B
                      <class 'functools._lru_list_elem |           2 |    160     B
                                           <class 'int |           3 |     84     B
           <class 'odl.space.npy_ntuples.NumpyFnVector |           1 |     56     B
iter = 72
CPU usage (% each core): [21.8, 99.1, 20.9, 22.7, 20.5, 19.8, 20.0, 26.4]
RAM usage: svmem(total=33615839232, available=17635717120, percent=47.5, used=15515574272, free=9317527552, active=19384864768, inactive=3575009280, buffers=945377280, cached=7837360128, shared=51167232)
SWAP usage: sswap(total=34263265280, used=0, free=34263265280, percent=0.0, sin=0, sout=0)
                                                 types |   # objects |   total size
====================================================== | =========== | ============
                                 <class 'numpy.ndarray |           1 |     27.47 MB
                                          <class 'dict |          15 |      3.19 KB
                                          <class 'type |           2 |      2.55 KB
                                         <class 'bytes |          21 |      2.42 KB
                                         <class 'tuple |           8 |    528     B
                                          <class 'cell |           9 |    432     B
                                          <class 'list |           0 |    376     B
                                      function (_call) |           2 |    272     B
                                   function (__init__) |           2 |    272     B
                                         <class 'float |           8 |    192     B
  <class 'odl.operator.operator.OperatorLeftScalarMult |           3 |    168     B
                                       <class 'weakref |           2 |    160     B
                      <class 'functools._lru_list_elem |           2 |    160     B
           <class 'odl.space.npy_ntuples.NumpyFnVector |           1 |     56     B
       <class 'odl.operator.operator.OperatorVectorSum |           1 |     56     B
iter = 73
CPU usage (% each core): [27.5, 21.3, 24.8, 28.4, 22.0, 100.0, 22.0, 22.0]
RAM usage: svmem(total=33615839232, available=17606717440, percent=47.6, used=15544573952, free=9288527872, active=19413622784, inactive=3575009280, buffers=945377280, cached=7837360128, shared=51167232)
SWAP usage: sswap(total=34263265280, used=0, free=34263265280, percent=0.0, sin=0, sout=0)
                                                 types |   # objects |   total size
====================================================== | =========== | ============
                                 <class 'numpy.ndarray |           1 |     27.47 MB
                                          <class 'dict |          15 |      3.19 KB
                                          <class 'type |           2 |      2.55 KB
                                         <class 'tuple |           8 |    528     B
                                          <class 'cell |           9 |    432     B
                                      function (_call) |           2 |    272     B
                                   function (__init__) |           2 |    272     B
                                         <class 'float |           8 |    192     B
  <class 'odl.operator.operator.OperatorLeftScalarMult |           3 |    168     B
                                       <class 'weakref |           2 |    160     B
                      <class 'functools._lru_list_elem |           2 |    160     B
                                           <class 'int |           3 |     84     B
           <class 'odl.space.npy_ntuples.NumpyFnVector |           1 |     56     B
       <class 'odl.operator.operator.OperatorVectorSum |           1 |     56     B
      <class 'odl.operator.default_ops.ScalingOperator |           1 |     56     B
iter = 74
CPU usage (% each core): [29.6, 25.4, 26.3, 30.1, 24.8, 100.0, 24.6, 30.7]
RAM usage: svmem(total=33615839232, available=17577754624, percent=47.7, used=15573536768, free=9259556864, active=19442388992, inactive=3575013376, buffers=945377280, cached=7837368320, shared=51167232)
SWAP usage: sswap(total=34263265280, used=0, free=34263265280, percent=0.0, sin=0, sout=0)
                                                 types |   # objects |   total size
====================================================== | =========== | ============
                                 <class 'numpy.ndarray |           1 |     27.47 MB
                                          <class 'dict |          15 |      3.19 KB
                                          <class 'type |           2 |      2.55 KB
                                         <class 'bytes |          21 |      2.42 KB
                                         <class 'tuple |           8 |    528     B
                                          <class 'cell |           9 |    432     B
                                          <class 'list |           0 |    336     B
                                      function (_call) |           2 |    272     B
                                   function (__init__) |           2 |    272     B
                                         <class 'float |           8 |    192     B
  <class 'odl.operator.operator.OperatorLeftScalarMult |           3 |    168     B
                                       <class 'weakref |           2 |    160     B
                      <class 'functools._lru_list_elem |           2 |    160     B
           <class 'odl.space.npy_ntuples.NumpyFnVector |           1 |     56     B
       <class 'odl.operator.operator.OperatorVectorSum |           1 |     56     B
iter = 75
CPU usage (% each core): [27.0, 100.0, 25.5, 25.9, 25.2, 17.1, 26.5, 24.3]
RAM usage: svmem(total=33615839232, available=17548427264, percent=47.8, used=15602864128, free=9230229504, active=19471151104, inactive=3575013376, buffers=945377280, cached=7837368320, shared=51167232)
SWAP usage: sswap(total=34263265280, used=0, free=34263265280, percent=0.0, sin=0, sout=0)
                                                 types |   # objects |   total size
====================================================== | =========== | ============
                                 <class 'numpy.ndarray |           1 |     27.47 MB
                                          <class 'dict |          15 |      9.19 KB
                                          <class 'type |           2 |      2.55 KB
                                         <class 'bytes |          21 |      2.42 KB
                                         <class 'tuple |           8 |    528     B
                                          <class 'cell |           9 |    432     B
                                          <class 'list |           0 |    384     B
                                      function (_call) |           2 |    272     B
                                   function (__init__) |           2 |    272     B
                                         <class 'float |           8 |    192     B
  <class 'odl.operator.operator.OperatorLeftScalarMult |           3 |    168     B
                                       <class 'weakref |           2 |    160     B
                      <class 'functools._lru_list_elem |           2 |    160     B
                                           <class 'int |           3 |     84     B
           <class 'odl.space.npy_ntuples.NumpyFnVector |           1 |     56     B
iter = 76
CPU usage (% each core): [27.9, 100.0, 25.5, 24.3, 23.2, 20.9, 21.8, 22.5]
RAM usage: svmem(total=33615839232, available=17519423488, percent=47.9, used=15631867904, free=9201225728, active=19500212224, inactive=3575013376, buffers=945377280, cached=7837368320, shared=51167232)
SWAP usage: sswap(total=34263265280, used=0, free=34263265280, percent=0.0, sin=0, sout=0)
                                                 types |   # objects |   total size
====================================================== | =========== | ============
                                 <class 'numpy.ndarray |           1 |     27.47 MB
                                          <class 'dict |          15 |      3.19 KB
                                          <class 'type |           2 |      2.55 KB
                                         <class 'bytes |          21 |      2.42 KB
                                         <class 'tuple |           8 |    528     B
                                          <class 'cell |           9 |    432     B
                                          <class 'list |           0 |    336     B
                                      function (_call) |           2 |    272     B
                                   function (__init__) |           2 |    272     B
                                         <class 'float |           8 |    192     B
  <class 'odl.operator.operator.OperatorLeftScalarMult |           3 |    168     B
                                       <class 'weakref |           2 |    160     B
                      <class 'functools._lru_list_elem |           2 |    160     B
           <class 'odl.space.npy_ntuples.NumpyFnVector |           1 |     56     B
       <class 'odl.operator.operator.OperatorVectorSum |           1 |     56     B
iter = 77
CPU usage (% each core): [23.6, 22.0, 24.5, 25.7, 22.0, 100.0, 25.5, 22.5]
RAM usage: svmem(total=33615839232, available=17490141184, percent=48.0, used=15661150208, free=9171943424, active=19529043968, inactive=3575013376, buffers=945377280, cached=7837368320, shared=51167232)
SWAP usage: sswap(total=34263265280, used=0, free=34263265280, percent=0.0, sin=0, sout=0)
                                                 types |   # objects |   total size
====================================================== | =========== | ============
                                 <class 'numpy.ndarray |           1 |     27.47 MB
                                          <class 'dict |          15 |      3.19 KB
                                          <class 'type |           2 |      2.55 KB
                                         <class 'bytes |          21 |      2.42 KB
                                         <class 'tuple |           8 |    528     B
                                          <class 'cell |           9 |    432     B
                                          <class 'list |           0 |    424     B
                                      function (_call) |           2 |    272     B
                                   function (__init__) |           2 |    272     B
                                         <class 'float |           8 |    192     B
  <class 'odl.operator.operator.OperatorLeftScalarMult |           3 |    168     B
                                       <class 'weakref |           2 |    160     B
                      <class 'functools._lru_list_elem |           2 |    160     B
           <class 'odl.space.npy_ntuples.NumpyFnVector |           1 |     56     B
       <class 'odl.operator.operator.OperatorVectorSum |           1 |     56     B
iter = 78
CPU usage (% each core): [27.9, 24.1, 31.5, 29.7, 26.5, 100.0, 28.3, 26.1]
RAM usage: svmem(total=33615839232, available=17461694464, percent=48.1, used=15689596928, free=9143488512, active=19557736448, inactive=3575017472, buffers=945377280, cached=7837376512, shared=51167232)
SWAP usage: sswap(total=34263265280, used=0, free=34263265280, percent=0.0, sin=0, sout=0)
                                                 types |   # objects |   total size
====================================================== | =========== | ============
                                 <class 'numpy.ndarray |           1 |     27.47 MB
                                          <class 'dict |          15 |      3.19 KB
                                          <class 'type |           2 |      2.55 KB
                                         <class 'tuple |           8 |    528     B
                                          <class 'cell |           9 |    432     B
                                      function (_call) |           2 |    272     B
                                   function (__init__) |           2 |    272     B
                                         <class 'float |           8 |    192     B
  <class 'odl.operator.operator.OperatorLeftScalarMult |           3 |    168     B
                                       <class 'weakref |           2 |    160     B
                      <class 'functools._lru_list_elem |           2 |    160     B
           <class 'odl.space.npy_ntuples.NumpyFnVector |           1 |     56     B
       <class 'odl.operator.operator.OperatorVectorSum |           1 |     56     B
      <class 'odl.operator.default_ops.ScalingOperator |           1 |     56     B
             <class 'odl.operator.operator.OperatorSum |           1 |     56     B
iter = 79
CPU usage (% each core): [26.1, 27.0, 28.1, 99.1, 21.7, 21.1, 22.1, 21.7]
RAM usage: svmem(total=33615839232, available=17432424448, percent=48.1, used=15718866944, free=9114218496, active=19586498560, inactive=3575017472, buffers=945377280, cached=7837376512, shared=51167232)
SWAP usage: sswap(total=34263265280, used=0, free=34263265280, percent=0.0, sin=0, sout=0)
                                                 types |   # objects |   total size
====================================================== | =========== | ============
                                 <class 'numpy.ndarray |           1 |     27.47 MB
                                          <class 'dict |          15 |      3.19 KB
                                          <class 'type |           2 |      2.55 KB
                                         <class 'bytes |          21 |      2.42 KB
                                         <class 'tuple |           8 |    528     B
                                          <class 'cell |           9 |    432     B
                                          <class 'list |           0 |    424     B
                                      function (_call) |           2 |    272     B
                                   function (__init__) |           2 |    272     B
                                         <class 'float |           8 |    192     B
  <class 'odl.operator.operator.OperatorLeftScalarMult |           3 |    168     B
                                       <class 'weakref |           2 |    160     B
                      <class 'functools._lru_list_elem |           2 |    160     B
                                           <class 'int |           3 |     84     B
           <class 'odl.space.npy_ntuples.NumpyFnVector |           1 |     56     B
iter = 80
CPU usage (% each core): [21.8, 23.4, 23.6, 20.0, 21.1, 21.4, 23.6, 100.0]
RAM usage: svmem(total=33615839232, available=17405186048, percent=48.2, used=15746105344, free=9086980096, active=19598778368, inactive=3575017472, buffers=945377280, cached=7837376512, shared=51167232)
SWAP usage: sswap(total=34263265280, used=0, free=34263265280, percent=0.0, sin=0, sout=0)
                                                 types |   # objects |   total size
====================================================== | =========== | ============
                                 <class 'numpy.ndarray |           1 |     27.47 MB
                                          <class 'dict |          15 |      3.19 KB
                                          <class 'type |           2 |      2.55 KB
                                         <class 'bytes |          21 |      2.42 KB
                                         <class 'tuple |           8 |    528     B
                                          <class 'cell |           9 |    432     B
                                          <class 'list |           0 |    304     B
                                      function (_call) |           2 |    272     B
                                   function (__init__) |           2 |    272     B
                                         <class 'float |           8 |    192     B
  <class 'odl.operator.operator.OperatorLeftScalarMult |           3 |    168     B
                                       <class 'weakref |           2 |    160     B
                      <class 'functools._lru_list_elem |           2 |    160     B
           <class 'odl.space.npy_ntuples.NumpyFnVector |           1 |     56     B
       <class 'odl.operator.operator.OperatorVectorSum |           1 |     56     B
iter = 81
CPU usage (% each core): [30.0, 25.7, 23.9, 100.0, 22.0, 22.2, 24.5, 22.9]
RAM usage: svmem(total=33615839232, available=17376616448, percent=48.3, used=15774674944, free=9058410496, active=19644018688, inactive=3575017472, buffers=945377280, cached=7837376512, shared=51167232)
SWAP usage: sswap(total=34263265280, used=0, free=34263265280, percent=0.0, sin=0, sout=0)
                                                 types |   # objects |   total size
====================================================== | =========== | ============
                                 <class 'numpy.ndarray |           1 |     27.47 MB
                                          <class 'dict |          15 |      3.19 KB
                                          <class 'type |           2 |      2.55 KB
                                         <class 'bytes |          21 |      2.42 KB
                                         <class 'tuple |           8 |    528     B
                                          <class 'cell |           9 |    432     B
                                          <class 'list |           0 |    376     B
                                      function (_call) |           2 |    272     B
                                   function (__init__) |           2 |    272     B
                                         <class 'float |           8 |    192     B
  <class 'odl.operator.operator.OperatorLeftScalarMult |           3 |    168     B
                                       <class 'weakref |           2 |    160     B
                      <class 'functools._lru_list_elem |           2 |    160     B
           <class 'odl.space.npy_ntuples.NumpyFnVector |           1 |     56     B
       <class 'odl.operator.operator.OperatorVectorSum |           1 |     56     B
iter = 82
CPU usage (% each core): [25.2, 29.3, 21.2, 22.6, 22.2, 21.2, 100.0, 21.6]
RAM usage: svmem(total=33615839232, available=17347461120, percent=48.4, used=15803830272, free=9029255168, active=19672584192, inactive=3575017472, buffers=945381376, cached=7837372416, shared=51167232)
SWAP usage: sswap(total=34263265280, used=0, free=34263265280, percent=0.0, sin=0, sout=0)
                                                 types |   # objects |   total size
====================================================== | =========== | ============
                                 <class 'numpy.ndarray |           1 |     27.47 MB
                                          <class 'dict |          15 |      3.19 KB
                                          <class 'type |           2 |      2.55 KB
                                         <class 'tuple |           8 |    528     B
                                          <class 'cell |           9 |    432     B
                                      function (_call) |           2 |    272     B
                                   function (__init__) |           2 |    272     B
                                         <class 'float |           8 |    192     B
  <class 'odl.operator.operator.OperatorLeftScalarMult |           3 |    168     B
                                       <class 'weakref |           2 |    160     B
                      <class 'functools._lru_list_elem |           2 |    160     B
                                           <class 'int |           3 |     84     B
           <class 'odl.space.npy_ntuples.NumpyFnVector |           1 |     56     B
       <class 'odl.operator.operator.OperatorVectorSum |           1 |     56     B
      <class 'odl.operator.default_ops.ScalingOperator |           1 |     56     B
iter = 83
CPU usage (% each core): [21.7, 100.0, 21.1, 26.5, 19.7, 19.8, 21.6, 19.8]
RAM usage: svmem(total=33615839232, available=17319448576, percent=48.5, used=15831842816, free=9001230336, active=19701301248, inactive=3575021568, buffers=945381376, cached=7837384704, shared=51167232)
SWAP usage: sswap(total=34263265280, used=0, free=34263265280, percent=0.0, sin=0, sout=0)
                                                 types |   # objects |   total size
====================================================== | =========== | ============
                                 <class 'numpy.ndarray |           1 |     27.47 MB
                                          <class 'dict |          15 |      3.19 KB
                                          <class 'type |           2 |      2.55 KB
                                         <class 'bytes |          21 |      2.42 KB
                                         <class 'tuple |           8 |    528     B
                                          <class 'cell |           9 |    432     B
                                          <class 'list |           0 |    336     B
                                      function (_call) |           2 |    272     B
                                   function (__init__) |           2 |    272     B
                                         <class 'float |           8 |    192     B
  <class 'odl.operator.operator.OperatorLeftScalarMult |           3 |    168     B
                                       <class 'weakref |           2 |    160     B
                      <class 'functools._lru_list_elem |           2 |    160     B
           <class 'odl.space.npy_ntuples.NumpyFnVector |           1 |     56     B
       <class 'odl.operator.operator.OperatorVectorSum |           1 |     56     B
iter = 84
CPU usage (% each core): [27.3, 21.1, 24.3, 23.6, 22.2, 99.1, 23.6, 25.7]
RAM usage: svmem(total=33615839232, available=17288622080, percent=48.6, used=15862669312, free=8970403840, active=19730636800, inactive=3575021568, buffers=945381376, cached=7837384704, shared=51167232)
SWAP usage: sswap(total=34263265280, used=0, free=34263265280, percent=0.0, sin=0, sout=0)
                                                 types |   # objects |   total size
====================================================== | =========== | ============
                                 <class 'numpy.ndarray |           1 |     27.47 MB
                                          <class 'dict |          15 |      3.19 KB
                                          <class 'type |           2 |      2.55 KB
                                         <class 'bytes |          21 |      2.42 KB
                                         <class 'tuple |           8 |    528     B
                                          <class 'cell |           9 |    432     B
                                          <class 'list |           0 |    384     B
                                      function (_call) |           2 |    272     B
                                   function (__init__) |           2 |    272     B
                                         <class 'float |           8 |    192     B
  <class 'odl.operator.operator.OperatorLeftScalarMult |           3 |    168     B
                                       <class 'weakref |           2 |    160     B
                      <class 'functools._lru_list_elem |           2 |    160     B
           <class 'odl.space.npy_ntuples.NumpyFnVector |           1 |     56     B
       <class 'odl.operator.operator.OperatorVectorSum |           1 |     56     B
iter = 85
CPU usage (% each core): [24.8, 100.0, 25.2, 24.5, 23.0, 21.4, 22.3, 22.3]
RAM usage: svmem(total=33615839232, available=17259749376, percent=48.7, used=15891542016, free=8941531136, active=19759005696, inactive=3575021568, buffers=945381376, cached=7837384704, shared=51167232)
SWAP usage: sswap(total=34263265280, used=0, free=34263265280, percent=0.0, sin=0, sout=0)
                                                 types |   # objects |   total size
====================================================== | =========== | ============
                                 <class 'numpy.ndarray |           1 |     27.47 MB
                                          <class 'dict |          15 |      9.19 KB
                                          <class 'type |           2 |      2.55 KB
                                         <class 'bytes |          21 |      2.42 KB
                                         <class 'tuple |           8 |    528     B
                                          <class 'cell |           9 |    432     B
                                          <class 'list |           0 |    336     B
                                      function (_call) |           2 |    272     B
                                   function (__init__) |           2 |    272     B
                                         <class 'float |           8 |    192     B
  <class 'odl.operator.operator.OperatorLeftScalarMult |           3 |    168     B
                                       <class 'weakref |           2 |    160     B
                      <class 'functools._lru_list_elem |           2 |    160     B
           <class 'odl.space.npy_ntuples.NumpyFnVector |           1 |     56     B
       <class 'odl.operator.operator.OperatorVectorSum |           1 |     56     B
iter = 86
CPU usage (% each core): [25.5, 20.2, 28.2, 26.9, 22.7, 100.0, 27.3, 22.7]
RAM usage: svmem(total=33615839232, available=17231523840, percent=48.7, used=15919767552, free=8913305600, active=19788275712, inactive=3575021568, buffers=945381376, cached=7837384704, shared=51167232)
SWAP usage: sswap(total=34263265280, used=0, free=34263265280, percent=0.0, sin=0, sout=0)
                                                 types |   # objects |   total size
====================================================== | =========== | ============
                                 <class 'numpy.ndarray |           1 |     27.47 MB
                                          <class 'dict |          15 |      3.19 KB
                                          <class 'type |           2 |      2.55 KB
                                         <class 'bytes |          21 |      2.42 KB
                                         <class 'tuple |           8 |    528     B
                                          <class 'cell |           9 |    432     B
                                          <class 'list |           0 |    424     B
                                      function (_call) |           2 |    272     B
                                   function (__init__) |           2 |    272     B
                                         <class 'float |           8 |    192     B
  <class 'odl.operator.operator.OperatorLeftScalarMult |           3 |    168     B
                                       <class 'weakref |           2 |    160     B
                      <class 'functools._lru_list_elem |           2 |    160     B
                                           <class 'int |           3 |     84     B
           <class 'odl.space.npy_ntuples.NumpyFnVector |           1 |     56     B
iter = 87
CPU usage (% each core): [26.6, 100.0, 23.9, 22.5, 22.7, 21.8, 25.5, 23.9]
RAM usage: svmem(total=33615839232, available=17202409472, percent=48.8, used=15948881920, free=8884183040, active=19816927232, inactive=3575025664, buffers=945381376, cached=7837392896, shared=51167232)
SWAP usage: sswap(total=34263265280, used=0, free=34263265280, percent=0.0, sin=0, sout=0)
                                                 types |   # objects |   total size
====================================================== | =========== | ============
                                 <class 'numpy.ndarray |           1 |     27.47 MB
                                          <class 'dict |          15 |      3.19 KB
                                          <class 'type |           2 |      2.55 KB
                                         <class 'tuple |           8 |    528     B
                                          <class 'cell |           9 |    432     B
                                      function (_call) |           2 |    272     B
                                   function (__init__) |           2 |    272     B
                                         <class 'float |           8 |    192     B
  <class 'odl.operator.operator.OperatorLeftScalarMult |           3 |    168     B
                                       <class 'weakref |           2 |    160     B
                      <class 'functools._lru_list_elem |           2 |    160     B
           <class 'odl.space.npy_ntuples.NumpyFnVector |           1 |     56     B
       <class 'odl.operator.operator.OperatorVectorSum |           1 |     56     B
      <class 'odl.operator.default_ops.ScalingOperator |           1 |     56     B
             <class 'odl.operator.operator.OperatorSum |           1 |     56     B
iter = 88
CPU usage (% each core): [27.4, 26.7, 31.4, 27.6, 26.5, 99.1, 29.7, 25.6]
RAM usage: svmem(total=33615839232, available=17175126016, percent=48.9, used=15976165376, free=8856899584, active=19845525504, inactive=3575025664, buffers=945381376, cached=7837392896, shared=51167232)
SWAP usage: sswap(total=34263265280, used=0, free=34263265280, percent=0.0, sin=0, sout=0)
                                                 types |   # objects |   total size
====================================================== | =========== | ============
                                 <class 'numpy.ndarray |           1 |     27.47 MB
                                          <class 'dict |          15 |      3.19 KB
                                          <class 'type |           2 |      2.55 KB
                                         <class 'bytes |          21 |      2.42 KB
                                         <class 'tuple |           8 |    528     B
                                          <class 'cell |           9 |    432     B
                                          <class 'list |           0 |    296     B
                                      function (_call) |           2 |    272     B
                                   function (__init__) |           2 |    272     B
                                         <class 'float |           8 |    192     B
  <class 'odl.operator.operator.OperatorLeftScalarMult |           3 |    168     B
                                       <class 'weakref |           2 |    160     B
                      <class 'functools._lru_list_elem |           2 |    160     B
           <class 'odl.space.npy_ntuples.NumpyFnVector |           1 |     56     B
       <class 'odl.operator.operator.OperatorVectorSum |           1 |     56     B
iter = 89
CPU usage (% each core): [26.6, 20.4, 24.1, 24.3, 22.2, 100.0, 22.2, 22.9]
RAM usage: svmem(total=33615839232, available=17144971264, percent=49.0, used=16006320128, free=8826744832, active=19874447360, inactive=3575025664, buffers=945381376, cached=7837392896, shared=51167232)
SWAP usage: sswap(total=34263265280, used=0, free=34263265280, percent=0.0, sin=0, sout=0)
                                                 types |   # objects |   total size
====================================================== | =========== | ============
                                 <class 'numpy.ndarray |           1 |     27.47 MB
                                          <class 'dict |          15 |      3.19 KB
                                          <class 'type |           2 |      2.55 KB
                                         <class 'bytes |          21 |      2.42 KB
                                         <class 'tuple |           8 |    528     B
                                          <class 'cell |           9 |    432     B
                                          <class 'list |           0 |    432     B
                                      function (_call) |           2 |    272     B
                                   function (__init__) |           2 |    272     B
                                         <class 'float |           8 |    192     B
  <class 'odl.operator.operator.OperatorLeftScalarMult |           3 |    168     B
                                       <class 'weakref |           2 |    160     B
                      <class 'functools._lru_list_elem |           2 |    160     B
           <class 'odl.space.npy_ntuples.NumpyFnVector |           1 |     56     B
       <class 'odl.operator.operator.OperatorVectorSum |           1 |     56     B
iter = 90
CPU usage (% each core): [23.4, 20.4, 29.6, 25.2, 22.2, 100.0, 21.5, 22.4]
RAM usage: svmem(total=33615839232, available=17115672576, percent=49.1, used=16035618816, free=8797446144, active=19903209472, inactive=3575025664, buffers=945381376, cached=7837392896, shared=51167232)
SWAP usage: sswap(total=34263265280, used=0, free=34263265280, percent=0.0, sin=0, sout=0)
                                                 types |   # objects |   total size
====================================================== | =========== | ============
                                 <class 'numpy.ndarray |           1 |     27.47 MB
                                          <class 'dict |          15 |      3.19 KB
                                          <class 'type |           2 |      2.55 KB
                                         <class 'bytes |          21 |      2.42 KB
                                         <class 'tuple |           8 |    528     B
                                          <class 'cell |           9 |    432     B
                                          <class 'list |           0 |    376     B
                                      function (_call) |           2 |    272     B
                                   function (__init__) |           2 |    272     B
                                         <class 'float |           8 |    192     B
  <class 'odl.operator.operator.OperatorLeftScalarMult |           3 |    168     B
                                       <class 'weakref |           2 |    160     B
                      <class 'functools._lru_list_elem |           2 |    160     B
           <class 'odl.space.npy_ntuples.NumpyFnVector |           1 |     56     B
       <class 'odl.operator.operator.OperatorVectorSum |           1 |     56     B
iter = 91
CPU usage (% each core): [28.4, 20.9, 32.7, 28.2, 24.8, 100.0, 25.7, 24.5]
RAM usage: svmem(total=33615839232, available=17086574592, percent=49.2, used=16064716800, free=8768348160, active=19932532736, inactive=3575025664, buffers=945381376, cached=7837392896, shared=51167232)
SWAP usage: sswap(total=34263265280, used=0, free=34263265280, percent=0.0, sin=0, sout=0)
                                                 types |   # objects |   total size
====================================================== | =========== | ============
                                 <class 'numpy.ndarray |           1 |     27.47 MB
                                          <class 'dict |          15 |      3.19 KB
                                          <class 'type |           2 |      2.55 KB
                                         <class 'tuple |           8 |    528     B
                                          <class 'cell |           9 |    432     B
                                      function (_call) |           2 |    272     B
                                   function (__init__) |           2 |    272     B
                                         <class 'float |           8 |    192     B
  <class 'odl.operator.operator.OperatorLeftScalarMult |           3 |    168     B
                                       <class 'weakref |           2 |    160     B
                      <class 'functools._lru_list_elem |           2 |    160     B
                                           <class 'int |           3 |     84     B
           <class 'odl.space.npy_ntuples.NumpyFnVector |           1 |     56     B
       <class 'odl.operator.operator.OperatorVectorSum |           1 |     56     B
      <class 'odl.operator.default_ops.ScalingOperator |           1 |     56     B
iter = 92
CPU usage (% each core): [27.5, 100.0, 26.6, 27.1, 23.6, 21.8, 22.9, 22.9]
RAM usage: svmem(total=33615839232, available=17057927168, percent=49.3, used=16093364224, free=8739692544, active=19961294848, inactive=3575029760, buffers=945385472, cached=7837396992, shared=51167232)
SWAP usage: sswap(total=34263265280, used=0, free=34263265280, percent=0.0, sin=0, sout=0)
                                                 types |   # objects |   total size
====================================================== | =========== | ============
                                 <class 'numpy.ndarray |           1 |     27.47 MB
                                          <class 'dict |          15 |      3.19 KB
                                          <class 'type |           2 |      2.55 KB
                                         <class 'bytes |          21 |      2.42 KB
                                         <class 'tuple |           8 |    528     B
                                          <class 'cell |           9 |    432     B
                                          <class 'list |           0 |    336     B
                                      function (_call) |           2 |    272     B
                                   function (__init__) |           2 |    272     B
                                         <class 'float |           8 |    192     B
  <class 'odl.operator.operator.OperatorLeftScalarMult |           3 |    168     B
                                       <class 'weakref |           2 |    160     B
                      <class 'functools._lru_list_elem |           2 |    160     B
           <class 'odl.space.npy_ntuples.NumpyFnVector |           1 |     56     B
       <class 'odl.operator.operator.OperatorVectorSum |           1 |     56     B
iter = 93
CPU usage (% each core): [25.2, 21.6, 27.7, 26.8, 23.4, 99.1, 22.7, 24.3]
RAM usage: svmem(total=33615839232, available=17028304896, percent=49.3, used=16122982400, free=8710070272, active=19990056960, inactive=3575029760, buffers=945385472, cached=7837401088, shared=51167232)
SWAP usage: sswap(total=34263265280, used=0, free=34263265280, percent=0.0, sin=0, sout=0)
                                                 types |   # objects |   total size
====================================================== | =========== | ============
                                 <class 'numpy.ndarray |           1 |     27.47 MB
                                          <class 'dict |          15 |      3.19 KB
                                          <class 'type |           2 |      2.55 KB
                                         <class 'bytes |          21 |      2.42 KB
                                         <class 'tuple |           8 |    528     B
                                          <class 'cell |           9 |    432     B
                                          <class 'list |           0 |    336     B
                                      function (_call) |           2 |    272     B
                                   function (__init__) |           2 |    272     B
                                         <class 'float |           8 |    192     B
  <class 'odl.operator.operator.OperatorLeftScalarMult |           3 |    168     B
                                       <class 'weakref |           2 |    160     B
                      <class 'functools._lru_list_elem |           2 |    160     B
                                           <class 'int |           3 |     84     B
           <class 'odl.space.npy_ntuples.NumpyFnVector |           1 |     56     B
iter = 94
CPU usage (% each core): [25.2, 100.0, 28.1, 26.3, 22.1, 22.1, 22.8, 23.0]
RAM usage: svmem(total=33615839232, available=17000370176, percent=49.4, used=16150917120, free=8682135552, active=20018921472, inactive=3575029760, buffers=945385472, cached=7837401088, shared=51167232)
SWAP usage: sswap(total=34263265280, used=0, free=34263265280, percent=0.0, sin=0, sout=0)
                                                 types |   # objects |   total size
====================================================== | =========== | ============
                                 <class 'numpy.ndarray |           1 |     27.47 MB
                                          <class 'dict |          15 |      3.19 KB
                                          <class 'type |           2 |      2.55 KB
                                         <class 'bytes |          21 |      2.42 KB
                                         <class 'tuple |           8 |    528     B
                                          <class 'list |           0 |    480     B
                                          <class 'cell |           9 |    432     B
                                      function (_call) |           2 |    272     B
                                   function (__init__) |           2 |    272     B
                                         <class 'float |           8 |    192     B
  <class 'odl.operator.operator.OperatorLeftScalarMult |           3 |    168     B
                                       <class 'weakref |           2 |    160     B
                      <class 'functools._lru_list_elem |           2 |    160     B
           <class 'odl.space.npy_ntuples.NumpyFnVector |           1 |     56     B
       <class 'odl.operator.operator.OperatorVectorSum |           1 |     56     B
iter = 95
CPU usage (% each core): [18.3, 19.6, 23.4, 20.9, 100.0, 24.5, 18.9, 19.6]
RAM usage: svmem(total=33615839232, available=16971530240, percent=49.5, used=16179757056, free=8653295616, active=20045766656, inactive=3575029760, buffers=945385472, cached=7837401088, shared=51167232)
SWAP usage: sswap(total=34263265280, used=0, free=34263265280, percent=0.0, sin=0, sout=0)
                                                 types |   # objects |   total size
====================================================== | =========== | ============
                                 <class 'numpy.ndarray |           1 |     27.47 MB
                                          <class 'dict |          15 |      3.19 KB
                                          <class 'type |           2 |      2.55 KB
                                         <class 'bytes |          21 |      2.42 KB
                                         <class 'tuple |           8 |    528     B
                                          <class 'cell |           9 |    432     B
                                      function (_call) |           2 |    272     B
                                   function (__init__) |           2 |    272     B
                                          <class 'list |           0 |    200     B
                                         <class 'float |           8 |    192     B
  <class 'odl.operator.operator.OperatorLeftScalarMult |           3 |    168     B
                                       <class 'weakref |           2 |    160     B
                      <class 'functools._lru_list_elem |           2 |    160     B
                                           <class 'int |           3 |     84     B
           <class 'odl.space.npy_ntuples.NumpyFnVector |           1 |     56     B
iter = 96
CPU usage (% each core): [100.0, 25.0, 29.4, 27.5, 21.1, 26.6, 23.6, 22.0]
RAM usage: svmem(total=33615839232, available=16940978176, percent=49.6, used=16210309120, free=8622735360, active=20076343296, inactive=3575033856, buffers=945385472, cached=7837409280, shared=51167232)
SWAP usage: sswap(total=34263265280, used=0, free=34263265280, percent=0.0, sin=0, sout=0)
                                                 types |   # objects |   total size
====================================================== | =========== | ============
                                 <class 'numpy.ndarray |           1 |     27.47 MB
                                          <class 'dict |          15 |      3.19 KB
                                          <class 'type |           2 |      2.55 KB
                                         <class 'tuple |           8 |    528     B
                                          <class 'cell |           9 |    432     B
                                      function (_call) |           2 |    272     B
                                   function (__init__) |           2 |    272     B
                                         <class 'float |           8 |    192     B
  <class 'odl.operator.operator.OperatorLeftScalarMult |           3 |    168     B
                                       <class 'weakref |           2 |    160     B
                      <class 'functools._lru_list_elem |           2 |    160     B
           <class 'odl.space.npy_ntuples.NumpyFnVector |           1 |     56     B
       <class 'odl.operator.operator.OperatorVectorSum |           1 |     56     B
      <class 'odl.operator.default_ops.ScalingOperator |           1 |     56     B
             <class 'odl.operator.operator.OperatorSum |           1 |     56     B
iter = 97
CPU usage (% each core): [100.0, 23.0, 25.7, 23.9, 21.2, 23.9, 22.1, 28.1]
RAM usage: svmem(total=33615839232, available=16912613376, percent=49.7, used=16238673920, free=8594370560, active=20105105408, inactive=3575033856, buffers=945385472, cached=7837409280, shared=51167232)
SWAP usage: sswap(total=34263265280, used=0, free=34263265280, percent=0.0, sin=0, sout=0)
                                                 types |   # objects |   total size
====================================================== | =========== | ============
                                 <class 'numpy.ndarray |           1 |     27.47 MB
                                          <class 'dict |          15 |      3.19 KB
                                          <class 'type |           2 |      2.55 KB
                                         <class 'bytes |          21 |      2.42 KB
                                         <class 'tuple |           8 |    528     B
                                          <class 'cell |           9 |    432     B
                                          <class 'list |           0 |    376     B
                                      function (_call) |           2 |    272     B
                                   function (__init__) |           2 |    272     B
                                         <class 'float |           8 |    192     B
  <class 'odl.operator.operator.OperatorLeftScalarMult |           3 |    168     B
                                       <class 'weakref |           2 |    160     B
                      <class 'functools._lru_list_elem |           2 |    160     B
           <class 'odl.space.npy_ntuples.NumpyFnVector |           1 |     56     B
       <class 'odl.operator.operator.OperatorVectorSum |           1 |     56     B
iter = 98
CPU usage (% each core): [100.0, 22.9, 22.9, 19.3, 14.7, 20.2, 22.0, 23.6]
RAM usage: svmem(total=33615839232, available=16884125696, percent=49.8, used=16267161600, free=8565882880, active=20133867520, inactive=3575033856, buffers=945385472, cached=7837409280, shared=51167232)
SWAP usage: sswap(total=34263265280, used=0, free=34263265280, percent=0.0, sin=0, sout=0)
                                                 types |   # objects |   total size
====================================================== | =========== | ============
                                 <class 'numpy.ndarray |           1 |     27.47 MB
                                          <class 'dict |          15 |      3.19 KB
                                          <class 'type |           2 |      2.55 KB
                                         <class 'bytes |          21 |      2.42 KB
                                         <class 'tuple |           8 |    528     B
                                          <class 'cell |           9 |    432     B
                                      function (_call) |           2 |    272     B
                                   function (__init__) |           2 |    272     B
                                          <class 'list |           0 |    272     B
                                         <class 'float |           8 |    192     B
  <class 'odl.operator.operator.OperatorLeftScalarMult |           3 |    168     B
                                       <class 'weakref |           2 |    160     B
                      <class 'functools._lru_list_elem |           2 |    160     B
                                           <class 'int |           3 |     84     B
           <class 'odl.space.npy_ntuples.NumpyFnVector |           1 |     56     B
iter = 99
CPU usage (% each core): [100.0, 15.3, 25.7, 23.0, 23.2, 21.2, 21.4, 21.4]
RAM usage: svmem(total=33615839232, available=16854396928, percent=49.9, used=16296890368, free=8536154112, active=20162633728, inactive=3575033856, buffers=945385472, cached=7837409280, shared=51167232)
SWAP usage: sswap(total=34263265280, used=0, free=34263265280, percent=0.0, sin=0, sout=0)
                                                 types |   # objects |   total size
====================================================== | =========== | ============
                                 <class 'numpy.ndarray |           1 |     27.47 MB
                                          <class 'dict |          15 |      3.19 KB
                                          <class 'type |           2 |      2.55 KB
                                         <class 'bytes |          21 |      2.42 KB
                                         <class 'tuple |           8 |    528     B
                                          <class 'cell |           9 |    432     B
                                          <class 'list |           0 |    336     B
                                      function (_call) |           2 |    272     B
                                   function (__init__) |           2 |    272     B
                                         <class 'float |           8 |    192     B
  <class 'odl.operator.operator.OperatorLeftScalarMult |           3 |    168     B
                                       <class 'weakref |           2 |    160     B
                      <class 'functools._lru_list_elem |           2 |    160     B
           <class 'odl.space.npy_ntuples.NumpyFnVector |           1 |     56     B
       <class 'odl.operator.operator.OperatorVectorSum |           1 |     56     B
iter = 100
CPU usage (% each core): [100.0, 23.6, 28.2, 21.8, 21.8, 25.7, 20.0, 22.0]
RAM usage: svmem(total=33615839232, available=16824803328, percent=49.9, used=16326483968, free=8506560512, active=20191686656, inactive=3575033856, buffers=945385472, cached=7837409280, shared=51167232)
SWAP usage: sswap(total=34263265280, used=0, free=34263265280, percent=0.0, sin=0, sout=0)
                                                 types |   # objects |   total size
====================================================== | =========== | ============
                                 <class 'numpy.ndarray |           1 |     27.47 MB
                                          <class 'dict |          15 |      3.19 KB
                                          <class 'type |           2 |      2.55 KB
                                         <class 'bytes |          21 |      2.42 KB
                                         <class 'tuple |           8 |    528     B
                                          <class 'cell |           9 |    432     B
                                          <class 'list |           0 |    424     B
                                      function (_call) |           2 |    272     B
                                   function (__init__) |           2 |    272     B
                                         <class 'float |           8 |    192     B
  <class 'odl.operator.operator.OperatorLeftScalarMult |           3 |    168     B
                                       <class 'weakref |           2 |    160     B
                      <class 'functools._lru_list_elem |           2 |    160     B
           <class 'odl.space.npy_ntuples.NumpyFnVector |           1 |     56     B
       <class 'odl.operator.operator.OperatorVectorSum |           1 |     56     B
iter = 101
CPU usage (% each core): [100.0, 30.4, 27.7, 29.5, 23.9, 28.6, 28.3, 25.0]
RAM usage: svmem(total=33615839232, available=16796045312, percent=50.0, used=16355241984, free=8477802496, active=20220448768, inactive=3575033856, buffers=945389568, cached=7837405184, shared=51167232)
SWAP usage: sswap(total=34263265280, used=0, free=34263265280, percent=0.0, sin=0, sout=0)
                                                 types |   # objects |   total size
====================================================== | =========== | ============
                                 <class 'numpy.ndarray |           1 |     27.47 MB
                                          <class 'dict |          15 |      3.19 KB
                                          <class 'type |           2 |      2.55 KB
                                         <class 'tuple |           8 |    528     B
                                          <class 'cell |           9 |    432     B
                                      function (_call) |           2 |    272     B
                                   function (__init__) |           2 |    272     B
                                         <class 'float |           8 |    192     B
  <class 'odl.operator.operator.OperatorLeftScalarMult |           3 |    168     B
                                       <class 'weakref |           2 |    160     B
                      <class 'functools._lru_list_elem |           2 |    160     B
                                           <class 'int |           3 |     84     B
           <class 'odl.space.npy_ntuples.NumpyFnVector |           1 |     56     B
       <class 'odl.operator.operator.OperatorVectorSum |           1 |     56     B
      <class 'odl.operator.default_ops.ScalingOperator |           1 |     56     B
iter = 102
CPU usage (% each core): [100.0, 27.5, 23.9, 27.1, 23.1, 21.8, 21.3, 21.8]
RAM usage: svmem(total=33615839232, available=16767586304, percent=50.1, used=16383696896, free=8449335296, active=20249214976, inactive=3575037952, buffers=945389568, cached=7837417472, shared=51167232)
SWAP usage: sswap(total=34263265280, used=0, free=34263265280, percent=0.0, sin=0, sout=0)
                                                 types |   # objects |   total size
====================================================== | =========== | ============
                                 <class 'numpy.ndarray |           1 |     27.47 MB
                                          <class 'dict |          15 |      3.19 KB
                                          <class 'type |           2 |      2.55 KB
                                         <class 'bytes |          21 |      2.42 KB
                                         <class 'tuple |           8 |    528     B
                                          <class 'cell |           9 |    432     B
                                          <class 'list |           0 |    336     B
                                      function (_call) |           2 |    272     B
                                   function (__init__) |           2 |    272     B
                                         <class 'float |           8 |    192     B
  <class 'odl.operator.operator.OperatorLeftScalarMult |           3 |    168     B
                                       <class 'weakref |           2 |    160     B
                      <class 'functools._lru_list_elem |           2 |    160     B
           <class 'odl.space.npy_ntuples.NumpyFnVector |           1 |     56     B
       <class 'odl.operator.operator.OperatorVectorSum |           1 |     56     B
iter = 103
CPU usage (% each core): [24.6, 100.0, 26.1, 25.9, 21.6, 19.1, 22.4, 22.4]
RAM usage: svmem(total=33615839232, available=16739106816, percent=50.2, used=16412176384, free=8420855808, active=20277846016, inactive=3575037952, buffers=945389568, cached=7837417472, shared=51167232)
SWAP usage: sswap(total=34263265280, used=0, free=34263265280, percent=0.0, sin=0, sout=0)
                                                 types |   # objects |   total size
====================================================== | =========== | ============
                                 <class 'numpy.ndarray |           1 |     27.47 MB
                                          <class 'dict |          15 |      3.19 KB
                                          <class 'type |           2 |      2.55 KB
                                         <class 'bytes |          21 |      2.42 KB
                                         <class 'tuple |           8 |    528     B
                                          <class 'cell |           9 |    432     B
                                          <class 'list |           0 |    304     B
                                      function (_call) |           2 |    272     B
                                   function (__init__) |           2 |    272     B
                                         <class 'float |           8 |    192     B
  <class 'odl.operator.operator.OperatorLeftScalarMult |           3 |    168     B
                                       <class 'weakref |           2 |    160     B
                      <class 'functools._lru_list_elem |           2 |    160     B
           <class 'odl.space.npy_ntuples.NumpyFnVector |           1 |     56     B
       <class 'odl.operator.operator.OperatorVectorSum |           1 |     56     B
iter = 104
CPU usage (% each core): [100.0, 30.2, 24.8, 24.3, 24.1, 23.9, 23.9, 27.0]
RAM usage: svmem(total=33615839232, available=16710201344, percent=50.3, used=16441081856, free=8391950336, active=20306706432, inactive=3575037952, buffers=945389568, cached=7837417472, shared=51167232)
SWAP usage: sswap(total=34263265280, used=0, free=34263265280, percent=0.0, sin=0, sout=0)
                                                 types |   # objects |   total size
====================================================== | =========== | ============
                                 <class 'numpy.ndarray |           1 |     27.47 MB
                                          <class 'dict |          15 |      3.19 KB
                                          <class 'type |           2 |      2.55 KB
                                         <class 'bytes |          21 |      2.42 KB
                                         <class 'tuple |           8 |    528     B
                                          <class 'cell |           9 |    432     B
                                          <class 'list |           0 |    376     B
                                      function (_call) |           2 |    272     B
                                   function (__init__) |           2 |    272     B
                                         <class 'float |           8 |    192     B
  <class 'odl.operator.operator.OperatorLeftScalarMult |           3 |    168     B
                                       <class 'weakref |           2 |    160     B
                      <class 'functools._lru_list_elem |           2 |    160     B
           <class 'odl.space.npy_ntuples.NumpyFnVector |           1 |     56     B
       <class 'odl.operator.operator.OperatorVectorSum |           1 |     56     B
iter = 105
CPU usage (% each core): [27.6, 27.9, 31.7, 26.2, 25.0, 25.2, 25.8, 100.0]
RAM usage: svmem(total=33615839232, available=16685015040, percent=50.4, used=16466268160, free=8366764032, active=20335050752, inactive=3575037952, buffers=945389568, cached=7837417472, shared=51167232)
SWAP usage: sswap(total=34263265280, used=0, free=34263265280, percent=0.0, sin=0, sout=0)
                                                 types |   # objects |   total size
====================================================== | =========== | ============
                                 <class 'numpy.ndarray |           1 |     27.47 MB
                                          <class 'dict |          15 |      3.19 KB
                                          <class 'type |           2 |      2.55 KB
                                         <class 'tuple |           8 |    528     B
                                          <class 'cell |           9 |    432     B
                                      function (_call) |           2 |    272     B
                                   function (__init__) |           2 |    272     B
                                         <class 'float |           8 |    192     B
  <class 'odl.operator.operator.OperatorLeftScalarMult |           3 |    168     B
                                       <class 'weakref |           2 |    160     B
                      <class 'functools._lru_list_elem |           2 |    160     B
           <class 'odl.space.npy_ntuples.NumpyFnVector |           1 |     56     B
       <class 'odl.operator.operator.OperatorVectorSum |           1 |     56     B
      <class 'odl.operator.default_ops.ScalingOperator |           1 |     56     B
             <class 'odl.operator.operator.OperatorSum |           1 |     56     B
iter = 106
CPU usage (% each core): [27.1, 27.5, 24.6, 22.0, 100.0, 22.7, 22.7, 22.2]
RAM usage: svmem(total=33615839232, available=16656461824, percent=50.5, used=16494821376, free=8338202624, active=20364533760, inactive=3575042048, buffers=945389568, cached=7837425664, shared=51167232)
SWAP usage: sswap(total=34263265280, used=0, free=34263265280, percent=0.0, sin=0, sout=0)
                                                 types |   # objects |   total size
====================================================== | =========== | ============
                                 <class 'numpy.ndarray |           1 |     27.47 MB
                                          <class 'dict |          15 |      3.19 KB
                                          <class 'type |           2 |      2.55 KB
                                         <class 'bytes |          21 |      2.42 KB
                                         <class 'tuple |           8 |    528     B
                                          <class 'cell |           9 |    432     B
                                          <class 'list |           0 |    376     B
                                      function (_call) |           2 |    272     B
                                   function (__init__) |           2 |    272     B
                                         <class 'float |           8 |    192     B
  <class 'odl.operator.operator.OperatorLeftScalarMult |           3 |    168     B
                                       <class 'weakref |           2 |    160     B
                      <class 'functools._lru_list_elem |           2 |    160     B
           <class 'odl.space.npy_ntuples.NumpyFnVector |           1 |     56     B
       <class 'odl.operator.operator.OperatorVectorSum |           1 |     56     B
iter = 107
CPU usage (% each core): [20.7, 21.1, 25.7, 28.4, 100.0, 21.3, 24.3, 20.9]
RAM usage: svmem(total=33615839232, available=16626503680, percent=50.5, used=16524779520, free=8308244480, active=20393291776, inactive=3575042048, buffers=945389568, cached=7837425664, shared=51167232)
SWAP usage: sswap(total=34263265280, used=0, free=34263265280, percent=0.0, sin=0, sout=0)
                                                 types |   # objects |   total size
====================================================== | =========== | ============
                                 <class 'numpy.ndarray |           1 |     27.47 MB
                                          <class 'dict |          15 |      3.19 KB
                                          <class 'type |           2 |      2.55 KB
                                         <class 'bytes |          21 |      2.42 KB
                                         <class 'tuple |           8 |    528     B
                                          <class 'cell |           9 |    432     B
                                      function (_call) |           2 |    272     B
                                   function (__init__) |           2 |    272     B
                                          <class 'list |           0 |    272     B
                                         <class 'float |           8 |    192     B
  <class 'odl.operator.operator.OperatorLeftScalarMult |           3 |    168     B
                                       <class 'weakref |           2 |    160     B
                      <class 'functools._lru_list_elem |           2 |    160     B
                                           <class 'int |           4 |    112     B
           <class 'odl.space.npy_ntuples.NumpyFnVector |           1 |     56     B
iter = 108
CPU usage (% each core): [21.8, 21.8, 25.2, 21.8, 100.0, 23.6, 21.1, 26.4]
RAM usage: svmem(total=33615839232, available=16596770816, percent=50.6, used=16554512384, free=8278511616, active=20422053888, inactive=3575042048, buffers=945389568, cached=7837425664, shared=51167232)
SWAP usage: sswap(total=34263265280, used=0, free=34263265280, percent=0.0, sin=0, sout=0)
                                                 types |   # objects |   total size
====================================================== | =========== | ============
                                 <class 'numpy.ndarray |           1 |     27.47 MB
                                          <class 'dict |          15 |      3.19 KB
                                          <class 'type |           2 |      2.55 KB
                                         <class 'bytes |          21 |      2.42 KB
                                         <class 'tuple |           8 |    528     B
                                          <class 'cell |           9 |    432     B
                                          <class 'list |           0 |    336     B
                                      function (_call) |           2 |    272     B
                                   function (__init__) |           2 |    272     B
                                         <class 'float |           8 |    192     B
  <class 'odl.operator.operator.OperatorLeftScalarMult |           3 |    168     B
                                       <class 'weakref |           2 |    160     B
                      <class 'functools._lru_list_elem |           2 |    160     B
           <class 'odl.space.npy_ntuples.NumpyFnVector |           1 |     56     B
       <class 'odl.operator.operator.OperatorVectorSum |           1 |     56     B
iter = 109
CPU usage (% each core): [18.0, 21.8, 21.6, 20.0, 100.0, 22.5, 24.3, 20.7]
RAM usage: svmem(total=33615839232, available=16568053760, percent=50.7, used=16583229440, free=8249794560, active=20450619392, inactive=3575042048, buffers=945389568, cached=7837425664, shared=51167232)
SWAP usage: sswap(total=34263265280, used=0, free=34263265280, percent=0.0, sin=0, sout=0)
                                                 types |   # objects |   total size
====================================================== | =========== | ============
                                 <class 'numpy.ndarray |           1 |     27.47 MB
                                          <class 'dict |          15 |      3.19 KB
                                          <class 'type |           2 |      2.55 KB
                                         <class 'bytes |          21 |      2.42 KB
                                         <class 'tuple |           8 |    528     B
                                          <class 'cell |           9 |    432     B
                                          <class 'list |           0 |    424     B
                                      function (_call) |           2 |    272     B
                                   function (__init__) |           2 |    272     B
                                         <class 'float |           8 |    192     B
  <class 'odl.operator.operator.OperatorLeftScalarMult |           3 |    168     B
                                       <class 'weakref |           2 |    160     B
                      <class 'functools._lru_list_elem |           2 |    160     B
                                           <class 'int |           3 |     84     B
           <class 'odl.space.npy_ntuples.NumpyFnVector |           1 |     56     B
iter = 110
CPU usage (% each core): [100.0, 26.8, 25.7, 25.9, 14.3, 25.0, 31.2, 23.0]
RAM usage: svmem(total=33615839232, available=16540241920, percent=50.8, used=16611041280, free=8221982720, active=20479574016, inactive=3575042048, buffers=945389568, cached=7837425664, shared=51167232)
SWAP usage: sswap(total=34263265280, used=0, free=34263265280, percent=0.0, sin=0, sout=0)
                                                 types |   # objects |   total size
====================================================== | =========== | ============
                                 <class 'numpy.ndarray |           1 |     27.47 MB
                                          <class 'dict |          15 |      3.19 KB
                                          <class 'type |           2 |      2.55 KB
                                         <class 'tuple |           8 |    528     B
                                          <class 'cell |           9 |    432     B
                                      function (_call) |           2 |    272     B
                                   function (__init__) |           2 |    272     B
                                         <class 'float |           8 |    192     B
  <class 'odl.operator.operator.OperatorLeftScalarMult |           3 |    168     B
                                       <class 'weakref |           2 |    160     B
                      <class 'functools._lru_list_elem |           2 |    160     B
           <class 'odl.space.npy_ntuples.NumpyFnVector |           1 |     56     B
       <class 'odl.operator.operator.OperatorVectorSum |           1 |     56     B
      <class 'odl.operator.default_ops.ScalingOperator |           1 |     56     B
             <class 'odl.operator.operator.OperatorSum |           1 |     56     B
iter = 111
CPU usage (% each core): [27.4, 25.4, 100.0, 22.6, 21.1, 21.7, 20.9, 20.4]
RAM usage: svmem(total=33615839232, available=16511463424, percent=50.9, used=16639827968, free=8193187840, active=20508356608, inactive=3575046144, buffers=945389568, cached=7837433856, shared=51167232)
SWAP usage: sswap(total=34263265280, used=0, free=34263265280, percent=0.0, sin=0, sout=0)
                                                 types |   # objects |   total size
====================================================== | =========== | ============
                                 <class 'numpy.ndarray |           1 |     27.47 MB
                                          <class 'dict |          15 |     15.19 KB
                                          <class 'type |           2 |      2.55 KB
                                         <class 'bytes |          21 |      2.42 KB
                                         <class 'tuple |           8 |    528     B
                                          <class 'cell |           9 |    432     B
                                          <class 'list |           0 |    336     B
                                      function (_call) |           2 |    272     B
                                   function (__init__) |           2 |    272     B
                                         <class 'float |           8 |    192     B
  <class 'odl.operator.operator.OperatorLeftScalarMult |           3 |    168     B
                                       <class 'weakref |           2 |    160     B
                      <class 'functools._lru_list_elem |           2 |    160     B
           <class 'odl.space.npy_ntuples.NumpyFnVector |           1 |     56     B
       <class 'odl.operator.operator.OperatorVectorSum |           1 |     56     B
iter = 112
CPU usage (% each core): [24.1, 27.7, 100.0, 27.9, 24.8, 23.2, 23.4, 25.7]
RAM usage: svmem(total=33615839232, available=16481210368, percent=51.0, used=16670081024, free=8162934784, active=20537139200, inactive=3575046144, buffers=945389568, cached=7837433856, shared=51167232)
SWAP usage: sswap(total=34263265280, used=0, free=34263265280, percent=0.0, sin=0, sout=0)
                                                 types |   # objects |   total size
====================================================== | =========== | ============
                                 <class 'numpy.ndarray |           1 |     27.47 MB
                                          <class 'dict |          15 |      3.19 KB
                                          <class 'type |           2 |      2.55 KB
                                         <class 'bytes |          21 |      2.42 KB
                                         <class 'tuple |           8 |    528     B
                                          <class 'cell |           9 |    432     B
                                          <class 'list |           0 |    304     B
                                      function (_call) |           2 |    272     B
                                   function (__init__) |           2 |    272     B
                                         <class 'float |           8 |    192     B
  <class 'odl.operator.operator.OperatorLeftScalarMult |           3 |    168     B
                                       <class 'weakref |           2 |    160     B
                      <class 'functools._lru_list_elem |           2 |    160     B
                                           <class 'int |           3 |     84     B
           <class 'odl.space.npy_ntuples.NumpyFnVector |           1 |     56     B
iter = 113
CPU usage (% each core): [24.8, 23.9, 100.0, 26.5, 24.1, 23.1, 22.4, 24.1]
RAM usage: svmem(total=33615839232, available=16452268032, percent=51.1, used=16699023360, free=8133992448, active=20565901312, inactive=3575046144, buffers=945389568, cached=7837433856, shared=51167232)
SWAP usage: sswap(total=34263265280, used=0, free=34263265280, percent=0.0, sin=0, sout=0)
                                                 types |   # objects |   total size
====================================================== | =========== | ============
                                 <class 'numpy.ndarray |           1 |     27.47 MB
                                          <class 'dict |          15 |      3.19 KB
                                          <class 'type |           2 |      2.55 KB
                                         <class 'bytes |          21 |      2.42 KB
                                         <class 'tuple |           8 |    528     B
                                          <class 'cell |           9 |    432     B
                                          <class 'list |           0 |    376     B
                                      function (_call) |           2 |    272     B
                                   function (__init__) |           2 |    272     B
                                         <class 'float |           8 |    192     B
  <class 'odl.operator.operator.OperatorLeftScalarMult |           3 |    168     B
                                       <class 'weakref |           2 |    160     B
                      <class 'functools._lru_list_elem |           2 |    160     B
           <class 'odl.space.npy_ntuples.NumpyFnVector |           1 |     56     B
       <class 'odl.operator.operator.OperatorVectorSum |           1 |     56     B
iter = 114
CPU usage (% each core): [22.9, 25.6, 27.4, 29.1, 100.0, 24.6, 28.8, 23.9]
RAM usage: svmem(total=33615839232, available=16422715392, percent=51.1, used=16728576000, free=8104439808, active=20594958336, inactive=3575046144, buffers=945389568, cached=7837433856, shared=51167232)
SWAP usage: sswap(total=34263265280, used=0, free=34263265280, percent=0.0, sin=0, sout=0)
                                                 types |   # objects |   total size
====================================================== | =========== | ============
                                 <class 'numpy.ndarray |           1 |     27.47 MB
                                          <class 'dict |          15 |      3.19 KB
                                          <class 'type |           2 |      2.55 KB
                                         <class 'tuple |           8 |    528     B
                                          <class 'cell |           9 |    432     B
                                      function (_call) |           2 |    272     B
                                   function (__init__) |           2 |    272     B
                                         <class 'float |           8 |    192     B
  <class 'odl.operator.operator.OperatorLeftScalarMult |           3 |    168     B
                                       <class 'weakref |           2 |    160     B
                      <class 'functools._lru_list_elem |           2 |    160     B
           <class 'odl.space.npy_ntuples.NumpyFnVector |           1 |     56     B
       <class 'odl.operator.operator.OperatorVectorSum |           1 |     56     B
      <class 'odl.operator.default_ops.ScalingOperator |           1 |     56     B
             <class 'odl.operator.operator.OperatorSum |           1 |     56     B
iter = 115
CPU usage (% each core): [22.9, 71.4, 23.7, 23.5, 20.2, 47.5, 19.5, 20.8]
RAM usage: svmem(total=33615839232, available=16394219520, percent=51.2, used=16757071872, free=8075935744, active=20623826944, inactive=3575050240, buffers=945393664, cached=7837437952, shared=51167232)
SWAP usage: sswap(total=34263265280, used=0, free=34263265280, percent=0.0, sin=0, sout=0)
                                                 types |   # objects |   total size
====================================================== | =========== | ============
                                 <class 'numpy.ndarray |           1 |     27.47 MB
                                          <class 'dict |          15 |      3.19 KB
                                          <class 'type |           2 |      2.55 KB
                                         <class 'bytes |          21 |      2.42 KB
                                         <class 'tuple |           8 |    528     B
                                          <class 'cell |           9 |    432     B
                                          <class 'list |           0 |    336     B
                                      function (_call) |           2 |    272     B
                                   function (__init__) |           2 |    272     B
                                         <class 'float |           8 |    192     B
  <class 'odl.operator.operator.OperatorLeftScalarMult |           3 |    168     B
                                       <class 'weakref |           2 |    160     B
                      <class 'functools._lru_list_elem |           2 |    160     B
           <class 'odl.space.npy_ntuples.NumpyFnVector |           1 |     56     B
       <class 'odl.operator.operator.OperatorVectorSum |           1 |     56     B
iter = 116
CPU usage (% each core): [23.6, 100.0, 24.3, 19.8, 20.9, 20.7, 19.8, 15.6]
RAM usage: svmem(total=33615839232, available=16366845952, percent=51.3, used=16784441344, free=8048562176, active=20652486656, inactive=3575050240, buffers=945393664, cached=7837442048, shared=51167232)
SWAP usage: sswap(total=34263265280, used=0, free=34263265280, percent=0.0, sin=0, sout=0)
                                                 types |   # objects |   total size
====================================================== | =========== | ============
                                 <class 'numpy.ndarray |           1 |     27.47 MB
                                          <class 'dict |          15 |      3.19 KB
                                          <class 'type |           2 |      2.55 KB
                                         <class 'bytes |          21 |      2.42 KB
                                         <class 'tuple |           8 |    528     B
                                          <class 'cell |           9 |    432     B
                                          <class 'list |           0 |    384     B
                                      function (_call) |           2 |    272     B
                                   function (__init__) |           2 |    272     B
                                         <class 'float |           8 |    192     B
  <class 'odl.operator.operator.OperatorLeftScalarMult |           3 |    168     B
                                       <class 'weakref |           2 |    160     B
                      <class 'functools._lru_list_elem |           2 |    160     B
                                           <class 'int |           3 |     84     B
           <class 'odl.space.npy_ntuples.NumpyFnVector |           1 |     56     B
iter = 117
CPU usage (% each core): [22.3, 21.6, 25.5, 23.4, 21.6, 100.0, 29.5, 22.3]
RAM usage: svmem(total=33615839232, available=16338538496, percent=51.4, used=16812748800, free=8020254720, active=20681138176, inactive=3575050240, buffers=945393664, cached=7837442048, shared=51167232)
SWAP usage: sswap(total=34263265280, used=0, free=34263265280, percent=0.0, sin=0, sout=0)
                                                 types |   # objects |   total size
====================================================== | =========== | ============
                                 <class 'numpy.ndarray |           1 |     27.47 MB
                                          <class 'dict |          15 |      3.19 KB
                                          <class 'type |           2 |      2.55 KB
                                         <class 'bytes |          21 |      2.42 KB
                                         <class 'tuple |           8 |    528     B
                                          <class 'cell |           9 |    432     B
                                          <class 'list |           0 |    336     B
                                      function (_call) |           2 |    272     B
                                   function (__init__) |           2 |    272     B
                                         <class 'float |           8 |    192     B
  <class 'odl.operator.operator.OperatorLeftScalarMult |           3 |    168     B
                                       <class 'weakref |           2 |    160     B
                      <class 'functools._lru_list_elem |           2 |    160     B
           <class 'odl.space.npy_ntuples.NumpyFnVector |           1 |     56     B
       <class 'odl.operator.operator.OperatorVectorSum |           1 |     56     B
iter = 118
CPU usage (% each core): [26.8, 100.0, 25.0, 23.2, 21.4, 22.1, 21.4, 21.8]
RAM usage: svmem(total=33615839232, available=16308482048, percent=51.5, used=16842805248, free=7990198272, active=20709670912, inactive=3575050240, buffers=945393664, cached=7837442048, shared=51167232)
SWAP usage: sswap(total=34263265280, used=0, free=34263265280, percent=0.0, sin=0, sout=0)
                                                 types |   # objects |   total size
====================================================== | =========== | ============
                                 <class 'numpy.ndarray |           1 |     27.47 MB
                                          <class 'dict |          15 |      3.19 KB
                                          <class 'type |           2 |      2.55 KB
                                         <class 'bytes |          21 |      2.42 KB
                                         <class 'tuple |           8 |    528     B
                                          <class 'cell |           9 |    432     B
                                          <class 'list |           0 |    424     B
                                      function (_call) |           2 |    272     B
                                   function (__init__) |           2 |    272     B
                                         <class 'float |           8 |    192     B
  <class 'odl.operator.operator.OperatorLeftScalarMult |           3 |    168     B
                                       <class 'weakref |           2 |    160     B
                      <class 'functools._lru_list_elem |           2 |    160     B
           <class 'odl.space.npy_ntuples.NumpyFnVector |           1 |     56     B
       <class 'odl.operator.operator.OperatorVectorSum |           1 |     56     B
iter = 119
CPU usage (% each core): [23.9, 22.8, 26.5, 27.2, 21.2, 100.0, 22.8, 18.4]
RAM usage: svmem(total=33615839232, available=16279719936, percent=51.6, used=16871567360, free=7961436160, active=20738768896, inactive=3575050240, buffers=945393664, cached=7837442048, shared=51167232)
SWAP usage: sswap(total=34263265280, used=0, free=34263265280, percent=0.0, sin=0, sout=0)
                                                 types |   # objects |   total size
====================================================== | =========== | ============
                                 <class 'numpy.ndarray |           1 |     27.47 MB
                                          <class 'dict |          15 |      3.19 KB
                                          <class 'type |           2 |      2.55 KB
                                         <class 'tuple |           8 |    528     B
                                          <class 'cell |           9 |    432     B
                                      function (_call) |           2 |    272     B
                                   function (__init__) |           2 |    272     B
                                         <class 'float |           8 |    192     B
  <class 'odl.operator.operator.OperatorLeftScalarMult |           3 |    168     B
                                       <class 'weakref |           2 |    160     B
                      <class 'functools._lru_list_elem |           2 |    160     B
           <class 'odl.space.npy_ntuples.NumpyFnVector |           1 |     56     B
       <class 'odl.operator.operator.OperatorVectorSum |           1 |     56     B
      <class 'odl.operator.default_ops.ScalingOperator |           1 |     56     B
             <class 'odl.operator.operator.OperatorSum |           1 |     56     B
iter = 120
CPU usage (% each core): [23.7, 100.0, 21.2, 21.9, 19.3, 19.1, 19.5, 17.0]
RAM usage: svmem(total=33615839232, available=16250884096, percent=51.7, used=16900403200, free=7932592128, active=20767535104, inactive=3575054336, buffers=945393664, cached=7837450240, shared=51167232)
SWAP usage: sswap(total=34263265280, used=0, free=34263265280, percent=0.0, sin=0, sout=0)
                                                 types |   # objects |   total size
====================================================== | =========== | ============
                                 <class 'numpy.ndarray |           1 |     27.47 MB
                                          <class 'dict |          15 |      3.19 KB
                                          <class 'type |           2 |      2.55 KB
                                         <class 'bytes |          21 |      2.42 KB
                                         <class 'tuple |           8 |    528     B
                                          <class 'cell |           9 |    432     B
                                          <class 'list |           0 |    424     B
                                      function (_call) |           2 |    272     B
                                   function (__init__) |           2 |    272     B
                                         <class 'float |           8 |    192     B
  <class 'odl.operator.operator.OperatorLeftScalarMult |           3 |    168     B
                                       <class 'weakref |           2 |    160     B
                      <class 'functools._lru_list_elem |           2 |    160     B
           <class 'odl.space.npy_ntuples.NumpyFnVector |           1 |     56     B
       <class 'odl.operator.operator.OperatorVectorSum |           1 |     56     B
iter = 121
CPU usage (% each core): [25.7, 100.0, 24.6, 25.5, 21.4, 20.7, 21.4, 22.1]
RAM usage: svmem(total=33615839232, available=16222003200, percent=51.7, used=16929284096, free=7903711232, active=20796592128, inactive=3575054336, buffers=945393664, cached=7837450240, shared=51167232)
SWAP usage: sswap(total=34263265280, used=0, free=34263265280, percent=0.0, sin=0, sout=0)
                                                 types |   # objects |   total size
====================================================== | =========== | ============
                                 <class 'numpy.ndarray |           1 |     27.47 MB
                                          <class 'dict |          15 |      3.19 KB
                                          <class 'type |           2 |      2.55 KB
                                         <class 'bytes |          21 |      2.42 KB
                                         <class 'tuple |           8 |    528     B
                                          <class 'cell |           9 |    432     B
                                          <class 'list |           0 |    304     B
                                      function (_call) |           2 |    272     B
                                   function (__init__) |           2 |    272     B
                                         <class 'float |           8 |    192     B
  <class 'odl.operator.operator.OperatorLeftScalarMult |           3 |    168     B
                                       <class 'weakref |           2 |    160     B
                      <class 'functools._lru_list_elem |           2 |    160     B
                                           <class 'int |           3 |     84     B
           <class 'odl.space.npy_ntuples.NumpyFnVector |           1 |     56     B
iter = 122
CPU usage (% each core): [29.8, 34.4, 28.5, 27.2, 27.4, 27.4, 28.2, 100.0]
RAM usage: svmem(total=33615839232, available=16193044480, percent=51.8, used=16958242816, free=7874752512, active=20824760320, inactive=3575054336, buffers=945393664, cached=7837450240, shared=51167232)
SWAP usage: sswap(total=34263265280, used=0, free=34263265280, percent=0.0, sin=0, sout=0)
                                                 types |   # objects |   total size
====================================================== | =========== | ============
                                 <class 'numpy.ndarray |           1 |     27.47 MB
                                          <class 'dict |          15 |      3.19 KB
                                          <class 'type |           2 |      2.55 KB
                                         <class 'bytes |          21 |      2.42 KB
                                         <class 'tuple |           8 |    528     B
                                          <class 'cell |           9 |    432     B
                                          <class 'list |           0 |    376     B
                                      function (_call) |           2 |    272     B
                                   function (__init__) |           2 |    272     B
                                         <class 'float |           8 |    192     B
  <class 'odl.operator.operator.OperatorLeftScalarMult |           3 |    168     B
                                       <class 'weakref |           2 |    160     B
                      <class 'functools._lru_list_elem |           2 |    160     B
           <class 'odl.space.npy_ntuples.NumpyFnVector |           1 |     56     B
       <class 'odl.operator.operator.OperatorVectorSum |           1 |     56     B
iter = 123
CPU usage (% each core): [100.0, 19.3, 21.6, 19.1, 10.7, 18.3, 19.1, 20.9]
RAM usage: svmem(total=33615839232, available=16164769792, percent=51.9, used=16986521600, free=7846473728, active=20854120448, inactive=3575054336, buffers=945393664, cached=7837450240, shared=51167232)
SWAP usage: sswap(total=34263265280, used=0, free=34263265280, percent=0.0, sin=0, sout=0)
                                                 types |   # objects |   total size
====================================================== | =========== | ============
                                 <class 'numpy.ndarray |           1 |     27.47 MB
                                          <class 'dict |          15 |      3.19 KB
                                          <class 'type |           2 |      2.55 KB
                                         <class 'tuple |           8 |    528     B
                                          <class 'cell |           9 |    432     B
                                      function (_call) |           2 |    272     B
                                   function (__init__) |           2 |    272     B
                                         <class 'float |           8 |    192     B
  <class 'odl.operator.operator.OperatorLeftScalarMult |           3 |    168     B
                                       <class 'weakref |           2 |    160     B
                      <class 'functools._lru_list_elem |           2 |    160     B
                                           <class 'int |           4 |    112     B
           <class 'odl.space.npy_ntuples.NumpyFnVector |           1 |     56     B
       <class 'odl.operator.operator.OperatorVectorSum |           1 |     56     B
      <class 'odl.operator.default_ops.ScalingOperator |           1 |     56     B
iter = 124
CPU usage (% each core): [100.0, 26.6, 23.1, 26.6, 21.8, 20.4, 20.4, 22.0]
RAM usage: svmem(total=33615839232, available=16135462912, percent=52.0, used=17015828480, free=7817158656, active=20882886656, inactive=3575058432, buffers=945393664, cached=7837458432, shared=51167232)
SWAP usage: sswap(total=34263265280, used=0, free=34263265280, percent=0.0, sin=0, sout=0)
                                                 types |   # objects |   total size
====================================================== | =========== | ============
                                 <class 'numpy.ndarray |           1 |     27.47 MB
                                          <class 'dict |          15 |      3.19 KB
                                          <class 'type |           2 |      2.55 KB
                                         <class 'bytes |          21 |      2.42 KB
                                         <class 'tuple |           8 |    528     B
                                          <class 'cell |           9 |    432     B
                                          <class 'list |           0 |    336     B
                                      function (_call) |           2 |    272     B
                                   function (__init__) |           2 |    272     B
                                         <class 'float |           8 |    192     B
  <class 'odl.operator.operator.OperatorLeftScalarMult |           3 |    168     B
                                       <class 'weakref |           2 |    160     B
                      <class 'functools._lru_list_elem |           2 |    160     B
           <class 'odl.space.npy_ntuples.NumpyFnVector |           1 |     56     B
       <class 'odl.operator.operator.OperatorVectorSum |           1 |     56     B
iter = 125
CPU usage (% each core): [100.0, 34.7, 29.7, 28.0, 25.6, 26.9, 23.9, 25.6]
RAM usage: svmem(total=33615839232, available=16105689088, percent=52.1, used=17045602304, free=7787384832, active=20911644672, inactive=3575058432, buffers=945393664, cached=7837458432, shared=51167232)
SWAP usage: sswap(total=34263265280, used=0, free=34263265280, percent=0.0, sin=0, sout=0)
                                                 types |   # objects |   total size
====================================================== | =========== | ============
                                 <class 'numpy.ndarray |           1 |     27.47 MB
                                          <class 'dict |          15 |      3.19 KB
                                          <class 'type |           2 |      2.55 KB
                                         <class 'bytes |          21 |      2.42 KB
                                         <class 'tuple |           8 |    528     B
                                          <class 'cell |           9 |    432     B
                                          <class 'list |           0 |    384     B
                                      function (_call) |           2 |    272     B
                                   function (__init__) |           2 |    272     B
                                         <class 'float |           8 |    192     B
  <class 'odl.operator.operator.OperatorLeftScalarMult |           3 |    168     B
                                       <class 'weakref |           2 |    160     B
                      <class 'functools._lru_list_elem |           2 |    160     B
                                           <class 'int |           4 |    112     B
           <class 'odl.space.npy_ntuples.NumpyFnVector |           1 |     56     B
iter = 126
CPU usage (% each core): [22.7, 26.1, 26.9, 23.7, 99.2, 23.7, 24.4, 28.8]
RAM usage: svmem(total=33615839232, available=16077688832, percent=52.2, used=17073602560, free=7759384576, active=20940406784, inactive=3575058432, buffers=945393664, cached=7837458432, shared=51167232)
SWAP usage: sswap(total=34263265280, used=0, free=34263265280, percent=0.0, sin=0, sout=0)
                                                 types |   # objects |   total size
====================================================== | =========== | ============
                                 <class 'numpy.ndarray |           1 |     27.47 MB
                                          <class 'dict |          15 |      3.19 KB
                                          <class 'type |           2 |      2.55 KB
                                         <class 'bytes |          21 |      2.42 KB
                                         <class 'tuple |           8 |    528     B
                                          <class 'cell |           9 |    432     B
                                          <class 'list |           0 |    336     B
                                      function (_call) |           2 |    272     B
                                   function (__init__) |           2 |    272     B
                                         <class 'float |           8 |    192     B
  <class 'odl.operator.operator.OperatorLeftScalarMult |           3 |    168     B
                                       <class 'weakref |           2 |    160     B
                      <class 'functools._lru_list_elem |           2 |    160     B
           <class 'odl.space.npy_ntuples.NumpyFnVector |           1 |     56     B
       <class 'odl.operator.operator.OperatorVectorSum |           1 |     56     B
iter = 127
CPU usage (% each core): [100.0, 23.2, 22.1, 21.1, 19.5, 21.2, 21.1, 30.1]
RAM usage: svmem(total=33615839232, available=16048214016, percent=52.3, used=17103077376, free=7729909760, active=20969168896, inactive=3575058432, buffers=945393664, cached=7837458432, shared=51167232)
SWAP usage: sswap(total=34263265280, used=0, free=34263265280, percent=0.0, sin=0, sout=0)
                                                 types |   # objects |   total size
====================================================== | =========== | ============
                                 <class 'numpy.ndarray |           1 |     27.47 MB
                                          <class 'dict |          15 |      3.19 KB
                                          <class 'type |           2 |      2.55 KB
                                         <class 'bytes |          21 |      2.42 KB
                                         <class 'tuple |           8 |    528     B
                                          <class 'cell |           9 |    432     B
                                          <class 'list |           0 |    424     B
                                      function (_call) |           2 |    272     B
                                   function (__init__) |           2 |    272     B
                                         <class 'float |           8 |    192     B
  <class 'odl.operator.operator.OperatorLeftScalarMult |           3 |    168     B
                                       <class 'weakref |           2 |    160     B
                      <class 'functools._lru_list_elem |           2 |    160     B
           <class 'odl.space.npy_ntuples.NumpyFnVector |           1 |     56     B
       <class 'odl.operator.operator.OperatorVectorSum |           1 |     56     B
iter = 128
CPU usage (% each core): [100.0, 26.3, 28.3, 24.1, 21.9, 22.1, 23.9, 24.1]
RAM usage: svmem(total=33615839232, available=16036745216, percent=52.3, used=17114546176, free=7718440960, active=20981157888, inactive=3575058432, buffers=945393664, cached=7837458432, shared=51167232)
SWAP usage: sswap(total=34263265280, used=0, free=34263265280, percent=0.0, sin=0, sout=0)
          types |   # objects |    total size
=============== | =========== | =============
   <class 'list |           0 |   -1328     B
  <class 'bytes |         -74 |   -8763     B
iter = 129
CPU usage (% each core): [20.5, 25.0, 27.7, 28.3, 100.0, 23.9, 23.9, 23.2]
RAM usage: svmem(total=33615839232, available=16018759680, percent=52.3, used=17132531712, free=7700447232, active=20998279168, inactive=3575062528, buffers=945393664, cached=7837466624, shared=51167232)
SWAP usage: sswap(total=34263265280, used=0, free=34263265280, percent=0.0, sin=0, sout=0)
          types |   # objects |   total size
=============== | =========== | ============
  <class 'bytes |           8 |    821     B
   <class 'list |           0 |     88     B
iter = 130
CPU usage (% each core): [23.9, 22.2, 100.0, 26.3, 22.2, 21.6, 20.3, 22.2]
RAM usage: svmem(total=33615839232, available=16018022400, percent=52.3, used=17133268992, free=7699709952, active=20998430720, inactive=3575062528, buffers=945393664, cached=7837466624, shared=51167232)
SWAP usage: sswap(total=34263265280, used=0, free=34263265280, percent=0.0, sin=0, sout=0)
          types |   # objects |   total size
=============== | =========== | ============
  <class 'bytes |           8 |    817     B
   <class 'list |           0 |    208     B
iter = 131
CPU usage (% each core): [23.7, 22.1, 100.0, 25.4, 21.2, 21.9, 23.9, 21.9]
RAM usage: svmem(total=33615839232, available=16018608128, percent=52.3, used=17132683264, free=7700295680, active=20998344704, inactive=3575062528, buffers=945393664, cached=7837466624, shared=51167232)
SWAP usage: sswap(total=34263265280, used=0, free=34263265280, percent=0.0, sin=0, sout=0)
          types |   # objects |   total size
=============== | =========== | ============
  <class 'bytes |           8 |    817     B
   <class 'list |           0 |    128     B
    <class 'int |          -1 |    -28     B
iter = 132
CPU usage (% each core): [27.8, 25.5, 100.0, 22.5, 20.4, 20.2, 20.7, 20.9]
RAM usage: svmem(total=33615839232, available=16017895424, percent=52.4, used=17133395968, free=7699582976, active=20998344704, inactive=3575062528, buffers=945393664, cached=7837466624, shared=51167232)
SWAP usage: sswap(total=34263265280, used=0, free=34263265280, percent=0.0, sin=0, sout=0)
          types |   # objects |   total size
=============== | =========== | ============
  <class 'bytes |           9 |    894     B
   <class 'list |           0 |    144     B
    <class 'int |           1 |     28     B
iter = 133
CPU usage (% each core): [30.9, 29.5, 28.5, 28.7, 27.9, 28.7, 100.0, 31.4]
RAM usage: svmem(total=33615839232, available=16018128896, percent=52.3, used=17133162496, free=7699816448, active=20998459392, inactive=3575062528, buffers=945397760, cached=7837462528, shared=51167232)
SWAP usage: sswap(total=34263265280, used=0, free=34263265280, percent=0.0, sin=0, sout=0)
          types |   # objects |   total size
=============== | =========== | ============
  <class 'bytes |           9 |    894     B
   <class 'list |           0 |    160     B
iter = 134
CPU usage (% each core): [100.0, 23.3, 20.7, 27.0, 20.5, 23.1, 20.7, 22.4]
RAM usage: svmem(total=33615839232, available=16018288640, percent=52.3, used=17133002752, free=7699972096, active=20998504448, inactive=3575062528, buffers=945397760, cached=7837466624, shared=51167232)
SWAP usage: sswap(total=34263265280, used=0, free=34263265280, percent=0.0, sin=0, sout=0)
          types |   # objects |   total size
=============== | =========== | ============
  <class 'bytes |           8 |    817     B
   <class 'list |           0 |    176     B
    <class 'int |          -1 |    -28     B
iter = 135
CPU usage (% each core): [100.0, 22.7, 23.9, 25.0, 18.3, 20.2, 20.0, 21.1]
RAM usage: svmem(total=33615839232, available=16018931712, percent=52.3, used=17132355584, free=7700615168, active=20998508544, inactive=3575058432, buffers=945401856, cached=7837466624, shared=51167232)
SWAP usage: sswap(total=34263265280, used=0, free=34263265280, percent=0.0, sin=0, sout=0)
          types |   # objects |   total size
=============== | =========== | ============
  <class 'bytes |           9 |    894     B
    <class 'int |           1 |     28     B
iter = 136
CPU usage (% each core): [100.0, 25.2, 27.7, 24.3, 21.6, 22.3, 21.8, 21.6]
RAM usage: svmem(total=33615839232, available=16018792448, percent=52.3, used=17132494848, free=7700475904, active=20998610944, inactive=3575058432, buffers=945401856, cached=7837466624, shared=51167232)
SWAP usage: sswap(total=34263265280, used=0, free=34263265280, percent=0.0, sin=0, sout=0)
          types |   # objects |   total size
=============== | =========== | ============
  <class 'bytes |           8 |    817     B
   <class 'list |           0 |    200     B
iter = 137
CPU usage (% each core): [100.0, 22.8, 24.6, 25.4, 21.9, 21.2, 21.7, 21.9]
RAM usage: svmem(total=33615839232, available=16019095552, percent=52.3, used=17132191744, free=7700779008, active=20998508544, inactive=3575058432, buffers=945401856, cached=7837466624, shared=51167232)
SWAP usage: sswap(total=34263265280, used=0, free=34263265280, percent=0.0, sin=0, sout=0)
          types |   # objects |   total size
=============== | =========== | ============
  <class 'bytes |           8 |    817     B
   <class 'list |           0 |    224     B
iter = 138
CPU usage (% each core): [100.0, 25.7, 22.9, 23.9, 17.4, 18.9, 19.3, 19.1]
RAM usage: svmem(total=33615839232, available=16018542592, percent=52.3, used=17132744704, free=7700226048, active=20998508544, inactive=3575058432, buffers=945401856, cached=7837466624, shared=51167232)
SWAP usage: sswap(total=34263265280, used=0, free=34263265280, percent=0.0, sin=0, sout=0)
          types |   # objects |   total size
=============== | =========== | ============
  <class 'bytes |           8 |    817     B
iter = 139
CPU usage (% each core): [100.0, 25.2, 26.1, 23.5, 29.5, 23.5, 22.7, 23.5]
RAM usage: svmem(total=33615839232, available=16018427904, percent=52.3, used=17132859392, free=7700111360, active=20998406144, inactive=3575058432, buffers=945405952, cached=7837462528, shared=51167232)
SWAP usage: sswap(total=34263265280, used=0, free=34263265280, percent=0.0, sin=0, sout=0)
          types |   # objects |   total size
=============== | =========== | ============
  <class 'bytes |           7 |    740     B
   <class 'list |           0 |    256     B
iter = 140
CPU usage (% each core): [100.0, 24.8, 25.0, 19.8, 16.5, 22.2, 22.2, 20.7]
RAM usage: svmem(total=33615839232, available=16018132992, percent=52.3, used=17133150208, free=7699816448, active=20998508544, inactive=3575058432, buffers=945405952, cached=7837466624, shared=51167232)
SWAP usage: sswap(total=34263265280, used=0, free=34263265280, percent=0.0, sin=0, sout=0)
          types |   # objects |   total size
=============== | =========== | ============
  <class 'bytes |           8 |    817     B
    <class 'int |          -1 |    -28     B
iter = 141
CPU usage (% each core): [18.0, 24.3, 23.6, 27.0, 100.0, 22.9, 20.9, 22.3]
RAM usage: svmem(total=33615839232, available=16017391616, percent=52.4, used=17133891584, free=7699075072, active=20998508544, inactive=3575058432, buffers=945405952, cached=7837466624, shared=51167232)
SWAP usage: sswap(total=34263265280, used=0, free=34263265280, percent=0.0, sin=0, sout=0)
          types |   # objects |     total size
=============== | =========== | ==============
    <class 'int |           1 |       28     B
   <class 'list |           0 |    -1736     B
  <class 'bytes |        -108 |   -11122     B
iter = 142
CPU usage (% each core): [19.1, 23.4, 27.0, 22.5, 100.0, 21.8, 21.6, 19.1]
RAM usage: svmem(total=33615839232, available=16017690624, percent=52.4, used=17133592576, free=7699365888, active=20998512640, inactive=3575062528, buffers=945405952, cached=7837474816, shared=51167232)
SWAP usage: sswap(total=34263265280, used=0, free=34263265280, percent=0.0, sin=0, sout=0)
          types |   # objects |   total size
=============== | =========== | ============
  <class 'bytes |           9 |    904     B
   <class 'list |           0 |    152     B
    <class 'int |          -1 |    -28     B
iter = 143
CPU usage (% each core): [20.2, 24.1, 27.3, 22.7, 100.0, 29.1, 22.7, 21.8]
RAM usage: svmem(total=33615839232, available=16018046976, percent=52.3, used=17133236224, free=7699722240, active=20996173824, inactive=3575062528, buffers=945405952, cached=7837474816, shared=51167232)
SWAP usage: sswap(total=34263265280, used=0, free=34263265280, percent=0.0, sin=0, sout=0)
          types |   # objects |   total size
=============== | =========== | ============
  <class 'bytes |           9 |    894     B
   <class 'list |           0 |     88     B
    <class 'int |           1 |     28     B
iter = 144
CPU usage (% each core): [100.0, 22.0, 25.9, 23.1, 20.2, 27.3, 21.3, 21.5]
RAM usage: svmem(total=33615839232, available=16018636800, percent=52.3, used=17132650496, free=7700312064, active=20995809280, inactive=3575058432, buffers=945405952, cached=7837470720, shared=51163136)
SWAP usage: sswap(total=34263265280, used=0, free=34263265280, percent=0.0, sin=0, sout=0)
          types |   # objects |   total size
=============== | =========== | ============
  <class 'bytes |           9 |    894     B
   <class 'list |           0 |    208     B
iter = 145
CPU usage (% each core): [100.0, 27.2, 22.1, 24.1, 19.8, 22.1, 22.3, 22.1]
RAM usage: svmem(total=33615839232, available=16018046976, percent=52.3, used=17133240320, free=7699722240, active=20995809280, inactive=3575058432, buffers=945405952, cached=7837470720, shared=51163136)
SWAP usage: sswap(total=34263265280, used=0, free=34263265280, percent=0.0, sin=0, sout=0)
          types |   # objects |   total size
=============== | =========== | ============
  <class 'bytes |           8 |    817     B
   <class 'list |           0 |    128     B
iter = 146
CPU usage (% each core): [20.9, 27.8, 25.0, 26.1, 99.1, 21.6, 21.4, 20.5]
RAM usage: svmem(total=33615839232, available=16017158144, percent=52.4, used=17134129152, free=7698833408, active=20995997696, inactive=3575058432, buffers=945405952, cached=7837470720, shared=51163136)
SWAP usage: sswap(total=34263265280, used=0, free=34263265280, percent=0.0, sin=0, sout=0)
          types |   # objects |   total size
=============== | =========== | ============
  <class 'bytes |           8 |    816     B
   <class 'list |           0 |    144     B
iter = 147
CPU usage (% each core): [100.0, 25.0, 25.5, 23.6, 21.8, 20.7, 20.0, 20.9]
RAM usage: svmem(total=33615839232, available=16017719296, percent=52.4, used=17133563904, free=7699394560, active=20996001792, inactive=3575058432, buffers=945410048, cached=7837470720, shared=51163136)
SWAP usage: sswap(total=34263265280, used=0, free=34263265280, percent=0.0, sin=0, sout=0)
          types |   # objects |   total size
=============== | =========== | ============
  <class 'bytes |           8 |    817     B
   <class 'list |           0 |    160     B
iter = 148
CPU usage (% each core): [20.0, 22.7, 30.0, 27.0, 100.0, 21.8, 22.5, 22.5]
RAM usage: svmem(total=33615839232, available=16017907712, percent=52.4, used=17133375488, free=7699582976, active=20995809280, inactive=3575058432, buffers=945410048, cached=7837470720, shared=51163136)
SWAP usage: sswap(total=34263265280, used=0, free=34263265280, percent=0.0, sin=0, sout=0)
          types |   # objects |   total size
=============== | =========== | ============
  <class 'bytes |           8 |    817     B
   <class 'list |           0 |    176     B
    <class 'int |          -1 |    -28     B
iter = 149
CPU usage (% each core): [20.4, 23.2, 24.8, 22.5, 100.0, 19.8, 20.5, 20.4]
RAM usage: svmem(total=33615839232, available=16018022400, percent=52.3, used=17133260800, free=7699697664, active=20995809280, inactive=3575058432, buffers=945410048, cached=7837470720, shared=51163136)
SWAP usage: sswap(total=34263265280, used=0, free=34263265280, percent=0.0, sin=0, sout=0)
          types |   # objects |   total size
=============== | =========== | ============
  <class 'bytes |           9 |    894     B
    <class 'int |           1 |     28     B
iter = 150
CPU usage (% each core): [100.0, 22.7, 27.3, 21.6, 19.1, 24.3, 20.9, 21.1]
RAM usage: svmem(total=33615839232, available=16018243584, percent=52.3, used=17133039616, free=7699918848, active=20995809280, inactive=3575058432, buffers=945410048, cached=7837470720, shared=51163136)
SWAP usage: sswap(total=34263265280, used=0, free=34263265280, percent=0.0, sin=0, sout=0)
          types |   # objects |   total size
=============== | =========== | ============
  <class 'bytes |           8 |    817     B
   <class 'list |           0 |    200     B
iter = 151
CPU usage (% each core): [100.0, 24.3, 27.0, 25.4, 22.6, 29.8, 23.7, 23.5]
RAM usage: svmem(total=33615839232, available=16018010112, percent=52.3, used=17133273088, free=7699685376, active=20995809280, inactive=3575058432, buffers=945410048, cached=7837470720, shared=51163136)
SWAP usage: sswap(total=34263265280, used=0, free=34263265280, percent=0.0, sin=0, sout=0)
          types |   # objects |   total size
=============== | =========== | ============
  <class 'bytes |           8 |    817     B
   <class 'list |           0 |    224     B
iter = 152
CPU usage (% each core): [100.0, 25.7, 25.0, 25.7, 18.6, 21.1, 20.4, 21.1]
RAM usage: svmem(total=33615839232, available=16018132992, percent=52.3, used=17133150208, free=7699808256, active=20996001792, inactive=3575058432, buffers=945410048, cached=7837470720, shared=51163136)
SWAP usage: sswap(total=34263265280, used=0, free=34263265280, percent=0.0, sin=0, sout=0)
          types |   # objects |   total size
=============== | =========== | ============
  <class 'bytes |           8 |    817     B
iter = 153
CPU usage (% each core): [100.0, 23.6, 21.6, 27.0, 23.2, 21.6, 22.3, 21.6]
RAM usage: svmem(total=33615839232, available=16019017728, percent=52.3, used=17132265472, free=7700692992, active=20995809280, inactive=3575058432, buffers=945410048, cached=7837470720, shared=51163136)
SWAP usage: sswap(total=34263265280, used=0, free=34263265280, percent=0.0, sin=0, sout=0)
          types |   # objects |   total size
=============== | =========== | ============
  <class 'bytes |           7 |    740     B
   <class 'list |           0 |    256     B
iter = 154
CPU usage (% each core): [17.0, 25.2, 24.8, 20.5, 100.0, 23.0, 23.9, 23.0]
RAM usage: svmem(total=33615839232, available=16018968576, percent=52.3, used=17132314624, free=7700643840, active=20995809280, inactive=3575058432, buffers=945410048, cached=7837470720, shared=51163136)
SWAP usage: sswap(total=34263265280, used=0, free=34263265280, percent=0.0, sin=0, sout=0)
          types |   # objects |   total size
=============== | =========== | ============
  <class 'bytes |           8 |    817     B
iter = 155
CPU usage (% each core): [22.1, 27.2, 26.5, 25.9, 100.0, 22.1, 22.1, 23.0]
RAM usage: svmem(total=33615839232, available=16018620416, percent=52.3, used=17132662784, free=7700295680, active=20996005888, inactive=3575058432, buffers=945410048, cached=7837470720, shared=51163136)
SWAP usage: sswap(total=34263265280, used=0, free=34263265280, percent=0.0, sin=0, sout=0)
          types |   # objects |     total size
=============== | =========== | ==============
   <class 'list |           0 |    -1832     B
  <class 'bytes |        -110 |   -11247     B
iter = 156
CPU usage (% each core): [19.3, 18.8, 21.2, 24.6, 24.8, 19.3, 20.0, 100.0]
RAM usage: svmem(total=33615839232, available=16019378176, percent=52.3, used=17131896832, free=7701053440, active=20995809280, inactive=3575058432, buffers=945410048, cached=7837478912, shared=51163136)
SWAP usage: sswap(total=34263265280, used=0, free=34263265280, percent=0.0, sin=0, sout=0)
          types |   # objects |   total size
=============== | =========== | ============
  <class 'bytes |           8 |    825     B
   <class 'list |           0 |    168     B
    <class 'int |          -1 |    -28     B
iter = 157
CPU usage (% each core): [22.6, 21.7, 24.1, 20.0, 23.5, 22.6, 21.1, 100.0]
RAM usage: svmem(total=33615839232, available=16019865600, percent=52.3, used=17131409408, free=7701540864, active=20995809280, inactive=3575058432, buffers=945410048, cached=7837478912, shared=51163136)
SWAP usage: sswap(total=34263265280, used=0, free=34263265280, percent=0.0, sin=0, sout=0)
          types |   # objects |   total size
=============== | =========== | ============
  <class 'bytes |           9 |    894     B
   <class 'list |           0 |    168     B
iter = 158
CPU usage (% each core): [21.3, 29.1, 25.0, 20.9, 21.3, 23.1, 21.3, 100.0]
RAM usage: svmem(total=33615839232, available=16019890176, percent=52.3, used=17131384832, free=7701565440, active=20995809280, inactive=3575058432, buffers=945410048, cached=7837478912, shared=51163136)
SWAP usage: sswap(total=34263265280, used=0, free=34263265280, percent=0.0, sin=0, sout=0)
          types |   # objects |   total size
=============== | =========== | ============
  <class 'bytes |           8 |    817     B
   <class 'list |           0 |     96     B
iter = 159
CPU usage (% each core): [29.8, 26.5, 29.2, 100.0, 24.3, 26.1, 24.3, 22.8]
RAM usage: svmem(total=33615839232, available=16018620416, percent=52.3, used=17132654592, free=7700295680, active=20997906432, inactive=3575058432, buffers=945410048, cached=7837478912, shared=51163136)
SWAP usage: sswap(total=34263265280, used=0, free=34263265280, percent=0.0, sin=0, sout=0)
          types |   # objects |   total size
=============== | =========== | ============
  <class 'bytes |           8 |    817     B
   <class 'list |           0 |    112     B
iter = 160
CPU usage (% each core): [27.4, 25.4, 25.2, 22.6, 22.8, 22.1, 22.8, 100.0]
RAM usage: svmem(total=33615839232, available=16019062784, percent=52.3, used=17132212224, free=7700738048, active=20997906432, inactive=3575058432, buffers=945410048, cached=7837478912, shared=51163136)
SWAP usage: sswap(total=34263265280, used=0, free=34263265280, percent=0.0, sin=0, sout=0)
          types |   # objects |   total size
=============== | =========== | ============
  <class 'bytes |           8 |    817     B
   <class 'list |           0 |    128     B
iter = 161
CPU usage (% each core): [21.6, 22.5, 20.2, 20.0, 19.8, 19.1, 22.9, 100.0]
RAM usage: svmem(total=33615839232, available=16019398656, percent=52.3, used=17131876352, free=7701073920, active=20997906432, inactive=3575058432, buffers=945410048, cached=7837478912, shared=51163136)
SWAP usage: sswap(total=34263265280, used=0, free=34263265280, percent=0.0, sin=0, sout=0)
          types |   # objects |   total size
=============== | =========== | ============
  <class 'bytes |           8 |    817     B
   <class 'list |           0 |    144     B
    <class 'int |           1 |     28     B
iter = 162
CPU usage (% each core): [24.8, 22.5, 21.7, 21.1, 20.5, 21.9, 27.4, 99.1]
RAM usage: svmem(total=33615839232, available=16019685376, percent=52.3, used=17131589632, free=7701360640, active=20998098944, inactive=3575058432, buffers=945410048, cached=7837478912, shared=51163136)
SWAP usage: sswap(total=34263265280, used=0, free=34263265280, percent=0.0, sin=0, sout=0)
          types |   # objects |   total size
=============== | =========== | ============
  <class 'bytes |           9 |    893     B
   <class 'list |           0 |    160     B
    <class 'int |          -1 |    -28     B
iter = 163
CPU usage (% each core): [23.0, 22.8, 26.8, 100.0, 24.8, 28.3, 22.1, 22.8]
RAM usage: svmem(total=33615839232, available=16019607552, percent=52.3, used=17131667456, free=7701282816, active=20998098944, inactive=3575058432, buffers=945410048, cached=7837478912, shared=51163136)
SWAP usage: sswap(total=34263265280, used=0, free=34263265280, percent=0.0, sin=0, sout=0)
          types |   # objects |   total size
=============== | =========== | ============
  <class 'bytes |           9 |    894     B
   <class 'list |           0 |    176     B
    <class 'int |           2 |     56     B
iter = 164
CPU usage (% each core): [25.6, 24.8, 21.2, 100.0, 22.0, 22.2, 22.2, 28.2]
RAM usage: svmem(total=33615839232, available=16018780160, percent=52.3, used=17132494848, free=7700455424, active=20997906432, inactive=3575058432, buffers=945410048, cached=7837478912, shared=51163136)
SWAP usage: sswap(total=34263265280, used=0, free=34263265280, percent=0.0, sin=0, sout=0)
          types |   # objects |   total size
=============== | =========== | ============
  <class 'bytes |           9 |    894     B
   <class 'list |           0 |    200     B
iter = 165
CPU usage (% each core): [22.9, 23.3, 18.3, 100.0, 19.8, 20.3, 20.5, 23.1]
RAM usage: svmem(total=33615839232, available=16018780160, percent=52.3, used=17132494848, free=7700455424, active=20997906432, inactive=3575058432, buffers=945410048, cached=7837478912, shared=51163136)
SWAP usage: sswap(total=34263265280, used=0, free=34263265280, percent=0.0, sin=0, sout=0)
          types |   # objects |   total size
=============== | =========== | ============
  <class 'bytes |           8 |    817     B
iter = 166
CPU usage (% each core): [28.4, 31.9, 26.5, 100.0, 23.9, 22.6, 23.9, 21.9]
RAM usage: svmem(total=33615839232, available=16018472960, percent=52.3, used=17132802048, free=7700148224, active=20997906432, inactive=3575058432, buffers=945410048, cached=7837478912, shared=51163136)
SWAP usage: sswap(total=34263265280, used=0, free=34263265280, percent=0.0, sin=0, sout=0)
          types |   # objects |   total size
=============== | =========== | ============
  <class 'bytes |           7 |    740     B
   <class 'list |           0 |    224     B
    <class 'int |          -1 |    -28     B
iter = 167
CPU usage (% each core): [28.6, 28.6, 24.6, 27.0, 26.2, 30.2, 99.2, 26.6]
RAM usage: svmem(total=33615839232, available=16018628608, percent=52.3, used=17132646400, free=7700303872, active=20997906432, inactive=3575058432, buffers=945410048, cached=7837478912, shared=51163136)
SWAP usage: sswap(total=34263265280, used=0, free=34263265280, percent=0.0, sin=0, sout=0)
          types |   # objects |   total size
=============== | =========== | ============
  <class 'bytes |           9 |    893     B
   <class 'list |           0 |    256     B
    <class 'int |           1 |     28     B
iter = 168
CPU usage (% each core): [27.0, 17.5, 25.2, 21.9, 21.2, 100.0, 21.7, 21.1]
RAM usage: svmem(total=33615839232, available=16018685952, percent=52.3, used=17132589056, free=7700361216, active=20998103040, inactive=3575058432, buffers=945410048, cached=7837478912, shared=51163136)
SWAP usage: sswap(total=34263265280, used=0, free=34263265280, percent=0.0, sin=0, sout=0)
          types |   # objects |   total size
=============== | =========== | ============
  <class 'bytes |           9 |    894     B
    <class 'int |          -1 |    -28     B
iter = 169
CPU usage (% each core): [21.8, 21.8, 26.4, 29.7, 21.6, 100.0, 21.8, 20.9]
RAM usage: svmem(total=33615839232, available=16018440192, percent=52.3, used=17132847104, free=7700103168, active=20997918720, inactive=3575058432, buffers=945410048, cached=7837478912, shared=51163136)
SWAP usage: sswap(total=34263265280, used=0, free=34263265280, percent=0.0, sin=0, sout=0)
          types |   # objects |   total size
=============== | =========== | ============
  <class 'bytes |           8 |    817     B
   <class 'list |           0 |    288     B
    <class 'int |           1 |     28     B
iter = 170
CPU usage (% each core): [23.4, 100.0, 20.5, 25.2, 20.5, 22.3, 20.5, 21.4]
RAM usage: svmem(total=33615839232, available=16018411520, percent=52.3, used=17132875776, free=7700074496, active=20997918720, inactive=3575058432, buffers=945410048, cached=7837478912, shared=51163136)
SWAP usage: sswap(total=34263265280, used=0, free=34263265280, percent=0.0, sin=0, sout=0)
          types |   # objects |     total size
=============== | =========== | ==============
   <class 'list |           0 |    -1952     B
  <class 'bytes |        -110 |   -11135     B
iter = 171
CPU usage (% each core): [24.5, 23.0, 22.5, 25.0, 23.4, 100.0, 21.6, 22.3]
RAM usage: svmem(total=33615839232, available=16018763776, percent=52.3, used=17132523520, free=7700418560, active=20997918720, inactive=3575066624, buffers=945410048, cached=7837487104, shared=51163136)
SWAP usage: sswap(total=34263265280, used=0, free=34263265280, percent=0.0, sin=0, sout=0)
          types |   # objects |   total size
=============== | =========== | ============
  <class 'bytes |           8 |    825     B
   <class 'list |           0 |     80     B
    <class 'int |          -1 |    -28     B
iter = 172
CPU usage (% each core): [26.1, 20.5, 22.5, 25.9, 26.8, 100.0, 23.4, 21.6]
RAM usage: svmem(total=33615839232, available=16018317312, percent=52.3, used=17132969984, free=7699972096, active=20997918720, inactive=3575066624, buffers=945410048, cached=7837487104, shared=51163136)
SWAP usage: sswap(total=34263265280, used=0, free=34263265280, percent=0.0, sin=0, sout=0)
          types |   # objects |   total size
=============== | =========== | ============
  <class 'bytes |           9 |    894     B
   <class 'list |           0 |    184     B
iter = 173
CPU usage (% each core): [28.7, 100.0, 23.7, 23.0, 23.0, 20.4, 21.9, 22.1]
RAM usage: svmem(total=33615839232, available=16018558976, percent=52.3, used=17132728320, free=7700213760, active=20997918720, inactive=3575066624, buffers=945410048, cached=7837487104, shared=51163136)
SWAP usage: sswap(total=34263265280, used=0, free=34263265280, percent=0.0, sin=0, sout=0)
          types |   # objects |   total size
=============== | =========== | ============
  <class 'bytes |           8 |    817     B
   <class 'list |           0 |    112     B
    <class 'int |           1 |     28     B
iter = 174
CPU usage (% each core): [25.7, 25.2, 22.8, 23.2, 20.2, 99.1, 21.1, 21.1]
RAM usage: svmem(total=33615839232, available=16017309696, percent=52.4, used=17133977600, free=7698964480, active=20997918720, inactive=3575066624, buffers=945410048, cached=7837487104, shared=51163136)
SWAP usage: sswap(total=34263265280, used=0, free=34263265280, percent=0.0, sin=0, sout=0)
          types |   # objects |   total size
=============== | =========== | ============
  <class 'bytes |           9 |    893     B
   <class 'list |           0 |    128     B
iter = 175
CPU usage (% each core): [99.1, 18.7, 24.6, 20.2, 20.4, 28.7, 20.4, 20.2]
RAM usage: svmem(total=33615839232, available=16017903616, percent=52.4, used=17133383680, free=7699558400, active=20997918720, inactive=3575066624, buffers=945410048, cached=7837487104, shared=51163136)
SWAP usage: sswap(total=34263265280, used=0, free=34263265280, percent=0.0, sin=0, sout=0)
          types |   # objects |   total size
=============== | =========== | ============
  <class 'bytes |           8 |    816     B
   <class 'list |           0 |    144     B
    <class 'int |          -1 |    -28     B
iter = 176
CPU usage (% each core): [22.4, 23.7, 23.7, 30.2, 99.1, 22.6, 26.1, 20.9]
RAM usage: svmem(total=33615839232, available=16016998400, percent=52.4, used=17134292992, free=7698644992, active=20998115328, inactive=3575070720, buffers=945414144, cached=7837487104, shared=51163136)
SWAP usage: sswap(total=34263265280, used=0, free=34263265280, percent=0.0, sin=0, sout=0)
          types |   # objects |   total size
=============== | =========== | ============
  <class 'bytes |           9 |    893     B
   <class 'list |           0 |    160     B
    <class 'int |          -1 |    -28     B
iter = 177
CPU usage (% each core): [25.9, 100.0, 22.4, 19.8, 20.9, 20.9, 22.2, 24.1]
RAM usage: svmem(total=33615839232, available=16017956864, percent=52.3, used=17133338624, free=7699599360, active=20997926912, inactive=3575070720, buffers=945414144, cached=7837487104, shared=51163136)
SWAP usage: sswap(total=34263265280, used=0, free=34263265280, percent=0.0, sin=0, sout=0)
          types |   # objects |   total size
=============== | =========== | ============
  <class 'bytes |           9 |    894     B
   <class 'list |           0 |    176     B
    <class 'int |           2 |     56     B
iter = 178
CPU usage (% each core): [21.6, 19.6, 23.6, 20.5, 20.7, 100.0, 18.9, 21.2]
RAM usage: svmem(total=33615839232, available=16018341888, percent=52.3, used=17132953600, free=7699984384, active=20997926912, inactive=3575070720, buffers=945414144, cached=7837487104, shared=51163136)
SWAP usage: sswap(total=34263265280, used=0, free=34263265280, percent=0.0, sin=0, sout=0)
          types |   # objects |   total size
=============== | =========== | ============
  <class 'bytes |           9 |    894     B
   <class 'list |           0 |    200     B
iter = 179
CPU usage (% each core): [24.8, 20.2, 29.5, 23.6, 21.1, 100.0, 21.8, 21.1]
RAM usage: svmem(total=33615839232, available=16017039360, percent=52.4, used=17134256128, free=7698681856, active=20997922816, inactive=3575074816, buffers=945414144, cached=7837487104, shared=51163136)
SWAP usage: sswap(total=34263265280, used=0, free=34263265280, percent=0.0, sin=0, sout=0)
          types |   # objects |   total size
=============== | =========== | ============
  <class 'bytes |           8 |    817     B
iter = 180
CPU usage (% each core): [27.2, 99.1, 25.7, 27.0, 23.5, 20.9, 23.5, 22.8]
RAM usage: svmem(total=33615839232, available=16017264640, percent=52.4, used=17134030848, free=7698907136, active=20997922816, inactive=3575074816, buffers=945414144, cached=7837487104, shared=51163136)
SWAP usage: sswap(total=34263265280, used=0, free=34263265280, percent=0.0, sin=0, sout=0)
          types |   # objects |   total size
=============== | =========== | ============
  <class 'bytes |           7 |    739     B
   <class 'list |           0 |    224     B
    <class 'int |          -1 |    -28     B
iter = 181
CPU usage (% each core): [25.4, 22.8, 29.8, 26.1, 22.6, 100.0, 22.1, 22.6]
RAM usage: svmem(total=33615839232, available=16017022976, percent=52.4, used=17134272512, free=7698665472, active=20997922816, inactive=3575074816, buffers=945414144, cached=7837487104, shared=51163136)
SWAP usage: sswap(total=34263265280, used=0, free=34263265280, percent=0.0, sin=0, sout=0)
          types |   # objects |   total size
=============== | =========== | ============
  <class 'bytes |           9 |    894     B
   <class 'list |           0 |    256     B
    <class 'int |           1 |     28     B
iter = 182
CPU usage (% each core): [21.1, 22.8, 22.6, 20.4, 20.4, 100.0, 20.7, 20.4]
RAM usage: svmem(total=33615839232, available=16017457152, percent=52.4, used=17133838336, free=7699099648, active=20997922816, inactive=3575074816, buffers=945414144, cached=7837487104, shared=51163136)
SWAP usage: sswap(total=34263265280, used=0, free=34263265280, percent=0.0, sin=0, sout=0)
          types |   # objects |   total size
=============== | =========== | ============
  <class 'bytes |           9 |    894     B
iter = 183
CPU usage (% each core): [26.7, 98.3, 31.3, 26.1, 23.9, 24.1, 23.5, 23.3]
RAM usage: svmem(total=33615839232, available=16017510400, percent=52.4, used=17133776896, free=7699152896, active=20998119424, inactive=3575074816, buffers=945422336, cached=7837487104, shared=51163136)
SWAP usage: sswap(total=34263265280, used=0, free=34263265280, percent=0.0, sin=0, sout=0)
          types |   # objects |   total size
=============== | =========== | ============
  <class 'bytes |           7 |    739     B
   <class 'list |           0 |    288     B
iter = 184
CPU usage (% each core): [20.2, 20.2, 27.2, 21.9, 19.5, 100.0, 19.3, 20.2]
RAM usage: svmem(total=33615839232, available=16017309696, percent=52.4, used=17133973504, free=7698948096, active=20998098944, inactive=3575074816, buffers=945422336, cached=7837495296, shared=51163136)
SWAP usage: sswap(total=34263265280, used=0, free=34263265280, percent=0.0, sin=0, sout=0)
          types |   # objects |     total size
=============== | =========== | ==============
    <class 'int |          -1 |      -28     B
   <class 'list |           0 |    -2024     B
  <class 'bytes |        -112 |   -11240     B
iter = 185
CPU usage (% each core): [23.9, 19.4, 22.4, 25.0, 21.1, 100.0, 21.1, 21.3]
RAM usage: svmem(total=33615839232, available=16017694720, percent=52.4, used=17133596672, free=7699324928, active=20997931008, inactive=3575078912, buffers=945422336, cached=7837495296, shared=51163136)
SWAP usage: sswap(total=34263265280, used=0, free=34263265280, percent=0.0, sin=0, sout=0)
          types |   # objects |   total size
=============== | =========== | ============
  <class 'bytes |           9 |    904     B
   <class 'list |           0 |    152     B
iter = 186
CPU usage (% each core): [22.7, 19.8, 23.2, 19.6, 20.0, 100.0, 20.9, 26.8]
RAM usage: svmem(total=33615839232, available=16018726912, percent=52.3, used=17132564480, free=7700357120, active=20997849088, inactive=3575078912, buffers=945422336, cached=7837495296, shared=51163136)
SWAP usage: sswap(total=34263265280, used=0, free=34263265280, percent=0.0, sin=0, sout=0)
          types |   # objects |   total size
=============== | =========== | ============
  <class 'bytes |           8 |    817     B
   <class 'list |           0 |     88     B
iter = 187
CPU usage (% each core): [27.0, 20.2, 28.4, 22.2, 22.5, 100.0, 21.8, 22.7]
RAM usage: svmem(total=33615839232, available=15989215232, percent=52.4, used=17162076160, free=7670845440, active=21026615296, inactive=3575078912, buffers=945422336, cached=7837495296, shared=51163136)
SWAP usage: sswap(total=34263265280, used=0, free=34263265280, percent=0.0, sin=0, sout=0)
          types |   # objects |   total size
=============== | =========== | ============
  <class 'bytes |           8 |    817     B
   <class 'list |           0 |    208     B
    <class 'int |           1 |     28     B
iter = 188
CPU usage (% each core): [26.5, 22.8, 26.5, 25.0, 23.9, 100.0, 29.8, 23.9]
RAM usage: svmem(total=33615839232, available=15989338112, percent=52.4, used=17161953280, free=7670968320, active=21026729984, inactive=3575078912, buffers=945422336, cached=7837495296, shared=51163136)
SWAP usage: sswap(total=34263265280, used=0, free=34263265280, percent=0.0, sin=0, sout=0)
          types |   # objects |   total size
=============== | =========== | ============
  <class 'bytes |           9 |    894     B
   <class 'list |           0 |    128     B
    <class 'int |          -1 |    -28     B
iter = 189
CPU usage (% each core): [28.2, 100.0, 25.2, 22.3, 21.6, 16.1, 21.6, 18.2]
RAM usage: svmem(total=33615839232, available=15989751808, percent=52.4, used=17161539584, free=7671382016, active=21026729984, inactive=3575078912, buffers=945422336, cached=7837495296, shared=51163136)
SWAP usage: sswap(total=34263265280, used=0, free=34263265280, percent=0.0, sin=0, sout=0)
          types |   # objects |   total size
=============== | =========== | ============
  <class 'bytes |           9 |    894     B
   <class 'list |           0 |    144     B
iter = 190
CPU usage (% each core): [21.4, 100.0, 27.7, 25.0, 22.3, 21.4, 19.6, 22.5]
RAM usage: svmem(total=33615839232, available=15989092352, percent=52.4, used=17162194944, free=7670722560, active=21026729984, inactive=3575078912, buffers=945426432, cached=7837495296, shared=51163136)
SWAP usage: sswap(total=34263265280, used=0, free=34263265280, percent=0.0, sin=0, sout=0)
          types |   # objects |   total size
=============== | =========== | ============
  <class 'bytes |           8 |    817     B
   <class 'list |           0 |    160     B
iter = 191
CPU usage (% each core): [24.3, 99.1, 25.2, 24.8, 20.7, 20.5, 20.5, 21.2]
RAM usage: svmem(total=33615839232, available=15989739520, percent=52.4, used=17161551872, free=7671365632, active=21026734080, inactive=3575078912, buffers=945426432, cached=7837495296, shared=51163136)
SWAP usage: sswap(total=34263265280, used=0, free=34263265280, percent=0.0, sin=0, sout=0)
          types |   # objects |   total size
=============== | =========== | ============
  <class 'bytes |           8 |    816     B
   <class 'list |           0 |    176     B
iter = 192
CPU usage (% each core): [100.0, 23.3, 26.7, 23.3, 23.8, 23.3, 30.8, 24.8]
RAM usage: svmem(total=33615839232, available=15989874688, percent=52.4, used=17161416704, free=7671500800, active=21026926592, inactive=3575078912, buffers=945426432, cached=7837495296, shared=51163136)
SWAP usage: sswap(total=34263265280, used=0, free=34263265280, percent=0.0, sin=0, sout=0)
          types |   # objects |   total size
=============== | =========== | ============
  <class 'bytes |           8 |    817     B
iter = 193
CPU usage (% each core): [100.0, 22.9, 23.1, 25.5, 20.9, 21.1, 21.1, 21.1]
RAM usage: svmem(total=33615839232, available=15988846592, percent=52.4, used=17162444800, free=7670472704, active=21026734080, inactive=3575078912, buffers=945426432, cached=7837495296, shared=51163136)
SWAP usage: sswap(total=34263265280, used=0, free=34263265280, percent=0.0, sin=0, sout=0)
          types |   # objects |   total size
=============== | =========== | ============
  <class 'bytes |           7 |    740     B
   <class 'list |           0 |    200     B
iter = 194
CPU usage (% each core): [22.6, 23.5, 28.1, 24.8, 100.0, 23.5, 22.6, 22.6]
RAM usage: svmem(total=33615839232, available=15989682176, percent=52.4, used=17161613312, free=7671304192, active=21026738176, inactive=3575078912, buffers=945426432, cached=7837495296, shared=51163136)
SWAP usage: sswap(total=34263265280, used=0, free=34263265280, percent=0.0, sin=0, sout=0)
          types |   # objects |   total size
=============== | =========== | ============
  <class 'bytes |           8 |    817     B
   <class 'list |           0 |    224     B
iter = 195
CPU usage (% each core): [100.0, 24.3, 26.3, 24.3, 20.7, 20.9, 20.9, 20.2]
RAM usage: svmem(total=33615839232, available=15989477376, percent=52.4, used=17161818112, free=7671099392, active=21026738176, inactive=3575078912, buffers=945426432, cached=7837495296, shared=51163136)
SWAP usage: sswap(total=34263265280, used=0, free=34263265280, percent=0.0, sin=0, sout=0)
          types |   # objects |   total size
=============== | =========== | ============
  <class 'bytes |           8 |    817     B
    <class 'int |           1 |     28     B
iter = 196
CPU usage (% each core): [100.0, 23.3, 26.1, 20.7, 13.9, 22.6, 19.7, 20.7]
RAM usage: svmem(total=33615839232, available=15988322304, percent=52.4, used=17162973184, free=7669944320, active=21026881536, inactive=3575078912, buffers=945426432, cached=7837495296, shared=51163136)
SWAP usage: sswap(total=34263265280, used=0, free=34263265280, percent=0.0, sin=0, sout=0)
          types |   # objects |   total size
=============== | =========== | ============
  <class 'bytes |           8 |    817     B
   <class 'list |           0 |    256     B
iter = 197
CPU usage (% each core): [100.0, 25.2, 27.2, 23.5, 24.3, 22.6, 25.9, 23.3]
RAM usage: svmem(total=33615839232, available=15988043776, percent=52.4, used=17163251712, free=7669665792, active=21026738176, inactive=3575078912, buffers=945426432, cached=7837495296, shared=51163136)
SWAP usage: sswap(total=34263265280, used=0, free=34263265280, percent=0.0, sin=0, sout=0)
          types |   # objects |   total size
=============== | =========== | ============
  <class 'bytes |           8 |    817     B
iter = 198
CPU usage (% each core): [100.0, 23.2, 21.6, 25.9, 20.0, 20.5, 24.5, 21.6]
RAM usage: svmem(total=33615839232, available=15988957184, percent=52.4, used=17162338304, free=7670579200, active=21026738176, inactive=3575078912, buffers=945426432, cached=7837495296, shared=51163136)
SWAP usage: sswap(total=34263265280, used=0, free=34263265280, percent=0.0, sin=0, sout=0)
          types |   # objects |     total size
=============== | =========== | ==============
   <class 'list |           0 |    -1832     B
  <class 'bytes |        -110 |   -11247     B
iter = 199
CPU usage (% each core): [100.0, 26.7, 22.6, 21.2, 23.5, 21.2, 21.1, 21.7]
RAM usage: svmem(total=33615839232, available=15988969472, percent=52.4, used=17162326016, free=7670583296, active=21026926592, inactive=3575083008, buffers=945426432, cached=7837503488, shared=51163136)
SWAP usage: sswap(total=34263265280, used=0, free=34263265280, percent=0.0, sin=0, sout=0)
          types |   # objects |   total size
=============== | =========== | ============
  <class 'bytes |           8 |    825     B
   <class 'list |           0 |    168     B
    <class 'int |          -1 |    -28     B
iter = 200
CPU usage (% each core): [100.0, 27.0, 22.6, 23.3, 21.9, 29.3, 23.3, 21.7]
RAM usage: svmem(total=33615839232, available=15988686848, percent=52.4, used=17162608640, free=7670300672, active=21026742272, inactive=3575083008, buffers=945426432, cached=7837503488, shared=51163136)
SWAP usage: sswap(total=34263265280, used=0, free=34263265280, percent=0.0, sin=0, sout=0)
          types |   # objects |   total size
=============== | =========== | ============
  <class 'bytes |           9 |    894     B
   <class 'list |           0 |    168     B
    <class 'int |          -1 |    -28     B
iter = 201
CPU usage (% each core): [100.0, 22.4, 25.6, 25.6, 22.9, 30.8, 25.6, 24.1]
RAM usage: svmem(total=33615839232, available=15989129216, percent=52.4, used=17162166272, free=7670743040, active=21026742272, inactive=3575083008, buffers=945426432, cached=7837503488, shared=51163136)
SWAP usage: sswap(total=34263265280, used=0, free=34263265280, percent=0.0, sin=0, sout=0)
          types |   # objects |   total size
=============== | =========== | ============
  <class 'bytes |           9 |    894     B
   <class 'list |           0 |     96     B
iter = 202
CPU usage (% each core): [100.0, 26.3, 21.9, 20.0, 15.0, 18.6, 18.4, 19.3]
RAM usage: svmem(total=33615839232, available=15989215232, percent=52.4, used=17162080256, free=7670829056, active=21026742272, inactive=3575083008, buffers=945426432, cached=7837503488, shared=51163136)
SWAP usage: sswap(total=34263265280, used=0, free=34263265280, percent=0.0, sin=0, sout=0)
          types |   # objects |   total size
=============== | =========== | ============
  <class 'bytes |           8 |    817     B
   <class 'list |           0 |    112     B
    <class 'int |           1 |     28     B
iter = 203
CPU usage (% each core): [100.0, 25.2, 24.3, 25.0, 22.3, 21.8, 21.4, 22.1]
RAM usage: svmem(total=33615839232, available=15989141504, percent=52.4, used=17162153984, free=7670755328, active=21026992128, inactive=3575083008, buffers=945426432, cached=7837503488, shared=51163136)
SWAP usage: sswap(total=34263265280, used=0, free=34263265280, percent=0.0, sin=0, sout=0)
          types |   # objects |   total size
=============== | =========== | ============
  <class 'bytes |           9 |    894     B
   <class 'list |           0 |    272     B
iter = 204
CPU usage (% each core): [100.0, 23.9, 25.7, 21.4, 20.4, 27.2, 22.1, 21.4]
RAM usage: svmem(total=33615839232, available=15989653504, percent=52.4, used=17161641984, free=7671267328, active=21026742272, inactive=3575083008, buffers=945426432, cached=7837503488, shared=51163136)
SWAP usage: sswap(total=34263265280, used=0, free=34263265280, percent=0.0, sin=0, sout=0)
          types |   # objects |   total size
=============== | =========== | ============
  <class 'bytes |           8 |    817     B
    <class 'int |          -1 |    -28     B
iter = 205
CPU usage (% each core): [22.1, 26.5, 26.3, 28.7, 100.0, 22.6, 22.1, 23.5]
RAM usage: svmem(total=33615839232, available=15988518912, percent=52.4, used=17162776576, free=7670132736, active=21026934784, inactive=3575083008, buffers=945426432, cached=7837503488, shared=51163136)
SWAP usage: sswap(total=34263265280, used=0, free=34263265280, percent=0.0, sin=0, sout=0)
          types |   # objects |   total size
=============== | =========== | ============
  <class 'bytes |           8 |    817     B
   <class 'list |           0 |    160     B
iter = 206
CPU usage (% each core): [21.0, 29.1, 22.7, 100.0, 23.3, 20.5, 21.0, 20.5]
RAM usage: svmem(total=33615839232, available=15988744192, percent=52.4, used=17162551296, free=7670358016, active=21026914304, inactive=3575083008, buffers=945426432, cached=7837503488, shared=51163136)
SWAP usage: sswap(total=34263265280, used=0, free=34263265280, percent=0.0, sin=0, sout=0)
          types |   # objects |   total size
=============== | =========== | ============
  <class 'bytes |           8 |    817     B
   <class 'list |           0 |    176     B
    <class 'int |           1 |     28     B
iter = 207
CPU usage (% each core): [22.7, 22.3, 26.3, 25.4, 21.0, 100.0, 21.0, 22.5]
RAM usage: svmem(total=33615839232, available=15989133312, percent=52.4, used=17162162176, free=7670747136, active=21026742272, inactive=3575083008, buffers=945426432, cached=7837503488, shared=51163136)
SWAP usage: sswap(total=34263265280, used=0, free=34263265280, percent=0.0, sin=0, sout=0)
          types |   # objects |   total size
=============== | =========== | ============
  <class 'bytes |           9 |    894     B
   <class 'list |           0 |    200     B
iter = 208
CPU usage (% each core): [22.5, 29.4, 26.9, 25.8, 100.0, 23.5, 26.7, 24.2]
RAM usage: svmem(total=33615839232, available=15988854784, percent=52.4, used=17162440704, free=7670468608, active=21026742272, inactive=3575083008, buffers=945426432, cached=7837503488, shared=51163136)
SWAP usage: sswap(total=34263265280, used=0, free=34263265280, percent=0.0, sin=0, sout=0)
          types |   # objects |   total size
=============== | =========== | ============
  <class 'bytes |           8 |    817     B
iter = 209
CPU usage (% each core): [22.9, 22.5, 21.0, 25.4, 21.0, 22.0, 20.3, 100.0]
RAM usage: svmem(total=33615839232, available=15988658176, percent=52.4, used=17162637312, free=7670272000, active=21026742272, inactive=3575083008, buffers=945426432, cached=7837503488, shared=51163136)
SWAP usage: sswap(total=34263265280, used=0, free=34263265280, percent=0.0, sin=0, sout=0)
          types |   # objects |   total size
=============== | =========== | ============
  <class 'bytes |           7 |    740     B
   <class 'list |           0 |    224     B
    <class 'int |           1 |     28     B
iter = 210
CPU usage (% each core): [21.4, 17.3, 21.6, 98.2, 20.5, 16.1, 20.4, 22.8]
RAM usage: svmem(total=33615839232, available=15988195328, percent=52.4, used=17163100160, free=7669809152, active=21026742272, inactive=3575083008, buffers=945426432, cached=7837503488, shared=51163136)
SWAP usage: sswap(total=34263265280, used=0, free=34263265280, percent=0.0, sin=0, sout=0)
          types |   # objects |   total size
=============== | =========== | ============
  <class 'bytes |           9 |    893     B
   <class 'list |           0 |    256     B
    <class 'int |           0 |      4     B
iter = 211
CPU usage (% each core): [25.9, 30.5, 27.4, 22.6, 25.0, 24.1, 30.4, 100.0]
RAM usage: svmem(total=33615839232, available=15988604928, percent=52.4, used=17162690560, free=7670218752, active=21026938880, inactive=3575083008, buffers=945426432, cached=7837503488, shared=51163136)
SWAP usage: sswap(total=34263265280, used=0, free=34263265280, percent=0.0, sin=0, sout=0)
          types |   # objects |   total size
=============== | =========== | ============
  <class 'bytes |           9 |    894     B
iter = 212
CPU usage (% each core): [18.4, 21.9, 20.0, 18.3, 100.0, 19.1, 19.1, 23.9]
RAM usage: svmem(total=33615839232, available=15988727808, percent=52.4, used=17162567680, free=7670341632, active=21026938880, inactive=3575083008, buffers=945426432, cached=7837503488, shared=51163136)
SWAP usage: sswap(total=34263265280, used=0, free=34263265280, percent=0.0, sin=0, sout=0)
          types |   # objects |   total size
=============== | =========== | ============
  <class 'bytes |           7 |    740     B
   <class 'list |           0 |    288     B
iter = 213
CPU usage (% each core): [16.4, 22.9, 22.0, 26.1, 100.0, 21.8, 21.6, 21.6]
RAM usage: svmem(total=33615839232, available=15988948992, percent=52.4, used=17162346496, free=7670562816, active=21026742272, inactive=3575083008, buffers=945430528, cached=7837499392, shared=51163136)
SWAP usage: sswap(total=34263265280, used=0, free=34263265280, percent=0.0, sin=0, sout=0)
          types |   # objects |     total size
=============== | =========== | ==============
   <class 'list |           0 |    -2024     B
  <class 'bytes |        -111 |   -11213     B
iter = 214
CPU usage (% each core): [22.3, 27.0, 23.6, 25.9, 100.0, 21.6, 21.8, 21.6]
RAM usage: svmem(total=33615839232, available=15988342784, percent=52.4, used=17162948608, free=7669948416, active=21026746368, inactive=3575087104, buffers=945430528, cached=7837511680, shared=51163136)
SWAP usage: sswap(total=34263265280, used=0, free=34263265280, percent=0.0, sin=0, sout=0)
          types |   # objects |   total size
=============== | =========== | ============
  <class 'bytes |           8 |    825     B
   <class 'list |           0 |    152     B
    <class 'int |          -1 |    -28     B
iter = 215
CPU usage (% each core): [20.2, 22.0, 21.1, 30.6, 100.0, 20.4, 21.1, 25.0]
RAM usage: svmem(total=33615839232, available=15988457472, percent=52.4, used=17162833920, free=7670063104, active=21026746368, inactive=3575087104, buffers=945430528, cached=7837511680, shared=51163136)
SWAP usage: sswap(total=34263265280, used=0, free=34263265280, percent=0.0, sin=0, sout=0)
          types |   # objects |   total size
=============== | =========== | ============
   <class 'dict |           0 |     12.00 KB
  <class 'bytes |           9 |    894     B
   <class 'list |           0 |    184     B
    <class 'int |           1 |     28     B
iter = 216
CPU usage (% each core): [22.3, 27.9, 25.0, 22.3, 100.0, 23.0, 23.9, 26.5]
RAM usage: svmem(total=33615839232, available=15987703808, percent=52.4, used=17163587584, free=7669309440, active=21026746368, inactive=3575087104, buffers=945430528, cached=7837511680, shared=51163136)
SWAP usage: sswap(total=34263265280, used=0, free=34263265280, percent=0.0, sin=0, sout=0)
          types |   # objects |   total size
=============== | =========== | ============
  <class 'bytes |          10 |    971     B
   <class 'list |           0 |    112     B
    <class 'int |          -1 |    -28     B
iter = 217
CPU usage (% each core): [20.7, 24.1, 25.2, 23.6, 99.1, 22.5, 29.1, 20.9]
RAM usage: svmem(total=33615839232, available=15987666944, percent=52.4, used=17163624448, free=7669272576, active=21026975744, inactive=3575087104, buffers=945430528, cached=7837511680, shared=51163136)
SWAP usage: sswap(total=34263265280, used=0, free=34263265280, percent=0.0, sin=0, sout=0)
          types |   # objects |   total size
=============== | =========== | ============
  <class 'bytes |           9 |    893     B
   <class 'list |           0 |    128     B
    <class 'int |           1 |     28     B
iter = 218
CPU usage (% each core): [100.0, 22.8, 28.1, 23.7, 21.9, 22.1, 21.9, 26.1]
RAM usage: svmem(total=33615839232, available=15987666944, percent=52.4, used=17163624448, free=7669272576, active=21026746368, inactive=3575087104, buffers=945430528, cached=7837511680, shared=51163136)
SWAP usage: sswap(total=34263265280, used=0, free=34263265280, percent=0.0, sin=0, sout=0)
          types |   # objects |   total size
=============== | =========== | ============
  <class 'bytes |           9 |    894     B
   <class 'list |           0 |    144     B
    <class 'int |          -1 |    -28     B
iter = 219
CPU usage (% each core): [20.2, 100.0, 23.5, 22.7, 27.7, 20.2, 20.2, 18.8]
RAM usage: svmem(total=33615839232, available=15988994048, percent=52.4, used=17162297344, free=7670599680, active=21026938880, inactive=3575087104, buffers=945430528, cached=7837511680, shared=51163136)
SWAP usage: sswap(total=34263265280, used=0, free=34263265280, percent=0.0, sin=0, sout=0)
          types |   # objects |   total size
=============== | =========== | ============
  <class 'bytes |           9 |    894     B
   <class 'list |           0 |    160     B
iter = 220
CPU usage (% each core): [24.3, 100.0, 28.7, 29.9, 23.3, 22.6, 27.0, 25.6]
RAM usage: svmem(total=33615839232, available=15988486144, percent=52.4, used=17162805248, free=7670091776, active=21026938880, inactive=3575087104, buffers=945430528, cached=7837511680, shared=51163136)
SWAP usage: sswap(total=34263265280, used=0, free=34263265280, percent=0.0, sin=0, sout=0)
          types |   # objects |   total size
=============== | =========== | ============
  <class 'bytes |           8 |    817     B
   <class 'list |           0 |    176     B
iter = 221
CPU usage (% each core): [27.6, 100.0, 23.3, 25.0, 21.9, 21.6, 23.1, 23.1]
RAM usage: svmem(total=33615839232, available=15989248000, percent=52.4, used=17162043392, free=7670853632, active=21026746368, inactive=3575087104, buffers=945430528, cached=7837511680, shared=51163136)
SWAP usage: sswap(total=34263265280, used=0, free=34263265280, percent=0.0, sin=0, sout=0)
          types |   # objects |   total size
=============== | =========== | ============
  <class 'bytes |           8 |    817     B
   <class 'list |           0 |    200     B
    <class 'int |           1 |     28     B
iter = 222
CPU usage (% each core): [25.2, 18.0, 22.0, 22.5, 25.5, 100.0, 21.6, 21.8]
RAM usage: svmem(total=33615839232, available=15989932032, percent=52.4, used=17161363456, free=7671533568, active=21026750464, inactive=3575087104, buffers=945430528, cached=7837511680, shared=51163136)
SWAP usage: sswap(total=34263265280, used=0, free=34263265280, percent=0.0, sin=0, sout=0)
          types |   # objects |   total size
=============== | =========== | ============
  <class 'bytes |           9 |    894     B
    <class 'int |          -1 |    -28     B
iter = 223
CPU usage (% each core): [24.8, 19.4, 25.7, 23.1, 24.8, 100.0, 22.0, 21.3]
RAM usage: svmem(total=33615839232, available=15989714944, percent=52.4, used=17161580544, free=7671316480, active=21026750464, inactive=3575087104, buffers=945430528, cached=7837511680, shared=51163136)
SWAP usage: sswap(total=34263265280, used=0, free=34263265280, percent=0.0, sin=0, sout=0)
          types |   # objects |   total size
=============== | =========== | ============
  <class 'bytes |           8 |    817     B
   <class 'list |           0 |    224     B
    <class 'int |           1 |     28     B
iter = 224
CPU usage (% each core): [25.2, 100.0, 26.4, 26.4, 21.6, 19.8, 21.6, 21.4]
RAM usage: svmem(total=33615839232, available=15989264384, percent=52.4, used=17162031104, free=7670865920, active=21026750464, inactive=3575087104, buffers=945430528, cached=7837511680, shared=51163136)
SWAP usage: sswap(total=34263265280, used=0, free=34263265280, percent=0.0, sin=0, sout=0)
          types |   # objects |   total size
=============== | =========== | ============
  <class 'bytes |           9 |    894     B
   <class 'list |           0 |    256     B
    <class 'int |          -1 |    -28     B
iter = 225
CPU usage (% each core): [26.4, 30.3, 25.6, 30.3, 26.2, 100.0, 27.3, 25.6]
RAM usage: svmem(total=33615839232, available=15989346304, percent=52.4, used=17161949184, free=7670947840, active=21026750464, inactive=3575087104, buffers=945430528, cached=7837511680, shared=51163136)
SWAP usage: sswap(total=34263265280, used=0, free=34263265280, percent=0.0, sin=0, sout=0)
          types |   # objects |   total size
=============== | =========== | ============
  <class 'bytes |           9 |    894     B
iter = 226
CPU usage (% each core): [19.7, 100.0, 22.0, 18.8, 16.4, 20.0, 18.8, 18.8]
RAM usage: svmem(total=33615839232, available=15990112256, percent=52.4, used=17161183232, free=7671713792, active=21026947072, inactive=3575087104, buffers=945430528, cached=7837511680, shared=51163136)
SWAP usage: sswap(total=34263265280, used=0, free=34263265280, percent=0.0, sin=0, sout=0)
          types |   # objects |   total size
=============== | =========== | ============
  <class 'bytes |           7 |    740     B
   <class 'list |           0 |    288     B
iter = 227
CPU usage (% each core): [31.2, 100.0, 25.2, 24.1, 22.3, 22.3, 22.3, 22.3]
RAM usage: svmem(total=33615839232, available=15989469184, percent=52.4, used=17161826304, free=7671062528, active=21026951168, inactive=3575091200, buffers=945430528, cached=7837519872, shared=51163136)
SWAP usage: sswap(total=34263265280, used=0, free=34263265280, percent=0.0, sin=0, sout=0)
          types |   # objects |     total size
=============== | =========== | ==============
    <class 'int |           1 |       28     B
   <class 'list |           0 |    -2024     B
  <class 'bytes |        -112 |   -11244     B
iter = 228
CPU usage (% each core): [31.1, 99.2, 31.9, 26.5, 27.4, 25.8, 27.4, 26.9]
RAM usage: svmem(total=33615839232, available=15988641792, percent=52.4, used=17162653696, free=7670235136, active=21026754560, inactive=3575091200, buffers=945430528, cached=7837519872, shared=51163136)
SWAP usage: sswap(total=34263265280, used=0, free=34263265280, percent=0.0, sin=0, sout=0)
          types |   # objects |   total size
=============== | =========== | ============
  <class 'bytes |           9 |    903     B
   <class 'list |           0 |    152     B
    <class 'int |          -1 |    -28     B
iter = 229
CPU usage (% each core): [22.0, 23.5, 22.2, 23.7, 21.4, 100.0, 20.5, 20.7]
RAM usage: svmem(total=33615839232, available=15989981184, percent=52.4, used=17161314304, free=7671574528, active=21026754560, inactive=3575091200, buffers=945430528, cached=7837519872, shared=51163136)
SWAP usage: sswap(total=34263265280, used=0, free=34263265280, percent=0.0, sin=0, sout=0)
          types |   # objects |   total size
=============== | =========== | ============
  <class 'bytes |           9 |    894     B
   <class 'list |           0 |    184     B
    <class 'int |           1 |     28     B
iter = 230
CPU usage (% each core): [27.0, 26.3, 27.8, 25.9, 28.8, 100.0, 28.2, 25.6]
RAM usage: svmem(total=33615839232, available=15989776384, percent=52.4, used=17161519104, free=7671369728, active=21026754560, inactive=3575091200, buffers=945430528, cached=7837519872, shared=51163136)
SWAP usage: sswap(total=34263265280, used=0, free=34263265280, percent=0.0, sin=0, sout=0)
          types |   # objects |   total size
=============== | =========== | ============
  <class 'bytes |           9 |    894     B
   <class 'list |           0 |    112     B
iter = 231
CPU usage (% each core): [20.5, 21.4, 22.0, 27.1, 100.0, 22.2, 25.2, 21.4]
RAM usage: svmem(total=33615839232, available=15989563392, percent=52.4, used=17161732096, free=7671156736, active=21026754560, inactive=3575091200, buffers=945430528, cached=7837519872, shared=51163136)
SWAP usage: sswap(total=34263265280, used=0, free=34263265280, percent=0.0, sin=0, sout=0)
          types |   # objects |   total size
=============== | =========== | ============
  <class 'bytes |           8 |    817     B
   <class 'list |           0 |    128     B
iter = 232
CPU usage (% each core): [19.5, 27.9, 30.1, 23.9, 100.0, 24.8, 23.9, 24.6]
RAM usage: svmem(total=33615839232, available=15989104640, percent=52.4, used=17162190848, free=7670697984, active=21026754560, inactive=3575091200, buffers=945438720, cached=7837511680, shared=51163136)
SWAP usage: sswap(total=34263265280, used=0, free=34263265280, percent=0.0, sin=0, sout=0)
          types |   # objects |   total size
=============== | =========== | ============
  <class 'bytes |           8 |    817     B
   <class 'list |           0 |    144     B
iter = 233
CPU usage (% each core): [19.5, 25.4, 24.6, 25.9, 100.0, 20.4, 21.2, 21.2]
RAM usage: svmem(total=33615839232, available=15989432320, percent=52.4, used=17161854976, free=7671025664, active=21026947072, inactive=3575091200, buffers=945438720, cached=7837519872, shared=51163136)
SWAP usage: sswap(total=34263265280, used=0, free=34263265280, percent=0.0, sin=0, sout=0)
          types |   # objects |   total size
=============== | =========== | ============
  <class 'bytes |           8 |    817     B
   <class 'list |           0 |    160     B
    <class 'int |          -1 |    -28     B
iter = 234
CPU usage (% each core): [99.2, 28.9, 30.3, 30.3, 25.6, 27.3, 26.2, 25.4]
RAM usage: svmem(total=33615839232, available=15989956608, percent=52.4, used=17161330688, free=7671549952, active=21026754560, inactive=3575091200, buffers=945438720, cached=7837519872, shared=51163136)
SWAP usage: sswap(total=34263265280, used=0, free=34263265280, percent=0.0, sin=0, sout=0)
          types |   # objects |   total size
=============== | =========== | ============
  <class 'bytes |           9 |    893     B
   <class 'list |           0 |    176     B
    <class 'int |          -1 |    -28     B
iter = 235
CPU usage (% each core): [100.0, 25.6, 26.7, 23.1, 29.4, 22.9, 24.6, 23.1]
RAM usage: svmem(total=33615839232, available=15990083584, percent=52.4, used=17161203712, free=7671676928, active=21026754560, inactive=3575091200, buffers=945438720, cached=7837519872, shared=51163136)
SWAP usage: sswap(total=34263265280, used=0, free=34263265280, percent=0.0, sin=0, sout=0)
          types |   # objects |   total size
=============== | =========== | ============
  <class 'bytes |           9 |    894     B
   <class 'list |           0 |    200     B
    <class 'int |           1 |     28     B
iter = 236
CPU usage (% each core): [29.4, 27.5, 99.2, 24.4, 22.5, 22.5, 22.5, 22.5]
RAM usage: svmem(total=33615839232, available=15989338112, percent=52.4, used=17161953280, free=7670927360, active=21026758656, inactive=3575091200, buffers=945438720, cached=7837519872, shared=51163136)
SWAP usage: sswap(total=34263265280, used=0, free=34263265280, percent=0.0, sin=0, sout=0)
          types |   # objects |   total size
=============== | =========== | ============
  <class 'bytes |           9 |    893     B
    <class 'int |           1 |     28     B
iter = 237
CPU usage (% each core): [18.1, 21.6, 18.1, 100.0, 17.9, 17.9, 14.7, 16.2]
RAM usage: svmem(total=33615839232, available=15989538816, percent=52.4, used=17161756672, free=7671123968, active=21026762752, inactive=3575091200, buffers=945438720, cached=7837519872, shared=51163136)
SWAP usage: sswap(total=34263265280, used=0, free=34263265280, percent=0.0, sin=0, sout=0)
          types |   # objects |   total size
=============== | =========== | ============
  <class 'bytes |           8 |    817     B
   <class 'list |           0 |    224     B
    <class 'int |          -1 |    -28     B
iter = 238
CPU usage (% each core): [27.2, 30.7, 23.7, 99.1, 23.5, 22.8, 24.6, 22.8]
RAM usage: svmem(total=33615839232, available=15989293056, percent=52.4, used=17162002432, free=7670878208, active=21026959360, inactive=3575091200, buffers=945438720, cached=7837519872, shared=51163136)
SWAP usage: sswap(total=34263265280, used=0, free=34263265280, percent=0.0, sin=0, sout=0)
          types |   # objects |   total size
=============== | =========== | ============
  <class 'bytes |           9 |    893     B
   <class 'list |           0 |    256     B
    <class 'int |           1 |     28     B
iter = 239
CPU usage (% each core): [24.1, 28.0, 100.0, 22.9, 21.6, 21.4, 22.0, 21.4]
RAM usage: svmem(total=33615839232, available=15988170752, percent=52.4, used=17163124736, free=7669755904, active=21026959360, inactive=3575091200, buffers=945438720, cached=7837519872, shared=51163136)
SWAP usage: sswap(total=34263265280, used=0, free=34263265280, percent=0.0, sin=0, sout=0)
          types |   # objects |   total size
=============== | =========== | ============
  <class 'bytes |           9 |    894     B
iter = 240
CPU usage (% each core): [24.1, 22.8, 100.0, 23.0, 29.3, 22.4, 21.9, 22.6]
RAM usage: svmem(total=33615839232, available=15988203520, percent=52.4, used=17163091968, free=7669788672, active=21026762752, inactive=3575091200, buffers=945438720, cached=7837519872, shared=51163136)
SWAP usage: sswap(total=34263265280, used=0, free=34263265280, percent=0.0, sin=0, sout=0)
          types |   # objects |   total size
=============== | =========== | ============
  <class 'bytes |           7 |    740     B
   <class 'list |           0 |    288     B
    <class 'int |          -1 |    -28     B
iter = 241
CPU usage (% each core): [27.0, 24.8, 21.4, 23.3, 20.9, 20.7, 99.1, 22.0]
RAM usage: svmem(total=33615839232, available=15987802112, percent=52.4, used=17163493376, free=7669387264, active=21026762752, inactive=3575091200, buffers=945438720, cached=7837519872, shared=51163136)
SWAP usage: sswap(total=34263265280, used=0, free=34263265280, percent=0.0, sin=0, sout=0)
          types |   # objects |     total size
=============== | =========== | ==============
    <class 'int |           1 |       28     B
   <class 'list |           0 |    -2024     B
  <class 'bytes |        -111 |   -11167     B
iter = 242
CPU usage (% each core): [22.8, 20.9, 100.0, 28.7, 23.3, 21.1, 20.9, 20.2]
RAM usage: svmem(total=33615839232, available=15989121024, percent=52.4, used=17162174464, free=7670697984, active=21026766848, inactive=3575095296, buffers=945438720, cached=7837528064, shared=51163136)
SWAP usage: sswap(total=34263265280, used=0, free=34263265280, percent=0.0, sin=0, sout=0)
          types |   # objects |   total size
=============== | =========== | ============
  <class 'bytes |           9 |    904     B
   <class 'list |           0 |    152     B
    <class 'int |          -1 |    -28     B
iter = 243
CPU usage (% each core): [27.0, 22.7, 20.0, 30.3, 22.5, 22.5, 99.1, 22.5]
RAM usage: svmem(total=33615839232, available=15988961280, percent=52.4, used=17162334208, free=7670538240, active=21026766848, inactive=3575095296, buffers=945438720, cached=7837528064, shared=51163136)
SWAP usage: sswap(total=34263265280, used=0, free=34263265280, percent=0.0, sin=0, sout=0)
          types |   # objects |   total size
=============== | =========== | ============
  <class 'bytes |           9 |    893     B
   <class 'list |           0 |    184     B
    <class 'int |           1 |     28     B
iter = 244
CPU usage (% each core): [22.3, 22.5, 100.0, 24.1, 21.6, 21.6, 20.0, 27.0]
RAM usage: svmem(total=33615839232, available=15989030912, percent=52.4, used=17162264576, free=7670607872, active=21026766848, inactive=3575095296, buffers=945438720, cached=7837528064, shared=51163136)
SWAP usage: sswap(total=34263265280, used=0, free=34263265280, percent=0.0, sin=0, sout=0)
          types |   # objects |   total size
=============== | =========== | ============
  <class 'bytes |           9 |    894     B
   <class 'list |           0 |    112     B
iter = 245
CPU usage (% each core): [30.2, 25.9, 22.6, 33.0, 25.0, 25.0, 100.0, 27.0]
RAM usage: svmem(total=33615839232, available=15988772864, percent=52.4, used=17162522624, free=7670349824, active=21026951168, inactive=3575095296, buffers=945438720, cached=7837528064, shared=51163136)
SWAP usage: sswap(total=34263265280, used=0, free=34263265280, percent=0.0, sin=0, sout=0)
          types |   # objects |   total size
=============== | =========== | ============
  <class 'bytes |           8 |    817     B
   <class 'list |           0 |    128     B
iter = 246
CPU usage (% each core): [23.7, 23.7, 28.6, 27.1, 23.1, 23.7, 100.0, 25.2]
RAM usage: svmem(total=33615839232, available=15989280768, percent=52.4, used=17162010624, free=7670857728, active=21026766848, inactive=3575095296, buffers=945442816, cached=7837528064, shared=51163136)
SWAP usage: sswap(total=34263265280, used=0, free=34263265280, percent=0.0, sin=0, sout=0)
          types |   # objects |   total size
=============== | =========== | ============
  <class 'bytes |           8 |    817     B
   <class 'list |           0 |    144     B
iter = 247
CPU usage (% each core): [22.5, 22.9, 99.1, 23.6, 25.5, 20.9, 20.7, 21.1]
RAM usage: svmem(total=33615839232, available=15989059584, percent=52.4, used=17162235904, free=7670632448, active=21026770944, inactive=3575095296, buffers=945442816, cached=7837528064, shared=51163136)
SWAP usage: sswap(total=34263265280, used=0, free=34263265280, percent=0.0, sin=0, sout=0)
          types |   # objects |   total size
=============== | =========== | ============
  <class 'bytes |           8 |    816     B
   <class 'list |           0 |    160     B
iter = 248
CPU usage (% each core): [21.4, 24.8, 20.4, 23.9, 20.4, 21.2, 100.0, 20.4]
RAM usage: svmem(total=33615839232, available=15988613120, percent=52.4, used=17162682368, free=7670185984, active=21026770944, inactive=3575095296, buffers=945442816, cached=7837528064, shared=51163136)
SWAP usage: sswap(total=34263265280, used=0, free=34263265280, percent=0.0, sin=0, sout=0)
          types |   # objects |   total size
=============== | =========== | ============
  <class 'bytes |           8 |    817     B
   <class 'list |           0 |    176     B
    <class 'int |          -2 |    -56     B
iter = 249
CPU usage (% each core): [21.4, 27.4, 19.6, 23.4, 21.6, 20.7, 100.0, 24.8]
RAM usage: svmem(total=33615839232, available=15988224000, percent=52.4, used=17163071488, free=7669796864, active=21026770944, inactive=3575095296, buffers=945442816, cached=7837528064, shared=51163136)
SWAP usage: sswap(total=34263265280, used=0, free=34263265280, percent=0.0, sin=0, sout=0)
          types |   # objects |   total size
=============== | =========== | ============
  <class 'bytes |           9 |    894     B
   <class 'list |           0 |    200     B
    <class 'int |           2 |     56     B
iter = 250
CPU usage (% each core): [26.4, 23.4, 100.0, 23.2, 22.5, 23.2, 20.5, 30.9]
RAM usage: svmem(total=33615839232, available=15988125696, percent=52.4, used=17163169792, free=7669698560, active=21026770944, inactive=3575095296, buffers=945442816, cached=7837528064, shared=51163136)
SWAP usage: sswap(total=34263265280, used=0, free=34263265280, percent=0.0, sin=0, sout=0)
          types |   # objects |   total size
=============== | =========== | ============
  <class 'bytes |           9 |    894     B
    <class 'int |          -1 |    -28     B
iter = 251
CPU usage (% each core): [27.2, 25.7, 22.8, 23.0, 22.6, 22.8, 100.0, 23.5]
RAM usage: svmem(total=33615839232, available=15988031488, percent=52.4, used=17163264000, free=7669604352, active=21026770944, inactive=3575095296, buffers=945442816, cached=7837528064, shared=51163136)
SWAP usage: sswap(total=34263265280, used=0, free=34263265280, percent=0.0, sin=0, sout=0)
          types |   # objects |   total size
=============== | =========== | ============
  <class 'bytes |           8 |    817     B
   <class 'list |           0 |    224     B
iter = 252
CPU usage (% each core): [24.3, 25.9, 99.1, 22.6, 21.1, 21.7, 22.6, 21.9]
RAM usage: svmem(total=33615839232, available=15988572160, percent=52.4, used=17162723328, free=7670145024, active=21026770944, inactive=3575095296, buffers=945442816, cached=7837528064, shared=51163136)
SWAP usage: sswap(total=34263265280, used=0, free=34263265280, percent=0.0, sin=0, sout=0)
          types |   # objects |   total size
=============== | =========== | ============
  <class 'bytes |           8 |    816     B
iter = 253
CPU usage (% each core): [24.6, 18.7, 29.2, 24.6, 21.2, 99.1, 20.4, 20.4]
RAM usage: svmem(total=33615839232, available=15987527680, percent=52.4, used=17163767808, free=7669100544, active=21026967552, inactive=3575095296, buffers=945442816, cached=7837528064, shared=51163136)
SWAP usage: sswap(total=34263265280, used=0, free=34263265280, percent=0.0, sin=0, sout=0)
          types |   # objects |   total size
=============== | =========== | ============
  <class 'bytes |           7 |    739     B
   <class 'list |           0 |    256     B
    <class 'int |           1 |     28     B
iter = 254
CPU usage (% each core): [24.3, 21.4, 23.0, 22.5, 21.4, 100.0, 22.1, 28.9]
RAM usage: svmem(total=33615839232, available=15988133888, percent=52.4, used=17163161600, free=7669706752, active=21026770944, inactive=3575095296, buffers=945442816, cached=7837528064, shared=51163136)
SWAP usage: sswap(total=34263265280, used=0, free=34263265280, percent=0.0, sin=0, sout=0)
          types |   # objects |   total size
=============== | =========== | ============
  <class 'bytes |           9 |    894     B
    <class 'int |          -2 |    -56     B
iter = 255
CPU usage (% each core): [25.7, 100.0, 27.4, 23.9, 22.1, 21.2, 21.4, 22.1]
RAM usage: svmem(total=33615839232, available=15987642368, percent=52.4, used=17163653120, free=7669215232, active=21026770944, inactive=3575095296, buffers=945442816, cached=7837528064, shared=51163136)
SWAP usage: sswap(total=34263265280, used=0, free=34263265280, percent=0.0, sin=0, sout=0)
          types |   # objects |     total size
=============== | =========== | ==============
    <class 'int |           1 |       28     B
   <class 'list |           0 |    -1800     B
  <class 'bytes |        -113 |   -11315     B
iter = 256
CPU usage (% each core): [19.3, 15.5, 30.0, 24.5, 19.1, 100.0, 18.9, 19.8]
RAM usage: svmem(total=33615839232, available=15987425280, percent=52.4, used=17163870208, free=7668989952, active=21026775040, inactive=3575099392, buffers=945442816, cached=7837536256, shared=51163136)
SWAP usage: sswap(total=34263265280, used=0, free=34263265280, percent=0.0, sin=0, sout=0)
          types |   # objects |   total size
=============== | =========== | ============
  <class 'bytes |           9 |    904     B
   <class 'list |           0 |    136     B
    <class 'int |          -1 |    -28     B
iter = 257
CPU usage (% each core): [22.5, 21.8, 26.4, 25.5, 23.4, 100.0, 21.8, 21.6]
RAM usage: svmem(total=33615839232, available=15987630080, percent=52.4, used=17163665408, free=7669194752, active=21026775040, inactive=3575099392, buffers=945442816, cached=7837536256, shared=51163136)
SWAP usage: sswap(total=34263265280, used=0, free=34263265280, percent=0.0, sin=0, sout=0)
          types |   # objects |   total size
=============== | =========== | ============
  <class 'bytes |           9 |    894     B
   <class 'list |           0 |    168     B
    <class 'int |           2 |     56     B
iter = 258
CPU usage (% each core): [99.1, 28.2, 24.8, 22.2, 21.4, 20.5, 21.4, 24.1]
RAM usage: svmem(total=33615839232, available=15987691520, percent=52.4, used=17163603968, free=7669256192, active=21026775040, inactive=3575099392, buffers=945442816, cached=7837536256, shared=51163136)
SWAP usage: sswap(total=34263265280, used=0, free=34263265280, percent=0.0, sin=0, sout=0)
          types |   # objects |   total size
=============== | =========== | ============
  <class 'bytes |           9 |    893     B
   <class 'list |           0 |    208     B
iter = 259
CPU usage (% each core): [100.0, 20.7, 25.5, 24.1, 21.6, 29.2, 22.5, 23.2]
RAM usage: svmem(total=33615839232, available=15988731904, percent=52.4, used=17162563584, free=7670296576, active=21026775040, inactive=3575099392, buffers=945442816, cached=7837536256, shared=51163136)
SWAP usage: sswap(total=34263265280, used=0, free=34263265280, percent=0.0, sin=0, sout=0)
          types |   # objects |   total size
=============== | =========== | ============
  <class 'bytes |           8 |    817     B
   <class 'list |           0 |    128     B
iter = 260
CPU usage (% each core): [100.0, 26.1, 20.5, 30.6, 19.8, 21.4, 21.4, 20.7]
RAM usage: svmem(total=33615839232, available=15987806208, percent=52.4, used=17163489280, free=7669370880, active=21026775040, inactive=3575099392, buffers=945442816, cached=7837536256, shared=51163136)
SWAP usage: sswap(total=34263265280, used=0, free=34263265280, percent=0.0, sin=0, sout=0)
          types |   # objects |   total size
=============== | =========== | ============
  <class 'bytes |           8 |    817     B
   <class 'list |           0 |    144     B
iter = 261
CPU usage (% each core): [100.0, 25.5, 21.6, 24.1, 18.9, 21.6, 22.5, 29.5]
RAM usage: svmem(total=33615839232, available=15988023296, percent=52.4, used=17163268096, free=7669587968, active=21026963456, inactive=3575099392, buffers=945446912, cached=7837536256, shared=51163136)
SWAP usage: sswap(total=34263265280, used=0, free=34263265280, percent=0.0, sin=0, sout=0)
          types |   # objects |   total size
=============== | =========== | ============
  <class 'bytes |           8 |    817     B
   <class 'list |           0 |    160     B
    <class 'int |           0 |      4     B
iter = 262
CPU usage (% each core): [86.0, 48.5, 54.0, 49.6, 57.2, 43.8, 43.8, 44.1]
RAM usage: svmem(total=33615839232, available=15981518848, percent=52.5, used=17169772544, free=7663083520, active=21034831872, inactive=3575099392, buffers=945446912, cached=7837536256, shared=51163136)
SWAP usage: sswap(total=34263265280, used=0, free=34263265280, percent=0.0, sin=0, sout=0)
          types |   # objects |   total size
=============== | =========== | ============
  <class 'bytes |           9 |    893     B
    <class 'int |          -1 |    -28     B
iter = 263
CPU usage (% each core): [58.3, 67.4, 71.0, 66.0, 100.0, 61.5, 73.1, 63.4]
RAM usage: svmem(total=33615839232, available=15982092288, percent=52.5, used=17169199104, free=7663656960, active=21035081728, inactive=3575099392, buffers=945446912, cached=7837536256, shared=51163136)
SWAP usage: sswap(total=34263265280, used=0, free=34263265280, percent=0.0, sin=0, sout=0)
          types |   # objects |   total size
=============== | =========== | ============
  <class 'bytes |           8 |    817     B
   <class 'list |           0 |    176     B
    <class 'int |           1 |     28     B
iter = 264
CPU usage (% each core): [39.4, 75.0, 77.9, 66.9, 100.0, 62.3, 64.1, 63.4]
RAM usage: svmem(total=33615839232, available=15981535232, percent=52.5, used=17169756160, free=7663099904, active=21034831872, inactive=3575099392, buffers=945446912, cached=7837536256, shared=51163136)
SWAP usage: sswap(total=34263265280, used=0, free=34263265280, percent=0.0, sin=0, sout=0)
          types |   # objects |   total size
=============== | =========== | ============
  <class 'bytes |           9 |    894     B
   <class 'list |           0 |    200     B
    <class 'int |          -1 |    -28     B
iter = 265
CPU usage (% each core): [91.9, 72.0, 74.6, 73.3, 53.4, 63.7, 63.4, 63.7]
RAM usage: svmem(total=33615839232, available=15981871104, percent=52.5, used=17169420288, free=7663435776, active=21034831872, inactive=3575099392, buffers=945446912, cached=7837536256, shared=51163136)
SWAP usage: sswap(total=34263265280, used=0, free=34263265280, percent=0.0, sin=0, sout=0)
          types |   # objects |   total size
=============== | =========== | ============
  <class 'bytes |           9 |    893     B
   <class 'list |           0 |    224     B
    <class 'int |           1 |     28     B
iter = 266
CPU usage (% each core): [100.0, 73.3, 72.1, 77.4, 47.4, 65.4, 66.2, 65.9]
RAM usage: svmem(total=33615839232, available=15980154880, percent=52.5, used=17171136512, free=7661719552, active=21035028480, inactive=3575099392, buffers=945446912, cached=7837536256, shared=51163136)
SWAP usage: sswap(total=34263265280, used=0, free=34263265280, percent=0.0, sin=0, sout=0)
          types |   # objects |   total size
=============== | =========== | ============
  <class 'bytes |           9 |    894     B
iter = 267
CPU usage (% each core): [100.0, 76.7, 73.3, 70.7, 47.0, 64.6, 65.2, 64.7]
RAM usage: svmem(total=33615839232, available=15981309952, percent=52.5, used=17169981440, free=7662874624, active=21035028480, inactive=3575099392, buffers=945446912, cached=7837536256, shared=51163136)
SWAP usage: sswap(total=34263265280, used=0, free=34263265280, percent=0.0, sin=0, sout=0)
          types |   # objects |   total size
=============== | =========== | ============
  <class 'bytes |           7 |    740     B
   <class 'list |           0 |    256     B
iter = 268
CPU usage (% each core): [78.5, 68.4, 100.0, 71.6, 64.0, 63.5, 49.6, 64.2]
RAM usage: svmem(total=33615839232, available=15981416448, percent=52.5, used=17169874944, free=7662981120, active=21034831872, inactive=3575099392, buffers=945446912, cached=7837536256, shared=51163136)
SWAP usage: sswap(total=34263265280, used=0, free=34263265280, percent=0.0, sin=0, sout=0)
          types |   # objects |   total size
=============== | =========== | ============
  <class 'bytes |           8 |    817     B
    <class 'int |          -1 |    -28     B
iter = 269
CPU usage (% each core): [68.2, 61.2, 90.7, 72.6, 62.2, 60.4, 72.1, 60.4]
RAM usage: svmem(total=33615839232, available=15909117952, percent=52.7, used=17224015872, free=7590678528, active=21088342016, inactive=3593043968, buffers=945446912, cached=7855697920, shared=69324800)
SWAP usage: sswap(total=34263265280, used=0, free=34263265280, percent=0.0, sin=0, sout=0)
          types |   # objects |     total size
=============== | =========== | ==============
    <class 'int |           1 |       28     B
   <class 'list |           0 |    -1832     B
  <class 'bytes |        -111 |   -11326     B
iter = 270
CPU usage (% each core): [35.6, 33.1, 31.1, 47.8, 31.6, 31.1, 33.3, 100.0]
RAM usage: svmem(total=33615839232, available=15914971136, percent=52.7, used=17236316160, free=7596523520, active=21100933120, inactive=3575103488, buffers=945446912, cached=7837552640, shared=51167232)
SWAP usage: sswap(total=34263265280, used=0, free=34263265280, percent=0.0, sin=0, sout=0)
          types |   # objects |   total size
=============== | =========== | ============
  <class 'bytes |           9 |    904     B
   <class 'list |           0 |    168     B
    <class 'int |          -1 |    -28     B
iter = 271
CPU usage (% each core): [25.6, 24.6, 25.9, 26.1, 22.6, 24.1, 22.8, 100.0]
RAM usage: svmem(total=33615839232, available=15915089920, percent=52.7, used=17236197376, free=7596642304, active=21100933120, inactive=3575103488, buffers=945446912, cached=7837552640, shared=51167232)
SWAP usage: sswap(total=34263265280, used=0, free=34263265280, percent=0.0, sin=0, sout=0)
          types |   # objects |   total size
=============== | =========== | ============
  <class 'bytes |           9 |    894     B
   <class 'list |           0 |    168     B
iter = 272
CPU usage (% each core): [23.4, 26.9, 23.1, 18.5, 23.9, 23.4, 23.1, 100.0]
RAM usage: svmem(total=33615839232, available=15914668032, percent=52.7, used=17236619264, free=7596220416, active=21100933120, inactive=3575103488, buffers=945446912, cached=7837552640, shared=51167232)
SWAP usage: sswap(total=34263265280, used=0, free=34263265280, percent=0.0, sin=0, sout=0)
          types |   # objects |   total size
=============== | =========== | ============
  <class 'bytes |           8 |    817     B
   <class 'list |           0 |     96     B
    <class 'int |           1 |     28     B
iter = 273
CPU usage (% each core): [26.4, 24.3, 27.3, 100.0, 23.9, 23.4, 24.3, 18.3]
RAM usage: svmem(total=33615839232, available=15913742336, percent=52.7, used=17237544960, free=7595294720, active=21100933120, inactive=3575103488, buffers=945446912, cached=7837552640, shared=51167232)
SWAP usage: sswap(total=34263265280, used=0, free=34263265280, percent=0.0, sin=0, sout=0)
          types |   # objects |   total size
=============== | =========== | ============
  <class 'bytes |           9 |    894     B
   <class 'list |           0 |    240     B
iter = 274
CPU usage (% each core): [26.8, 27.9, 25.2, 24.3, 25.0, 25.0, 24.3, 100.0]
RAM usage: svmem(total=33615839232, available=15913742336, percent=52.7, used=17237544960, free=7595294720, active=21100933120, inactive=3575103488, buffers=945451008, cached=7837548544, shared=51167232)
SWAP usage: sswap(total=34263265280, used=0, free=34263265280, percent=0.0, sin=0, sout=0)
          types |   # objects |   total size
=============== | =========== | ============
  <class 'bytes |           8 |    817     B
   <class 'list |           0 |    144     B
    <class 'int |          -1 |    -28     B
iter = 275
CPU usage (% each core): [29.2, 29.8, 28.6, 98.3, 28.3, 27.1, 27.5, 26.7]
RAM usage: svmem(total=33615839232, available=15914057728, percent=52.7, used=17237225472, free=7595610112, active=21101121536, inactive=3575103488, buffers=945451008, cached=7837552640, shared=51167232)
SWAP usage: sswap(total=34263265280, used=0, free=34263265280, percent=0.0, sin=0, sout=0)
          types |   # objects |   total size
=============== | =========== | ============
  <class 'bytes |           9 |    893     B
   <class 'list |           0 |    160     B
iter = 276
CPU usage (% each core): [22.8, 23.9, 24.1, 23.0, 100.0, 22.8, 20.4, 20.5]
RAM usage: svmem(total=33615839232, available=15913480192, percent=52.7, used=17237803008, free=7595032576, active=21100969984, inactive=3575095296, buffers=945451008, cached=7837552640, shared=51167232)
SWAP usage: sswap(total=34263265280, used=0, free=34263265280, percent=0.0, sin=0, sout=0)
          types |   # objects |   total size
=============== | =========== | ============
  <class 'bytes |           8 |    817     B
iter = 277
CPU usage (% each core): [23.9, 99.2, 26.1, 24.6, 22.0, 22.7, 22.0, 24.2]
RAM usage: svmem(total=33615839232, available=15913324544, percent=52.7, used=17237962752, free=7594872832, active=21100969984, inactive=3575099392, buffers=945451008, cached=7837552640, shared=51167232)
SWAP usage: sswap(total=34263265280, used=0, free=34263265280, percent=0.0, sin=0, sout=0)
          types |   # objects |   total size
=============== | =========== | ============
  <class 'bytes |           7 |    739     B
   <class 'list |           0 |    176     B
    <class 'int |           1 |     28     B
iter = 278
CPU usage (% each core): [21.6, 21.1, 20.9, 21.9, 100.0, 19.3, 21.2, 20.4]
RAM usage: svmem(total=33615839232, available=15912943616, percent=52.7, used=17238343680, free=7594491904, active=21100969984, inactive=3575099392, buffers=945451008, cached=7837552640, shared=51167232)
SWAP usage: sswap(total=34263265280, used=0, free=34263265280, percent=0.0, sin=0, sout=0)
          types |   # objects |   total size
=============== | =========== | ============
  <class 'bytes |           9 |    894     B
   <class 'list |           0 |    200     B
iter = 279
CPU usage (% each core): [20.7, 24.3, 21.4, 100.0, 24.3, 18.9, 21.4, 17.9]
RAM usage: svmem(total=33615839232, available=15912816640, percent=52.7, used=17238470656, free=7594364928, active=21100969984, inactive=3575099392, buffers=945451008, cached=7837552640, shared=51167232)
SWAP usage: sswap(total=34263265280, used=0, free=34263265280, percent=0.0, sin=0, sout=0)
          types |   # objects |   total size
=============== | =========== | ============
  <class 'bytes |           8 |    817     B
iter = 280
CPU usage (% each core): [25.0, 21.1, 25.0, 12.1, 24.1, 23.9, 23.9, 100.0]
RAM usage: svmem(total=33615839232, available=15912722432, percent=52.7, used=17238564864, free=7594270720, active=21101219840, inactive=3575099392, buffers=945451008, cached=7837552640, shared=51167232)
SWAP usage: sswap(total=34263265280, used=0, free=34263265280, percent=0.0, sin=0, sout=0)
          types |   # objects |   total size
=============== | =========== | ============
  <class 'bytes |           7 |    740     B
   <class 'list |           0 |    224     B
iter = 281
CPU usage (% each core): [27.0, 29.7, 25.9, 25.7, 25.0, 25.2, 25.2, 100.0]
RAM usage: svmem(total=33615839232, available=15912857600, percent=52.7, used=17238429696, free=7594405888, active=21100969984, inactive=3575099392, buffers=945451008, cached=7837552640, shared=51167232)
SWAP usage: sswap(total=34263265280, used=0, free=34263265280, percent=0.0, sin=0, sout=0)
          types |   # objects |   total size
=============== | =========== | ============
  <class 'bytes |           8 |    817     B
iter = 282
CPU usage (% each core): [33.0, 28.0, 30.6, 100.0, 27.8, 27.8, 28.4, 18.5]
RAM usage: svmem(total=33615839232, available=15913254912, percent=52.7, used=17238032384, free=7594803200, active=21100994560, inactive=3575099392, buffers=945451008, cached=7837552640, shared=51167232)
SWAP usage: sswap(total=34263265280, used=0, free=34263265280, percent=0.0, sin=0, sout=0)
          types |   # objects |   total size
=============== | =========== | ============
  <class 'bytes |           7 |    740     B
   <class 'list |           0 |    256     B
iter = 283
CPU usage (% each core): [31.5, 29.7, 28.8, 18.2, 27.3, 27.9, 26.6, 100.0]
RAM usage: svmem(total=33615839232, available=15913091072, percent=52.7, used=17238200320, free=7594635264, active=21101203456, inactive=3575091200, buffers=945451008, cached=7837552640, shared=51167232)
SWAP usage: sswap(total=34263265280, used=0, free=34263265280, percent=0.0, sin=0, sout=0)
          types |   # objects |   total size
=============== | =========== | ============
  <class 'bytes |           8 |    817     B
iter = 284
CPU usage (% each core): [30.3, 31.8, 27.8, 19.1, 28.4, 27.1, 27.8, 100.0]
RAM usage: svmem(total=33615839232, available=15913107456, percent=52.7, used=17238183936, free=7594651648, active=21100994560, inactive=3575091200, buffers=945451008, cached=7837552640, shared=51167232)
SWAP usage: sswap(total=34263265280, used=0, free=34263265280, percent=0.0, sin=0, sout=0)
          types |   # objects |     total size
=============== | =========== | ==============
   <class 'list |           0 |    -1800     B
  <class 'bytes |        -113 |   -11364     B
iter = 285
CPU usage (% each core): [29.7, 25.9, 31.0, 23.9, 27.4, 28.0, 28.6, 100.0]
RAM usage: svmem(total=33615839232, available=15913177088, percent=52.7, used=17238114304, free=7594713088, active=21100998656, inactive=3575095296, buffers=945451008, cached=7837560832, shared=51167232)
SWAP usage: sswap(total=34263265280, used=0, free=34263265280, percent=0.0, sin=0, sout=0)
          types |   # objects |   total size
=============== | =========== | ============
  <class 'bytes |           8 |    825     B
   <class 'list |           0 |    136     B
    <class 'int |          -1 |    -28     B
iter = 286
CPU usage (% each core): [34.8, 37.1, 34.2, 21.6, 32.8, 32.2, 32.2, 100.0]
RAM usage: svmem(total=33615839232, available=15914082304, percent=52.7, used=17237204992, free=7595618304, active=21100998656, inactive=3575095296, buffers=945455104, cached=7837560832, shared=51167232)
SWAP usage: sswap(total=34263265280, used=0, free=34263265280, percent=0.0, sin=0, sout=0)
          types |   # objects |   total size
=============== | =========== | ============
  <class 'bytes |           9 |    894     B
   <class 'list |           0 |    168     B
iter = 287
CPU usage (% each core): [25.0, 25.4, 24.3, 100.0, 24.3, 25.2, 24.3, 24.1]
RAM usage: svmem(total=33615839232, available=15914266624, percent=52.7, used=17237020672, free=7595802624, active=21100998656, inactive=3575095296, buffers=945455104, cached=7837560832, shared=51167232)
SWAP usage: sswap(total=34263265280, used=0, free=34263265280, percent=0.0, sin=0, sout=0)
          types |   # objects |   total size
=============== | =========== | ============
  <class 'bytes |           8 |    817     B
   <class 'list |           0 |     96     B
    <class 'int |           1 |     28     B
iter = 288
CPU usage (% each core): [23.9, 23.5, 26.3, 22.1, 21.1, 22.8, 22.8, 100.0]
RAM usage: svmem(total=33615839232, available=15913086976, percent=52.7, used=17238200320, free=7594622976, active=21100998656, inactive=3575095296, buffers=945455104, cached=7837560832, shared=51167232)
SWAP usage: sswap(total=34263265280, used=0, free=34263265280, percent=0.0, sin=0, sout=0)
          types |   # objects |   total size
=============== | =========== | ============
  <class 'bytes |           9 |    894     B
   <class 'list |           0 |    240     B
iter = 289
CPU usage (% each core): [23.7, 100.0, 23.9, 21.9, 21.1, 13.2, 18.4, 21.1]
RAM usage: svmem(total=33615839232, available=15913242624, percent=52.7, used=17238044672, free=7594778624, active=21100998656, inactive=3575095296, buffers=945455104, cached=7837560832, shared=51167232)
SWAP usage: sswap(total=34263265280, used=0, free=34263265280, percent=0.0, sin=0, sout=0)
          types |   # objects |   total size
=============== | =========== | ============
  <class 'bytes |           8 |    817     B
   <class 'list |           0 |    144     B
    <class 'int |          -1 |    -28     B
iter = 290
CPU usage (% each core): [22.3, 100.0, 24.1, 23.9, 22.1, 14.3, 24.1, 22.1]
RAM usage: svmem(total=33615839232, available=15913181184, percent=52.7, used=17238106112, free=7594717184, active=21100998656, inactive=3575095296, buffers=945455104, cached=7837560832, shared=51167232)
SWAP usage: sswap(total=34263265280, used=0, free=34263265280, percent=0.0, sin=0, sout=0)
          types |   # objects |   total size
=============== | =========== | ============
  <class 'bytes |           9 |    894     B
   <class 'list |           0 |    160     B
iter = 291
CPU usage (% each core): [28.2, 100.0, 23.9, 24.5, 24.8, 23.9, 24.5, 23.1]
RAM usage: svmem(total=33615839232, available=15911194624, percent=52.7, used=17240088576, free=7592730624, active=21101903872, inactive=3575091200, buffers=945455104, cached=7837564928, shared=51171328)
SWAP usage: sswap(total=34263265280, used=0, free=34263265280, percent=0.0, sin=0, sout=0)
          types |   # objects |   total size
=============== | =========== | ============
  <class 'bytes |           8 |    817     B
iter = 292
CPU usage (% each core): [25.2, 23.9, 26.8, 25.0, 25.0, 100.0, 26.1, 25.0]
RAM usage: svmem(total=33615839232, available=15911976960, percent=52.7, used=17239314432, free=7593508864, active=21101010944, inactive=3575091200, buffers=945455104, cached=7837560832, shared=51167232)
SWAP usage: sswap(total=34263265280, used=0, free=34263265280, percent=0.0, sin=0, sout=0)
          types |   # objects |   total size
=============== | =========== | ============
  <class 'bytes |           7 |    740     B
   <class 'list |           0 |    176     B
    <class 'int |           1 |     28     B
iter = 293
CPU usage (% each core): [25.7, 18.7, 22.9, 23.4, 23.1, 99.1, 25.9, 23.1]
RAM usage: svmem(total=33615839232, available=15912103936, percent=52.7, used=17239187456, free=7593635840, active=21101010944, inactive=3575091200, buffers=945455104, cached=7837560832, shared=51167232)
SWAP usage: sswap(total=34263265280, used=0, free=34263265280, percent=0.0, sin=0, sout=0)
          types |   # objects |   total size
=============== | =========== | ============
  <class 'bytes |           9 |    893     B
   <class 'list |           0 |    200     B
iter = 294
CPU usage (% each core): [22.3, 11.7, 25.9, 23.9, 21.6, 100.0, 22.1, 21.4]
RAM usage: svmem(total=33615839232, available=15911817216, percent=52.7, used=17239474176, free=7593349120, active=21101010944, inactive=3575091200, buffers=945455104, cached=7837560832, shared=51167232)
SWAP usage: sswap(total=34263265280, used=0, free=34263265280, percent=0.0, sin=0, sout=0)
          types |   # objects |   total size
=============== | =========== | ============
  <class 'bytes |           8 |    817     B
iter = 295
CPU usage (% each core): [25.7, 23.9, 24.1, 24.1, 23.2, 100.0, 23.2, 23.9]
RAM usage: svmem(total=33615839232, available=15911944192, percent=52.7, used=17239347200, free=7593476096, active=21101010944, inactive=3575091200, buffers=945455104, cached=7837560832, shared=51167232)
SWAP usage: sswap(total=34263265280, used=0, free=34263265280, percent=0.0, sin=0, sout=0)
          types |   # objects |   total size
=============== | =========== | ============
  <class 'bytes |           7 |    740     B
   <class 'list |           0 |    224     B
iter = 296
CPU usage (% each core): [25.0, 100.0, 25.2, 29.7, 24.3, 24.3, 24.5, 24.8]
RAM usage: svmem(total=33615839232, available=15912452096, percent=52.7, used=17238839296, free=7593984000, active=21101010944, inactive=3575091200, buffers=945455104, cached=7837560832, shared=51167232)
SWAP usage: sswap(total=34263265280, used=0, free=34263265280, percent=0.0, sin=0, sout=0)
          types |   # objects |   total size
=============== | =========== | ============
  <class 'bytes |           8 |    817     B
iter = 297
CPU usage (% each core): [24.8, 17.3, 28.2, 27.7, 22.7, 100.0, 23.4, 25.0]
RAM usage: svmem(total=33615839232, available=15911370752, percent=52.7, used=17239920640, free=7592902656, active=21101309952, inactive=3575091200, buffers=945455104, cached=7837560832, shared=51167232)
SWAP usage: sswap(total=34263265280, used=0, free=34263265280, percent=0.0, sin=0, sout=0)
          types |   # objects |   total size
=============== | =========== | ============
  <class 'bytes |           7 |    740     B
   <class 'list |           0 |    256     B
iter = 298
CPU usage (% each core): [26.8, 25.2, 27.7, 27.0, 25.9, 100.0, 26.8, 25.2]
RAM usage: svmem(total=33615839232, available=15911895040, percent=52.7, used=17239396352, free=7593426944, active=21101015040, inactive=3575091200, buffers=945455104, cached=7837560832, shared=51167232)
SWAP usage: sswap(total=34263265280, used=0, free=34263265280, percent=0.0, sin=0, sout=0)
          types |   # objects |     total size
=============== | =========== | ==============
   <class 'list |           0 |    -1832     B
  <class 'bytes |        -107 |   -11064     B
iter = 299
CPU usage (% each core): [24.1, 100.0, 25.2, 26.5, 24.8, 24.1, 25.0, 25.0]
RAM usage: svmem(total=33615839232, available=15912476672, percent=52.7, used=17238814720, free=7594000384, active=21101019136, inactive=3575095296, buffers=945455104, cached=7837569024, shared=51167232)
SWAP usage: sswap(total=34263265280, used=0, free=34263265280, percent=0.0, sin=0, sout=0)
          types |   # objects |   total size
=============== | =========== | ============
  <class 'bytes |           8 |    825     B
   <class 'list |           0 |    168     B
    <class 'int |          -1 |    -28     B
iter = 300
CPU usage (% each core): [25.5, 23.6, 26.8, 23.9, 23.6, 100.0, 27.9, 23.9]
RAM usage: svmem(total=33615839232, available=15912480768, percent=52.7, used=17238810624, free=7594004480, active=21101199360, inactive=3575095296, buffers=945455104, cached=7837569024, shared=51167232)
SWAP usage: sswap(total=34263265280, used=0, free=34263265280, percent=0.0, sin=0, sout=0)
          types |   # objects |   total size
=============== | =========== | ============
  <class 'bytes |           9 |    894     B
   <class 'list |           0 |     80     B
iter = 301
CPU usage (% each core): [28.9, 100.0, 28.1, 27.9, 27.9, 26.8, 27.0, 28.5]
RAM usage: svmem(total=33615839232, available=15912480768, percent=52.7, used=17238810624, free=7594004480, active=21101019136, inactive=3575095296, buffers=945455104, cached=7837569024, shared=51167232)
SWAP usage: sswap(total=34263265280, used=0, free=34263265280, percent=0.0, sin=0, sout=0)
          types |   # objects |   total size
=============== | =========== | ============
  <class 'bytes |           8 |    817     B
   <class 'list |           0 |    184     B
    <class 'int |           1 |     28     B
iter = 302
CPU usage (% each core): [31.5, 100.0, 29.5, 30.1, 28.9, 28.9, 30.1, 27.0]
RAM usage: svmem(total=33615839232, available=15912534016, percent=52.7, used=17238757376, free=7594057728, active=21101019136, inactive=3575095296, buffers=945455104, cached=7837569024, shared=51167232)
SWAP usage: sswap(total=34263265280, used=0, free=34263265280, percent=0.0, sin=0, sout=0)
          types |   # objects |   total size
=============== | =========== | ============
  <class 'bytes |           9 |    894     B
   <class 'list |           0 |    112     B
iter = 303
CPU usage (% each core): [26.5, 26.5, 29.1, 28.4, 23.9, 100.0, 25.9, 25.6]
RAM usage: svmem(total=33615839232, available=15912804352, percent=52.7, used=17238487040, free=7594328064, active=21101019136, inactive=3575095296, buffers=945455104, cached=7837569024, shared=51167232)
SWAP usage: sswap(total=34263265280, used=0, free=34263265280, percent=0.0, sin=0, sout=0)
          types |   # objects |   total size
=============== | =========== | ============
  <class 'bytes |           8 |    817     B
   <class 'list |           0 |    128     B
    <class 'int |          -1 |    -28     B
iter = 304
CPU usage (% each core): [28.1, 100.0, 27.8, 30.2, 27.6, 23.3, 25.0, 27.0]
RAM usage: svmem(total=33615839232, available=15912448000, percent=52.7, used=17238843392, free=7593971712, active=21101019136, inactive=3575095296, buffers=945455104, cached=7837569024, shared=51167232)
SWAP usage: sswap(total=34263265280, used=0, free=34263265280, percent=0.0, sin=0, sout=0)
          types |   # objects |   total size
=============== | =========== | ============
  <class 'bytes |           9 |    894     B
   <class 'list |           0 |    144     B
iter = 305
CPU usage (% each core): [26.1, 100.0, 26.1, 27.1, 25.4, 26.1, 26.3, 24.8]
RAM usage: svmem(total=33615839232, available=15912701952, percent=52.7, used=17238589440, free=7594225664, active=21101211648, inactive=3575095296, buffers=945455104, cached=7837569024, shared=51167232)
SWAP usage: sswap(total=34263265280, used=0, free=34263265280, percent=0.0, sin=0, sout=0)
          types |   # objects |   total size
=============== | =========== | ============
  <class 'bytes |           8 |    817     B
   <class 'list |           0 |    160     B
iter = 306
CPU usage (% each core): [25.6, 100.0, 25.4, 26.5, 25.4, 24.8, 24.1, 25.2]
RAM usage: svmem(total=33615839232, available=15912701952, percent=52.7, used=17238589440, free=7594225664, active=21101019136, inactive=3575095296, buffers=945455104, cached=7837569024, shared=51167232)
SWAP usage: sswap(total=34263265280, used=0, free=34263265280, percent=0.0, sin=0, sout=0)
          types |   # objects |   total size
=============== | =========== | ============
  <class 'bytes |           8 |    817     B
   <class 'list |           0 |    176     B
    <class 'int |           1 |     28     B
iter = 307
CPU usage (% each core): [22.6, 100.0, 24.1, 22.4, 22.4, 22.4, 23.3, 22.6]
RAM usage: svmem(total=33615839232, available=15912669184, percent=52.7, used=17238622208, free=7594192896, active=21101019136, inactive=3575095296, buffers=945455104, cached=7837569024, shared=51167232)
SWAP usage: sswap(total=34263265280, used=0, free=34263265280, percent=0.0, sin=0, sout=0)
          types |   # objects |   total size
=============== | =========== | ============
  <class 'bytes |           9 |    894     B
   <class 'list |           0 |    200     B
iter = 308
CPU usage (% each core): [22.0, 100.0, 28.4, 23.4, 21.3, 21.1, 23.4, 20.4]
RAM usage: svmem(total=33615839232, available=15912992768, percent=52.7, used=17238298624, free=7594516480, active=21101019136, inactive=3575095296, buffers=945455104, cached=7837569024, shared=51167232)
SWAP usage: sswap(total=34263265280, used=0, free=34263265280, percent=0.0, sin=0, sout=0)
          types |   # objects |   total size
=============== | =========== | ============
  <class 'bytes |           8 |    817     B
    <class 'int |          -1 |    -28     B
iter = 309
CPU usage (% each core): [24.3, 100.0, 31.8, 35.7, 22.7, 23.4, 22.7, 25.7]
RAM usage: svmem(total=33615839232, available=15912574976, percent=52.7, used=17238716416, free=7594098688, active=21101019136, inactive=3575095296, buffers=945455104, cached=7837569024, shared=51167232)
SWAP usage: sswap(total=34263265280, used=0, free=34263265280, percent=0.0, sin=0, sout=0)
          types |   # objects |   total size
=============== | =========== | ============
  <class 'bytes |           8 |    817     B
   <class 'list |           0 |    224     B
iter = 310
CPU usage (% each core): [23.6, 20.0, 24.3, 25.7, 25.2, 100.0, 23.6, 24.5]
RAM usage: svmem(total=33615839232, available=15912943616, percent=52.7, used=17238347776, free=7594467328, active=21101019136, inactive=3575095296, buffers=945455104, cached=7837569024, shared=51167232)
SWAP usage: sswap(total=34263265280, used=0, free=34263265280, percent=0.0, sin=0, sout=0)
          types |   # objects |   total size
=============== | =========== | ============
  <class 'bytes |           8 |    817     B
    <class 'int |           1 |     28     B
iter = 311
CPU usage (% each core): [45.7, 69.8, 43.4, 42.6, 40.9, 72.4, 39.5, 41.1]
RAM usage: svmem(total=33615839232, available=15912939520, percent=52.7, used=17238351872, free=7594463232, active=21101027328, inactive=3575095296, buffers=945455104, cached=7837569024, shared=51167232)
SWAP usage: sswap(total=34263265280, used=0, free=34263265280, percent=0.0, sin=0, sout=0)
          types |   # objects |   total size
=============== | =========== | ============
  <class 'bytes |           8 |    816     B
   <class 'list |           0 |    256     B
iter = 312
CPU usage (% each core): [47.7, 57.9, 45.5, 44.2, 38.6, 67.8, 42.1, 42.0]
RAM usage: svmem(total=33615839232, available=15911034880, percent=52.7, used=17240256512, free=7592558592, active=21101207552, inactive=3575095296, buffers=945455104, cached=7837569024, shared=51167232)
SWAP usage: sswap(total=34263265280, used=0, free=34263265280, percent=0.0, sin=0, sout=0)
          types |   # objects |   total size
=============== | =========== | ============
  <class 'bytes |           8 |    816     B
iter = 313
CPU usage (% each core): [66.9, 38.8, 71.2, 70.2, 62.2, 100.0, 61.5, 59.2]
RAM usage: svmem(total=33615839232, available=15911587840, percent=52.7, used=17239703552, free=7593111552, active=21101010944, inactive=3575095296, buffers=945455104, cached=7837569024, shared=51167232)
SWAP usage: sswap(total=34263265280, used=0, free=34263265280, percent=0.0, sin=0, sout=0)
          types |   # objects |     total size
=============== | =========== | ==============
   <class 'list |           0 |    -1800     B
  <class 'bytes |        -114 |   -11393     B
iter = 314
CPU usage (% each core): [50.0, 100.0, 46.0, 44.0, 42.4, 39.5, 42.7, 40.8]
RAM usage: svmem(total=33615839232, available=15942275072, percent=52.6, used=17209016320, free=7623790592, active=21072130048, inactive=3575099392, buffers=945455104, cached=7837577216, shared=51167232)
SWAP usage: sswap(total=34263265280, used=0, free=34263265280, percent=0.0, sin=0, sout=0)
          types |   # objects |   total size
=============== | =========== | ============
  <class 'bytes |           8 |    825     B
   <class 'list |           0 |    136     B
    <class 'int |          -1 |    -28     B
iter = 315
CPU usage (% each core): [26.7, 100.0, 25.9, 28.2, 26.7, 21.6, 25.6, 25.6]
RAM usage: svmem(total=33615839232, available=15942803456, percent=52.6, used=17208487936, free=7624318976, active=21072134144, inactive=3575099392, buffers=945455104, cached=7837577216, shared=51167232)
SWAP usage: sswap(total=34263265280, used=0, free=34263265280, percent=0.0, sin=0, sout=0)
          types |   # objects |   total size
=============== | =========== | ============
  <class 'bytes |           9 |    894     B
   <class 'list |           0 |    168     B
iter = 316
CPU usage (% each core): [47.7, 70.5, 48.1, 50.0, 48.1, 76.7, 60.6, 47.7]
RAM usage: svmem(total=33615839232, available=15914389504, percent=52.7, used=17236901888, free=7595905024, active=21101191168, inactive=3575099392, buffers=945455104, cached=7837577216, shared=51167232)
SWAP usage: sswap(total=34263265280, used=0, free=34263265280, percent=0.0, sin=0, sout=0)
          types |   # objects |   total size
=============== | =========== | ============
  <class 'bytes |           8 |    816     B
   <class 'list |           0 |     96     B
    <class 'int |           1 |     28     B
iter = 317
CPU usage (% each core): [30.6, 100.0, 32.1, 28.4, 28.4, 17.8, 27.8, 32.7]
RAM usage: svmem(total=33615839232, available=15913824256, percent=52.7, used=17237467136, free=7595339776, active=21101015040, inactive=3575099392, buffers=945455104, cached=7837577216, shared=51167232)
SWAP usage: sswap(total=34263265280, used=0, free=34263265280, percent=0.0, sin=0, sout=0)
          types |   # objects |   total size
=============== | =========== | ============
  <class 'bytes |           9 |    894     B
   <class 'list |           0 |    240     B
iter = 318
CPU usage (% each core): [39.7, 35.3, 37.0, 38.3, 33.9, 100.0, 33.9, 36.4]
RAM usage: svmem(total=33615839232, available=15911477248, percent=52.7, used=17239814144, free=7592992768, active=21094920192, inactive=3575099392, buffers=945455104, cached=7837577216, shared=51167232)
SWAP usage: sswap(total=34263265280, used=0, free=34263265280, percent=0.0, sin=0, sout=0)
          types |   # objects |   total size
=============== | =========== | ============
  <class 'bytes |           8 |    817     B
   <class 'list |           0 |    144     B
    <class 'int |          -1 |    -28     B
iter = 319
CPU usage (% each core): [36.6, 100.0, 22.6, 36.3, 33.0, 22.8, 99.1, 30.1]
RAM usage: svmem(total=33615839232, available=15994777600, percent=52.4, used=17156509696, free=7676293120, active=21012578304, inactive=3575099392, buffers=945455104, cached=7837581312, shared=51171328)
SWAP usage: sswap(total=34263265280, used=0, free=34263265280, percent=0.0, sin=0, sout=0)
          types |   # objects |   total size
=============== | =========== | ============
  <class 'bytes |           9 |    894     B
   <class 'list |           0 |    160     B
iter = 320
CPU usage (% each core): [25.0, 20.7, 39.1, 21.4, 21.6, 99.1, 22.7, 21.6]
RAM usage: svmem(total=33615839232, available=16000421888, percent=52.4, used=17150873600, free=7681937408, active=21013954560, inactive=3575066624, buffers=945455104, cached=7837573120, shared=51163136)
SWAP usage: sswap(total=34263265280, used=0, free=34263265280, percent=0.0, sin=0, sout=0)
          types |   # objects |   total size
=============== | =========== | ============
  <class 'bytes |           8 |    816     B
iter = 321
CPU usage (% each core): [22.3, 100.0, 23.0, 25.7, 22.8, 20.5, 27.0, 23.0]
RAM usage: svmem(total=33615839232, available=16000962560, percent=52.4, used=17150332928, free=7682478080, active=21013831680, inactive=3575066624, buffers=945455104, cached=7837573120, shared=51163136)
SWAP usage: sswap(total=34263265280, used=0, free=34263265280, percent=0.0, sin=0, sout=0)
          types |   # objects |   total size
=============== | =========== | ============
  <class 'bytes |           7 |    740     B
   <class 'list |           0 |    176     B
    <class 'int |           1 |     28     B
iter = 322
CPU usage (% each core): [22.5, 21.4, 20.9, 28.8, 20.2, 100.0, 24.5, 21.8]
RAM usage: svmem(total=33615839232, available=16000671744, percent=52.4, used=17150623744, free=7682187264, active=21013831680, inactive=3575066624, buffers=945455104, cached=7837573120, shared=51163136)
SWAP usage: sswap(total=34263265280, used=0, free=34263265280, percent=0.0, sin=0, sout=0)
          types |   # objects |   total size
=============== | =========== | ============
  <class 'bytes |           9 |    894     B
   <class 'list |           0 |    200     B
iter = 323
CPU usage (% each core): [24.1, 100.0, 22.9, 28.2, 21.3, 19.3, 24.8, 21.3]
RAM usage: svmem(total=33615839232, available=16000159744, percent=52.4, used=17151135744, free=7681675264, active=21013831680, inactive=3575066624, buffers=945455104, cached=7837573120, shared=51163136)
SWAP usage: sswap(total=34263265280, used=0, free=34263265280, percent=0.0, sin=0, sout=0)
          types |   # objects |   total size
=============== | =========== | ============
  <class 'bytes |           8 |    817     B
iter = 324
CPU usage (% each core): [25.9, 20.4, 24.1, 28.4, 22.0, 100.0, 22.0, 22.7]
RAM usage: svmem(total=33615839232, available=16000167936, percent=52.4, used=17151127552, free=7681683456, active=21014028288, inactive=3575066624, buffers=945455104, cached=7837573120, shared=51163136)
SWAP usage: sswap(total=34263265280, used=0, free=34263265280, percent=0.0, sin=0, sout=0)
          types |   # objects |   total size
=============== | =========== | ============
  <class 'bytes |           7 |    740     B
   <class 'list |           0 |    224     B
iter = 325
CPU usage (% each core): [24.6, 26.1, 24.1, 20.2, 21.6, 21.9, 20.2, 100.0]
RAM usage: svmem(total=33615839232, available=15999537152, percent=52.4, used=17151758336, free=7681052672, active=21013835776, inactive=3575066624, buffers=945455104, cached=7837573120, shared=51163136)
SWAP usage: sswap(total=34263265280, used=0, free=34263265280, percent=0.0, sin=0, sout=0)
          types |   # objects |   total size
=============== | =========== | ============
  <class 'bytes |           8 |    817     B
iter = 326
CPU usage (% each core): [21.7, 22.8, 24.3, 22.4, 23.5, 21.1, 21.7, 100.0]
RAM usage: svmem(total=33615839232, available=16000442368, percent=52.4, used=17150853120, free=7681957888, active=21013835776, inactive=3575066624, buffers=945455104, cached=7837573120, shared=51163136)
SWAP usage: sswap(total=34263265280, used=0, free=34263265280, percent=0.0, sin=0, sout=0)
          types |   # objects |   total size
=============== | =========== | ============
  <class 'bytes |           7 |    740     B
   <class 'list |           0 |    256     B
iter = 327
CPU usage (% each core): [24.5, 25.0, 27.7, 19.8, 19.8, 20.7, 21.4, 100.0]
RAM usage: svmem(total=33615839232, available=16000643072, percent=52.4, used=17150652416, free=7682158592, active=21013835776, inactive=3575066624, buffers=945455104, cached=7837573120, shared=51163136)
SWAP usage: sswap(total=34263265280, used=0, free=34263265280, percent=0.0, sin=0, sout=0)
          types |   # objects |     total size
=============== | =========== | ==============
   <class 'list |           0 |    -1832     B
  <class 'bytes |        -107 |   -11063     B
iter = 328
CPU usage (% each core): [25.2, 21.7, 22.6, 26.1, 21.7, 21.7, 21.1, 100.0]
RAM usage: svmem(total=33615839232, available=16000798720, percent=52.4, used=17150496768, free=7682306048, active=21013848064, inactive=3575070720, buffers=945455104, cached=7837581312, shared=51163136)
SWAP usage: sswap(total=34263265280, used=0, free=34263265280, percent=0.0, sin=0, sout=0)
          types |   # objects |   total size
=============== | =========== | ============
  <class 'bytes |           8 |    825     B
   <class 'list |           0 |    168     B
    <class 'int |          -1 |    -28     B
iter = 329
CPU usage (% each core): [25.7, 28.6, 27.4, 22.5, 23.2, 24.1, 23.2, 100.0]
RAM usage: svmem(total=33615839232, available=16000667648, percent=52.4, used=17150627840, free=7682174976, active=21013839872, inactive=3575070720, buffers=945455104, cached=7837581312, shared=51163136)
SWAP usage: sswap(total=34263265280, used=0, free=34263265280, percent=0.0, sin=0, sout=0)
          types |   # objects |   total size
=============== | =========== | ============
  <class 'bytes |           9 |    894     B
   <class 'list |           0 |     80     B
iter = 330
CPU usage (% each core): [23.7, 21.2, 25.9, 25.2, 20.9, 100.0, 20.9, 20.9]
RAM usage: svmem(total=33615839232, available=16000081920, percent=52.4, used=17151213568, free=7681589248, active=21013839872, inactive=3575074816, buffers=945455104, cached=7837581312, shared=51163136)
SWAP usage: sswap(total=34263265280, used=0, free=34263265280, percent=0.0, sin=0, sout=0)
          types |   # objects |   total size
=============== | =========== | ============
  <class 'bytes |           8 |    817     B
   <class 'list |           0 |    184     B
    <class 'int |           1 |     28     B
iter = 331
CPU usage (% each core): [21.7, 23.5, 99.1, 21.9, 20.0, 26.3, 18.4, 20.0]
RAM usage: svmem(total=33615839232, available=16000974848, percent=52.4, used=17150320640, free=7682482176, active=21014024192, inactive=3575074816, buffers=945455104, cached=7837581312, shared=51163136)
SWAP usage: sswap(total=34263265280, used=0, free=34263265280, percent=0.0, sin=0, sout=0)
          types |   # objects |   total size
=============== | =========== | ============
  <class 'bytes |           9 |    893     B
   <class 'list |           0 |    112     B
iter = 332
CPU usage (% each core): [22.7, 22.9, 21.1, 25.5, 21.8, 28.2, 100.0, 20.2]
RAM usage: svmem(total=33615839232, available=16001703936, percent=52.4, used=17149591552, free=7683211264, active=21013831680, inactive=3575074816, buffers=945455104, cached=7837581312, shared=51163136)
SWAP usage: sswap(total=34263265280, used=0, free=34263265280, percent=0.0, sin=0, sout=0)
          types |   # objects |   total size
=============== | =========== | ============
  <class 'bytes |           8 |    817     B
   <class 'list |           0 |    128     B
    <class 'int |          -1 |    -28     B
iter = 333
CPU usage (% each core): [23.9, 22.9, 20.2, 23.6, 21.1, 19.4, 99.1, 22.0]
RAM usage: svmem(total=33615839232, available=16001294336, percent=52.4, used=17150001152, free=7682801664, active=21013831680, inactive=3575074816, buffers=945455104, cached=7837581312, shared=51163136)
SWAP usage: sswap(total=34263265280, used=0, free=34263265280, percent=0.0, sin=0, sout=0)
          types |   # objects |   total size
=============== | =========== | ============
  <class 'bytes |           9 |    893     B
   <class 'list |           0 |    144     B
iter = 334
CPU usage (% each core): [22.5, 24.3, 99.1, 19.3, 20.9, 22.3, 20.9, 25.2]
RAM usage: svmem(total=33615839232, available=16000983040, percent=52.4, used=17150312448, free=7682490368, active=21013831680, inactive=3575074816, buffers=945455104, cached=7837581312, shared=51163136)
SWAP usage: sswap(total=34263265280, used=0, free=34263265280, percent=0.0, sin=0, sout=0)
          types |   # objects |   total size
=============== | =========== | ============
  <class 'bytes |           8 |    816     B
   <class 'list |           0 |    160     B
iter = 335
CPU usage (% each core): [27.0, 23.5, 23.5, 29.8, 23.3, 22.8, 100.0, 25.9]
RAM usage: svmem(total=33615839232, available=16001470464, percent=52.4, used=17149825024, free=7682977792, active=21013831680, inactive=3575074816, buffers=945455104, cached=7837581312, shared=51163136)
SWAP usage: sswap(total=34263265280, used=0, free=34263265280, percent=0.0, sin=0, sout=0)
          types |   # objects |   total size
=============== | =========== | ============
  <class 'bytes |           8 |    817     B
   <class 'list |           0 |    176     B
    <class 'int |           1 |     28     B
iter = 336
CPU usage (% each core): [24.1, 20.4, 100.0, 22.9, 20.4, 20.4, 21.1, 27.9]
RAM usage: svmem(total=33615839232, available=16001966080, percent=52.4, used=17149329408, free=7683473408, active=21013831680, inactive=3575074816, buffers=945455104, cached=7837581312, shared=51163136)
SWAP usage: sswap(total=34263265280, used=0, free=34263265280, percent=0.0, sin=0, sout=0)
          types |   # objects |   total size
=============== | =========== | ============
  <class 'bytes |           9 |    894     B
   <class 'list |           0 |    200     B
iter = 337
CPU usage (% each core): [22.4, 28.3, 22.4, 25.0, 26.3, 22.6, 99.1, 22.6]
RAM usage: svmem(total=33615839232, available=16001310720, percent=52.4, used=17149984768, free=7682818048, active=21013831680, inactive=3575074816, buffers=945455104, cached=7837581312, shared=51163136)
SWAP usage: sswap(total=34263265280, used=0, free=34263265280, percent=0.0, sin=0, sout=0)
          types |   # objects |   total size
=============== | =========== | ============
  <class 'bytes |           8 |    816     B
    <class 'int |          -1 |    -28     B
iter = 338
CPU usage (% each core): [19.3, 17.6, 100.0, 20.2, 17.1, 24.3, 20.0, 20.9]
RAM usage: svmem(total=33615839232, available=16002277376, percent=52.4, used=17149018112, free=7683784704, active=21013831680, inactive=3575074816, buffers=945455104, cached=7837581312, shared=51163136)
SWAP usage: sswap(total=34263265280, used=0, free=34263265280, percent=0.0, sin=0, sout=0)
          types |   # objects |   total size
=============== | =========== | ============
  <class 'bytes |           8 |    817     B
   <class 'list |           0 |    224     B
    <class 'int |           0 |     -4     B
iter = 339
CPU usage (% each core): [28.8, 30.5, 98.3, 28.2, 24.1, 20.5, 23.7, 23.7]
RAM usage: svmem(total=33615839232, available=16001372160, percent=52.4, used=17149923328, free=7682879488, active=21014028288, inactive=3575074816, buffers=945455104, cached=7837581312, shared=51163136)
SWAP usage: sswap(total=34263265280, used=0, free=34263265280, percent=0.0, sin=0, sout=0)
          types |   # objects |   total size
=============== | =========== | ============
  <class 'bytes |           9 |    893     B
   <class 'list |           0 |    256     B
    <class 'int |           1 |     32     B
iter = 340
CPU usage (% each core): [20.4, 26.5, 22.8, 22.6, 100.0, 22.1, 21.4, 28.3]
RAM usage: svmem(total=33615839232, available=16000827392, percent=52.4, used=17150468096, free=7682334720, active=21014003712, inactive=3575074816, buffers=945455104, cached=7837581312, shared=51163136)
SWAP usage: sswap(total=34263265280, used=0, free=34263265280, percent=0.0, sin=0, sout=0)
          types |   # objects |   total size
=============== | =========== | ============
  <class 'bytes |           9 |    894     B
iter = 341
CPU usage (% each core): [20.0, 23.6, 22.7, 21.6, 100.0, 20.9, 21.6, 25.5]
RAM usage: svmem(total=33615839232, available=16000925696, percent=52.4, used=17150369792, free=7682433024, active=21013831680, inactive=3575074816, buffers=945455104, cached=7837581312, shared=51163136)
SWAP usage: sswap(total=34263265280, used=0, free=34263265280, percent=0.0, sin=0, sout=0)
          types |   # objects |   total size
=============== | =========== | ============
  <class 'bytes |           7 |    740     B
   <class 'list |           0 |    288     B
iter = 342
CPU usage (% each core): [21.6, 26.1, 22.7, 25.2, 100.0, 22.7, 22.7, 25.2]
RAM usage: svmem(total=33615839232, available=16001626112, percent=52.4, used=17149669376, free=7683133440, active=21013831680, inactive=3575074816, buffers=945455104, cached=7837581312, shared=51163136)
SWAP usage: sswap(total=34263265280, used=0, free=34263265280, percent=0.0, sin=0, sout=0)
          types |   # objects |     total size
=============== | =========== | ==============
   <class 'list |           0 |    -2024     B
  <class 'bytes |        -112 |   -11240     B
iter = 343
CPU usage (% each core): [100.0, 28.9, 23.7, 24.8, 22.8, 23.7, 23.7, 27.0]
RAM usage: svmem(total=33615839232, available=16001191936, percent=52.4, used=17150103552, free=7682691072, active=21013835776, inactive=3575078912, buffers=945455104, cached=7837589504, shared=51163136)
SWAP usage: sswap(total=34263265280, used=0, free=34263265280, percent=0.0, sin=0, sout=0)
          types |   # objects |   total size
=============== | =========== | ============
  <class 'bytes |           8 |    825     B
   <class 'list |           0 |    152     B
    <class 'int |          -1 |    -28     B
iter = 344
CPU usage (% each core): [27.1, 22.2, 19.1, 20.0, 100.0, 19.1, 19.1, 18.1]
RAM usage: svmem(total=33615839232, available=16001216512, percent=52.4, used=17150078976, free=7682715648, active=21013983232, inactive=3575078912, buffers=945455104, cached=7837589504, shared=51163136)
SWAP usage: sswap(total=34263265280, used=0, free=34263265280, percent=0.0, sin=0, sout=0)
          types |   # objects |   total size
=============== | =========== | ============
  <class 'bytes |           9 |    894     B
   <class 'list |           0 |     88     B
    <class 'int |           1 |     28     B
iter = 345
CPU usage (% each core): [21.1, 23.0, 20.2, 23.3, 26.3, 20.9, 100.0, 21.1]
RAM usage: svmem(total=33615839232, available=16001392640, percent=52.4, used=17149902848, free=7682891776, active=21013835776, inactive=3575078912, buffers=945455104, cached=7837589504, shared=51163136)
SWAP usage: sswap(total=34263265280, used=0, free=34263265280, percent=0.0, sin=0, sout=0)
          types |   # objects |   total size
=============== | =========== | ============
  <class 'bytes |           9 |    894     B
   <class 'list |           0 |    208     B
iter = 346
CPU usage (% each core): [27.0, 27.9, 21.2, 25.9, 23.2, 23.2, 100.0, 23.2]
RAM usage: svmem(total=33615839232, available=16000954368, percent=52.4, used=17150341120, free=7682453504, active=21013835776, inactive=3575078912, buffers=945455104, cached=7837589504, shared=51163136)
SWAP usage: sswap(total=34263265280, used=0, free=34263265280, percent=0.0, sin=0, sout=0)
          types |   # objects |   total size
=============== | =========== | ============
  <class 'bytes |           8 |    817     B
   <class 'list |           0 |    128     B
iter = 347
CPU usage (% each core): [23.2, 26.8, 20.7, 25.0, 29.1, 23.2, 100.0, 23.2]
RAM usage: svmem(total=33615839232, available=16001761280, percent=52.4, used=17149534208, free=7683260416, active=21014024192, inactive=3575078912, buffers=945455104, cached=7837589504, shared=51163136)
SWAP usage: sswap(total=34263265280, used=0, free=34263265280, percent=0.0, sin=0, sout=0)
          types |   # objects |   total size
=============== | =========== | ============
  <class 'bytes |           8 |    817     B
   <class 'list |           0 |    144     B
iter = 348
CPU usage (% each core): [20.5, 20.4, 24.8, 22.3, 21.1, 20.4, 100.0, 19.5]
RAM usage: svmem(total=33615839232, available=16001675264, percent=52.4, used=17149620224, free=7683174400, active=21013835776, inactive=3575078912, buffers=945455104, cached=7837589504, shared=51163136)
SWAP usage: sswap(total=34263265280, used=0, free=34263265280, percent=0.0, sin=0, sout=0)
          types |   # objects |   total size
=============== | =========== | ============
  <class 'bytes |           8 |    817     B
   <class 'list |           0 |    160     B
iter = 349
CPU usage (% each core): [25.9, 24.3, 21.7, 23.3, 20.9, 21.6, 100.0, 21.7]
RAM usage: svmem(total=33615839232, available=16001380352, percent=52.4, used=17149915136, free=7682879488, active=21013835776, inactive=3575078912, buffers=945455104, cached=7837589504, shared=51163136)
SWAP usage: sswap(total=34263265280, used=0, free=34263265280, percent=0.0, sin=0, sout=0)
          types |   # objects |   total size
=============== | =========== | ============
  <class 'bytes |           8 |    817     B
   <class 'list |           0 |    176     B
    <class 'int |          -1 |    -28     B
iter = 350
CPU usage (% each core): [26.4, 29.2, 100.0, 25.0, 23.1, 21.8, 23.1, 22.3]
RAM usage: svmem(total=33615839232, available=16001515520, percent=52.4, used=17149779968, free=7683014656, active=21013835776, inactive=3575078912, buffers=945455104, cached=7837589504, shared=51163136)
SWAP usage: sswap(total=34263265280, used=0, free=34263265280, percent=0.0, sin=0, sout=0)
          types |   # objects |   total size
=============== | =========== | ============
  <class 'bytes |           9 |    894     B
    <class 'int |           1 |     28     B
iter = 351
CPU usage (% each core): [24.8, 25.7, 100.0, 22.1, 19.6, 20.4, 20.4, 22.3]
RAM usage: svmem(total=33615839232, available=16001105920, percent=52.4, used=17150189568, free=7682605056, active=21013835776, inactive=3575078912, buffers=945455104, cached=7837589504, shared=51163136)
SWAP usage: sswap(total=34263265280, used=0, free=34263265280, percent=0.0, sin=0, sout=0)
          types |   # objects |   total size
=============== | =========== | ============
  <class 'bytes |           8 |    817     B
   <class 'list |           0 |    200     B
iter = 352
CPU usage (% each core): [22.7, 24.8, 21.2, 26.1, 22.1, 21.4, 100.0, 22.3]
RAM usage: svmem(total=33615839232, available=16000688128, percent=52.4, used=17150607360, free=7682187264, active=21013835776, inactive=3575078912, buffers=945455104, cached=7837589504, shared=51163136)
SWAP usage: sswap(total=34263265280, used=0, free=34263265280, percent=0.0, sin=0, sout=0)
          types |   # objects |   total size
=============== | =========== | ============
  <class 'bytes |           8 |    817     B
   <class 'list |           0 |    224     B
    <class 'int |           0 |      4     B
iter = 353
CPU usage (% each core): [99.1, 24.1, 25.0, 26.5, 19.1, 21.4, 22.4, 21.6]
RAM usage: svmem(total=33615839232, available=16000610304, percent=52.4, used=17150685184, free=7682109440, active=21013835776, inactive=3575078912, buffers=945455104, cached=7837589504, shared=51163136)
SWAP usage: sswap(total=34263265280, used=0, free=34263265280, percent=0.0, sin=0, sout=0)
          types |   # objects |   total size
=============== | =========== | ============
  <class 'bytes |           9 |    893     B
iter = 354
CPU usage (% each core): [19.4, 23.9, 28.4, 21.1, 99.1, 25.9, 21.8, 22.0]
RAM usage: svmem(total=33615839232, available=16001220608, percent=52.4, used=17150074880, free=7682719744, active=21014032384, inactive=3575078912, buffers=945455104, cached=7837589504, shared=51163136)
SWAP usage: sswap(total=34263265280, used=0, free=34263265280, percent=0.0, sin=0, sout=0)
          types |   # objects |   total size
=============== | =========== | ============
  <class 'bytes |           7 |    739     B
   <class 'list |           0 |    256     B
iter = 355
CPU usage (% each core): [100.0, 25.0, 25.7, 27.4, 21.4, 22.1, 22.3, 21.2]
RAM usage: svmem(total=33615839232, available=16002236416, percent=52.4, used=17149059072, free=7683735552, active=21014032384, inactive=3575078912, buffers=945455104, cached=7837589504, shared=51163136)
SWAP usage: sswap(total=34263265280, used=0, free=34263265280, percent=0.0, sin=0, sout=0)
          types |   # objects |   total size
=============== | =========== | ============
  <class 'bytes |           8 |    817     B
    <class 'int |          -1 |    -28     B
iter = 356
CPU usage (% each core): [100.0, 26.3, 23.6, 28.9, 18.7, 23.2, 23.0, 22.3]
RAM usage: svmem(total=33615839232, available=16002756608, percent=52.4, used=17148538880, free=7684255744, active=21013835776, inactive=3575078912, buffers=945455104, cached=7837589504, shared=51163136)
SWAP usage: sswap(total=34263265280, used=0, free=34263265280, percent=0.0, sin=0, sout=0)
          types |   # objects |     total size
=============== | =========== | ==============
    <class 'int |           1 |       28     B
   <class 'list |           0 |    -1832     B
  <class 'bytes |        -111 |   -11321     B
iter = 357
CPU usage (% each core): [100.0, 23.6, 25.0, 21.2, 17.0, 21.4, 20.5, 20.5]
RAM usage: svmem(total=33615839232, available=16003350528, percent=52.4, used=17147944960, free=7684841472, active=21013839872, inactive=3575083008, buffers=945455104, cached=7837597696, shared=51163136)
SWAP usage: sswap(total=34263265280, used=0, free=34263265280, percent=0.0, sin=0, sout=0)
          types |   # objects |   total size
=============== | =========== | ============
  <class 'bytes |           9 |    904     B
   <class 'list |           0 |    168     B
    <class 'int |          -1 |    -28     B
iter = 358
CPU usage (% each core): [100.0, 28.3, 23.2, 21.6, 17.9, 22.3, 27.9, 22.3]
RAM usage: svmem(total=33615839232, available=16002256896, percent=52.4, used=17149038592, free=7683747840, active=21013839872, inactive=3575083008, buffers=945455104, cached=7837597696, shared=51163136)
SWAP usage: sswap(total=34263265280, used=0, free=34263265280, percent=0.0, sin=0, sout=0)
          types |   # objects |   total size
=============== | =========== | ============
  <class 'bytes |           9 |    894     B
   <class 'list |           0 |    168     B
iter = 359
CPU usage (% each core): [100.0, 26.4, 24.3, 24.3, 21.8, 22.5, 23.2, 28.8]
RAM usage: svmem(total=33615839232, available=16000663552, percent=52.4, used=17150631936, free=7682154496, active=21013839872, inactive=3575083008, buffers=945455104, cached=7837597696, shared=51163136)
SWAP usage: sswap(total=34263265280, used=0, free=34263265280, percent=0.0, sin=0, sout=0)
          types |   # objects |   total size
=============== | =========== | ============
  <class 'bytes |           8 |    817     B
   <class 'list |           0 |     96     B
    <class 'int |           1 |     28     B
iter = 360
CPU usage (% each core): [100.0, 22.7, 26.6, 25.7, 19.3, 21.1, 21.8, 22.9]
RAM usage: svmem(total=33615839232, available=16002228224, percent=52.4, used=17149067264, free=7683719168, active=21013839872, inactive=3575083008, buffers=945455104, cached=7837597696, shared=51163136)
SWAP usage: sswap(total=34263265280, used=0, free=34263265280, percent=0.0, sin=0, sout=0)
          types |   # objects |   total size
=============== | =========== | ============
  <class 'bytes |           9 |    894     B
   <class 'list |           0 |    240     B
iter = 361
CPU usage (% each core): [100.0, 24.5, 27.7, 21.6, 22.3, 23.4, 22.5, 24.3]
RAM usage: svmem(total=33615839232, available=16002154496, percent=52.4, used=17149140992, free=7683645440, active=21013839872, inactive=3575083008, buffers=945455104, cached=7837597696, shared=51163136)
SWAP usage: sswap(total=34263265280, used=0, free=34263265280, percent=0.0, sin=0, sout=0)
          types |   # objects |   total size
=============== | =========== | ============
  <class 'bytes |           8 |    817     B
   <class 'list |           0 |    144     B
    <class 'int |          -1 |    -28     B
iter = 362
CPU usage (% each core): [100.0, 25.7, 25.7, 22.0, 20.2, 21.8, 21.3, 24.8]
RAM usage: svmem(total=33615839232, available=16001138688, percent=52.4, used=17150156800, free=7682629632, active=21013839872, inactive=3575083008, buffers=945455104, cached=7837597696, shared=51163136)
SWAP usage: sswap(total=34263265280, used=0, free=34263265280, percent=0.0, sin=0, sout=0)
          types |   # objects |   total size
=============== | =========== | ============
  <class 'bytes |           9 |    894     B
   <class 'list |           0 |    160     B
iter = 363
CPU usage (% each core): [22.8, 25.2, 26.3, 22.8, 100.0, 24.6, 23.5, 27.4]
RAM usage: svmem(total=33615839232, available=16001609728, percent=52.4, used=17149685760, free=7683100672, active=21014032384, inactive=3575083008, buffers=945455104, cached=7837597696, shared=51163136)
SWAP usage: sswap(total=34263265280, used=0, free=34263265280, percent=0.0, sin=0, sout=0)
          types |   # objects |   total size
=============== | =========== | ============
  <class 'bytes |           8 |    817     B
iter = 364
CPU usage (% each core): [19.8, 25.9, 25.0, 20.9, 100.0, 20.0, 20.0, 23.7]
RAM usage: svmem(total=33615839232, available=16001081344, percent=52.4, used=17150214144, free=7682572288, active=21013839872, inactive=3575083008, buffers=945455104, cached=7837597696, shared=51163136)
SWAP usage: sswap(total=34263265280, used=0, free=34263265280, percent=0.0, sin=0, sout=0)
          types |   # objects |   total size
=============== | =========== | ============
  <class 'bytes |           7 |    740     B
   <class 'list |           0 |    176     B
    <class 'int |           1 |     28     B
iter = 365
CPU usage (% each core): [22.3, 25.9, 23.4, 22.3, 99.1, 23.2, 22.5, 23.6]
RAM usage: svmem(total=33615839232, available=16001069056, percent=52.4, used=17150226432, free=7682560000, active=21013839872, inactive=3575083008, buffers=945455104, cached=7837597696, shared=51163136)
SWAP usage: sswap(total=34263265280, used=0, free=34263265280, percent=0.0, sin=0, sout=0)
          types |   # objects |   total size
=============== | =========== | ============
  <class 'bytes |           9 |    893     B
   <class 'list |           0 |    200     B
iter = 366
CPU usage (% each core): [24.0, 27.5, 100.0, 29.2, 24.6, 22.3, 21.3, 22.8]
RAM usage: svmem(total=33615839232, available=16001171456, percent=52.4, used=17150124032, free=7682662400, active=21013839872, inactive=3575083008, buffers=945455104, cached=7837597696, shared=51163136)
SWAP usage: sswap(total=34263265280, used=0, free=34263265280, percent=0.0, sin=0, sout=0)
          types |   # objects |   total size
=============== | =========== | ============
  <class 'bytes |           8 |    817     B
iter = 367
CPU usage (% each core): [29.3, 26.1, 20.4, 99.1, 23.0, 20.4, 21.1, 21.2]
RAM usage: svmem(total=33615839232, available=16001384448, percent=52.4, used=17149911040, free=7682875392, active=21014044672, inactive=3575083008, buffers=945455104, cached=7837597696, shared=51163136)
SWAP usage: sswap(total=34263265280, used=0, free=34263265280, percent=0.0, sin=0, sout=0)
          types |   # objects |   total size
=============== | =========== | ============
  <class 'bytes |           7 |    739     B
   <class 'list |           0 |    224     B
iter = 368
CPU usage (% each core): [26.3, 25.9, 24.1, 21.1, 21.7, 23.3, 22.6, 99.1]
RAM usage: svmem(total=33615839232, available=16001224704, percent=52.4, used=17150070784, free=7682715648, active=21013839872, inactive=3575083008, buffers=945455104, cached=7837597696, shared=51163136)
SWAP usage: sswap(total=34263265280, used=0, free=34263265280, percent=0.0, sin=0, sout=0)
          types |   # objects |   total size
=============== | =========== | ============
  <class 'bytes |           8 |    816     B
iter = 369
CPU usage (% each core): [22.2, 23.9, 22.9, 100.0, 21.3, 29.4, 22.0, 14.8]
RAM usage: svmem(total=33615839232, available=16000438272, percent=52.4, used=17150857216, free=7681929216, active=21013839872, inactive=3575083008, buffers=945455104, cached=7837597696, shared=51163136)
SWAP usage: sswap(total=34263265280, used=0, free=34263265280, percent=0.0, sin=0, sout=0)
          types |   # objects |   total size
=============== | =========== | ============
  <class 'bytes |           7 |    740     B
   <class 'list |           0 |    256     B
iter = 370
CPU usage (% each core): [24.8, 25.6, 27.4, 100.0, 23.7, 23.7, 22.9, 23.1]
RAM usage: svmem(total=33615839232, available=16000471040, percent=52.4, used=17150824448, free=7681961984, active=21014036480, inactive=3575083008, buffers=945455104, cached=7837597696, shared=51163136)
SWAP usage: sswap(total=34263265280, used=0, free=34263265280, percent=0.0, sin=0, sout=0)
          types |   # objects |   total size
=============== | =========== | ============
  <class 'bytes |           8 |    817     B
iter = 371
CPU usage (% each core): [22.9, 24.1, 19.0, 99.2, 20.5, 23.3, 20.5, 21.4]
RAM usage: svmem(total=33615839232, available=16000602112, percent=52.4, used=17150693376, free=7682093056, active=21013839872, inactive=3575083008, buffers=945455104, cached=7837597696, shared=51163136)
SWAP usage: sswap(total=34263265280, used=0, free=34263265280, percent=0.0, sin=0, sout=0)
          types |   # objects |     total size
=============== | =========== | ==============
   <class 'list |           0 |    -1800     B
  <class 'bytes |        -113 |   -11363     B
iter = 372
CPU usage (% each core): [24.8, 25.7, 24.1, 18.7, 20.5, 21.1, 20.5, 100.0]
RAM usage: svmem(total=33615839232, available=16000241664, percent=52.4, used=17151053824, free=7681724416, active=21013843968, inactive=3575087104, buffers=945455104, cached=7837605888, shared=51163136)
SWAP usage: sswap(total=34263265280, used=0, free=34263265280, percent=0.0, sin=0, sout=0)
          types |   # objects |   total size
=============== | =========== | ============
  <class 'bytes |           8 |    825     B
   <class 'list |           0 |    136     B
    <class 'int |          -1 |    -28     B
iter = 373
CPU usage (% each core): [30.9, 24.3, 27.9, 17.9, 23.4, 21.8, 23.4, 100.0]
RAM usage: svmem(total=33615839232, available=16001503232, percent=52.4, used=17149792256, free=7682985984, active=21013843968, inactive=3575087104, buffers=945455104, cached=7837605888, shared=51163136)
SWAP usage: sswap(total=34263265280, used=0, free=34263265280, percent=0.0, sin=0, sout=0)
          types |   # objects |   total size
=============== | =========== | ============
  <class 'bytes |           9 |    894     B
   <class 'list |           0 |    168     B
iter = 374
CPU usage (% each core): [25.0, 23.3, 100.0, 21.7, 21.7, 29.4, 21.7, 22.7]
RAM usage: svmem(total=33615839232, available=16001011712, percent=52.4, used=17150283776, free=7682494464, active=21013856256, inactive=3575087104, buffers=945455104, cached=7837605888, shared=51163136)
SWAP usage: sswap(total=34263265280, used=0, free=34263265280, percent=0.0, sin=0, sout=0)
          types |   # objects |   total size
=============== | =========== | ============
  <class 'bytes |           8 |    817     B
   <class 'list |           0 |     96     B
    <class 'int |           1 |     28     B
iter = 375
CPU usage (% each core): [25.0, 23.9, 18.8, 21.4, 20.5, 20.4, 100.0, 21.2]
RAM usage: svmem(total=33615839232, available=16000286720, percent=52.4, used=17151008768, free=7681769472, active=21013843968, inactive=3575087104, buffers=945455104, cached=7837605888, shared=51163136)
SWAP usage: sswap(total=34263265280, used=0, free=34263265280, percent=0.0, sin=0, sout=0)
          types |   # objects |   total size
=============== | =========== | ============
  <class 'bytes |           9 |    894     B
   <class 'list |           0 |    240     B
iter = 376
CPU usage (% each core): [23.0, 21.2, 100.0, 28.1, 21.9, 22.1, 21.1, 27.2]
RAM usage: svmem(total=33615839232, available=16000364544, percent=52.4, used=17150930944, free=7681843200, active=21014036480, inactive=3575087104, buffers=945459200, cached=7837605888, shared=51163136)
SWAP usage: sswap(total=34263265280, used=0, free=34263265280, percent=0.0, sin=0, sout=0)
          types |   # objects |   total size
=============== | =========== | ============
  <class 'bytes |           8 |    817     B
   <class 'list |           0 |    144     B
    <class 'int |          -1 |    -28     B
iter = 377
CPU usage (% each core): [23.2, 29.7, 19.6, 25.9, 21.4, 21.4, 99.1, 21.4]
RAM usage: svmem(total=33615839232, available=16000540672, percent=52.4, used=17150754816, free=7682019328, active=21014036480, inactive=3575087104, buffers=945459200, cached=7837605888, shared=51163136)
SWAP usage: sswap(total=34263265280, used=0, free=34263265280, percent=0.0, sin=0, sout=0)
          types |   # objects |   total size
=============== | =========== | ============
  <class 'bytes |           9 |    893     B
   <class 'list |           0 |    160     B
iter = 378
CPU usage (% each core): [25.7, 27.0, 100.0, 25.4, 22.1, 21.1, 19.5, 21.4]
RAM usage: svmem(total=33615839232, available=16002035712, percent=52.4, used=17149259776, free=7683514368, active=21013848064, inactive=3575087104, buffers=945459200, cached=7837605888, shared=51163136)
SWAP usage: sswap(total=34263265280, used=0, free=34263265280, percent=0.0, sin=0, sout=0)
          types |   # objects |   total size
=============== | =========== | ============
  <class 'bytes |           8 |    817     B
iter = 379
CPU usage (% each core): [22.1, 18.6, 18.4, 22.6, 18.6, 19.5, 100.0, 20.2]
RAM usage: svmem(total=33615839232, available=16001970176, percent=52.4, used=17149325312, free=7683448832, active=21013848064, inactive=3575087104, buffers=945459200, cached=7837605888, shared=51163136)
SWAP usage: sswap(total=34263265280, used=0, free=34263265280, percent=0.0, sin=0, sout=0)
          types |   # objects |   total size
=============== | =========== | ============
  <class 'bytes |           7 |    740     B
   <class 'list |           0 |    176     B
    <class 'int |           1 |     28     B
iter = 380
CPU usage (% each core): [35.7, 24.5, 100.0, 25.5, 22.3, 20.9, 19.8, 21.6]
RAM usage: svmem(total=33615839232, available=16001581056, percent=52.4, used=17149714432, free=7683059712, active=21013848064, inactive=3575087104, buffers=945459200, cached=7837605888, shared=51163136)
SWAP usage: sswap(total=34263265280, used=0, free=34263265280, percent=0.0, sin=0, sout=0)
          types |   # objects |   total size
=============== | =========== | ============
  <class 'bytes |           9 |    894     B
   <class 'list |           0 |    200     B
iter = 381
CPU usage (% each core): [30.1, 28.1, 22.8, 23.0, 23.7, 23.5, 99.1, 22.1]
RAM usage: svmem(total=33615839232, available=16001998848, percent=52.4, used=17149296640, free=7683477504, active=21014089728, inactive=3575087104, buffers=945459200, cached=7837605888, shared=51163136)
SWAP usage: sswap(total=34263265280, used=0, free=34263265280, percent=0.0, sin=0, sout=0)
          types |   # objects |   total size
=============== | =========== | ============
  <class 'bytes |           8 |    816     B
iter = 382
CPU usage (% each core): [25.4, 24.1, 98.3, 25.4, 20.0, 21.4, 21.4, 23.1]
RAM usage: svmem(total=33615839232, available=16001564672, percent=52.4, used=17149730816, free=7683043328, active=21013848064, inactive=3575087104, buffers=945459200, cached=7837605888, shared=51163136)
SWAP usage: sswap(total=34263265280, used=0, free=34263265280, percent=0.0, sin=0, sout=0)
          types |   # objects |   total size
=============== | =========== | ============
  <class 'bytes |           7 |    739     B
   <class 'list |           0 |    224     B
iter = 383
CPU usage (% each core): [24.3, 23.0, 19.3, 25.7, 20.2, 19.5, 100.0, 20.2]
RAM usage: svmem(total=33615839232, available=16002236416, percent=52.4, used=17149059072, free=7683715072, active=21013848064, inactive=3575087104, buffers=945459200, cached=7837605888, shared=51163136)
SWAP usage: sswap(total=34263265280, used=0, free=34263265280, percent=0.0, sin=0, sout=0)
          types |   # objects |   total size
=============== | =========== | ============
  <class 'bytes |           8 |    817     B
iter = 384
CPU usage (% each core): [28.4, 26.1, 20.0, 23.6, 21.8, 21.8, 100.0, 19.3]
RAM usage: svmem(total=33615839232, available=16002019328, percent=52.4, used=17149276160, free=7683497984, active=21014044672, inactive=3575087104, buffers=945459200, cached=7837605888, shared=51163136)
SWAP usage: sswap(total=34263265280, used=0, free=34263265280, percent=0.0, sin=0, sout=0)
          types |   # objects |   total size
=============== | =========== | ============
  <class 'bytes |           7 |    740     B
   <class 'list |           0 |    256     B
iter = 385
CPU usage (% each core): [24.1, 25.0, 100.0, 23.9, 21.2, 21.4, 20.4, 20.5]
RAM usage: svmem(total=33615839232, available=16002019328, percent=52.4, used=17149276160, free=7683497984, active=21014044672, inactive=3575087104, buffers=945459200, cached=7837605888, shared=51163136)
SWAP usage: sswap(total=34263265280, used=0, free=34263265280, percent=0.0, sin=0, sout=0)
          types |   # objects |     total size
=============== | =========== | ==============
   <class 'list |           0 |    -1832     B
  <class 'bytes |        -107 |   -11062     B
iter = 386
CPU usage (% each core): [25.2, 23.6, 20.0, 21.3, 20.2, 20.0, 100.0, 20.7]
RAM usage: svmem(total=33615839232, available=16002306048, percent=52.4, used=17148989440, free=7683776512, active=21013852160, inactive=3575091200, buffers=945459200, cached=7837614080, shared=51163136)
SWAP usage: sswap(total=34263265280, used=0, free=34263265280, percent=0.0, sin=0, sout=0)
          types |   # objects |   total size
=============== | =========== | ============
  <class 'bytes |           8 |    825     B
   <class 'list |           0 |    168     B
    <class 'int |          -1 |    -28     B
iter = 387
CPU usage (% each core): [22.5, 25.2, 20.7, 25.7, 21.6, 21.6, 100.0, 21.6]
RAM usage: svmem(total=33615839232, available=16002072576, percent=52.4, used=17149222912, free=7683543040, active=21013852160, inactive=3575091200, buffers=945459200, cached=7837614080, shared=51163136)
SWAP usage: sswap(total=34263265280, used=0, free=34263265280, percent=0.0, sin=0, sout=0)
          types |   # objects |   total size
=============== | =========== | ============
  <class 'bytes |           9 |    894     B
   <class 'list |           0 |     80     B
iter = 388
CPU usage (% each core): [33.3, 25.0, 100.0, 24.3, 28.7, 24.3, 23.3, 24.3]
RAM usage: svmem(total=33615839232, available=16002473984, percent=52.4, used=17148821504, free=7683944448, active=21013852160, inactive=3575091200, buffers=945459200, cached=7837614080, shared=51163136)
SWAP usage: sswap(total=34263265280, used=0, free=34263265280, percent=0.0, sin=0, sout=0)
          types |   # objects |   total size
=============== | =========== | ============
  <class 'bytes |           8 |    817     B
   <class 'list |           0 |    184     B
    <class 'int |           1 |     28     B
iter = 389
CPU usage (% each core): [20.9, 100.0, 20.9, 26.1, 21.6, 19.1, 18.4, 19.0]
RAM usage: svmem(total=33615839232, available=16002248704, percent=52.4, used=17149046784, free=7683719168, active=21013852160, inactive=3575091200, buffers=945459200, cached=7837614080, shared=51163136)
SWAP usage: sswap(total=34263265280, used=0, free=34263265280, percent=0.0, sin=0, sout=0)
          types |   # objects |   total size
=============== | =========== | ============
  <class 'bytes |           9 |    894     B
   <class 'list |           0 |    112     B
    <class 'int |           0 |     -4     B
iter = 390
CPU usage (% each core): [24.3, 100.0, 24.3, 27.7, 21.6, 20.7, 21.6, 21.1]
RAM usage: svmem(total=33615839232, available=16001818624, percent=52.4, used=17149476864, free=7683289088, active=21013852160, inactive=3575091200, buffers=945459200, cached=7837614080, shared=51163136)
SWAP usage: sswap(total=34263265280, used=0, free=34263265280, percent=0.0, sin=0, sout=0)
          types |   # objects |   total size
=============== | =========== | ============
  <class 'bytes |           9 |    894     B
   <class 'list |           0 |    128     B
    <class 'int |          -1 |    -28     B
iter = 391
CPU usage (% each core): [22.5, 19.1, 22.5, 21.8, 23.4, 100.0, 20.7, 20.7]
RAM usage: svmem(total=33615839232, available=16001081344, percent=52.4, used=17150214144, free=7682551808, active=21013852160, inactive=3575091200, buffers=945463296, cached=7837609984, shared=51163136)
SWAP usage: sswap(total=34263265280, used=0, free=34263265280, percent=0.0, sin=0, sout=0)
          types |   # objects |   total size
=============== | =========== | ============
  <class 'bytes |           9 |    894     B
   <class 'list |           0 |    144     B
    <class 'int |           0 |      4     B
iter = 392
CPU usage (% each core): [29.5, 100.0, 24.6, 17.7, 23.0, 19.5, 24.8, 26.8]
RAM usage: svmem(total=33615839232, available=16001212416, percent=52.4, used=17150078976, free=7682682880, active=21014044672, inactive=3575091200, buffers=945463296, cached=7837614080, shared=51163136)
SWAP usage: sswap(total=34263265280, used=0, free=34263265280, percent=0.0, sin=0, sout=0)
          types |   # objects |   total size
=============== | =========== | ============
  <class 'bytes |           9 |    894     B
   <class 'list |           0 |    160     B
iter = 393
CPU usage (% each core): [26.1, 100.0, 20.9, 21.8, 21.8, 20.7, 21.4, 25.5]
RAM usage: svmem(total=33615839232, available=16000962560, percent=52.4, used=17150328832, free=7682433024, active=21014044672, inactive=3575091200, buffers=945463296, cached=7837614080, shared=51163136)
SWAP usage: sswap(total=34263265280, used=0, free=34263265280, percent=0.0, sin=0, sout=0)
          types |   # objects |   total size
=============== | =========== | ============
  <class 'bytes |           8 |    817     B
   <class 'list |           0 |    176     B
    <class 'int |           1 |     28     B
iter = 394
CPU usage (% each core): [98.2, 22.1, 23.9, 24.8, 19.5, 23.7, 19.6, 20.2]
RAM usage: svmem(total=33615839232, available=16000614400, percent=52.4, used=17150676992, free=7682084864, active=21013852160, inactive=3575091200, buffers=945463296, cached=7837614080, shared=51163136)
SWAP usage: sswap(total=34263265280, used=0, free=34263265280, percent=0.0, sin=0, sout=0)
          types |   # objects |   total size
=============== | =========== | ============
  <class 'bytes |           9 |    893     B
   <class 'list |           0 |    200     B
iter = 395
CPU usage (% each core): [100.0, 21.1, 26.4, 22.0, 20.2, 23.6, 21.8, 21.1]
RAM usage: svmem(total=33615839232, available=16000901120, percent=52.4, used=17150390272, free=7682371584, active=21013852160, inactive=3575091200, buffers=945463296, cached=7837614080, shared=51163136)
SWAP usage: sswap(total=34263265280, used=0, free=34263265280, percent=0.0, sin=0, sout=0)
          types |   # objects |   total size
=============== | =========== | ============
  <class 'bytes |           8 |    817     B
iter = 396
CPU usage (% each core): [100.0, 26.5, 23.4, 26.8, 21.2, 23.0, 21.4, 24.6]
RAM usage: svmem(total=33615839232, available=16000557056, percent=52.4, used=17150734336, free=7682027520, active=21013852160, inactive=3575091200, buffers=945463296, cached=7837614080, shared=51163136)
SWAP usage: sswap(total=34263265280, used=0, free=34263265280, percent=0.0, sin=0, sout=0)
          types |   # objects |   total size
=============== | =========== | ============
  <class 'bytes |           7 |    740     B
   <class 'list |           0 |    224     B
iter = 397
CPU usage (% each core): [21.9, 26.5, 28.1, 25.7, 100.0, 21.1, 20.4, 22.1]
RAM usage: svmem(total=33615839232, available=16000425984, percent=52.4, used=17150865408, free=7681896448, active=21013852160, inactive=3575091200, buffers=945463296, cached=7837614080, shared=51163136)
SWAP usage: sswap(total=34263265280, used=0, free=34263265280, percent=0.0, sin=0, sout=0)
          types |   # objects |   total size
=============== | =========== | ============
  <class 'bytes |           8 |    817     B
   <class 'list |           0 |    256     B
iter = 398
CPU usage (% each core): [18.8, 25.0, 21.4, 27.8, 100.0, 23.3, 22.4, 24.8]
RAM usage: svmem(total=33615839232, available=16000532480, percent=52.4, used=17150758912, free=7682002944, active=21013852160, inactive=3575091200, buffers=945463296, cached=7837614080, shared=51163136)
SWAP usage: sswap(total=34263265280, used=0, free=34263265280, percent=0.0, sin=0, sout=0)
          types |   # objects |   total size
=============== | =========== | ============
  <class 'bytes |           8 |    817     B
iter = 399
CPU usage (% each core): [20.9, 23.4, 22.5, 25.0, 100.0, 20.7, 23.4, 24.3]
RAM usage: svmem(total=33615839232, available=16000757760, percent=52.4, used=17150533632, free=7682228224, active=21013852160, inactive=3575091200, buffers=945463296, cached=7837614080, shared=51163136)
SWAP usage: sswap(total=34263265280, used=0, free=34263265280, percent=0.0, sin=0, sout=0)
          types |   # objects |   total size
=============== | =========== | ============
  <class 'bytes |           7 |    740     B
iter = 400
CPU usage (% each core): [100.0, 28.3, 27.9, 25.7, 21.2, 23.9, 24.6, 25.0]
RAM usage: svmem(total=33615839232, available=16001187840, percent=52.4, used=17150103552, free=7682658304, active=21014048768, inactive=3575091200, buffers=945463296, cached=7837614080, shared=51163136)
SWAP usage: sswap(total=34263265280, used=0, free=34263265280, percent=0.0, sin=0, sout=0)
          types |   # objects |     total size
=============== | =========== | ==============
   <class 'list |           0 |    -1800     B
  <class 'bytes |        -114 |   -11394     B
iter = 401
CPU usage (% each core): [18.0, 24.5, 22.3, 24.1, 100.0, 20.7, 20.7, 20.7]
RAM usage: svmem(total=33615839232, available=16001830912, percent=52.4, used=17149460480, free=7683293184, active=21014040576, inactive=3575095296, buffers=945463296, cached=7837622272, shared=51163136)
SWAP usage: sswap(total=34263265280, used=0, free=34263265280, percent=0.0, sin=0, sout=0)
          types |   # objects |   total size
=============== | =========== | ============
  <class 'bytes |           8 |    825     B
   <class 'list |           0 |    136     B
    <class 'int |          -1 |    -28     B
iter = 402
CPU usage (% each core): [20.7, 24.5, 23.4, 28.3, 100.0, 28.4, 22.7, 22.7]
RAM usage: svmem(total=33615839232, available=16001036288, percent=52.4, used=17150255104, free=7682498560, active=21013856256, inactive=3575095296, buffers=945463296, cached=7837622272, shared=51163136)
SWAP usage: sswap(total=34263265280, used=0, free=34263265280, percent=0.0, sin=0, sout=0)
          types |   # objects |   total size
=============== | =========== | ============
  <class 'bytes |           9 |    894     B
   <class 'list |           0 |    168     B
iter = 403
CPU usage (% each core): [19.6, 23.2, 21.8, 24.3, 100.0, 20.5, 20.5, 20.4]
RAM usage: svmem(total=33615839232, available=16000892928, percent=52.4, used=17150398464, free=7682355200, active=21013856256, inactive=3575095296, buffers=945463296, cached=7837622272, shared=51163136)
SWAP usage: sswap(total=34263265280, used=0, free=34263265280, percent=0.0, sin=0, sout=0)
          types |   # objects |   total size
=============== | =========== | ============
  <class 'bytes |           8 |    817     B
   <class 'list |           0 |     96     B
    <class 'int |           1 |     28     B
iter = 404
CPU usage (% each core): [20.4, 29.2, 20.4, 20.7, 100.0, 20.7, 21.2, 25.9]
RAM usage: svmem(total=33615839232, available=16001024000, percent=52.4, used=17150267392, free=7682486272, active=21013856256, inactive=3575095296, buffers=945463296, cached=7837622272, shared=51163136)
SWAP usage: sswap(total=34263265280, used=0, free=34263265280, percent=0.0, sin=0, sout=0)
          types |   # objects |   total size
=============== | =========== | ============
  <class 'bytes |           9 |    894     B
   <class 'list |           0 |    240     B
iter = 405
CPU usage (% each core): [24.1, 28.2, 23.1, 99.2, 20.7, 21.4, 20.5, 20.5]
RAM usage: svmem(total=33615839232, available=16001101824, percent=52.4, used=17150189568, free=7682564096, active=21013856256, inactive=3575095296, buffers=945463296, cached=7837622272, shared=51163136)
SWAP usage: sswap(total=34263265280, used=0, free=34263265280, percent=0.0, sin=0, sout=0)
          types |   # objects |   total size
=============== | =========== | ============
  <class 'bytes |           8 |    816     B
   <class 'list |           0 |    144     B
    <class 'int |          -1 |    -28     B
iter = 406
CPU usage (% each core): [22.9, 23.5, 25.0, 25.8, 24.4, 100.0, 21.8, 23.5]
RAM usage: svmem(total=33615839232, available=15999586304, percent=52.4, used=17151705088, free=7681048576, active=21013856256, inactive=3575095296, buffers=945463296, cached=7837622272, shared=51163136)
SWAP usage: sswap(total=34263265280, used=0, free=34263265280, percent=0.0, sin=0, sout=0)
          types |   # objects |   total size
=============== | =========== | ============
  <class 'bytes |           9 |    894     B
   <class 'list |           0 |    160     B
iter = 407
CPU usage (% each core): [26.8, 19.1, 30.0, 20.2, 22.5, 100.0, 21.6, 22.3]
RAM usage: svmem(total=33615839232, available=16000323584, percent=52.4, used=17150967808, free=7681785856, active=21014048768, inactive=3575095296, buffers=945463296, cached=7837622272, shared=51163136)
SWAP usage: sswap(total=34263265280, used=0, free=34263265280, percent=0.0, sin=0, sout=0)
          types |   # objects |   total size
=============== | =========== | ============
  <class 'bytes |           8 |    817     B
iter = 408
CPU usage (% each core): [30.3, 20.4, 24.8, 26.4, 21.8, 99.1, 22.0, 22.2]
RAM usage: svmem(total=33615839232, available=16000532480, percent=52.4, used=17150758912, free=7681994752, active=21014048768, inactive=3575095296, buffers=945463296, cached=7837622272, shared=51163136)
SWAP usage: sswap(total=34263265280, used=0, free=34263265280, percent=0.0, sin=0, sout=0)
          types |   # objects |   total size
=============== | =========== | ============
  <class 'bytes |           7 |    739     B
   <class 'list |           0 |    176     B
    <class 'int |           1 |     28     B
iter = 409
CPU usage (% each core): [23.4, 100.0, 21.6, 23.6, 21.8, 21.6, 27.9, 23.4]
RAM usage: svmem(total=33615839232, available=16001003520, percent=52.4, used=17150287872, free=7682465792, active=21014048768, inactive=3575095296, buffers=945463296, cached=7837622272, shared=51163136)
SWAP usage: sswap(total=34263265280, used=0, free=34263265280, percent=0.0, sin=0, sout=0)
          types |   # objects |   total size
=============== | =========== | ============
  <class 'bytes |           9 |    894     B
   <class 'list |           0 |    200     B
iter = 410
CPU usage (% each core): [23.9, 100.0, 23.7, 21.1, 27.6, 20.9, 22.6, 24.1]
RAM usage: svmem(total=33615839232, available=16000270336, percent=52.4, used=17151021056, free=7681732608, active=21013856256, inactive=3575095296, buffers=945463296, cached=7837622272, shared=51163136)
SWAP usage: sswap(total=34263265280, used=0, free=34263265280, percent=0.0, sin=0, sout=0)
          types |   # objects |   total size
=============== | =========== | ============
  <class 'bytes |           8 |    817     B
iter = 411
CPU usage (% each core): [20.9, 100.0, 22.9, 19.4, 21.1, 20.0, 22.0, 20.2]
RAM usage: svmem(total=33615839232, available=16000126976, percent=52.4, used=17151164416, free=7681589248, active=21013856256, inactive=3575095296, buffers=945463296, cached=7837622272, shared=51163136)
SWAP usage: sswap(total=34263265280, used=0, free=34263265280, percent=0.0, sin=0, sout=0)
          types |   # objects |   total size
=============== | =========== | ============
  <class 'bytes |           7 |    740     B
   <class 'list |           0 |    224     B
iter = 412
CPU usage (% each core): [26.8, 18.0, 22.5, 21.6, 21.8, 100.0, 21.4, 25.7]
RAM usage: svmem(total=33615839232, available=16000569344, percent=52.4, used=17150722048, free=7682031616, active=21013856256, inactive=3575095296, buffers=945463296, cached=7837622272, shared=51163136)
SWAP usage: sswap(total=34263265280, used=0, free=34263265280, percent=0.0, sin=0, sout=0)
          types |   # objects |   total size
=============== | =========== | ============
  <class 'bytes |           8 |    817     B
iter = 413
CPU usage (% each core): [20.2, 22.4, 100.0, 24.3, 20.7, 28.7, 20.2, 20.0]
RAM usage: svmem(total=33615839232, available=16000372736, percent=52.4, used=17150922752, free=7681830912, active=21013860352, inactive=3575095296, buffers=945463296, cached=7837622272, shared=51163136)
SWAP usage: sswap(total=34263265280, used=0, free=34263265280, percent=0.0, sin=0, sout=0)
          types |   # objects |   total size
=============== | =========== | ============
  <class 'bytes |           7 |    740     B
   <class 'list |           0 |    256     B
iter = 414
CPU usage (% each core): [25.7, 26.5, 20.5, 24.1, 22.3, 23.2, 99.1, 23.0]
RAM usage: svmem(total=33615839232, available=15999758336, percent=52.4, used=17151537152, free=7681216512, active=21013860352, inactive=3575095296, buffers=945463296, cached=7837622272, shared=51163136)
SWAP usage: sswap(total=34263265280, used=0, free=34263265280, percent=0.0, sin=0, sout=0)
          types |   # objects |     total size
=============== | =========== | ==============
   <class 'list |           0 |    -1832     B
  <class 'bytes |        -107 |   -11063     B
iter = 415
CPU usage (% each core): [27.2, 21.9, 100.0, 27.4, 21.9, 22.1, 20.2, 21.2]
RAM usage: svmem(total=33615839232, available=16000557056, percent=52.4, used=17150738432, free=7682007040, active=21013864448, inactive=3575099392, buffers=945463296, cached=7837630464, shared=51163136)
SWAP usage: sswap(total=34263265280, used=0, free=34263265280, percent=0.0, sin=0, sout=0)
          types |   # objects |   total size
=============== | =========== | ============
  <class 'bytes |           8 |    825     B
   <class 'list |           0 |    168     B
    <class 'int |          -1 |    -28     B
iter = 416
CPU usage (% each core): [22.5, 22.7, 100.0, 24.3, 23.4, 21.6, 20.0, 26.4]
RAM usage: svmem(total=33615839232, available=16000638976, percent=52.4, used=17150656512, free=7682088960, active=21014044672, inactive=3575099392, buffers=945463296, cached=7837630464, shared=51163136)
SWAP usage: sswap(total=34263265280, used=0, free=34263265280, percent=0.0, sin=0, sout=0)
          types |   # objects |   total size
=============== | =========== | ============
  <class 'bytes |           9 |    894     B
   <class 'list |           0 |     80     B
iter = 417
CPU usage (% each core): [22.0, 21.8, 20.0, 24.8, 22.9, 21.1, 99.1, 28.4]
RAM usage: svmem(total=33615839232, available=16000286720, percent=52.4, used=17151008768, free=7681736704, active=21014048768, inactive=3575099392, buffers=945463296, cached=7837630464, shared=51163136)
SWAP usage: sswap(total=34263265280, used=0, free=34263265280, percent=0.0, sin=0, sout=0)
          types |   # objects |   total size
=============== | =========== | ============
  <class 'bytes |           8 |    816     B
   <class 'list |           0 |    184     B
    <class 'int |           1 |     28     B
iter = 418
CPU usage (% each core): [27.0, 22.8, 100.0, 28.4, 22.6, 22.6, 21.1, 27.4]
RAM usage: svmem(total=33615839232, available=16000049152, percent=52.4, used=17151246336, free=7681499136, active=21013864448, inactive=3575099392, buffers=945463296, cached=7837630464, shared=51163136)
SWAP usage: sswap(total=34263265280, used=0, free=34263265280, percent=0.0, sin=0, sout=0)
          types |   # objects |   total size
=============== | =========== | ============
  <class 'bytes |           9 |    894     B
   <class 'list |           0 |    112     B
iter = 419
CPU usage (% each core): [20.4, 19.6, 17.5, 24.8, 20.4, 19.6, 100.0, 20.5]
RAM usage: svmem(total=33615839232, available=15999750144, percent=52.4, used=17151545344, free=7681200128, active=21013864448, inactive=3575099392, buffers=945467392, cached=7837626368, shared=51163136)
SWAP usage: sswap(total=34263265280, used=0, free=34263265280, percent=0.0, sin=0, sout=0)
          types |   # objects |   total size
=============== | =========== | ============
  <class 'bytes |           8 |    817     B
   <class 'list |           0 |    128     B
    <class 'int |          -1 |    -28     B
iter = 420
CPU usage (% each core): [27.3, 26.1, 20.0, 23.2, 20.0, 22.5, 100.0, 20.9]
RAM usage: svmem(total=33615839232, available=16000528384, percent=52.4, used=17150763008, free=7681978368, active=21013864448, inactive=3575099392, buffers=945467392, cached=7837630464, shared=51163136)
SWAP usage: sswap(total=34263265280, used=0, free=34263265280, percent=0.0, sin=0, sout=0)
          types |   # objects |   total size
=============== | =========== | ============
  <class 'bytes |           9 |    894     B
   <class 'list |           0 |    144     B
iter = 421
CPU usage (% each core): [22.8, 26.5, 100.0, 26.8, 21.7, 21.1, 21.1, 21.7]
RAM usage: svmem(total=33615839232, available=16000208896, percent=52.4, used=17151086592, free=7681654784, active=21013868544, inactive=3575099392, buffers=945467392, cached=7837630464, shared=51163136)
SWAP usage: sswap(total=34263265280, used=0, free=34263265280, percent=0.0, sin=0, sout=0)
          types |   # objects |   total size
=============== | =========== | ============
  <class 'bytes |           8 |    817     B
   <class 'list |           0 |    160     B
iter = 422
CPU usage (% each core): [25.2, 23.5, 23.0, 27.8, 23.9, 22.8, 100.0, 21.4]
RAM usage: svmem(total=33615839232, available=16000933888, percent=52.4, used=17150361600, free=7682379776, active=21013868544, inactive=3575099392, buffers=945467392, cached=7837630464, shared=51163136)
SWAP usage: sswap(total=34263265280, used=0, free=34263265280, percent=0.0, sin=0, sout=0)
          types |   # objects |   total size
=============== | =========== | ============
  <class 'bytes |           8 |    817     B
   <class 'list |           0 |    176     B
    <class 'int |           1 |     28     B
iter = 423
CPU usage (% each core): [21.2, 100.0, 19.7, 19.7, 19.7, 19.5, 26.5, 24.4]
RAM usage: svmem(total=33615839232, available=16000688128, percent=52.4, used=17150607360, free=7682134016, active=21013868544, inactive=3575099392, buffers=945467392, cached=7837630464, shared=51163136)
SWAP usage: sswap(total=34263265280, used=0, free=34263265280, percent=0.0, sin=0, sout=0)
          types |   # objects |   total size
=============== | =========== | ============
  <class 'bytes |           9 |    894     B
   <class 'list |           0 |    200     B
iter = 424
CPU usage (% each core): [25.9, 22.3, 27.7, 29.2, 24.1, 100.0, 23.9, 24.1]
RAM usage: svmem(total=33615839232, available=16001150976, percent=52.4, used=17150144512, free=7682596864, active=21014061056, inactive=3575099392, buffers=945467392, cached=7837630464, shared=51163136)
SWAP usage: sswap(total=34263265280, used=0, free=34263265280, percent=0.0, sin=0, sout=0)
          types |   # objects |   total size
=============== | =========== | ============
  <class 'bytes |           8 |    817     B
    <class 'int |          -1 |    -28     B
iter = 425
CPU usage (% each core): [23.9, 100.0, 25.2, 24.3, 21.6, 21.6, 21.6, 20.9]
RAM usage: svmem(total=33615839232, available=16000991232, percent=52.4, used=17150304256, free=7682437120, active=21013868544, inactive=3575099392, buffers=945467392, cached=7837630464, shared=51163136)
SWAP usage: sswap(total=34263265280, used=0, free=34263265280, percent=0.0, sin=0, sout=0)
          types |   # objects |   total size
=============== | =========== | ============
  <class 'bytes |           8 |    817     B
   <class 'list |           0 |    224     B
iter = 426
CPU usage (% each core): [24.1, 99.1, 21.7, 22.6, 20.9, 19.1, 20.9, 20.9]
RAM usage: svmem(total=33615839232, available=16000962560, percent=52.4, used=17150332928, free=7682408448, active=21013868544, inactive=3575099392, buffers=945467392, cached=7837630464, shared=51163136)
SWAP usage: sswap(total=34263265280, used=0, free=34263265280, percent=0.0, sin=0, sout=0)
          types |   # objects |   total size
=============== | =========== | ============
  <class 'bytes |           8 |    816     B
    <class 'int |           1 |     28     B
iter = 427
CPU usage (% each core): [24.5, 20.2, 22.9, 25.7, 22.0, 100.0, 25.9, 22.7]
RAM usage: svmem(total=33615839232, available=16001609728, percent=52.4, used=17149685760, free=7683055616, active=21013868544, inactive=3575099392, buffers=945467392, cached=7837630464, shared=51163136)
SWAP usage: sswap(total=34263265280, used=0, free=34263265280, percent=0.0, sin=0, sout=0)
          types |   # objects |   total size
=============== | =========== | ============
  <class 'bytes |           8 |    817     B
   <class 'list |           0 |    256     B
iter = 428
CPU usage (% each core): [24.6, 99.1, 26.3, 29.2, 22.8, 21.4, 24.3, 22.1]
RAM usage: svmem(total=33615839232, available=16001249280, percent=52.4, used=17150046208, free=7682695168, active=21013868544, inactive=3575099392, buffers=945467392, cached=7837630464, shared=51163136)
SWAP usage: sswap(total=34263265280, used=0, free=34263265280, percent=0.0, sin=0, sout=0)
          types |   # objects |   total size
=============== | =========== | ============
  <class 'bytes |           8 |    816     B
iter = 429
CPU usage (% each core): [17.9, 100.0, 21.2, 21.2, 16.2, 26.1, 19.5, 19.5]
RAM usage: svmem(total=33615839232, available=16001208320, percent=52.4, used=17150087168, free=7682654208, active=21013868544, inactive=3575099392, buffers=945467392, cached=7837630464, shared=51163136)
SWAP usage: sswap(total=34263265280, used=0, free=34263265280, percent=0.0, sin=0, sout=0)
          types |   # objects |     total size
=============== | =========== | ==============
   <class 'list |           0 |    -1800     B
  <class 'bytes |        -114 |   -11392     B
iter = 430
CPU usage (% each core): [13.0, 18.5, 21.3, 19.4, 19.3, 100.0, 20.2, 20.4]
RAM usage: svmem(total=33615839232, available=16001093632, percent=52.4, used=17150193664, free=7682539520, active=21013868544, inactive=3575099392, buffers=945467392, cached=7837638656, shared=51163136)
SWAP usage: sswap(total=34263265280, used=0, free=34263265280, percent=0.0, sin=0, sout=0)
          types |   # objects |   total size
=============== | =========== | ============
  <class 'bytes |           8 |    825     B
   <class 'list |           0 |    136     B
    <class 'int |          -1 |    -28     B
iter = 431
CPU usage (% each core): [25.5, 20.7, 23.6, 27.0, 24.8, 100.0, 20.9, 21.6]
RAM usage: svmem(total=33615839232, available=16000409600, percent=52.4, used=17150877696, free=7681855488, active=21014052864, inactive=3575099392, buffers=945471488, cached=7837634560, shared=51163136)
SWAP usage: sswap(total=34263265280, used=0, free=34263265280, percent=0.0, sin=0, sout=0)
          types |   # objects |   total size
=============== | =========== | ============
  <class 'bytes |           9 |    894     B
   <class 'list |           0 |    168     B
iter = 432
CPU usage (% each core): [25.4, 100.0, 27.7, 23.2, 24.6, 23.0, 22.8, 22.1]
RAM usage: svmem(total=33615839232, available=16000544768, percent=52.4, used=17150746624, free=7681982464, active=21014056960, inactive=3575103488, buffers=945471488, cached=7837638656, shared=51163136)
SWAP usage: sswap(total=34263265280, used=0, free=34263265280, percent=0.0, sin=0, sout=0)
          types |   # objects |   total size
=============== | =========== | ============
  <class 'bytes |           8 |    817     B
   <class 'list |           0 |     96     B
    <class 'int |           1 |     28     B
iter = 433
CPU usage (% each core): [18.7, 17.7, 23.9, 26.3, 18.7, 100.0, 18.2, 18.7]
RAM usage: svmem(total=33615839232, available=16001556480, percent=52.4, used=17149734912, free=7682994176, active=21013872640, inactive=3575103488, buffers=945471488, cached=7837638656, shared=51163136)
SWAP usage: sswap(total=34263265280, used=0, free=34263265280, percent=0.0, sin=0, sout=0)
          types |   # objects |   total size
=============== | =========== | ============
  <class 'bytes |           9 |    894     B
   <class 'list |           0 |    240     B
iter = 434
CPU usage (% each core): [25.2, 22.8, 21.9, 25.7, 21.9, 100.0, 23.1, 22.4]
RAM usage: svmem(total=33615839232, available=16001601536, percent=52.4, used=17149689856, free=7683039232, active=21013872640, inactive=3575103488, buffers=945471488, cached=7837638656, shared=51163136)
SWAP usage: sswap(total=34263265280, used=0, free=34263265280, percent=0.0, sin=0, sout=0)
          types |   # objects |   total size
=============== | =========== | ============
  <class 'bytes |           8 |    817     B
   <class 'list |           0 |    144     B
    <class 'int |          -1 |    -28     B
iter = 435
CPU usage (% each core): [20.5, 100.0, 27.4, 24.6, 20.2, 18.6, 19.5, 19.5]
RAM usage: svmem(total=33615839232, available=16001388544, percent=52.4, used=17149902848, free=7682826240, active=21013872640, inactive=3575103488, buffers=945471488, cached=7837638656, shared=51163136)
SWAP usage: sswap(total=34263265280, used=0, free=34263265280, percent=0.0, sin=0, sout=0)
          types |   # objects |   total size
=============== | =========== | ============
  <class 'bytes |           9 |    894     B
   <class 'list |           0 |    160     B
iter = 436
CPU usage (% each core): [21.9, 100.0, 26.1, 23.3, 21.9, 27.8, 21.2, 21.2]
RAM usage: svmem(total=33615839232, available=16001744896, percent=52.4, used=17149546496, free=7683182592, active=21013872640, inactive=3575103488, buffers=945471488, cached=7837638656, shared=51163136)
SWAP usage: sswap(total=34263265280, used=0, free=34263265280, percent=0.0, sin=0, sout=0)
          types |   # objects |   total size
=============== | =========== | ============
  <class 'bytes |           8 |    817     B
iter = 437
CPU usage (% each core): [24.8, 100.0, 22.3, 26.4, 20.7, 19.6, 21.4, 21.4]
RAM usage: svmem(total=33615839232, available=16001196032, percent=52.4, used=17150095360, free=7682633728, active=21013872640, inactive=3575103488, buffers=945471488, cached=7837638656, shared=51163136)
SWAP usage: sswap(total=34263265280, used=0, free=34263265280, percent=0.0, sin=0, sout=0)
          types |   # objects |   total size
=============== | =========== | ============
  <class 'bytes |           7 |    740     B
   <class 'list |           0 |    176     B
    <class 'int |           1 |     28     B
iter = 438
CPU usage (% each core): [23.2, 100.0, 26.5, 22.8, 22.8, 23.0, 22.8, 22.1]
RAM usage: svmem(total=33615839232, available=16001220608, percent=52.4, used=17150070784, free=7682658304, active=21013872640, inactive=3575103488, buffers=945471488, cached=7837638656, shared=51163136)
SWAP usage: sswap(total=34263265280, used=0, free=34263265280, percent=0.0, sin=0, sout=0)
          types |   # objects |   total size
=============== | =========== | ============
  <class 'bytes |           9 |    894     B
   <class 'list |           0 |    200     B
iter = 439
CPU usage (% each core): [24.8, 20.7, 24.5, 26.1, 21.8, 100.0, 22.7, 22.5]
RAM usage: svmem(total=33615839232, available=16001245184, percent=52.4, used=17150046208, free=7682682880, active=21014065152, inactive=3575103488, buffers=945471488, cached=7837638656, shared=51163136)
SWAP usage: sswap(total=34263265280, used=0, free=34263265280, percent=0.0, sin=0, sout=0)
          types |   # objects |   total size
=============== | =========== | ============
  <class 'bytes |           8 |    817     B
iter = 440
CPU usage (% each core): [25.5, 22.1, 23.9, 21.4, 22.1, 99.1, 22.3, 28.6]
RAM usage: svmem(total=33615839232, available=16000647168, percent=52.4, used=17150644224, free=7682084864, active=21014044672, inactive=3575103488, buffers=945471488, cached=7837638656, shared=51163136)
SWAP usage: sswap(total=34263265280, used=0, free=34263265280, percent=0.0, sin=0, sout=0)
          types |   # objects |   total size
=============== | =========== | ============
  <class 'bytes |           7 |    739     B
   <class 'list |           0 |    224     B
iter = 441
CPU usage (% each core): [25.0, 100.0, 25.5, 23.6, 22.5, 20.7, 21.6, 26.1]
RAM usage: svmem(total=33615839232, available=16001445888, percent=52.4, used=17149845504, free=7682883584, active=21013872640, inactive=3575103488, buffers=945471488, cached=7837638656, shared=51163136)
SWAP usage: sswap(total=34263265280, used=0, free=34263265280, percent=0.0, sin=0, sout=0)
          types |   # objects |   total size
=============== | =========== | ============
  <class 'bytes |           8 |    817     B
iter = 442
CPU usage (% each core): [22.0, 21.4, 21.2, 100.0, 18.8, 19.5, 21.0, 16.9]
RAM usage: svmem(total=33615839232, available=16001638400, percent=52.4, used=17149652992, free=7683076096, active=21013868544, inactive=3575107584, buffers=945471488, cached=7837638656, shared=51163136)
SWAP usage: sswap(total=34263265280, used=0, free=34263265280, percent=0.0, sin=0, sout=0)
          types |   # objects |   total size
=============== | =========== | ============
  <class 'bytes |           7 |    740     B
   <class 'list |           0 |    256     B
iter = 443
CPU usage (% each core): [25.5, 25.7, 21.2, 99.1, 22.1, 21.4, 21.2, 21.2]
RAM usage: svmem(total=33615839232, available=16029257728, percent=52.3, used=17122033664, free=7710695424, active=20985008128, inactive=3575107584, buffers=945471488, cached=7837638656, shared=51163136)
SWAP usage: sswap(total=34263265280, used=0, free=34263265280, percent=0.0, sin=0, sout=0)
          types |   # objects |     total size
=============== | =========== | ==============
   <class 'list |           0 |    -1832     B
  <class 'bytes |        -107 |   -11064     B
iter = 444
CPU usage (% each core): [23.2, 25.7, 22.0, 20.0, 27.9, 21.6, 23.6, 100.0]
RAM usage: svmem(total=33615839232, available=16030208000, percent=52.3, used=17121083392, free=7711637504, active=20984987648, inactive=3575111680, buffers=945471488, cached=7837646848, shared=51163136)
SWAP usage: sswap(total=34263265280, used=0, free=34263265280, percent=0.0, sin=0, sout=0)
          types |   # objects |   total size
=============== | =========== | ============
  <class 'bytes |           8 |    825     B
   <class 'list |           0 |    168     B
    <class 'int |          -1 |    -28     B
iter = 445
CPU usage (% each core): [27.9, 26.8, 25.4, 23.0, 23.0, 23.0, 23.0, 100.0]
RAM usage: svmem(total=33615839232, available=16001597440, percent=52.4, used=17149693952, free=7683026944, active=21013753856, inactive=3575111680, buffers=945471488, cached=7837646848, shared=51163136)
SWAP usage: sswap(total=34263265280, used=0, free=34263265280, percent=0.0, sin=0, sout=0)
          types |   # objects |   total size
=============== | =========== | ============
  <class 'bytes |           9 |    894     B
   <class 'list |           0 |     80     B
iter = 446
CPU usage (% each core): [21.2, 25.9, 23.2, 100.0, 17.7, 19.6, 20.4, 19.5]
RAM usage: svmem(total=33615839232, available=16001904640, percent=52.4, used=17149386752, free=7683334144, active=21013860352, inactive=3575111680, buffers=945471488, cached=7837646848, shared=51163136)
SWAP usage: sswap(total=34263265280, used=0, free=34263265280, percent=0.0, sin=0, sout=0)
          types |   # objects |   total size
=============== | =========== | ============
  <class 'bytes |           8 |    817     B
   <class 'list |           0 |    184     B
    <class 'int |           1 |     28     B
iter = 447
CPU usage (% each core): [30.0, 23.9, 25.5, 100.0, 21.1, 21.8, 21.8, 19.3]
RAM usage: svmem(total=33615839232, available=16002146304, percent=52.4, used=17149140992, free=7683575808, active=21014044672, inactive=3575111680, buffers=945475584, cached=7837646848, shared=51163136)
SWAP usage: sswap(total=34263265280, used=0, free=34263265280, percent=0.0, sin=0, sout=0)
          types |   # objects |   total size
=============== | =========== | ============
  <class 'bytes |           9 |    894     B
   <class 'list |           0 |    112     B
iter = 448
CPU usage (% each core): [25.0, 100.0, 22.6, 25.7, 21.6, 19.1, 20.9, 21.7]
RAM usage: svmem(total=33615839232, available=16002322432, percent=52.4, used=17148964864, free=7683751936, active=21014048768, inactive=3575111680, buffers=945475584, cached=7837646848, shared=51163136)
SWAP usage: sswap(total=34263265280, used=0, free=34263265280, percent=0.0, sin=0, sout=0)
          types |   # objects |   total size
=============== | =========== | ============
  <class 'bytes |           8 |    817     B
   <class 'list |           0 |    128     B
    <class 'int |          -1 |    -28     B
iter = 449
CPU usage (% each core): [25.9, 21.9, 26.5, 24.8, 21.6, 100.0, 22.3, 23.0]
RAM usage: svmem(total=33615839232, available=16001736704, percent=52.4, used=17149550592, free=7683166208, active=21013860352, inactive=3575111680, buffers=945475584, cached=7837646848, shared=51163136)
SWAP usage: sswap(total=34263265280, used=0, free=34263265280, percent=0.0, sin=0, sout=0)
          types |   # objects |   total size
=============== | =========== | ============
  <class 'bytes |           9 |    894     B
   <class 'list |           0 |    144     B
iter = 450
CPU usage (% each core): [28.4, 100.0, 26.1, 22.4, 23.9, 21.6, 23.3, 22.6]
RAM usage: svmem(total=33615839232, available=16001822720, percent=52.4, used=17149464576, free=7683252224, active=21013860352, inactive=3575111680, buffers=945475584, cached=7837646848, shared=51163136)
SWAP usage: sswap(total=34263265280, used=0, free=34263265280, percent=0.0, sin=0, sout=0)
          types |   # objects |   total size
=============== | =========== | ============
  <class 'bytes |           8 |    817     B
   <class 'list |           0 |    160     B
iter = 451
CPU usage (% each core): [21.8, 100.0, 24.4, 22.9, 21.0, 24.8, 21.0, 21.7]
RAM usage: svmem(total=33615839232, available=16002039808, percent=52.4, used=17149247488, free=7683469312, active=21013860352, inactive=3575111680, buffers=945475584, cached=7837646848, shared=51163136)
SWAP usage: sswap(total=34263265280, used=0, free=34263265280, percent=0.0, sin=0, sout=0)
          types |   # objects |   total size
=============== | =========== | ============
  <class 'bytes |           8 |    817     B
   <class 'list |           0 |    176     B
    <class 'int |           1 |     28     B
iter = 452
CPU usage (% each core): [23.4, 100.0, 23.0, 28.6, 22.5, 21.6, 24.1, 23.0]
RAM usage: svmem(total=33615839232, available=16002576384, percent=52.4, used=17148710912, free=7684005888, active=21013860352, inactive=3575111680, buffers=945475584, cached=7837646848, shared=51163136)
SWAP usage: sswap(total=34263265280, used=0, free=34263265280, percent=0.0, sin=0, sout=0)
          types |   # objects |   total size
=============== | =========== | ============
  <class 'bytes |           9 |    894     B
   <class 'list |           0 |    200     B
iter = 453
CPU usage (% each core): [25.7, 20.4, 23.2, 22.1, 21.9, 100.0, 21.4, 21.4]
RAM usage: svmem(total=33615839232, available=16002527232, percent=52.4, used=17148760064, free=7683956736, active=21013860352, inactive=3575111680, buffers=945475584, cached=7837646848, shared=51163136)
SWAP usage: sswap(total=34263265280, used=0, free=34263265280, percent=0.0, sin=0, sout=0)
          types |   # objects |   total size
=============== | =========== | ============
  <class 'bytes |           8 |    817     B
    <class 'int |          -1 |    -28     B
iter = 454
CPU usage (% each core): [26.4, 20.7, 30.0, 25.2, 22.5, 100.0, 20.7, 22.5]
RAM usage: svmem(total=33615839232, available=16002732032, percent=52.4, used=17148555264, free=7684161536, active=21014052864, inactive=3575111680, buffers=945475584, cached=7837646848, shared=51163136)
SWAP usage: sswap(total=34263265280, used=0, free=34263265280, percent=0.0, sin=0, sout=0)
          types |   # objects |   total size
=============== | =========== | ============
  <class 'bytes |           8 |    817     B
   <class 'list |           0 |    224     B
iter = 455
CPU usage (% each core): [27.0, 100.0, 23.7, 29.8, 22.1, 21.1, 22.6, 22.8]
RAM usage: svmem(total=33615839232, available=16002113536, percent=52.4, used=17149173760, free=7683543040, active=21014056960, inactive=3575111680, buffers=945475584, cached=7837646848, shared=51163136)
SWAP usage: sswap(total=34263265280, used=0, free=34263265280, percent=0.0, sin=0, sout=0)
          types |   # objects |   total size
=============== | =========== | ============
  <class 'bytes |           8 |    817     B
    <class 'int |           1 |     28     B
iter = 456
CPU usage (% each core): [26.3, 100.0, 27.0, 22.1, 21.9, 21.1, 20.7, 23.7]
RAM usage: svmem(total=33615839232, available=16002183168, percent=52.4, used=17149104128, free=7683612672, active=21013860352, inactive=3575111680, buffers=945475584, cached=7837646848, shared=51163136)
SWAP usage: sswap(total=34263265280, used=0, free=34263265280, percent=0.0, sin=0, sout=0)
          types |   # objects |   total size
=============== | =========== | ============
  <class 'bytes |           8 |    817     B
   <class 'list |           0 |    256     B
iter = 457
CPU usage (% each core): [22.7, 20.0, 21.6, 23.6, 20.2, 100.0, 21.6, 20.0]
RAM usage: svmem(total=33615839232, available=16002379776, percent=52.4, used=17148907520, free=7683809280, active=21013860352, inactive=3575111680, buffers=945475584, cached=7837646848, shared=51163136)
SWAP usage: sswap(total=34263265280, used=0, free=34263265280, percent=0.0, sin=0, sout=0)
          types |   # objects |   total size
=============== | =========== | ============
  <class 'bytes |           8 |    817     B
iter = 458
CPU usage (% each core): [27.3, 21.4, 23.0, 23.6, 21.4, 100.0, 20.5, 21.4]
RAM usage: svmem(total=33615839232, available=16003104768, percent=52.4, used=17148182528, free=7684534272, active=21013860352, inactive=3575111680, buffers=945475584, cached=7837646848, shared=51163136)
SWAP usage: sswap(total=34263265280, used=0, free=34263265280, percent=0.0, sin=0, sout=0)
          types |   # objects |     total size
=============== | =========== | ==============
   <class 'list |           0 |    -1800     B
  <class 'bytes |        -114 |   -11395     B
iter = 459
CPU usage (% each core): [30.4, 100.0, 23.0, 25.2, 21.2, 21.1, 21.2, 20.5]
RAM usage: svmem(total=33615839232, available=16003207168, percent=52.4, used=17148080128, free=7684628480, active=21013864448, inactive=3575115776, buffers=945475584, cached=7837655040, shared=51163136)
SWAP usage: sswap(total=34263265280, used=0, free=34263265280, percent=0.0, sin=0, sout=0)
          types |   # objects |   total size
=============== | =========== | ============
  <class 'bytes |           8 |    825     B
   <class 'list |           0 |    136     B
    <class 'int |          -1 |    -28     B
iter = 460
CPU usage (% each core): [30.5, 100.0, 26.5, 27.4, 28.0, 24.6, 26.3, 26.1]
RAM usage: svmem(total=33615839232, available=16002912256, percent=52.4, used=17148375040, free=7684333568, active=21013864448, inactive=3575115776, buffers=945475584, cached=7837655040, shared=51163136)
SWAP usage: sswap(total=34263265280, used=0, free=34263265280, percent=0.0, sin=0, sout=0)
          types |   # objects |   total size
=============== | =========== | ============
  <class 'bytes |           9 |    894     B
   <class 'list |           0 |    168     B
iter = 461
CPU usage (% each core): [25.7, 17.7, 24.8, 23.9, 25.9, 100.0, 22.3, 22.3]
RAM usage: svmem(total=33615839232, available=16001265664, percent=52.4, used=17150025728, free=7682678784, active=21014036480, inactive=3575115776, buffers=945475584, cached=7837659136, shared=51167232)
SWAP usage: sswap(total=34263265280, used=0, free=34263265280, percent=0.0, sin=0, sout=0)
          types |   # objects |   total size
=============== | =========== | ============
  <class 'bytes |           8 |    817     B
   <class 'list |           0 |     96     B
    <class 'int |           1 |     28     B
iter = 462
CPU usage (% each core): [21.1, 20.9, 21.8, 23.9, 28.2, 100.0, 22.7, 24.8]
RAM usage: svmem(total=33615839232, available=16001552384, percent=52.4, used=17149739008, free=7682965504, active=21014056960, inactive=3575115776, buffers=945479680, cached=7837655040, shared=51163136)
SWAP usage: sswap(total=34263265280, used=0, free=34263265280, percent=0.0, sin=0, sout=0)
          types |   # objects |   total size
=============== | =========== | ============
  <class 'bytes |           9 |    894     B
   <class 'list |           0 |    240     B
iter = 463
CPU usage (% each core): [25.2, 20.9, 22.5, 22.3, 20.9, 100.0, 20.9, 27.3]
RAM usage: svmem(total=33615839232, available=16000925696, percent=52.4, used=17150365696, free=7682338816, active=21014044672, inactive=3575115776, buffers=945479680, cached=7837655040, shared=51163136)
SWAP usage: sswap(total=34263265280, used=0, free=34263265280, percent=0.0, sin=0, sout=0)
          types |   # objects |   total size
=============== | =========== | ============
  <class 'bytes |           8 |    817     B
   <class 'list |           0 |    144     B
    <class 'int |          -1 |    -28     B
iter = 464
CPU usage (% each core): [23.0, 100.0, 25.0, 20.4, 21.2, 17.5, 20.5, 26.8]
RAM usage: svmem(total=33615839232, available=16001490944, percent=52.4, used=17149800448, free=7682904064, active=21013872640, inactive=3575115776, buffers=945479680, cached=7837655040, shared=51163136)
SWAP usage: sswap(total=34263265280, used=0, free=34263265280, percent=0.0, sin=0, sout=0)
          types |   # objects |   total size
=============== | =========== | ============
  <class 'bytes |           9 |    894     B
   <class 'list |           0 |    160     B
iter = 465
CPU usage (% each core): [21.1, 100.0, 20.7, 24.6, 17.2, 20.2, 21.4, 23.5]
RAM usage: svmem(total=33615839232, available=16002580480, percent=52.4, used=17148710912, free=7683993600, active=21013872640, inactive=3575115776, buffers=945479680, cached=7837655040, shared=51163136)
SWAP usage: sswap(total=34263265280, used=0, free=34263265280, percent=0.0, sin=0, sout=0)
          types |   # objects |   total size
=============== | =========== | ============
  <class 'bytes |           8 |    817     B
iter = 466
CPU usage (% each core): [97.4, 22.6, 22.8, 19.3, 21.1, 24.6, 18.6, 19.8]
RAM usage: svmem(total=33615839232, available=16001363968, percent=52.4, used=17149931520, free=7682772992, active=21013876736, inactive=3575115776, buffers=945479680, cached=7837655040, shared=51163136)
SWAP usage: sswap(total=34263265280, used=0, free=34263265280, percent=0.0, sin=0, sout=0)
          types |   # objects |   total size
=============== | =========== | ============
  <class 'bytes |           7 |    739     B
   <class 'list |           0 |    176     B
    <class 'int |           1 |     28     B
iter = 467
CPU usage (% each core): [20.9, 24.3, 26.4, 24.3, 99.1, 21.6, 21.4, 20.2]
RAM usage: svmem(total=33615839232, available=16001847296, percent=52.4, used=17149448192, free=7683256320, active=21014167552, inactive=3575115776, buffers=945479680, cached=7837655040, shared=51163136)
SWAP usage: sswap(total=34263265280, used=0, free=34263265280, percent=0.0, sin=0, sout=0)
          types |   # objects |   total size
=============== | =========== | ============
  <class 'bytes |           9 |    893     B
   <class 'list |           0 |    200     B
    <class 'int |           0 |     -4     B
iter = 468
CPU usage (% each core): [100.0, 21.9, 22.8, 24.6, 21.2, 24.8, 21.2, 21.7]
RAM usage: svmem(total=33615839232, available=16001798144, percent=52.4, used=17149497344, free=7683207168, active=21013876736, inactive=3575115776, buffers=945479680, cached=7837655040, shared=51163136)
SWAP usage: sswap(total=34263265280, used=0, free=34263265280, percent=0.0, sin=0, sout=0)
          types |   # objects |   total size
=============== | =========== | ============
  <class 'bytes |           9 |    894     B
iter = 469
CPU usage (% each core): [100.0, 20.9, 24.3, 27.7, 21.4, 23.4, 21.4, 20.7]
RAM usage: svmem(total=33615839232, available=16001970176, percent=52.4, used=17149325312, free=7683379200, active=21013876736, inactive=3575115776, buffers=945479680, cached=7837655040, shared=51163136)
SWAP usage: sswap(total=34263265280, used=0, free=34263265280, percent=0.0, sin=0, sout=0)
          types |   # objects |   total size
=============== | =========== | ============
  <class 'bytes |           7 |    740     B
   <class 'list |           0 |    224     B
iter = 470
CPU usage (% each core): [19.8, 24.1, 25.6, 21.6, 100.0, 24.8, 21.6, 22.2]
RAM usage: svmem(total=33615839232, available=16000061440, percent=52.4, used=17151234048, free=7681470464, active=21014073344, inactive=3575115776, buffers=945479680, cached=7837655040, shared=51163136)
SWAP usage: sswap(total=34263265280, used=0, free=34263265280, percent=0.0, sin=0, sout=0)
          types |   # objects |   total size
=============== | =========== | ============
  <class 'bytes |           8 |    817     B
   <class 'list |           0 |    256     B
iter = 471
CPU usage (% each core): [20.9, 24.3, 21.2, 22.6, 100.0, 21.1, 21.1, 25.9]
RAM usage: svmem(total=33615839232, available=16001126400, percent=52.4, used=17150169088, free=7682535424, active=21013876736, inactive=3575115776, buffers=945479680, cached=7837655040, shared=51163136)
SWAP usage: sswap(total=34263265280, used=0, free=34263265280, percent=0.0, sin=0, sout=0)
          types |   # objects |   total size
=============== | =========== | ============
  <class 'bytes |           8 |    817     B
iter = 472
CPU usage (% each core): [100.0, 22.3, 27.4, 23.4, 21.2, 21.4, 22.1, 23.0]
RAM usage: svmem(total=33615839232, available=16001634304, percent=52.4, used=17149661184, free=7683043328, active=21013876736, inactive=3575115776, buffers=945479680, cached=7837655040, shared=51163136)
SWAP usage: sswap(total=34263265280, used=0, free=34263265280, percent=0.0, sin=0, sout=0)
          types |   # objects |     total size
=============== | =========== | ==============
   <class 'list |           0 |    -1832     B
  <class 'bytes |        -109 |   -11217     B
iter = 473
CPU usage (% each core): [24.6, 25.4, 23.1, 22.7, 100.0, 22.7, 22.0, 22.0]
RAM usage: svmem(total=33615839232, available=16001744896, percent=52.4, used=17149546496, free=7683145728, active=21013880832, inactive=3575119872, buffers=945483776, cached=7837663232, shared=51163136)
SWAP usage: sswap(total=34263265280, used=0, free=34263265280, percent=0.0, sin=0, sout=0)
          types |   # objects |   total size
=============== | =========== | ============
  <class 'bytes |           8 |    825     B
   <class 'list |           0 |    168     B
    <class 'int |          -1 |    -24     B
iter = 474
CPU usage (% each core): [21.5, 99.2, 21.1, 20.7, 27.3, 23.1, 20.7, 19.8]
RAM usage: svmem(total=33615839232, available=16001191936, percent=52.4, used=17150103552, free=7682588672, active=21014175744, inactive=3575119872, buffers=945483776, cached=7837663232, shared=51163136)
SWAP usage: sswap(total=34263265280, used=0, free=34263265280, percent=0.0, sin=0, sout=0)
          types |   # objects |   total size
=============== | =========== | ============
  <class 'bytes |           9 |    893     B
   <class 'list |           0 |     80     B
iter = 475
CPU usage (% each core): [22.3, 100.0, 27.7, 23.4, 20.7, 18.9, 21.2, 21.4]
RAM usage: svmem(total=33615839232, available=16002318336, percent=52.4, used=17148977152, free=7683715072, active=21013884928, inactive=3575119872, buffers=945483776, cached=7837663232, shared=51163136)
SWAP usage: sswap(total=34263265280, used=0, free=34263265280, percent=0.0, sin=0, sout=0)
          types |   # objects |   total size
=============== | =========== | ============
  <class 'bytes |           8 |    817     B
   <class 'list |           0 |    184     B
    <class 'int |           1 |     28     B
iter = 476
CPU usage (% each core): [29.6, 19.3, 22.9, 26.6, 21.8, 100.0, 20.2, 21.8]
RAM usage: svmem(total=33615839232, available=16001892352, percent=52.4, used=17149403136, free=7683289088, active=21013884928, inactive=3575119872, buffers=945483776, cached=7837663232, shared=51163136)
SWAP usage: sswap(total=34263265280, used=0, free=34263265280, percent=0.0, sin=0, sout=0)
          types |   # objects |   total size
=============== | =========== | ============
  <class 'bytes |           9 |    894     B
   <class 'list |           0 |    112     B
iter = 477
CPU usage (% each core): [21.6, 100.0, 22.5, 27.5, 26.1, 19.8, 21.8, 20.9]
RAM usage: svmem(total=33615839232, available=16002060288, percent=52.4, used=17149235200, free=7683457024, active=21014073344, inactive=3575119872, buffers=945483776, cached=7837663232, shared=51163136)
SWAP usage: sswap(total=34263265280, used=0, free=34263265280, percent=0.0, sin=0, sout=0)
          types |   # objects |   total size
=============== | =========== | ============
  <class 'bytes |           8 |    817     B
   <class 'list |           0 |    128     B
    <class 'int |          -1 |    -28     B
iter = 478
CPU usage (% each core): [28.6, 22.3, 26.3, 26.3, 31.6, 100.0, 24.8, 24.8]
RAM usage: svmem(total=33615839232, available=16001961984, percent=52.4, used=17149333504, free=7683358720, active=21013884928, inactive=3575119872, buffers=945483776, cached=7837663232, shared=51163136)
SWAP usage: sswap(total=34263265280, used=0, free=34263265280, percent=0.0, sin=0, sout=0)
          types |   # objects |   total size
=============== | =========== | ============
  <class 'bytes |           9 |    894     B
   <class 'list |           0 |    144     B
iter = 479
CPU usage (% each core): [21.7, 23.3, 24.3, 20.0, 20.0, 100.0, 19.8, 20.0]
RAM usage: svmem(total=33615839232, available=16002252800, percent=52.4, used=17149042688, free=7683649536, active=21013884928, inactive=3575119872, buffers=945483776, cached=7837663232, shared=51163136)
SWAP usage: sswap(total=34263265280, used=0, free=34263265280, percent=0.0, sin=0, sout=0)
          types |   # objects |   total size
=============== | =========== | ============
  <class 'bytes |           8 |    817     B
   <class 'list |           0 |    160     B
iter = 480
CPU usage (% each core): [20.4, 20.5, 23.0, 21.4, 25.0, 99.1, 23.2, 20.4]
RAM usage: svmem(total=33615839232, available=16002572288, percent=52.4, used=17148723200, free=7683969024, active=21013884928, inactive=3575119872, buffers=945483776, cached=7837663232, shared=51163136)
SWAP usage: sswap(total=34263265280, used=0, free=34263265280, percent=0.0, sin=0, sout=0)
          types |   # objects |   total size
=============== | =========== | ============
  <class 'bytes |           8 |    816     B
   <class 'list |           0 |    176     B
    <class 'int |           1 |     24     B
iter = 481
CPU usage (% each core): [26.1, 99.1, 25.9, 23.7, 27.2, 21.7, 25.9, 24.1]
RAM usage: svmem(total=33615839232, available=16001794048, percent=52.4, used=17149501440, free=7683190784, active=21013884928, inactive=3575119872, buffers=945483776, cached=7837663232, shared=51163136)
SWAP usage: sswap(total=34263265280, used=0, free=34263265280, percent=0.0, sin=0, sout=0)
          types |   # objects |   total size
=============== | =========== | ============
  <class 'bytes |           9 |    893     B
   <class 'list |           0 |    200     B
iter = 482
CPU usage (% each core): [23.1, 24.1, 22.0, 24.8, 21.4, 100.0, 21.4, 20.9]
RAM usage: svmem(total=33615839232, available=16001855488, percent=52.4, used=17149440000, free=7683252224, active=21013884928, inactive=3575119872, buffers=945483776, cached=7837663232, shared=51163136)
SWAP usage: sswap(total=34263265280, used=0, free=34263265280, percent=0.0, sin=0, sout=0)
          types |   # objects |   total size
=============== | =========== | ============
  <class 'bytes |           8 |    817     B
    <class 'int |          -1 |    -28     B
iter = 483
CPU usage (% each core): [24.8, 20.5, 20.7, 21.4, 22.3, 100.0, 22.3, 29.2]
RAM usage: svmem(total=33615839232, available=16001552384, percent=52.4, used=17149743104, free=7682949120, active=21013884928, inactive=3575119872, buffers=945483776, cached=7837663232, shared=51163136)
SWAP usage: sswap(total=34263265280, used=0, free=34263265280, percent=0.0, sin=0, sout=0)
          types |   # objects |   total size
=============== | =========== | ============
  <class 'bytes |           8 |    817     B
   <class 'list |           0 |    224     B
iter = 484
CPU usage (% each core): [20.9, 21.6, 27.9, 24.5, 20.9, 100.0, 23.9, 20.9]
RAM usage: svmem(total=33615839232, available=16001507328, percent=52.4, used=17149788160, free=7682904064, active=21014081536, inactive=3575119872, buffers=945483776, cached=7837663232, shared=51163136)
SWAP usage: sswap(total=34263265280, used=0, free=34263265280, percent=0.0, sin=0, sout=0)
          types |   # objects |   total size
=============== | =========== | ============
  <class 'bytes |           8 |    817     B
    <class 'int |           1 |     28     B
iter = 485
CPU usage (% each core): [31.0, 100.0, 28.7, 30.2, 25.6, 23.9, 25.9, 25.9]
RAM usage: svmem(total=33615839232, available=16000487424, percent=52.4, used=17150808064, free=7681884160, active=21014081536, inactive=3575119872, buffers=945483776, cached=7837663232, shared=51163136)
SWAP usage: sswap(total=34263265280, used=0, free=34263265280, percent=0.0, sin=0, sout=0)
          types |   # objects |   total size
=============== | =========== | ============
  <class 'bytes |           8 |    817     B
   <class 'list |           0 |    256     B
iter = 486
CPU usage (% each core): [18.8, 100.0, 20.5, 19.0, 18.8, 21.4, 17.9, 18.6]
RAM usage: svmem(total=33615839232, available=16000835584, percent=52.4, used=17150459904, free=7682232320, active=21013884928, inactive=3575119872, buffers=945483776, cached=7837663232, shared=51163136)
SWAP usage: sswap(total=34263265280, used=0, free=34263265280, percent=0.0, sin=0, sout=0)
          types |   # objects |   total size
=============== | =========== | ============
  <class 'bytes |           8 |    817     B
iter = 487
CPU usage (% each core): [32.5, 99.2, 30.3, 27.5, 25.2, 25.8, 25.8, 24.6]
RAM usage: svmem(total=33615839232, available=15995998208, percent=52.4, used=17155297280, free=7677394944, active=21018271744, inactive=3575119872, buffers=945483776, cached=7837663232, shared=51163136)
SWAP usage: sswap(total=34263265280, used=0, free=34263265280, percent=0.0, sin=0, sout=0)
          types |   # objects |     total size
=============== | =========== | ==============
   <class 'list |           0 |    -1800     B
  <class 'bytes |        -114 |   -11392     B
iter = 488
CPU usage (% each core): [28.1, 23.0, 98.4, 26.0, 22.1, 23.0, 22.1, 23.6]
RAM usage: svmem(total=33615839232, available=15995666432, percent=52.4, used=17155608576, free=7677054976, active=21018873856, inactive=3575123968, buffers=945483776, cached=7837691904, shared=51175424)
SWAP usage: sswap(total=34263265280, used=0, free=34263265280, percent=0.0, sin=0, sout=0)
          types |   # objects |   total size
=============== | =========== | ============
  <class 'bytes |           8 |    824     B
   <class 'list |           0 |    136     B
    <class 'int |          -1 |    -28     B
iter = 489
CPU usage (% each core): [27.1, 23.9, 22.4, 19.5, 22.2, 22.9, 22.2, 100.0]
RAM usage: svmem(total=33615839232, available=15995203584, percent=52.4, used=17156071424, free=7676592128, active=21018808320, inactive=3575123968, buffers=945483776, cached=7837691904, shared=51175424)
SWAP usage: sswap(total=34263265280, used=0, free=34263265280, percent=0.0, sin=0, sout=0)
          types |   # objects |   total size
=============== | =========== | ============
  <class 'bytes |           9 |    894     B
   <class 'list |           0 |    168     B
iter = 490
CPU usage (% each core): [21.4, 22.4, 22.2, 100.0, 20.5, 19.1, 20.5, 25.0]
RAM usage: svmem(total=33615839232, available=15995097088, percent=52.4, used=17156177920, free=7676485632, active=21018808320, inactive=3575123968, buffers=945483776, cached=7837691904, shared=51175424)
SWAP usage: sswap(total=34263265280, used=0, free=34263265280, percent=0.0, sin=0, sout=0)
          types |   # objects |   total size
=============== | =========== | ============
  <class 'bytes |           8 |    817     B
   <class 'list |           0 |     96     B
    <class 'int |           1 |     28     B
iter = 491
CPU usage (% each core): [27.1, 24.6, 23.5, 25.6, 22.2, 23.5, 22.9, 100.0]
RAM usage: svmem(total=33615839232, available=15995375616, percent=52.4, used=17155899392, free=7676764160, active=21018624000, inactive=3575123968, buffers=945483776, cached=7837691904, shared=51175424)
SWAP usage: sswap(total=34263265280, used=0, free=34263265280, percent=0.0, sin=0, sout=0)
          types |   # objects |   total size
=============== | =========== | ============
  <class 'bytes |           9 |    894     B
   <class 'list |           0 |    240     B
iter = 492
CPU usage (% each core): [28.2, 26.5, 28.2, 24.8, 24.8, 25.4, 25.4, 100.0]
RAM usage: svmem(total=33615839232, available=15995117568, percent=52.4, used=17156157440, free=7676506112, active=21018624000, inactive=3575123968, buffers=945483776, cached=7837691904, shared=51175424)
SWAP usage: sswap(total=34263265280, used=0, free=34263265280, percent=0.0, sin=0, sout=0)
          types |   # objects |   total size
=============== | =========== | ============
  <class 'bytes |           8 |    817     B
   <class 'list |           0 |    144     B
    <class 'int |          -1 |    -28     B
iter = 493
CPU usage (% each core): [27.9, 23.2, 21.4, 22.3, 21.4, 21.4, 21.4, 100.0]
RAM usage: svmem(total=33615839232, available=15995138048, percent=52.4, used=17156136960, free=7676526592, active=21018624000, inactive=3575123968, buffers=945483776, cached=7837691904, shared=51175424)
SWAP usage: sswap(total=34263265280, used=0, free=34263265280, percent=0.0, sin=0, sout=0)
          types |   # objects |   total size
=============== | =========== | ============
  <class 'bytes |           9 |    894     B
   <class 'list |           0 |    160     B
iter = 494
CPU usage (% each core): [26.5, 23.7, 23.5, 21.1, 23.7, 21.2, 20.5, 100.0]
RAM usage: svmem(total=33615839232, available=15995846656, percent=52.4, used=17155428352, free=7677235200, active=21018624000, inactive=3575123968, buffers=945483776, cached=7837691904, shared=51175424)
SWAP usage: sswap(total=34263265280, used=0, free=34263265280, percent=0.0, sin=0, sout=0)
          types |   # objects |   total size
=============== | =========== | ============
  <class 'bytes |           8 |    817     B
iter = 495
CPU usage (% each core): [25.4, 27.4, 25.9, 23.7, 25.6, 23.9, 24.6, 100.0]
RAM usage: svmem(total=33615839232, available=15995691008, percent=52.4, used=17155584000, free=7677079552, active=21018624000, inactive=3575123968, buffers=945483776, cached=7837691904, shared=51175424)
SWAP usage: sswap(total=34263265280, used=0, free=34263265280, percent=0.0, sin=0, sout=0)
          types |   # objects |   total size
=============== | =========== | ============
  <class 'bytes |           7 |    740     B
   <class 'list |           0 |    176     B
    <class 'int |           1 |     28     B
iter = 496
CPU usage (% each core): [100.0, 23.9, 20.4, 18.6, 13.3, 18.6, 18.6, 25.0]
RAM usage: svmem(total=33615839232, available=15994036224, percent=52.4, used=17157238784, free=7675416576, active=21019844608, inactive=3575136256, buffers=945483776, cached=7837700096, shared=51183616)
SWAP usage: sswap(total=34263265280, used=0, free=34263265280, percent=0.0, sin=0, sout=0)
          types |   # objects |   total size
=============== | =========== | ============
  <class 'bytes |           9 |    894     B
   <class 'list |           0 |    200     B
iter = 497
CPU usage (% each core): [100.0, 24.1, 25.7, 27.0, 23.0, 25.7, 23.0, 21.4]
RAM usage: svmem(total=33615839232, available=15993946112, percent=52.4, used=17157328896, free=7675326464, active=21019844608, inactive=3575136256, buffers=945483776, cached=7837700096, shared=51183616)
SWAP usage: sswap(total=34263265280, used=0, free=34263265280, percent=0.0, sin=0, sout=0)
          types |   # objects |   total size
=============== | =========== | ============
  <class 'bytes |           8 |    817     B
iter = 498
CPU usage (% each core): [100.0, 29.5, 23.4, 26.5, 21.6, 21.4, 21.6, 20.7]
RAM usage: svmem(total=33615839232, available=15993745408, percent=52.4, used=17157529600, free=7675125760, active=21019652096, inactive=3575136256, buffers=945483776, cached=7837700096, shared=51183616)
SWAP usage: sswap(total=34263265280, used=0, free=34263265280, percent=0.0, sin=0, sout=0)
          types |   # objects |   total size
=============== | =========== | ============
  <class 'bytes |           7 |    740     B
   <class 'list |           0 |    224     B
iter = 499
CPU usage (% each core): [24.6, 23.8, 99.2, 26.2, 23.8, 24.8, 28.5, 26.8]
RAM usage: svmem(total=33615839232, available=15994400768, percent=52.4, used=17156874240, free=7675781120, active=21019676672, inactive=3575132160, buffers=945483776, cached=7837700096, shared=51183616)
SWAP usage: sswap(total=34263265280, used=0, free=34263265280, percent=0.0, sin=0, sout=0)
          types |   # objects |   total size
=============== | =========== | ============
  <class 'bytes |           8 |    816     B
iter = 500
CPU usage (% each core): [26.1, 22.2, 25.9, 19.8, 20.5, 20.3, 21.6, 100.0]
RAM usage: svmem(total=33615839232, available=15993225216, percent=52.4, used=17158049792, free=7674605568, active=21019738112, inactive=3575132160, buffers=945483776, cached=7837700096, shared=51183616)
SWAP usage: sswap(total=34263265280, used=0, free=34263265280, percent=0.0, sin=0, sout=0)
          types |   # objects |   total size
=============== | =========== | ============
  <class 'bytes |           7 |    740     B
   <class 'list |           0 |    256     B
iter = 501
CPU usage (% each core): [25.2, 22.9, 19.8, 100.0, 22.5, 20.9, 20.7, 9.9]
RAM usage: svmem(total=33615839232, available=15993249792, percent=52.4, used=17158025216, free=7674630144, active=21019676672, inactive=3575132160, buffers=945483776, cached=7837700096, shared=51183616)
SWAP usage: sswap(total=34263265280, used=0, free=34263265280, percent=0.0, sin=0, sout=0)
          types |   # objects |     total size
=============== | =========== | ==============
   <class 'list |           0 |    -1832     B
  <class 'bytes |        -107 |   -11063     B
iter = 502
CPU usage (% each core): [28.1, 28.1, 23.0, 99.1, 25.4, 23.7, 23.7, 23.5]
RAM usage: svmem(total=33615839232, available=15991848960, percent=52.4, used=17159426048, free=7673221120, active=21019680768, inactive=3575136256, buffers=945483776, cached=7837708288, shared=51183616)
SWAP usage: sswap(total=34263265280, used=0, free=34263265280, percent=0.0, sin=0, sout=0)
          types |   # objects |   total size
=============== | =========== | ============
  <class 'bytes |           8 |    824     B
   <class 'list |           0 |    168     B
    <class 'int |          -1 |    -28     B
iter = 503
CPU usage (% each core): [23.4, 30.4, 26.8, 20.0, 22.5, 21.6, 21.6, 100.0]
RAM usage: svmem(total=33615839232, available=15992029184, percent=52.4, used=17159245824, free=7673401344, active=21019860992, inactive=3575136256, buffers=945483776, cached=7837708288, shared=51183616)
SWAP usage: sswap(total=34263265280, used=0, free=34263265280, percent=0.0, sin=0, sout=0)
          types |   # objects |   total size
=============== | =========== | ============
  <class 'bytes |           9 |    894     B
   <class 'list |           0 |     80     B
iter = 504
CPU usage (% each core): [27.9, 22.9, 27.7, 100.0, 23.4, 22.5, 22.3, 21.6]
RAM usage: svmem(total=33615839232, available=15992934400, percent=52.4, used=17158340608, free=7674306560, active=21019865088, inactive=3575136256, buffers=945483776, cached=7837708288, shared=51183616)
SWAP usage: sswap(total=34263265280, used=0, free=34263265280, percent=0.0, sin=0, sout=0)
          types |   # objects |   total size
=============== | =========== | ============
  <class 'bytes |           8 |    817     B
   <class 'list |           0 |    184     B
    <class 'int |           1 |     28     B
iter = 505
CPU usage (% each core): [26.3, 27.4, 27.6, 100.0, 26.3, 27.4, 23.3, 23.9]
RAM usage: svmem(total=33615839232, available=15993536512, percent=52.4, used=17157738496, free=7674908672, active=21019676672, inactive=3575140352, buffers=945483776, cached=7837708288, shared=51183616)
SWAP usage: sswap(total=34263265280, used=0, free=34263265280, percent=0.0, sin=0, sout=0)
          types |   # objects |   total size
=============== | =========== | ============
  <class 'bytes |           9 |    894     B
   <class 'list |           0 |    112     B
iter = 506
CPU usage (% each core): [22.1, 23.4, 18.9, 17.9, 20.0, 22.3, 20.4, 100.0]
RAM usage: svmem(total=33615839232, available=15995875328, percent=52.4, used=17155407872, free=7677247488, active=21018628096, inactive=3575136256, buffers=945487872, cached=7837696000, shared=51175424)
SWAP usage: sswap(total=34263265280, used=0, free=34263265280, percent=0.0, sin=0, sout=0)
          types |   # objects |   total size
=============== | =========== | ============
  <class 'bytes |           8 |    817     B
   <class 'list |           0 |    128     B
    <class 'int |          -1 |    -28     B
iter = 507
CPU usage (% each core): [25.7, 24.3, 29.4, 20.0, 21.6, 21.1, 21.8, 100.0]
RAM usage: svmem(total=33615839232, available=15996174336, percent=52.4, used=17155104768, free=7677546496, active=21018628096, inactive=3575136256, buffers=945487872, cached=7837700096, shared=51175424)
SWAP usage: sswap(total=34263265280, used=0, free=34263265280, percent=0.0, sin=0, sout=0)
          types |   # objects |   total size
=============== | =========== | ============
  <class 'bytes |           9 |    894     B
   <class 'list |           0 |    144     B
iter = 508
CPU usage (% each core): [29.9, 30.5, 26.5, 23.9, 24.1, 23.9, 23.9, 100.0]
RAM usage: svmem(total=33615839232, available=15995695104, percent=52.4, used=17155584000, free=7677067264, active=21018636288, inactive=3575136256, buffers=945487872, cached=7837700096, shared=51175424)
SWAP usage: sswap(total=34263265280, used=0, free=34263265280, percent=0.0, sin=0, sout=0)
          types |   # objects |   total size
=============== | =========== | ============
  <class 'bytes |           8 |    817     B
   <class 'list |           0 |    160     B
iter = 509
CPU usage (% each core): [20.0, 20.4, 28.2, 20.7, 20.7, 20.7, 20.0, 100.0]
RAM usage: svmem(total=33615839232, available=15996575744, percent=52.4, used=17154703360, free=7677947904, active=21018628096, inactive=3575136256, buffers=945487872, cached=7837700096, shared=51175424)
SWAP usage: sswap(total=34263265280, used=0, free=34263265280, percent=0.0, sin=0, sout=0)
          types |   # objects |   total size
=============== | =========== | ============
  <class 'bytes |           8 |    817     B
   <class 'list |           0 |    176     B
    <class 'int |           1 |     28     B
iter = 510
CPU usage (% each core): [24.8, 23.0, 22.1, 18.4, 19.6, 20.4, 20.4, 100.0]
RAM usage: svmem(total=33615839232, available=15996088320, percent=52.4, used=17155190784, free=7677460480, active=21018628096, inactive=3575136256, buffers=945487872, cached=7837700096, shared=51175424)
SWAP usage: sswap(total=34263265280, used=0, free=34263265280, percent=0.0, sin=0, sout=0)
          types |   # objects |   total size
=============== | =========== | ============
  <class 'bytes |           9 |    894     B
   <class 'list |           0 |    200     B
iter = 511
CPU usage (% each core): [23.0, 23.4, 23.4, 19.6, 21.2, 20.0, 20.5, 100.0]
RAM usage: svmem(total=33615839232, available=15996198912, percent=52.4, used=17155080192, free=7677571072, active=21018820608, inactive=3575136256, buffers=945487872, cached=7837700096, shared=51175424)
SWAP usage: sswap(total=34263265280, used=0, free=34263265280, percent=0.0, sin=0, sout=0)
          types |   # objects |   total size
=============== | =========== | ============
  <class 'bytes |           8 |    817     B
    <class 'int |          -1 |    -28     B
iter = 512
CPU usage (% each core): [27.5, 27.7, 32.0, 99.2, 27.5, 32.8, 26.9, 25.0]
RAM usage: svmem(total=33615839232, available=15996080128, percent=52.4, used=17155198976, free=7677452288, active=21018820608, inactive=3575136256, buffers=945487872, cached=7837700096, shared=51175424)
SWAP usage: sswap(total=34263265280, used=0, free=34263265280, percent=0.0, sin=0, sout=0)
          types |   # objects |   total size
=============== | =========== | ============
  <class 'bytes |           8 |    816     B
   <class 'list |           0 |    224     B
iter = 513
CPU usage (% each core): [23.3, 20.5, 21.7, 20.0, 19.7, 19.7, 20.5, 100.0]
RAM usage: svmem(total=33615839232, available=15996022784, percent=52.4, used=17155256320, free=7677394944, active=21018628096, inactive=3575136256, buffers=945487872, cached=7837700096, shared=51175424)
SWAP usage: sswap(total=34263265280, used=0, free=34263265280, percent=0.0, sin=0, sout=0)
          types |   # objects |   total size
=============== | =========== | ============
  <class 'bytes |           8 |    817     B
    <class 'int |           1 |     28     B
iter = 514
CPU usage (% each core): [25.2, 24.5, 25.7, 20.4, 22.5, 21.4, 20.5, 100.0]
RAM usage: svmem(total=33615839232, available=15995174912, percent=52.4, used=17156104192, free=7676547072, active=21018628096, inactive=3575136256, buffers=945491968, cached=7837696000, shared=51175424)
SWAP usage: sswap(total=34263265280, used=0, free=34263265280, percent=0.0, sin=0, sout=0)
          types |   # objects |   total size
=============== | =========== | ============
  <class 'bytes |           8 |    817     B
   <class 'list |           0 |    256     B
iter = 515
CPU usage (% each core): [27.4, 22.1, 24.1, 20.4, 32.5, 22.1, 22.1, 100.0]
RAM usage: svmem(total=33615839232, available=15996035072, percent=52.4, used=17155248128, free=7677399040, active=21018910720, inactive=3575132160, buffers=945491968, cached=7837700096, shared=51175424)
SWAP usage: sswap(total=34263265280, used=0, free=34263265280, percent=0.0, sin=0, sout=0)
          types |   # objects |   total size
=============== | =========== | ============
  <class 'bytes |           8 |    817     B
iter = 516
CPU usage (% each core): [31.3, 28.7, 27.0, 100.0, 27.2, 26.1, 25.2, 24.3]
RAM usage: svmem(total=33615839232, available=15996309504, percent=52.4, used=17154973696, free=7677673472, active=21018640384, inactive=3575132160, buffers=945491968, cached=7837700096, shared=51175424)
SWAP usage: sswap(total=34263265280, used=0, free=34263265280, percent=0.0, sin=0, sout=0)
          types |   # objects |     total size
=============== | =========== | ==============
   <class 'list |           0 |    -1800     B
  <class 'bytes |        -114 |   -11393     B
iter = 517
CPU usage (% each core): [21.1, 25.0, 22.6, 13.9, 19.8, 19.8, 19.8, 100.0]
RAM usage: svmem(total=33615839232, available=15996014592, percent=52.4, used=17155268608, free=7677370368, active=21018824704, inactive=3575136256, buffers=945491968, cached=7837708288, shared=51175424)
SWAP usage: sswap(total=34263265280, used=0, free=34263265280, percent=0.0, sin=0, sout=0)
          types |   # objects |   total size
=============== | =========== | ============
  <class 'bytes |           8 |    825     B
   <class 'list |           0 |    136     B
    <class 'int |          -1 |    -28     B
iter = 518
CPU usage (% each core): [25.2, 25.7, 26.1, 23.5, 20.2, 21.7, 21.7, 97.4]
RAM usage: svmem(total=33615839232, available=15995781120, percent=52.4, used=17155502080, free=7677136896, active=21018816512, inactive=3575136256, buffers=945491968, cached=7837708288, shared=51175424)
SWAP usage: sswap(total=34263265280, used=0, free=34263265280, percent=0.0, sin=0, sout=0)
          types |   # objects |   total size
=============== | =========== | ============
  <class 'bytes |           9 |    893     B
   <class 'list |           0 |    168     B
iter = 519
CPU usage (% each core): [22.3, 25.2, 23.0, 100.0, 20.5, 22.3, 25.0, 20.5]
RAM usage: svmem(total=33615839232, available=15996133376, percent=52.4, used=17155149824, free=7677489152, active=21018644480, inactive=3575136256, buffers=945491968, cached=7837708288, shared=51175424)
SWAP usage: sswap(total=34263265280, used=0, free=34263265280, percent=0.0, sin=0, sout=0)
          types |   # objects |   total size
=============== | =========== | ============
  <class 'bytes |           8 |    817     B
   <class 'list |           0 |     96     B
    <class 'int |           1 |     24     B
iter = 520
CPU usage (% each core): [25.0, 27.8, 26.1, 23.1, 23.9, 22.4, 24.1, 100.0]
RAM usage: svmem(total=33615839232, available=15996006400, percent=52.4, used=17155276800, free=7677362176, active=21018644480, inactive=3575136256, buffers=945491968, cached=7837708288, shared=51175424)
SWAP usage: sswap(total=34263265280, used=0, free=34263265280, percent=0.0, sin=0, sout=0)
          types |   # objects |   total size
=============== | =========== | ============
  <class 'bytes |           9 |    894     B
   <class 'list |           0 |    240     B
iter = 521
CPU usage (% each core): [25.0, 24.0, 24.4, 25.6, 25.0, 21.8, 39.2, 100.0]
RAM usage: svmem(total=33615839232, available=15996096512, percent=52.4, used=17155186688, free=7677452288, active=21018644480, inactive=3575136256, buffers=945491968, cached=7837708288, shared=51175424)
SWAP usage: sswap(total=34263265280, used=0, free=34263265280, percent=0.0, sin=0, sout=0)
          types |   # objects |   total size
=============== | =========== | ============
  <class 'bytes |           8 |    817     B
   <class 'list |           0 |    144     B
    <class 'int |          -1 |    -24     B
iter = 522
CPU usage (% each core): [25.6, 30.5, 25.6, 100.0, 27.3, 25.0, 26.4, 30.2]
RAM usage: svmem(total=33615839232, available=15995965440, percent=52.4, used=17155317760, free=7677321216, active=21018644480, inactive=3575136256, buffers=945491968, cached=7837708288, shared=51175424)
SWAP usage: sswap(total=34263265280, used=0, free=34263265280, percent=0.0, sin=0, sout=0)
          types |   # objects |   total size
=============== | =========== | ============
  <class 'bytes |           9 |    894     B
   <class 'list |           0 |    160     B
iter = 523
CPU usage (% each core): [25.4, 28.0, 24.0, 25.4, 23.0, 100.0, 22.4, 23.0]
RAM usage: svmem(total=33615839232, available=15995797504, percent=52.4, used=17155485696, free=7677153280, active=21018836992, inactive=3575136256, buffers=945491968, cached=7837708288, shared=51175424)
SWAP usage: sswap(total=34263265280, used=0, free=34263265280, percent=0.0, sin=0, sout=0)
          types |   # objects |   total size
=============== | =========== | ============
  <class 'bytes |           8 |    817     B
iter = 524
CPU usage (% each core): [19.3, 100.0, 19.8, 27.0, 24.6, 17.4, 20.9, 18.6]
RAM usage: svmem(total=33615839232, available=15995756544, percent=52.4, used=17155526656, free=7677112320, active=21018644480, inactive=3575136256, buffers=945491968, cached=7837708288, shared=51175424)
SWAP usage: sswap(total=34263265280, used=0, free=34263265280, percent=0.0, sin=0, sout=0)
          types |   # objects |   total size
=============== | =========== | ============
  <class 'bytes |           7 |    740     B
   <class 'list |           0 |    176     B
    <class 'int |           1 |     28     B
iter = 525
CPU usage (% each core): [26.7, 22.6, 25.2, 25.9, 22.4, 100.0, 24.1, 23.1]
RAM usage: svmem(total=33615839232, available=15996112896, percent=52.4, used=17155170304, free=7677468672, active=21018644480, inactive=3575136256, buffers=945491968, cached=7837708288, shared=51175424)
SWAP usage: sswap(total=34263265280, used=0, free=34263265280, percent=0.0, sin=0, sout=0)
          types |   # objects |   total size
=============== | =========== | ============
  <class 'bytes |           9 |    894     B
   <class 'list |           0 |    200     B
iter = 526
CPU usage (% each core): [23.2, 100.0, 24.1, 20.7, 21.4, 19.5, 19.6, 19.6]
RAM usage: svmem(total=33615839232, available=15995154432, percent=52.4, used=17156128768, free=7676510208, active=21018644480, inactive=3575136256, buffers=945491968, cached=7837708288, shared=51175424)
SWAP usage: sswap(total=34263265280, used=0, free=34263265280, percent=0.0, sin=0, sout=0)
          types |   # objects |   total size
=============== | =========== | ============
  <class 'bytes |           8 |    817     B
iter = 527
CPU usage (% each core): [23.1, 100.0, 27.7, 24.4, 23.7, 26.5, 23.5, 23.1]
RAM usage: svmem(total=33615839232, available=15995002880, percent=52.4, used=17156280320, free=7676358656, active=21018669056, inactive=3575136256, buffers=945491968, cached=7837708288, shared=51175424)
SWAP usage: sswap(total=34263265280, used=0, free=34263265280, percent=0.0, sin=0, sout=0)
          types |   # objects |   total size
=============== | =========== | ============
  <class 'bytes |           7 |    740     B
   <class 'list |           0 |    224     B
iter = 528
CPU usage (% each core): [21.4, 100.0, 24.8, 20.7, 25.2, 19.5, 19.8, 20.4]
RAM usage: svmem(total=33615839232, available=15994626048, percent=52.4, used=17156657152, free=7675981824, active=21018644480, inactive=3575136256, buffers=945491968, cached=7837708288, shared=51175424)
SWAP usage: sswap(total=34263265280, used=0, free=34263265280, percent=0.0, sin=0, sout=0)
          types |   # objects |   total size
=============== | =========== | ============
  <class 'bytes |           8 |    817     B
iter = 529
CPU usage (% each core): [20.7, 100.0, 26.5, 24.3, 25.9, 19.6, 20.7, 20.7]
RAM usage: svmem(total=33615839232, available=15994650624, percent=52.4, used=17156632576, free=7676006400, active=21018644480, inactive=3575136256, buffers=945491968, cached=7837708288, shared=51175424)
SWAP usage: sswap(total=34263265280, used=0, free=34263265280, percent=0.0, sin=0, sout=0)
          types |   # objects |   total size
=============== | =========== | ============
  <class 'bytes |           7 |    740     B
   <class 'list |           0 |    256     B
iter = 530
CPU usage (% each core): [26.8, 22.1, 25.9, 31.0, 23.9, 100.0, 23.9, 23.9]
RAM usage: svmem(total=33615839232, available=15996624896, percent=52.4, used=17154658304, free=7677980672, active=21018841088, inactive=3575136256, buffers=945491968, cached=7837708288, shared=51175424)
SWAP usage: sswap(total=34263265280, used=0, free=34263265280, percent=0.0, sin=0, sout=0)
          types |   # objects |     total size
=============== | =========== | ==============
   <class 'list |           0 |    -1832     B
  <class 'bytes |        -107 |   -11064     B
iter = 531
CPU usage (% each core): [20.9, 20.4, 25.4, 20.7, 19.1, 100.0, 19.1, 19.3]
RAM usage: svmem(total=33615839232, available=15996268544, percent=52.4, used=17155014656, free=7677616128, active=21018648576, inactive=3575140352, buffers=945491968, cached=7837716480, shared=51175424)
SWAP usage: sswap(total=34263265280, used=0, free=34263265280, percent=0.0, sin=0, sout=0)
          types |   # objects |   total size
=============== | =========== | ============
  <class 'bytes |           8 |    825     B
   <class 'list |           0 |    168     B
    <class 'int |          -1 |    -28     B
iter = 532
CPU usage (% each core): [24.5, 100.0, 26.4, 24.3, 22.5, 21.4, 20.7, 22.3]
RAM usage: svmem(total=33615839232, available=15996641280, percent=52.4, used=17154641920, free=7677988864, active=21018648576, inactive=3575140352, buffers=945491968, cached=7837716480, shared=51175424)
SWAP usage: sswap(total=34263265280, used=0, free=34263265280, percent=0.0, sin=0, sout=0)
          types |   # objects |   total size
=============== | =========== | ============
  <class 'bytes |           9 |    894     B
   <class 'list |           0 |     80     B
iter = 533
CPU usage (% each core): [25.7, 19.3, 22.7, 28.4, 20.2, 100.0, 22.9, 21.1]
RAM usage: svmem(total=33615839232, available=15996542976, percent=52.4, used=17154740224, free=7677890560, active=21018648576, inactive=3575140352, buffers=945491968, cached=7837716480, shared=51175424)
SWAP usage: sswap(total=34263265280, used=0, free=34263265280, percent=0.0, sin=0, sout=0)
          types |   # objects |   total size
=============== | =========== | ============
  <class 'bytes |           8 |    817     B
   <class 'list |           0 |    184     B
    <class 'int |           1 |     28     B
iter = 534
CPU usage (% each core): [33.6, 26.1, 28.8, 30.0, 26.7, 100.0, 26.1, 26.3]
RAM usage: svmem(total=33615839232, available=15996813312, percent=52.4, used=17154469888, free=7678160896, active=21018648576, inactive=3575140352, buffers=945491968, cached=7837716480, shared=51175424)
SWAP usage: sswap(total=34263265280, used=0, free=34263265280, percent=0.0, sin=0, sout=0)
          types |   # objects |   total size
=============== | =========== | ============
  <class 'bytes |           9 |    894     B
   <class 'list |           0 |    112     B
iter = 535
CPU usage (% each core): [25.0, 21.6, 28.2, 99.1, 20.7, 21.6, 20.0, 21.4]
RAM usage: svmem(total=33615839232, available=15996293120, percent=52.4, used=17154990080, free=7677640704, active=21018648576, inactive=3575140352, buffers=945491968, cached=7837716480, shared=51175424)
SWAP usage: sswap(total=34263265280, used=0, free=34263265280, percent=0.0, sin=0, sout=0)
          types |   # objects |   total size
=============== | =========== | ============
  <class 'bytes |           8 |    816     B
   <class 'list |           0 |    128     B
    <class 'int |          -1 |    -28     B
iter = 536
CPU usage (% each core): [20.7, 21.7, 21.7, 20.7, 100.0, 20.7, 27.6, 20.0]
RAM usage: svmem(total=33615839232, available=15996874752, percent=52.4, used=17154404352, free=7678222336, active=21018836992, inactive=3575140352, buffers=945496064, cached=7837716480, shared=51175424)
SWAP usage: sswap(total=34263265280, used=0, free=34263265280, percent=0.0, sin=0, sout=0)
          types |   # objects |   total size
=============== | =========== | ============
  <class 'bytes |           9 |    894     B
   <class 'list |           0 |    144     B
iter = 537
CPU usage (% each core): [24.3, 27.8, 26.1, 27.8, 100.0, 25.4, 29.6, 26.3]
RAM usage: svmem(total=33615839232, available=15997267968, percent=52.4, used=17154011136, free=7678615552, active=21018841088, inactive=3575140352, buffers=945496064, cached=7837716480, shared=51175424)
SWAP usage: sswap(total=34263265280, used=0, free=34263265280, percent=0.0, sin=0, sout=0)
          types |   # objects |   total size
=============== | =========== | ============
  <class 'bytes |           8 |    817     B
   <class 'list |           0 |    160     B
iter = 538
CPU usage (% each core): [29.8, 28.1, 23.1, 24.6, 23.1, 23.8, 99.2, 23.6]
RAM usage: svmem(total=33615839232, available=15996534784, percent=52.4, used=17154744320, free=7677882368, active=21018648576, inactive=3575140352, buffers=945496064, cached=7837716480, shared=51175424)
SWAP usage: sswap(total=34263265280, used=0, free=34263265280, percent=0.0, sin=0, sout=0)
          types |   # objects |   total size
=============== | =========== | ============
  <class 'bytes |           8 |    816     B
   <class 'list |           0 |    176     B
    <class 'int |           1 |     28     B
iter = 539
CPU usage (% each core): [28.2, 20.7, 100.0, 24.5, 20.5, 22.3, 20.2, 20.7]
RAM usage: svmem(total=33615839232, available=15995695104, percent=52.4, used=17155584000, free=7677042688, active=21018648576, inactive=3575140352, buffers=945496064, cached=7837716480, shared=51175424)
SWAP usage: sswap(total=34263265280, used=0, free=34263265280, percent=0.0, sin=0, sout=0)
          types |   # objects |   total size
=============== | =========== | ============
  <class 'bytes |           9 |    894     B
   <class 'list |           0 |    200     B
iter = 540
CPU usage (% each core): [26.5, 27.1, 100.0, 32.5, 25.6, 24.6, 23.5, 24.8]
RAM usage: svmem(total=33615839232, available=15996284928, percent=52.4, used=17154994176, free=7677632512, active=21018648576, inactive=3575140352, buffers=945496064, cached=7837716480, shared=51175424)
SWAP usage: sswap(total=34263265280, used=0, free=34263265280, percent=0.0, sin=0, sout=0)
          types |   # objects |   total size
=============== | =========== | ============
  <class 'bytes |           8 |    817     B
    <class 'int |          -1 |    -28     B
iter = 541
CPU usage (% each core): [25.4, 26.3, 21.1, 26.3, 23.0, 22.8, 99.1, 21.9]
RAM usage: svmem(total=33615839232, available=15996674048, percent=52.4, used=17154609152, free=7678017536, active=21018652672, inactive=3575140352, buffers=945496064, cached=7837716480, shared=51175424)
SWAP usage: sswap(total=34263265280, used=0, free=34263265280, percent=0.0, sin=0, sout=0)
          types |   # objects |   total size
=============== | =========== | ============
  <class 'bytes |           8 |    816     B
   <class 'list |           0 |    224     B
iter = 542
CPU usage (% each core): [27.7, 26.8, 100.0, 25.7, 24.8, 23.9, 22.3, 23.9]
RAM usage: svmem(total=33615839232, available=15996620800, percent=52.4, used=17154662400, free=7677964288, active=21018652672, inactive=3575140352, buffers=945496064, cached=7837716480, shared=51175424)
SWAP usage: sswap(total=34263265280, used=0, free=34263265280, percent=0.0, sin=0, sout=0)
          types |   # objects |   total size
=============== | =========== | ============
  <class 'bytes |           8 |    817     B
    <class 'int |           1 |     28     B
iter = 543
CPU usage (% each core): [23.7, 20.4, 20.0, 22.8, 24.6, 19.5, 100.0, 20.2]
RAM usage: svmem(total=33615839232, available=15996035072, percent=52.4, used=17155248128, free=7677378560, active=21018849280, inactive=3575140352, buffers=945496064, cached=7837716480, shared=51175424)
SWAP usage: sswap(total=34263265280, used=0, free=34263265280, percent=0.0, sin=0, sout=0)
          types |   # objects |   total size
=============== | =========== | ============
  <class 'bytes |           8 |    817     B
   <class 'list |           0 |    256     B
iter = 544
CPU usage (% each core): [22.1, 24.3, 24.8, 24.6, 22.1, 22.6, 100.0, 21.9]
RAM usage: svmem(total=33615839232, available=15996854272, percent=52.4, used=17154428928, free=7678197760, active=21018652672, inactive=3575140352, buffers=945496064, cached=7837716480, shared=51175424)
SWAP usage: sswap(total=34263265280, used=0, free=34263265280, percent=0.0, sin=0, sout=0)
          types |   # objects |   total size
=============== | =========== | ============
  <class 'bytes |           8 |    817     B
iter = 545
CPU usage (% each core): [20.2, 23.7, 19.5, 21.1, 20.2, 20.2, 99.1, 21.2]
RAM usage: svmem(total=33615839232, available=15995858944, percent=52.4, used=17155424256, free=7677202432, active=21018652672, inactive=3575140352, buffers=945496064, cached=7837716480, shared=51175424)
SWAP usage: sswap(total=34263265280, used=0, free=34263265280, percent=0.0, sin=0, sout=0)
          types |   # objects |     total size
=============== | =========== | ==============
   <class 'list |           0 |    -1800     B
  <class 'bytes |        -114 |   -11392     B
iter = 546
CPU usage (% each core): [23.6, 25.2, 100.0, 25.2, 20.7, 21.4, 19.1, 18.9]
RAM usage: svmem(total=33615839232, available=15996116992, percent=52.4, used=17155166208, free=7677452288, active=21018656768, inactive=3575144448, buffers=945496064, cached=7837724672, shared=51175424)
SWAP usage: sswap(total=34263265280, used=0, free=34263265280, percent=0.0, sin=0, sout=0)
          types |   # objects |   total size
=============== | =========== | ============
  <class 'bytes |           8 |    825     B
   <class 'list |           0 |    136     B
    <class 'int |          -1 |    -28     B
iter = 547
CPU usage (% each core): [28.9, 27.8, 100.0, 28.9, 23.5, 23.0, 21.7, 23.5]
RAM usage: svmem(total=33615839232, available=15996940288, percent=52.4, used=17154342912, free=7678275584, active=21018656768, inactive=3575144448, buffers=945496064, cached=7837724672, shared=51175424)
SWAP usage: sswap(total=34263265280, used=0, free=34263265280, percent=0.0, sin=0, sout=0)
          types |   # objects |   total size
=============== | =========== | ============
  <class 'bytes |           9 |    894     B
   <class 'list |           0 |    168     B
iter = 548
CPU usage (% each core): [21.7, 20.7, 24.8, 19.1, 21.1, 19.1, 18.4, 100.0]
RAM usage: svmem(total=33615839232, available=15996235776, percent=52.4, used=17155047424, free=7677571072, active=21018656768, inactive=3575144448, buffers=945496064, cached=7837724672, shared=51175424)
SWAP usage: sswap(total=34263265280, used=0, free=34263265280, percent=0.0, sin=0, sout=0)
          types |   # objects |   total size
=============== | =========== | ============
  <class 'bytes |           8 |    817     B
   <class 'list |           0 |     96     B
    <class 'int |           1 |     28     B
iter = 549
CPU usage (% each core): [26.1, 18.0, 23.7, 99.1, 21.1, 21.1, 23.7, 21.1]
RAM usage: svmem(total=33615839232, available=15996121088, percent=52.4, used=17155162112, free=7677456384, active=21018656768, inactive=3575144448, buffers=945496064, cached=7837724672, shared=51175424)
SWAP usage: sswap(total=34263265280, used=0, free=34263265280, percent=0.0, sin=0, sout=0)
          types |   # objects |   total size
=============== | =========== | ============
  <class 'bytes |           9 |    893     B
   <class 'list |           0 |    240     B
iter = 550
CPU usage (% each core): [27.2, 27.2, 27.6, 21.7, 23.5, 22.6, 22.6, 100.0]
RAM usage: svmem(total=33615839232, available=15996944384, percent=52.4, used=17154338816, free=7678279680, active=21018845184, inactive=3575144448, buffers=945496064, cached=7837724672, shared=51175424)
SWAP usage: sswap(total=34263265280, used=0, free=34263265280, percent=0.0, sin=0, sout=0)
          types |   # objects |   total size
=============== | =========== | ============
  <class 'bytes |           8 |    817     B
   <class 'list |           0 |    144     B
    <class 'int |          -1 |    -28     B
iter = 551
CPU usage (% each core): [21.9, 24.8, 100.0, 21.2, 21.2, 21.2, 12.3, 25.2]
RAM usage: svmem(total=33615839232, available=15995666432, percent=52.4, used=17155616768, free=7676993536, active=21018853376, inactive=3575144448, buffers=945504256, cached=7837724672, shared=51175424)
SWAP usage: sswap(total=34263265280, used=0, free=34263265280, percent=0.0, sin=0, sout=0)
          types |   # objects |   total size
=============== | =========== | ============
  <class 'bytes |           9 |    894     B
   <class 'list |           0 |    160     B
iter = 552
CPU usage (% each core): [28.3, 23.9, 100.0, 22.1, 21.9, 21.2, 19.6, 21.2]
RAM usage: svmem(total=33615839232, available=15996522496, percent=52.4, used=17154760704, free=7677849600, active=21018664960, inactive=3575144448, buffers=945504256, cached=7837724672, shared=51175424)
SWAP usage: sswap(total=34263265280, used=0, free=34263265280, percent=0.0, sin=0, sout=0)
          types |   # objects |   total size
=============== | =========== | ============
  <class 'bytes |           8 |    817     B
iter = 553
CPU usage (% each core): [24.1, 19.8, 20.4, 18.6, 18.2, 18.9, 100.0, 19.6]
RAM usage: svmem(total=33615839232, available=15996661760, percent=52.4, used=17154621440, free=7677988864, active=21018664960, inactive=3575144448, buffers=945504256, cached=7837724672, shared=51175424)
SWAP usage: sswap(total=34263265280, used=0, free=34263265280, percent=0.0, sin=0, sout=0)
          types |   # objects |   total size
=============== | =========== | ============
  <class 'bytes |           7 |    740     B
   <class 'list |           0 |    176     B
    <class 'int |           1 |     28     B
iter = 554
CPU usage (% each core): [25.0, 27.6, 22.4, 24.3, 24.8, 24.1, 100.0, 30.7]
RAM usage: svmem(total=33615839232, available=15998070784, percent=52.4, used=17153212416, free=7679397888, active=21018664960, inactive=3575144448, buffers=945504256, cached=7837724672, shared=51175424)
SWAP usage: sswap(total=34263265280, used=0, free=34263265280, percent=0.0, sin=0, sout=0)
          types |   # objects |   total size
=============== | =========== | ============
  <class 'bytes |           9 |    894     B
   <class 'list |           0 |    200     B
iter = 555
CPU usage (% each core): [26.3, 21.9, 100.0, 25.7, 18.6, 18.4, 11.5, 20.0]
RAM usage: svmem(total=33615839232, available=15996416000, percent=52.4, used=17154867200, free=7677743104, active=21018927104, inactive=3575144448, buffers=945504256, cached=7837724672, shared=51175424)
SWAP usage: sswap(total=34263265280, used=0, free=34263265280, percent=0.0, sin=0, sout=0)
          types |   # objects |   total size
=============== | =========== | ============
  <class 'bytes |           8 |    817     B
iter = 556
CPU usage (% each core): [22.9, 24.3, 100.0, 22.5, 27.3, 23.4, 20.7, 22.0]
RAM usage: svmem(total=33615839232, available=15996383232, percent=52.4, used=17154899968, free=7677710336, active=21018664960, inactive=3575144448, buffers=945504256, cached=7837724672, shared=51175424)
SWAP usage: sswap(total=34263265280, used=0, free=34263265280, percent=0.0, sin=0, sout=0)
          types |   # objects |   total size
=============== | =========== | ============
  <class 'bytes |           7 |    740     B
   <class 'list |           0 |    224     B
iter = 557
CPU usage (% each core): [24.8, 27.0, 21.4, 24.1, 22.2, 21.4, 100.0, 22.2]
RAM usage: svmem(total=33615839232, available=15995600896, percent=52.4, used=17155682304, free=7676928000, active=21018861568, inactive=3575144448, buffers=945504256, cached=7837724672, shared=51175424)
SWAP usage: sswap(total=34263265280, used=0, free=34263265280, percent=0.0, sin=0, sout=0)
          types |   # objects |   total size
=============== | =========== | ============
  <class 'bytes |           8 |    817     B
iter = 558
CPU usage (% each core): [20.0, 26.7, 23.1, 19.7, 19.1, 20.0, 18.3, 100.0]
RAM usage: svmem(total=33615839232, available=15995813888, percent=52.4, used=17155465216, free=7677140992, active=21018857472, inactive=3575148544, buffers=945504256, cached=7837728768, shared=51179520)
SWAP usage: sswap(total=34263265280, used=0, free=34263265280, percent=0.0, sin=0, sout=0)
          types |   # objects |   total size
=============== | =========== | ============
  <class 'bytes |           7 |    740     B
   <class 'list |           0 |    256     B
iter = 559
CPU usage (% each core): [27.2, 25.0, 25.9, 100.0, 23.5, 22.8, 22.6, 20.4]
RAM usage: svmem(total=33615839232, available=15995695104, percent=52.4, used=17155588096, free=7677014016, active=21018648576, inactive=3575144448, buffers=945504256, cached=7837732864, shared=51175424)
SWAP usage: sswap(total=34263265280, used=0, free=34263265280, percent=0.0, sin=0, sout=0)
          types |   # objects |     total size
=============== | =========== | ==============
   <class 'list |           0 |    -1832     B
  <class 'bytes |        -107 |   -11064     B
iter = 560
CPU usage (% each core): [29.1, 27.6, 24.8, 23.7, 24.6, 24.6, 24.8, 100.0]
RAM usage: svmem(total=33615839232, available=15996583936, percent=52.4, used=17154699264, free=7677894656, active=21018652672, inactive=3575148544, buffers=945504256, cached=7837741056, shared=51175424)
SWAP usage: sswap(total=34263265280, used=0, free=34263265280, percent=0.0, sin=0, sout=0)
          types |   # objects |   total size
=============== | =========== | ============
  <class 'bytes |           8 |    825     B
   <class 'list |           0 |    168     B
    <class 'int |          -1 |    -28     B
iter = 561
CPU usage (% each core): [26.1, 20.3, 21.2, 25.0, 20.5, 21.2, 20.3, 100.0]
RAM usage: svmem(total=33615839232, available=15997440000, percent=52.4, used=17153843200, free=7678750720, active=21018652672, inactive=3575148544, buffers=945504256, cached=7837741056, shared=51175424)
SWAP usage: sswap(total=34263265280, used=0, free=34263265280, percent=0.0, sin=0, sout=0)
          types |   # objects |   total size
=============== | =========== | ============
  <class 'bytes |           9 |    894     B
   <class 'list |           0 |     80     B
iter = 562
CPU usage (% each core): [25.9, 25.0, 31.0, 23.3, 22.4, 22.6, 23.3, 99.1]
RAM usage: svmem(total=33615839232, available=15996227584, percent=52.4, used=17155055616, free=7677538304, active=21018652672, inactive=3575148544, buffers=945504256, cached=7837741056, shared=51175424)
SWAP usage: sswap(total=34263265280, used=0, free=34263265280, percent=0.0, sin=0, sout=0)
          types |   # objects |   total size
=============== | =========== | ============
  <class 'bytes |           8 |    816     B
   <class 'list |           0 |    184     B
    <class 'int |           1 |     28     B
iter = 563
CPU usage (% each core): [21.4, 19.6, 19.5, 100.0, 18.8, 19.5, 17.9, 21.6]
RAM usage: svmem(total=33615839232, available=15997161472, percent=52.4, used=17154121728, free=7678472192, active=21018652672, inactive=3575148544, buffers=945508352, cached=7837736960, shared=51175424)
SWAP usage: sswap(total=34263265280, used=0, free=34263265280, percent=0.0, sin=0, sout=0)
          types |   # objects |   total size
=============== | =========== | ============
  <class 'bytes |           9 |    894     B
   <class 'list |           0 |    112     B
iter = 564
CPU usage (% each core): [29.2, 22.3, 25.7, 100.0, 20.4, 19.6, 20.4, 21.1]
RAM usage: svmem(total=33615839232, available=15997202432, percent=52.4, used=17154076672, free=7678513152, active=21018841088, inactive=3575148544, buffers=945508352, cached=7837741056, shared=51175424)
SWAP usage: sswap(total=34263265280, used=0, free=34263265280, percent=0.0, sin=0, sout=0)
          types |   # objects |   total size
=============== | =========== | ============
  <class 'bytes |           8 |    817     B
   <class 'list |           0 |    128     B
    <class 'int |          -1 |    -28     B
iter = 565
CPU usage (% each core): [28.6, 26.5, 21.2, 100.0, 21.2, 23.2, 22.1, 21.2]
RAM usage: svmem(total=33615839232, available=15996583936, percent=52.4, used=17154695168, free=7677894656, active=21018841088, inactive=3575148544, buffers=945508352, cached=7837741056, shared=51175424)
SWAP usage: sswap(total=34263265280, used=0, free=34263265280, percent=0.0, sin=0, sout=0)
          types |   # objects |   total size
=============== | =========== | ============
  <class 'bytes |           9 |    894     B
   <class 'list |           0 |    144     B
iter = 566
CPU usage (% each core): [25.0, 26.4, 21.0, 20.8, 21.0, 99.2, 20.3, 21.2]
RAM usage: svmem(total=33615839232, available=15996624896, percent=52.4, used=17154654208, free=7677935616, active=21018652672, inactive=3575148544, buffers=945508352, cached=7837741056, shared=51175424)
SWAP usage: sswap(total=34263265280, used=0, free=34263265280, percent=0.0, sin=0, sout=0)
          types |   # objects |   total size
=============== | =========== | ============
  <class 'bytes |           8 |    816     B
   <class 'list |           0 |    160     B
iter = 567
CPU usage (% each core): [28.1, 100.0, 25.4, 26.3, 21.9, 21.7, 22.6, 22.6]
RAM usage: svmem(total=33615839232, available=16001028096, percent=52.4, used=17150263296, free=7682342912, active=21013934080, inactive=3575144448, buffers=945508352, cached=7837724672, shared=51163136)
SWAP usage: sswap(total=34263265280, used=0, free=34263265280, percent=0.0, sin=0, sout=0)
          types |   # objects |   total size
=============== | =========== | ============
  <class 'bytes |           8 |    817     B
   <class 'list |           0 |    176     B
    <class 'int |           1 |     28     B
iter = 568
CPU usage (% each core): [21.6, 99.1, 24.8, 21.8, 28.8, 20.9, 21.6, 23.4]
RAM usage: svmem(total=33615839232, available=16000634880, percent=52.4, used=17150656512, free=7681949696, active=21013934080, inactive=3575144448, buffers=945508352, cached=7837724672, shared=51163136)
SWAP usage: sswap(total=34263265280, used=0, free=34263265280, percent=0.0, sin=0, sout=0)
          types |   # objects |   total size
=============== | =========== | ============
  <class 'bytes |           9 |    893     B
   <class 'list |           0 |    200     B
iter = 569
CPU usage (% each core): [23.6, 20.9, 22.9, 24.5, 23.6, 100.0, 24.8, 21.1]
RAM usage: svmem(total=33615839232, available=16000430080, percent=52.4, used=17150861312, free=7681744896, active=21014204416, inactive=3575144448, buffers=945508352, cached=7837724672, shared=51163136)
SWAP usage: sswap(total=34263265280, used=0, free=34263265280, percent=0.0, sin=0, sout=0)
          types |   # objects |   total size
=============== | =========== | ============
  <class 'bytes |           8 |    817     B
    <class 'int |          -1 |    -28     B
iter = 570
CPU usage (% each core): [28.7, 100.0, 31.2, 27.4, 26.0, 26.0, 26.8, 25.8]
RAM usage: svmem(total=33615839232, available=16001822720, percent=52.4, used=17149468672, free=7683137536, active=21013934080, inactive=3575144448, buffers=945508352, cached=7837724672, shared=51163136)
SWAP usage: sswap(total=34263265280, used=0, free=34263265280, percent=0.0, sin=0, sout=0)
          types |   # objects |   total size
=============== | =========== | ============
  <class 'bytes |           8 |    817     B
   <class 'list |           0 |    224     B
iter = 571
CPU usage (% each core): [23.1, 22.3, 100.0, 24.0, 20.7, 21.3, 25.6, 22.1]
RAM usage: svmem(total=33615839232, available=16001306624, percent=52.4, used=17149988864, free=7682617344, active=21014134784, inactive=3575144448, buffers=945508352, cached=7837724672, shared=51163136)
SWAP usage: sswap(total=34263265280, used=0, free=34263265280, percent=0.0, sin=0, sout=0)
          types |   # objects |   total size
=============== | =========== | ============
  <class 'bytes |           8 |    817     B
    <class 'int |           1 |     28     B
iter = 572
CPU usage (% each core): [25.2, 22.1, 100.0, 29.2, 21.4, 22.1, 21.4, 21.4]
RAM usage: svmem(total=33615839232, available=16030789632, percent=52.3, used=17120505856, free=7712100352, active=20985069568, inactive=3575144448, buffers=945508352, cached=7837724672, shared=51163136)
SWAP usage: sswap(total=34263265280, used=0, free=34263265280, percent=0.0, sin=0, sout=0)
          types |   # objects |   total size
=============== | =========== | ============
  <class 'bytes |           8 |    817     B
   <class 'list |           0 |    256     B
iter = 573
CPU usage (% each core): [21.2, 28.7, 62.6, 23.9, 23.2, 21.9, 60.3, 21.7]
RAM usage: svmem(total=33615839232, available=16030363648, percent=52.3, used=17120931840, free=7711674368, active=20985069568, inactive=3575144448, buffers=945508352, cached=7837724672, shared=51163136)
SWAP usage: sswap(total=34263265280, used=0, free=34263265280, percent=0.0, sin=0, sout=0)
          types |   # objects |   total size
=============== | =========== | ============
  <class 'bytes |           8 |    816     B
iter = 574
CPU usage (% each core): [29.1, 24.4, 26.3, 26.3, 23.5, 24.4, 100.0, 22.9]
RAM usage: svmem(total=33615839232, available=16001765376, percent=52.4, used=17149530112, free=7683076096, active=21014102016, inactive=3575144448, buffers=945508352, cached=7837724672, shared=51163136)
SWAP usage: sswap(total=34263265280, used=0, free=34263265280, percent=0.0, sin=0, sout=0)
